Processing D:\BAXYRuntime\experiments\voice\webrtc178\source
  Installing build dependencies: started
  Installing build dependencies: finished with status 'done'
  Getting requirements to build wheel: started
  Getting requirements to build wheel: finished with status 'done'
  Installing backend dependencies: started
  Installing backend dependencies: finished with status 'done'
  Preparing metadata (pyproject.toml): started
  Preparing metadata (pyproject.toml): finished with status 'done'
Building wheels for collected packages: pywebrtc-audio
  Building wheel for pywebrtc-audio (pyproject.toml): started
  Building wheel for pywebrtc-audio (pyproject.toml): finished with status 'error'
  error: subprocess-exited-with-error
  
  Building wheel for pywebrtc-audio (pyproject.toml) did not run successfully.
  exit code: 1
  
  [65 lines of output]
  *** scikit-build-core 1.0.3 using CMake 4.4.3 (wheel)
  *** Configuring CMake...
  loading initial cache file D:\BAXYRuntime\experiments\voice\webrtc178\build\CMakeInit.txt
  -- Building for: Visual Studio 17 2022
  -- Selecting Windows SDK version 10.0.26100.0 to target Windows 10.0.26200.
  -- The C compiler identification is MSVC 19.44.35228.0
  -- The CXX compiler identification is MSVC 19.44.35228.0
  -- Detecting C compiler ABI info
  -- Detecting C compiler ABI info - done
  -- Check for working C compiler: C:/Program Files (x86)/Microsoft Visual Studio/2022/BuildTools/VC/Tools/MSVC/14.44.35207/bin/Hostx64/x64/cl.exe - skipped
  -- Detecting C compile features
  -- Detecting C compile features - done
  -- Detecting CXX compiler ABI info
  -- Detecting CXX compiler ABI info - done
  -- Check for working CXX compiler: C:/Program Files (x86)/Microsoft Visual Studio/2022/BuildTools/VC/Tools/MSVC/14.44.35207/bin/Hostx64/x64/cl.exe - skipped
  -- Detecting CXX compile features
  -- Detecting CXX compile features - done
  CMake Warning (author) at C:/Users/emman/AppData/Local/Temp/pip-build-env-_m5fpglf/overlay/Lib/site-packages/pybind11/share/cmake/pybind11/FindPythonLibsNew.cmake:101 (message):
    Policy CMP0148 is not set: The FindPythonInterp and FindPythonLibs modules
    are removed.  Run "cmake --help-policy CMP0148" for policy details.  Use
    the cmake_policy command to set the policy and suppress this warning, or
    preferably upgrade to using FindPython, either by calling it explicitly
    before pybind11, or by setting PYBIND11_FINDPYTHON ON before pybind11.
  Call Stack (most recent call first):
    C:/Users/emman/AppData/Local/Temp/pip-build-env-_m5fpglf/overlay/Lib/site-packages/pybind11/share/cmake/pybind11/pybind11Tools.cmake:44 (find_package)
    C:/Users/emman/AppData/Local/Temp/pip-build-env-_m5fpglf/overlay/Lib/site-packages/pybind11/share/cmake/pybind11/pybind11Common.cmake:243 (include)
    C:/Users/emman/AppData/Local/Temp/pip-build-env-_m5fpglf/overlay/Lib/site-packages/pybind11/share/cmake/pybind11/pybind11Config.cmake:257 (include)
    CMakeLists.txt:11 (find_package)
  This warning is for project developers.  Use -Wno-author to suppress it.
  
  CMake Warning (deprecated) at C:/Users/emman/AppData/Local/Temp/pip-build-env-_m5fpglf/overlay/Lib/site-packages/pybind11/share/cmake/pybind11/FindPythonLibsNew.cmake:110 (cmake_policy):
    The OLD behavior for policy CMP0148 will be removed from a future version
    of CMake.
  
    The cmake-policies(7) manual explains that the OLD behaviors of all
    policies are deprecated and that a policy should be set to OLD only under
    specific short-term circumstances.  Projects should be ported to the NEW
    behavior and not rely on setting a policy to OLD.
  Call Stack (most recent call first):
    C:/Users/emman/AppData/Local/Temp/pip-build-env-_m5fpglf/overlay/Lib/site-packages/pybind11/share/cmake/pybind11/pybind11Tools.cmake:44 (find_package)
    C:/Users/emman/AppData/Local/Temp/pip-build-env-_m5fpglf/overlay/Lib/site-packages/pybind11/share/cmake/pybind11/pybind11Common.cmake:243 (include)
    C:/Users/emman/AppData/Local/Temp/pip-build-env-_m5fpglf/overlay/Lib/site-packages/pybind11/share/cmake/pybind11/pybind11Config.cmake:257 (include)
    CMakeLists.txt:11 (find_package)
  This warning is for project developers.  Use -Wno-author or -Wno-deprecated
  to suppress it.
  
  -- Found PythonInterp: C:/Users/emman/AppData/Local/BAXYRuntime/python/mind-runtime-v1/Scripts/python.exe (found suitable version "3.12.10", minimum required is "3.9")
  -- Found PythonLibs: C:/Users/emman/AppData/Local/Programs/Python/Python312/libs/python312.lib
  -- Performing Test HAS_MSVC_GL_LTCG
  -- Performing Test HAS_MSVC_GL_LTCG - Success
  -- Found pybind11: C:/Users/emman/AppData/Local/Temp/pip-build-env-_m5fpglf/overlay/Lib/site-packages/pybind11/include (found version "3.1.0")
  -- Configuring done (8.4s)
  -- Generating done (0.0s)
  -- Build files have been written to: D:/BAXYRuntime/experiments/voice/webrtc178/build
  *** Building project with Visual Studio 17 2022...
  Versión de MSBuild 17.14.51+25f168cee para .NET Framework
  
    1>Checking Build System
    Building Custom Rule D:/BAXYRuntime/experiments/voice/webrtc178/source/CMakeLists.txt
    webrtc_audio_bindings.cpp
  D:\BAXYRuntime\experiments\voice\webrtc178\source\vendor\webrtc_audio\rtc_base\checks.h(60,10): error C1083: No se puede abrir el archivo incluir: 'absl/meta/type_traits.h': No such file or directory [D:\BAXYRuntime\experiments\voice\webrtc178\build\_webrtc_audio.vcxproj]
    (compilando archivo de origen "../source/bindings/webrtc_audio_bindings.cpp")
  
  
  *** CMake build failed
  [end of output]
  
  note: This error originates from a subprocess, and is likely not a problem with pip.
  ERROR: Failed building wheel for pywebrtc-audio
Failed to build pywebrtc-audio

[notice] A new release of pip is available: 26.1.2 -> 26.2.1
[notice] To update, run: C:\Users\emman\AppData\Local\BAXYRuntime\python\mind-runtime-v1\Scripts\python.exe -m pip install --upgrade pip
ERROR: Failed to build one or more wheels
