........................................................................ [  2%]
........................................................................ [  4%]
........................................................................ [  6%]
........................................................................ [  8%]
........................................................................ [ 10%]
........................................................................ [ 12%]
........................................................................ [ 14%]
........................................................................ [ 17%]
........................................................................ [ 19%]
........................................................................ [ 21%]
........................................................................ [ 23%]
........................................................................ [ 25%]
........................................................................ [ 27%]
........................................................................ [ 29%]
........................................................................ [ 31%]
........................................................................ [ 34%]
........................................................................ [ 36%]
........................................................................ [ 38%]
........................................................................ [ 40%]
........................................................................ [ 42%]
........................................................................ [ 44%]
........................................................................ [ 46%]
........................................................................ [ 49%]
........................................................................ [ 51%]
........................................................................ [ 53%]
........................................................................ [ 55%]
........................................................................ [ 57%]
........................................................................ [ 59%]
........................................................................ [ 61%]
........................................................................ [ 63%]
........................................................................ [ 66%]
........................................................................ [ 68%]
........................................................................ [ 70%]
........................................................................ [ 72%]
........................................................................ [ 74%]
........................................................................ [ 76%]
........................................................................ [ 78%]
........................................................................ [ 81%]
........................................................................ [ 83%]
........................................................................ [ 85%]
...................................... [ 86%]
.................................................................................................................................... [ 90%]
..................................................................... [ 92%]
........................................................................ [ 94%]
........................................................................ [ 96%]
........................................................................ [ 98%]
...............................s.........                                [100%]
3375 passed, 1 skipped, 121 subtests passed in 55.36s
