D:\Perfil\Escritorio\ETC\Programacion\BAXY DEFINITIVO\artifacts\comprobaciones\C03\astra-reference-tts118\00-reference.wav

[2026-09-07 07:46:03.293] [piper] [debug] Loading voice from D:\BAXYRuntime\experiments\voice\c03-john114\en_US-john-medium.onnx (config=D:\BAXYRuntime\experiments\voice\c03-john114\en_US-john-medium.onnx.json)
[2026-09-07 07:46:03.294] [piper] [debug] Parsing voice config at D:\BAXYRuntime\experiments\voice\c03-john114\en_US-john-medium.onnx.json
[2026-09-07 07:46:03.294] [piper] [debug] Voice contains 1 speaker(s)
[2026-09-07 07:46:03.294] [piper] [debug] Loading onnx model from D:\BAXYRuntime\experiments\voice\c03-john114\en_US-john-medium.onnx
[2026-09-07 07:46:03.897] [piper] [debug] Loaded onnx model in 0.6033596 second(s)
[2026-09-07 07:46:03.897] [piper] [info] Loaded voice in 0.6038139 second(s)
[2026-09-07 07:46:03.897] [piper] [debug] Voice uses eSpeak phonemes (en)
[2026-09-07 07:46:03.897] [piper] [debug] Initializing eSpeak
[2026-09-07 07:46:03.929] [piper] [debug] Initialized eSpeak
[2026-09-07 07:46:03.929] [piper] [info] Initialized piper
[2026-09-07 07:46:03.929] [piper] [debug] Phonemizing text: It is 07:14.
[2026-09-07 07:46:03.953] [piper] [debug] Converting 22 phoneme(s) to ids: ɪt ɪz sˈɛvən fˈɔːtiːn.
[2026-09-07 07:46:03.953] [piper] [debug] Converted 22 phoneme(s) to 47 phoneme id(s): 1, 0, 74, 0, 32, 0, 3, 0, 74, 0, 38, 0, 3, 0, 31, 0, 120, 0, 61, 0, 34, 0, 59, 0, 26, 0, 3, 0, 19, 0, 120, 0, 54, 0, 122, 0, 32, 0, 21, 0, 122, 0, 26, 0, 10, 0, 2, 
[2026-09-07 07:46:03.953] [piper] [debug] Synthesizing audio for 47 phoneme id(s)
[2026-09-07 07:46:04.055] [piper] [debug] Synthesized 1.5209070294784581 second(s) of audio in 0.1021175 second(s)
[2026-09-07 07:46:04.056] [piper] [info] Real-time factor: 0.06714249985090648 (infer=0.1021175 sec, audio=1.5209070294784581 sec)
[2026-09-07 07:46:04.056] [piper] [debug] Terminating eSpeak
[2026-09-07 07:46:04.056] [piper] [debug] Terminated eSpeak
[2026-09-07 07:46:04.056] [piper] [info] Terminated piper
