.............F...FF....F.............F..........F.............F.FFFF.... [  2%]
........................................................................ [  4%]
........................................................................ [  6%]
........................................................................ [  8%]
........................................................................ [ 11%]
........................................................................ [ 13%]
........................................................................ [ 15%]
........................................................................ [ 17%]
........................................................................ [ 19%]
........................................................................ [ 22%]
........................................................................ [ 24%]
........................................................................ [ 26%]
........................................................................ [ 28%]
........................................................................ [ 31%]
........................................................................ [ 33%]
........................................................................ [ 35%]
........................................................................ [ 37%]
..........F............................................................. [ 39%]
........................................................................ [ 42%]
........................................................................ [ 44%]
........................................................................ [ 46%]
........................................................................ [ 48%]
........................................................................ [ 50%]
........................................................................ [ 53%]
........................................................................ [ 55%]
........................................................................ [ 57%]
........................................................................ [ 59%]
........................................................................ [ 62%]
........................................................................ [ 64%]
........................................................................ [ 66%]
........................................................................ [ 68%]
........................................................................ [ 70%]
........................................................................ [ 73%]
........................................................................ [ 75%]
........................................................................ [ 77%]
........................................................................ [ 79%]
........................................................................ [ 82%]
........................................................................ [ 84%]
........................................................................ [ 86%]
........................................................................ [ 88%]
........................................................................ [ 90%]
........................................................................ [ 93%]
........................................................................ [ 95%]
........................................................................ [ 97%]
........................................................................ [ 99%]
........                                                                 [100%]
================================== FAILURES ===================================
E   assert (None is not None)
D:\Perfil\Escritorio\ETC\Programacion\BAXY DEFINITIVO\tests\test_c03_process_inventory.py:53: assert (None is not None)
E   assert (None is not None)
D:\Perfil\Escritorio\ETC\Programacion\BAXY DEFINITIVO\tests\test_c03_process_inventory.py:53: assert (None is not None)
E   assert (None is not None)
D:\Perfil\Escritorio\ETC\Programacion\BAXY DEFINITIVO\tests\test_c03_process_inventory.py:53: assert (None is not None)
E   assert (None is not None)
D:\Perfil\Escritorio\ETC\Programacion\BAXY DEFINITIVO\tests\test_c03_process_inventory.py:53: assert (None is not None)
E   assert (None is not None)
D:\Perfil\Escritorio\ETC\Programacion\BAXY DEFINITIVO\tests\test_c03_process_inventory.py:53: assert (None is not None)
E   assert (None is not None)
D:\Perfil\Escritorio\ETC\Programacion\BAXY DEFINITIVO\tests\test_c03_process_inventory.py:53: assert (None is not None)
E   AssertionError: assert {'limit': 5} == {'sort': 'memory', 'limit': 5}
      
      Omitting 1 identical items, use -vv to show
      Right contains 1 more item:
      {'sort': 'memory'}
      Use -v to get more diff
D:\Perfil\Escritorio\ETC\Programacion\BAXY DEFINITIVO\tests\test_c03_process_inventory.py:81: AssertionError: assert {'limit': 5} == {'sort': 'memory', 'limit': 5}
E   AssertionError: assert {} == {'sort': 'memory', 'limit': 1}
      
      Right contains 2 more items:
      {'limit': 1, 'sort': 'memory'}
      Use -v to get more diff
D:\Perfil\Escritorio\ETC\Programacion\BAXY DEFINITIVO\tests\test_c03_process_inventory.py:81: AssertionError: assert {} == {'sort': 'memory', 'limit': 1}
E   AssertionError: assert {'sort': 'cpu'} == {'sort': 'cpu', 'limit': 3}
      
      Omitting 1 identical items, use -vv to show
      Right contains 1 more item:
      {'limit': 3}
      Use -v to get more diff
D:\Perfil\Escritorio\ETC\Programacion\BAXY DEFINITIVO\tests\test_c03_process_inventory.py:81: AssertionError: assert {'sort': 'cpu'} == {'sort': 'cpu', 'limit': 3}
E   AssertionError: assert {} == {'sort': 'memory', 'limit': 2}
      
      Right contains 2 more items:
      {'limit': 2, 'sort': 'memory'}
      Use -v to get more diff
D:\Perfil\Escritorio\ETC\Programacion\BAXY DEFINITIVO\tests\test_c03_process_inventory.py:81: AssertionError: assert {} == {'sort': 'memory', 'limit': 2}
E   AssertionError: assert {'limit': 5} == {'sort': 'memory', 'limit': 5}
      
      Omitting 1 identical items, use -vv to show
      Right contains 1 more item:
      {'sort': 'memory'}
      Use -v to get more diff
D:\Perfil\Escritorio\ETC\Programacion\BAXY DEFINITIVO\tests\test_c03_process_inventory.py:81: AssertionError: assert {'limit': 5} == {'sort': 'memory', 'limit': 5}
E   AssertionError: assert EffectIntent(operations=('system.process.list',), evidence=('que proceso me come tanta ram?',)) is None
     +  where EffectIntent(operations=('system.process.list',), evidence=('que proceso me come tanta ram?',)) = resolve_explicit_effects('¿Qué proceso me come tanta RAM?', {'app.installed', 'app.open', 'audio.mute', 'audio.status', 'audio.volume', 'audio.volume.adjust', ...})
D:\Perfil\Escritorio\ETC\Programacion\BAXY DEFINITIVO\tests\test_effect_intent.py:4264: AssertionError: assert EffectIntent(operations=('system.process.list',), evidence=('que proceso me come tanta ram?',)) is None
=========================== short test summary info ===========================
FAILED tests/test_c03_process_inventory.py::test_current_process_questions_reach_the_existing_read_operation[Cuenta los procesos activos del PC.]
FAILED tests/test_c03_process_inventory.py::test_current_process_questions_reach_the_existing_read_operation[Count the running processes.]
FAILED tests/test_c03_process_inventory.py::test_current_process_questions_reach_the_existing_read_operation[What is the observed process count?]
FAILED tests/test_c03_process_inventory.py::test_current_process_questions_reach_the_existing_read_operation[Ordena los procesos por consumo de memoria.]
FAILED tests/test_c03_process_inventory.py::test_current_process_questions_reach_the_existing_read_operation[Dame el top 3 de processes por CPU actual.]
FAILED tests/test_c03_process_inventory.py::test_current_process_questions_reach_the_existing_read_operation[Count active processes, please.]
FAILED tests/test_c03_process_inventory.py::test_rank_and_spoken_size_are_retained_before_argument_inference[Lista los procesos que m\xe1s RAM consumen, top 5-expected0]
FAILED tests/test_c03_process_inventory.py::test_rank_and_spoken_size_are_retained_before_argument_inference[Which process uses the most RAM?-expected2]
FAILED tests/test_c03_process_inventory.py::test_rank_and_spoken_size_are_retained_before_argument_inference[Show the top three processes by current CPU usage.-expected3]
FAILED tests/test_c03_process_inventory.py::test_rank_and_spoken_size_are_retained_before_argument_inference[Qu\xe9 dos procesos tienen m\xe1s memoria residente?-expected4]
FAILED tests/test_c03_process_inventory.py::test_rank_and_spoken_size_are_retained_before_argument_inference[List five processes with the largest working set.-expected5]
FAILED tests/test_effect_intent.py::test_state_lookalikes_never_gain_deterministic_authority[\xbfQu\xe9 proceso me come tanta RAM?]
12 failed, 3236 passed in 76.19s (0:01:16)
