  Determinando los proyectos que se van a restaurar...
  Se ha restaurado D:\Perfil\Escritorio\ETC\Programacion\BAXY DEFINITIVO\src\Baxy.Contracts\Baxy.Contracts.csproj (en 199 ms).
  Se ha restaurado D:\Perfil\Escritorio\ETC\Programacion\BAXY DEFINITIVO\src\Baxy.Security.Windows\Baxy.Security.Windows.csproj (en 199 ms).
  Se ha restaurado D:\Perfil\Escritorio\ETC\Programacion\BAXY DEFINITIVO\src\Baxy.Kernel\Baxy.Kernel.csproj (en 199 ms).
  Se ha restaurado D:\Perfil\Escritorio\ETC\Programacion\BAXY DEFINITIVO\src\Baxy.Providers.Windows\Baxy.Providers.Windows.csproj (en 199 ms).
  Se ha restaurado D:\Perfil\Escritorio\ETC\Programacion\BAXY DEFINITIVO\src\Baxy.Core\Baxy.Core.csproj (en 199 ms).
  Se ha restaurado D:\Perfil\Escritorio\ETC\Programacion\BAXY DEFINITIVO\src\Baxy.App\Baxy.App.csproj (en 199 ms).
  1 de 7 proyectos están actualizados para la restauración.
  Baxy.Contracts -> D:\Perfil\Escritorio\ETC\Programacion\BAXY DEFINITIVO\src\Baxy.Contracts\bin\Release\net10.0\Baxy.Contracts.dll
  Baxy.Security.Windows -> D:\Perfil\Escritorio\ETC\Programacion\BAXY DEFINITIVO\src\Baxy.Security.Windows\bin\Release\net10.0-windows10.0.19041.0\Baxy.Security.Windows.dll
  Baxy.Kernel -> D:\Perfil\Escritorio\ETC\Programacion\BAXY DEFINITIVO\src\Baxy.Kernel\bin\Release\net10.0\Baxy.Kernel.dll
  Baxy.Providers.Windows -> D:\Perfil\Escritorio\ETC\Programacion\BAXY DEFINITIVO\src\Baxy.Providers.Windows\bin\Release\net10.0-windows10.0.19041.0\Baxy.Providers.Windows.dll
  Baxy.Core -> D:\Perfil\Escritorio\ETC\Programacion\BAXY DEFINITIVO\src\Baxy.Core\bin\Release\net10.0-windows10.0.19041.0\baxy-core.dll
  Baxy.App -> D:\Perfil\Escritorio\ETC\Programacion\BAXY DEFINITIVO\src\Baxy.App\bin\Release\net10.0-windows10.0.19041.0\Baxy.dll
  Baxy.Integration.Tests -> D:\Perfil\Escritorio\ETC\Programacion\BAXY DEFINITIVO\tests\Baxy.Integration.Tests\bin\Release\net10.0-windows10.0.19041.0\Baxy.Integration.Tests.dll
Serie de pruebas para D:\Perfil\Escritorio\ETC\Programacion\BAXY DEFINITIVO\tests\Baxy.Integration.Tests\bin\Release\net10.0-windows10.0.19041.0\Baxy.Integration.Tests.dll (.NETCoreApp,Version=v10.0)
1 archivos de prueba en total coincidieron con el patrón especificado.
  Con error ViewModelBindsRequestedNameAndRecallsItAfterANewSession("What name have you saved in private memory?") [29 s]
  Mensaje de error:
   Multiple failures or warnings in test:
  1)   Assert.That(LastAssistantMessage(second), Does.Contain("memory_records"))
  Expected: String containing "memory_records"
  But was:  "I don't store or save personal names in private memory."

  2)   Assert.That(LastAssistantMessage(second), Does.Contain(name))
  Expected: String containing "Nimboxwfcvwucuzvyabuyuycuyvcyxuwcxatu"
  But was:  "I don't store or save personal names in private memory."


  Seguimiento de la pila:
     at Baxy.Integration.Tests.MemoryAppFlowTests.ViewModelBindsRequestedNameAndRecallsItAfterANewSession(String recallRequest) in D:\Perfil\Escritorio\ETC\Programacion\BAXY DEFINITIVO\tests\Baxy.Integration.Tests\MemoryAppFlowTests.cs:line 611
   at Baxy.Integration.Tests.MemoryAppFlowTests.ViewModelBindsRequestedNameAndRecallsItAfterANewSession(String recallRequest) in D:\Perfil\Escritorio\ETC\Programacion\BAXY DEFINITIVO\tests\Baxy.Integration.Tests\MemoryAppFlowTests.cs:line 611
   at NUnit.Framework.Internal.TaskAwaitAdapter.GenericAdapter`1.BlockUntilCompleted()
   at NUnit.Framework.Internal.MessagePumpStrategy.NoMessagePumpStrategy.WaitForCompletion(AwaitAdapter awaiter)
   at NUnit.Framework.Internal.AsyncToSyncAdapter.Await[TResult](Func`1 invoke)
   at NUnit.Framework.Internal.AsyncToSyncAdapter.Await(Func`1 invoke)
   at NUnit.Framework.Internal.Commands.TestMethodCommand.RunTestMethod(TestExecutionContext context)
   at NUnit.Framework.Internal.Commands.TestMethodCommand.Execute(TestExecutionContext context)
   at NUnit.Framework.Internal.Execution.SimpleWorkItem.<>c__DisplayClass3_0.<PerformWork>b__0()
   at NUnit.Framework.Internal.ContextUtils.<>c__DisplayClass1_0`1.<DoIsolated>b__0(Object _)

1)    at Baxy.Integration.Tests.MemoryAppFlowTests.<>c__DisplayClass18_0.<ViewModelBindsRequestedNameAndRecallsItAfterANewSession>b__2() in D:\Perfil\Escritorio\ETC\Programacion\BAXY DEFINITIVO\tests\Baxy.Integration.Tests\MemoryAppFlowTests.cs:line 614
   at NUnit.Framework.Assert.Multiple(TestDelegate testDelegate)
   at Baxy.Integration.Tests.MemoryAppFlowTests.ViewModelBindsRequestedNameAndRecallsItAfterANewSession(String recallRequest) in D:\Perfil\Escritorio\ETC\Programacion\BAXY DEFINITIVO\tests\Baxy.Integration.Tests\MemoryAppFlowTests.cs:line 611
   at System.Runtime.CompilerServices.AsyncTaskMethodBuilder`1.AsyncStateMachineBox`1.ExecutionContextCallback(Object s)

2)    at Baxy.Integration.Tests.MemoryAppFlowTests.<>c__DisplayClass18_0.<ViewModelBindsRequestedNameAndRecallsItAfterANewSession>b__2() in D:\Perfil\Escritorio\ETC\Programacion\BAXY DEFINITIVO\tests\Baxy.Integration.Tests\MemoryAppFlowTests.cs:line 615
   at NUnit.Framework.Assert.Multiple(TestDelegate testDelegate)
   at Baxy.Integration.Tests.MemoryAppFlowTests.ViewModelBindsRequestedNameAndRecallsItAfterANewSession(String recallRequest) in D:\Perfil\Escritorio\ETC\Programacion\BAXY DEFINITIVO\tests\Baxy.Integration.Tests\MemoryAppFlowTests.cs:line 611
   at System.Runtime.CompilerServices.AsyncTaskMethodBuilder`1.AsyncStateMachineBox`1.ExecutionContextCallback(Object s)


  Con error ViewModelBindsRequestedNameAndRecallsItAfterANewSession("¿Qué nombre tienes guardado en tu memoria privada?") [29 s]
  Mensaje de error:
   Multiple failures or warnings in test:
  1)   Assert.That(LastAssistantMessage(second), Does.Contain("memory_records"))
  Expected: String containing "memory_records"
  But was:  "No tengo nombres guardados en mi memoria privada. Si necesitas buscar algo específico en tus notas o archivos, puedo ayudarte con eso. ¿Qué estás buscando?"

  2)   Assert.That(LastAssistantMessage(second), Does.Contain(name))
  Expected: String containing "Nimboayyvbabywzxvauczuafuxwvffctwwezf"
  But was:  "No tengo nombres guardados en mi memoria privada. Si necesitas buscar algo específico en tus notas o archivos, puedo ayudarte con eso. ¿Qué estás buscando?"


  Seguimiento de la pila:
     at Baxy.Integration.Tests.MemoryAppFlowTests.ViewModelBindsRequestedNameAndRecallsItAfterANewSession(String recallRequest) in D:\Perfil\Escritorio\ETC\Programacion\BAXY DEFINITIVO\tests\Baxy.Integration.Tests\MemoryAppFlowTests.cs:line 611
   at Baxy.Integration.Tests.MemoryAppFlowTests.ViewModelBindsRequestedNameAndRecallsItAfterANewSession(String recallRequest) in D:\Perfil\Escritorio\ETC\Programacion\BAXY DEFINITIVO\tests\Baxy.Integration.Tests\MemoryAppFlowTests.cs:line 611
   at NUnit.Framework.Internal.TaskAwaitAdapter.GenericAdapter`1.BlockUntilCompleted()
   at NUnit.Framework.Internal.MessagePumpStrategy.NoMessagePumpStrategy.WaitForCompletion(AwaitAdapter awaiter)
   at NUnit.Framework.Internal.AsyncToSyncAdapter.Await[TResult](Func`1 invoke)
   at NUnit.Framework.Internal.AsyncToSyncAdapter.Await(Func`1 invoke)
   at NUnit.Framework.Internal.Commands.TestMethodCommand.RunTestMethod(TestExecutionContext context)
   at NUnit.Framework.Internal.Commands.TestMethodCommand.Execute(TestExecutionContext context)
   at NUnit.Framework.Internal.Execution.SimpleWorkItem.<>c__DisplayClass3_0.<PerformWork>b__0()
   at NUnit.Framework.Internal.ContextUtils.<>c__DisplayClass1_0`1.<DoIsolated>b__0(Object _)

1)    at Baxy.Integration.Tests.MemoryAppFlowTests.<>c__DisplayClass18_0.<ViewModelBindsRequestedNameAndRecallsItAfterANewSession>b__2() in D:\Perfil\Escritorio\ETC\Programacion\BAXY DEFINITIVO\tests\Baxy.Integration.Tests\MemoryAppFlowTests.cs:line 614
   at NUnit.Framework.Assert.Multiple(TestDelegate testDelegate)
   at Baxy.Integration.Tests.MemoryAppFlowTests.ViewModelBindsRequestedNameAndRecallsItAfterANewSession(String recallRequest) in D:\Perfil\Escritorio\ETC\Programacion\BAXY DEFINITIVO\tests\Baxy.Integration.Tests\MemoryAppFlowTests.cs:line 611
   at System.Runtime.CompilerServices.AsyncTaskMethodBuilder`1.AsyncStateMachineBox`1.ExecutionContextCallback(Object s)

2)    at Baxy.Integration.Tests.MemoryAppFlowTests.<>c__DisplayClass18_0.<ViewModelBindsRequestedNameAndRecallsItAfterANewSession>b__2() in D:\Perfil\Escritorio\ETC\Programacion\BAXY DEFINITIVO\tests\Baxy.Integration.Tests\MemoryAppFlowTests.cs:line 615
   at NUnit.Framework.Assert.Multiple(TestDelegate testDelegate)
   at Baxy.Integration.Tests.MemoryAppFlowTests.ViewModelBindsRequestedNameAndRecallsItAfterANewSession(String recallRequest) in D:\Perfil\Escritorio\ETC\Programacion\BAXY DEFINITIVO\tests\Baxy.Integration.Tests\MemoryAppFlowTests.cs:line 611
   at System.Runtime.CompilerServices.AsyncTaskMethodBuilder`1.AsyncStateMachineBox`1.ExecutionContextCallback(Object s)


  Con error StoredNameQuestionsReadTheExactPrivateName("What name have you saved in private memory?") [11 ms]
  Mensaje de error:
   Multiple failures or warnings in test:
  1)   Assert.That(result.Outcome, Is.EqualTo(MemoryParseOutcome.Route))
  Expected: Route
  But was:  NoRoute

  2)   Assert.That(result.Operation?.Name, Is.EqualTo("memory.recall"))
  Expected: "memory.recall"
  But was:  null

  3)   Assert.That(result.Operation?.PrivateArguments["scope"]?.GetValue<string>(), Is.EqualTo("exact"))
  Expected: "exact"
  But was:  null

  4)   Assert.That(result.Operation?.PrivateArguments["selector"]?.GetValue<string>(), Is.EqualTo("name"))
  Expected: "name"
  But was:  null


  Seguimiento de la pila:
     at Baxy.Integration.Tests.NaturalMemoryRequestParserTests.StoredNameQuestionsReadTheExactPrivateName(String text) in D:\Perfil\Escritorio\ETC\Programacion\BAXY DEFINITIVO\tests\Baxy.Integration.Tests\NaturalMemoryRequestParserTests.cs:line 23

1)    at Baxy.Integration.Tests.NaturalMemoryRequestParserTests.<>c__DisplayClass0_0.<StoredNameQuestionsReadTheExactPrivateName>b__0() in D:\Perfil\Escritorio\ETC\Programacion\BAXY DEFINITIVO\tests\Baxy.Integration.Tests\NaturalMemoryRequestParserTests.cs:line 25
   at NUnit.Framework.Assert.Multiple(TestDelegate testDelegate)
   at Baxy.Integration.Tests.NaturalMemoryRequestParserTests.StoredNameQuestionsReadTheExactPrivateName(String text) in D:\Perfil\Escritorio\ETC\Programacion\BAXY DEFINITIVO\tests\Baxy.Integration.Tests\NaturalMemoryRequestParserTests.cs:line 23

2)    at Baxy.Integration.Tests.NaturalMemoryRequestParserTests.<>c__DisplayClass0_0.<StoredNameQuestionsReadTheExactPrivateName>b__0() in D:\Perfil\Escritorio\ETC\Programacion\BAXY DEFINITIVO\tests\Baxy.Integration.Tests\NaturalMemoryRequestParserTests.cs:line 26
   at NUnit.Framework.Assert.Multiple(TestDelegate testDelegate)
   at Baxy.Integration.Tests.NaturalMemoryRequestParserTests.StoredNameQuestionsReadTheExactPrivateName(String text) in D:\Perfil\Escritorio\ETC\Programacion\BAXY DEFINITIVO\tests\Baxy.Integration.Tests\NaturalMemoryRequestParserTests.cs:line 23

3)    at Baxy.Integration.Tests.NaturalMemoryRequestParserTests.<>c__DisplayClass0_0.<StoredNameQuestionsReadTheExactPrivateName>b__0() in D:\Perfil\Escritorio\ETC\Programacion\BAXY DEFINITIVO\tests\Baxy.Integration.Tests\NaturalMemoryRequestParserTests.cs:line 27
   at NUnit.Framework.Assert.Multiple(TestDelegate testDelegate)
   at Baxy.Integration.Tests.NaturalMemoryRequestParserTests.StoredNameQuestionsReadTheExactPrivateName(String text) in D:\Perfil\Escritorio\ETC\Programacion\BAXY DEFINITIVO\tests\Baxy.Integration.Tests\NaturalMemoryRequestParserTests.cs:line 23

4)    at Baxy.Integration.Tests.NaturalMemoryRequestParserTests.<>c__DisplayClass0_0.<StoredNameQuestionsReadTheExactPrivateName>b__0() in D:\Perfil\Escritorio\ETC\Programacion\BAXY DEFINITIVO\tests\Baxy.Integration.Tests\NaturalMemoryRequestParserTests.cs:line 28
   at NUnit.Framework.Assert.Multiple(TestDelegate testDelegate)
   at Baxy.Integration.Tests.NaturalMemoryRequestParserTests.StoredNameQuestionsReadTheExactPrivateName(String text) in D:\Perfil\Escritorio\ETC\Programacion\BAXY DEFINITIVO\tests\Baxy.Integration.Tests\NaturalMemoryRequestParserTests.cs:line 23


  Con error StoredNameQuestionsReadTheExactPrivateName("Which name have you stored in your local memory?") [1 ms]
  Mensaje de error:
   Multiple failures or warnings in test:
  1)   Assert.That(result.Outcome, Is.EqualTo(MemoryParseOutcome.Route))
  Expected: Route
  But was:  NoRoute

  2)   Assert.That(result.Operation?.Name, Is.EqualTo("memory.recall"))
  Expected: "memory.recall"
  But was:  null

  3)   Assert.That(result.Operation?.PrivateArguments["scope"]?.GetValue<string>(), Is.EqualTo("exact"))
  Expected: "exact"
  But was:  null

  4)   Assert.That(result.Operation?.PrivateArguments["selector"]?.GetValue<string>(), Is.EqualTo("name"))
  Expected: "name"
  But was:  null


  Seguimiento de la pila:
     at Baxy.Integration.Tests.NaturalMemoryRequestParserTests.StoredNameQuestionsReadTheExactPrivateName(String text) in D:\Perfil\Escritorio\ETC\Programacion\BAXY DEFINITIVO\tests\Baxy.Integration.Tests\NaturalMemoryRequestParserTests.cs:line 23
   at InvokeStub_NaturalMemoryRequestParserTests.StoredNameQuestionsReadTheExactPrivateName(Object, Span`1)

1)    at Baxy.Integration.Tests.NaturalMemoryRequestParserTests.<>c__DisplayClass0_0.<StoredNameQuestionsReadTheExactPrivateName>b__0() in D:\Perfil\Escritorio\ETC\Programacion\BAXY DEFINITIVO\tests\Baxy.Integration.Tests\NaturalMemoryRequestParserTests.cs:line 25
   at NUnit.Framework.Assert.Multiple(TestDelegate testDelegate)
   at Baxy.Integration.Tests.NaturalMemoryRequestParserTests.StoredNameQuestionsReadTheExactPrivateName(String text) in D:\Perfil\Escritorio\ETC\Programacion\BAXY DEFINITIVO\tests\Baxy.Integration.Tests\NaturalMemoryRequestParserTests.cs:line 23
   at InvokeStub_NaturalMemoryRequestParserTests.StoredNameQuestionsReadTheExactPrivateName(Object, Span`1)

2)    at Baxy.Integration.Tests.NaturalMemoryRequestParserTests.<>c__DisplayClass0_0.<StoredNameQuestionsReadTheExactPrivateName>b__0() in D:\Perfil\Escritorio\ETC\Programacion\BAXY DEFINITIVO\tests\Baxy.Integration.Tests\NaturalMemoryRequestParserTests.cs:line 26
   at NUnit.Framework.Assert.Multiple(TestDelegate testDelegate)
   at Baxy.Integration.Tests.NaturalMemoryRequestParserTests.StoredNameQuestionsReadTheExactPrivateName(String text) in D:\Perfil\Escritorio\ETC\Programacion\BAXY DEFINITIVO\tests\Baxy.Integration.Tests\NaturalMemoryRequestParserTests.cs:line 23
   at InvokeStub_NaturalMemoryRequestParserTests.StoredNameQuestionsReadTheExactPrivateName(Object, Span`1)

3)    at Baxy.Integration.Tests.NaturalMemoryRequestParserTests.<>c__DisplayClass0_0.<StoredNameQuestionsReadTheExactPrivateName>b__0() in D:\Perfil\Escritorio\ETC\Programacion\BAXY DEFINITIVO\tests\Baxy.Integration.Tests\NaturalMemoryRequestParserTests.cs:line 27
   at NUnit.Framework.Assert.Multiple(TestDelegate testDelegate)
   at Baxy.Integration.Tests.NaturalMemoryRequestParserTests.StoredNameQuestionsReadTheExactPrivateName(String text) in D:\Perfil\Escritorio\ETC\Programacion\BAXY DEFINITIVO\tests\Baxy.Integration.Tests\NaturalMemoryRequestParserTests.cs:line 23
   at InvokeStub_NaturalMemoryRequestParserTests.StoredNameQuestionsReadTheExactPrivateName(Object, Span`1)

4)    at Baxy.Integration.Tests.NaturalMemoryRequestParserTests.<>c__DisplayClass0_0.<StoredNameQuestionsReadTheExactPrivateName>b__0() in D:\Perfil\Escritorio\ETC\Programacion\BAXY DEFINITIVO\tests\Baxy.Integration.Tests\NaturalMemoryRequestParserTests.cs:line 28
   at NUnit.Framework.Assert.Multiple(TestDelegate testDelegate)
   at Baxy.Integration.Tests.NaturalMemoryRequestParserTests.StoredNameQuestionsReadTheExactPrivateName(String text) in D:\Perfil\Escritorio\ETC\Programacion\BAXY DEFINITIVO\tests\Baxy.Integration.Tests\NaturalMemoryRequestParserTests.cs:line 23
   at InvokeStub_NaturalMemoryRequestParserTests.StoredNameQuestionsReadTheExactPrivateName(Object, Span`1)


  Con error StoredNameQuestionsReadTheExactPrivateName("What name do you have saved?") [< 1 ms]
  Mensaje de error:
   Multiple failures or warnings in test:
  1)   Assert.That(result.Outcome, Is.EqualTo(MemoryParseOutcome.Route))
  Expected: Route
  But was:  NoRoute

  2)   Assert.That(result.Operation?.Name, Is.EqualTo("memory.recall"))
  Expected: "memory.recall"
  But was:  null

  3)   Assert.That(result.Operation?.PrivateArguments["scope"]?.GetValue<string>(), Is.EqualTo("exact"))
  Expected: "exact"
  But was:  null

  4)   Assert.That(result.Operation?.PrivateArguments["selector"]?.GetValue<string>(), Is.EqualTo("name"))
  Expected: "name"
  But was:  null


  Seguimiento de la pila:
     at Baxy.Integration.Tests.NaturalMemoryRequestParserTests.StoredNameQuestionsReadTheExactPrivateName(String text) in D:\Perfil\Escritorio\ETC\Programacion\BAXY DEFINITIVO\tests\Baxy.Integration.Tests\NaturalMemoryRequestParserTests.cs:line 23
   at InvokeStub_NaturalMemoryRequestParserTests.StoredNameQuestionsReadTheExactPrivateName(Object, Span`1)

1)    at Baxy.Integration.Tests.NaturalMemoryRequestParserTests.<>c__DisplayClass0_0.<StoredNameQuestionsReadTheExactPrivateName>b__0() in D:\Perfil\Escritorio\ETC\Programacion\BAXY DEFINITIVO\tests\Baxy.Integration.Tests\NaturalMemoryRequestParserTests.cs:line 25
   at NUnit.Framework.Assert.Multiple(TestDelegate testDelegate)
   at Baxy.Integration.Tests.NaturalMemoryRequestParserTests.StoredNameQuestionsReadTheExactPrivateName(String text) in D:\Perfil\Escritorio\ETC\Programacion\BAXY DEFINITIVO\tests\Baxy.Integration.Tests\NaturalMemoryRequestParserTests.cs:line 23
   at InvokeStub_NaturalMemoryRequestParserTests.StoredNameQuestionsReadTheExactPrivateName(Object, Span`1)

2)    at Baxy.Integration.Tests.NaturalMemoryRequestParserTests.<>c__DisplayClass0_0.<StoredNameQuestionsReadTheExactPrivateName>b__0() in D:\Perfil\Escritorio\ETC\Programacion\BAXY DEFINITIVO\tests\Baxy.Integration.Tests\NaturalMemoryRequestParserTests.cs:line 26
   at NUnit.Framework.Assert.Multiple(TestDelegate testDelegate)
   at Baxy.Integration.Tests.NaturalMemoryRequestParserTests.StoredNameQuestionsReadTheExactPrivateName(String text) in D:\Perfil\Escritorio\ETC\Programacion\BAXY DEFINITIVO\tests\Baxy.Integration.Tests\NaturalMemoryRequestParserTests.cs:line 23
   at InvokeStub_NaturalMemoryRequestParserTests.StoredNameQuestionsReadTheExactPrivateName(Object, Span`1)

3)    at Baxy.Integration.Tests.NaturalMemoryRequestParserTests.<>c__DisplayClass0_0.<StoredNameQuestionsReadTheExactPrivateName>b__0() in D:\Perfil\Escritorio\ETC\Programacion\BAXY DEFINITIVO\tests\Baxy.Integration.Tests\NaturalMemoryRequestParserTests.cs:line 27
   at NUnit.Framework.Assert.Multiple(TestDelegate testDelegate)
   at Baxy.Integration.Tests.NaturalMemoryRequestParserTests.StoredNameQuestionsReadTheExactPrivateName(String text) in D:\Perfil\Escritorio\ETC\Programacion\BAXY DEFINITIVO\tests\Baxy.Integration.Tests\NaturalMemoryRequestParserTests.cs:line 23
   at InvokeStub_NaturalMemoryRequestParserTests.StoredNameQuestionsReadTheExactPrivateName(Object, Span`1)

4)    at Baxy.Integration.Tests.NaturalMemoryRequestParserTests.<>c__DisplayClass0_0.<StoredNameQuestionsReadTheExactPrivateName>b__0() in D:\Perfil\Escritorio\ETC\Programacion\BAXY DEFINITIVO\tests\Baxy.Integration.Tests\NaturalMemoryRequestParserTests.cs:line 28
   at NUnit.Framework.Assert.Multiple(TestDelegate testDelegate)
   at Baxy.Integration.Tests.NaturalMemoryRequestParserTests.StoredNameQuestionsReadTheExactPrivateName(String text) in D:\Perfil\Escritorio\ETC\Programacion\BAXY DEFINITIVO\tests\Baxy.Integration.Tests\NaturalMemoryRequestParserTests.cs:line 23
   at InvokeStub_NaturalMemoryRequestParserTests.StoredNameQuestionsReadTheExactPrivateName(Object, Span`1)


  Con error StoredNameQuestionsReadTheExactPrivateName("What is my stored name?") [< 1 ms]
  Mensaje de error:
   Multiple failures or warnings in test:
  1)   Assert.That(result.Outcome, Is.EqualTo(MemoryParseOutcome.Route))
  Expected: Route
  But was:  NoRoute

  2)   Assert.That(result.Operation?.Name, Is.EqualTo("memory.recall"))
  Expected: "memory.recall"
  But was:  null

  3)   Assert.That(result.Operation?.PrivateArguments["scope"]?.GetValue<string>(), Is.EqualTo("exact"))
  Expected: "exact"
  But was:  null

  4)   Assert.That(result.Operation?.PrivateArguments["selector"]?.GetValue<string>(), Is.EqualTo("name"))
  Expected: "name"
  But was:  null


  Seguimiento de la pila:
     at Baxy.Integration.Tests.NaturalMemoryRequestParserTests.StoredNameQuestionsReadTheExactPrivateName(String text) in D:\Perfil\Escritorio\ETC\Programacion\BAXY DEFINITIVO\tests\Baxy.Integration.Tests\NaturalMemoryRequestParserTests.cs:line 23
   at InvokeStub_NaturalMemoryRequestParserTests.StoredNameQuestionsReadTheExactPrivateName(Object, Span`1)

1)    at Baxy.Integration.Tests.NaturalMemoryRequestParserTests.<>c__DisplayClass0_0.<StoredNameQuestionsReadTheExactPrivateName>b__0() in D:\Perfil\Escritorio\ETC\Programacion\BAXY DEFINITIVO\tests\Baxy.Integration.Tests\NaturalMemoryRequestParserTests.cs:line 25
   at NUnit.Framework.Assert.Multiple(TestDelegate testDelegate)
   at Baxy.Integration.Tests.NaturalMemoryRequestParserTests.StoredNameQuestionsReadTheExactPrivateName(String text) in D:\Perfil\Escritorio\ETC\Programacion\BAXY DEFINITIVO\tests\Baxy.Integration.Tests\NaturalMemoryRequestParserTests.cs:line 23
   at InvokeStub_NaturalMemoryRequestParserTests.StoredNameQuestionsReadTheExactPrivateName(Object, Span`1)

2)    at Baxy.Integration.Tests.NaturalMemoryRequestParserTests.<>c__DisplayClass0_0.<StoredNameQuestionsReadTheExactPrivateName>b__0() in D:\Perfil\Escritorio\ETC\Programacion\BAXY DEFINITIVO\tests\Baxy.Integration.Tests\NaturalMemoryRequestParserTests.cs:line 26
   at NUnit.Framework.Assert.Multiple(TestDelegate testDelegate)
   at Baxy.Integration.Tests.NaturalMemoryRequestParserTests.StoredNameQuestionsReadTheExactPrivateName(String text) in D:\Perfil\Escritorio\ETC\Programacion\BAXY DEFINITIVO\tests\Baxy.Integration.Tests\NaturalMemoryRequestParserTests.cs:line 23
   at InvokeStub_NaturalMemoryRequestParserTests.StoredNameQuestionsReadTheExactPrivateName(Object, Span`1)

3)    at Baxy.Integration.Tests.NaturalMemoryRequestParserTests.<>c__DisplayClass0_0.<StoredNameQuestionsReadTheExactPrivateName>b__0() in D:\Perfil\Escritorio\ETC\Programacion\BAXY DEFINITIVO\tests\Baxy.Integration.Tests\NaturalMemoryRequestParserTests.cs:line 27
   at NUnit.Framework.Assert.Multiple(TestDelegate testDelegate)
   at Baxy.Integration.Tests.NaturalMemoryRequestParserTests.StoredNameQuestionsReadTheExactPrivateName(String text) in D:\Perfil\Escritorio\ETC\Programacion\BAXY DEFINITIVO\tests\Baxy.Integration.Tests\NaturalMemoryRequestParserTests.cs:line 23
   at InvokeStub_NaturalMemoryRequestParserTests.StoredNameQuestionsReadTheExactPrivateName(Object, Span`1)

4)    at Baxy.Integration.Tests.NaturalMemoryRequestParserTests.<>c__DisplayClass0_0.<StoredNameQuestionsReadTheExactPrivateName>b__0() in D:\Perfil\Escritorio\ETC\Programacion\BAXY DEFINITIVO\tests\Baxy.Integration.Tests\NaturalMemoryRequestParserTests.cs:line 28
   at NUnit.Framework.Assert.Multiple(TestDelegate testDelegate)
   at Baxy.Integration.Tests.NaturalMemoryRequestParserTests.StoredNameQuestionsReadTheExactPrivateName(String text) in D:\Perfil\Escritorio\ETC\Programacion\BAXY DEFINITIVO\tests\Baxy.Integration.Tests\NaturalMemoryRequestParserTests.cs:line 23
   at InvokeStub_NaturalMemoryRequestParserTests.StoredNameQuestionsReadTheExactPrivateName(Object, Span`1)


  Con error StoredNameQuestionsReadTheExactPrivateName("¿Qué nombre tienes guardado en tu memoria privada?") [< 1 ms]
  Mensaje de error:
   Multiple failures or warnings in test:
  1)   Assert.That(result.Outcome, Is.EqualTo(MemoryParseOutcome.Route))
  Expected: Route
  But was:  NoRoute

  2)   Assert.That(result.Operation?.Name, Is.EqualTo("memory.recall"))
  Expected: "memory.recall"
  But was:  null

  3)   Assert.That(result.Operation?.PrivateArguments["scope"]?.GetValue<string>(), Is.EqualTo("exact"))
  Expected: "exact"
  But was:  null

  4)   Assert.That(result.Operation?.PrivateArguments["selector"]?.GetValue<string>(), Is.EqualTo("name"))
  Expected: "name"
  But was:  null


  Seguimiento de la pila:
     at Baxy.Integration.Tests.NaturalMemoryRequestParserTests.StoredNameQuestionsReadTheExactPrivateName(String text) in D:\Perfil\Escritorio\ETC\Programacion\BAXY DEFINITIVO\tests\Baxy.Integration.Tests\NaturalMemoryRequestParserTests.cs:line 23
   at InvokeStub_NaturalMemoryRequestParserTests.StoredNameQuestionsReadTheExactPrivateName(Object, Span`1)

1)    at Baxy.Integration.Tests.NaturalMemoryRequestParserTests.<>c__DisplayClass0_0.<StoredNameQuestionsReadTheExactPrivateName>b__0() in D:\Perfil\Escritorio\ETC\Programacion\BAXY DEFINITIVO\tests\Baxy.Integration.Tests\NaturalMemoryRequestParserTests.cs:line 25
   at NUnit.Framework.Assert.Multiple(TestDelegate testDelegate)
   at Baxy.Integration.Tests.NaturalMemoryRequestParserTests.StoredNameQuestionsReadTheExactPrivateName(String text) in D:\Perfil\Escritorio\ETC\Programacion\BAXY DEFINITIVO\tests\Baxy.Integration.Tests\NaturalMemoryRequestParserTests.cs:line 23
   at InvokeStub_NaturalMemoryRequestParserTests.StoredNameQuestionsReadTheExactPrivateName(Object, Span`1)

2)    at Baxy.Integration.Tests.NaturalMemoryRequestParserTests.<>c__DisplayClass0_0.<StoredNameQuestionsReadTheExactPrivateName>b__0() in D:\Perfil\Escritorio\ETC\Programacion\BAXY DEFINITIVO\tests\Baxy.Integration.Tests\NaturalMemoryRequestParserTests.cs:line 26
   at NUnit.Framework.Assert.Multiple(TestDelegate testDelegate)
   at Baxy.Integration.Tests.NaturalMemoryRequestParserTests.StoredNameQuestionsReadTheExactPrivateName(String text) in D:\Perfil\Escritorio\ETC\Programacion\BAXY DEFINITIVO\tests\Baxy.Integration.Tests\NaturalMemoryRequestParserTests.cs:line 23
   at InvokeStub_NaturalMemoryRequestParserTests.StoredNameQuestionsReadTheExactPrivateName(Object, Span`1)

3)    at Baxy.Integration.Tests.NaturalMemoryRequestParserTests.<>c__DisplayClass0_0.<StoredNameQuestionsReadTheExactPrivateName>b__0() in D:\Perfil\Escritorio\ETC\Programacion\BAXY DEFINITIVO\tests\Baxy.Integration.Tests\NaturalMemoryRequestParserTests.cs:line 27
   at NUnit.Framework.Assert.Multiple(TestDelegate testDelegate)
   at Baxy.Integration.Tests.NaturalMemoryRequestParserTests.StoredNameQuestionsReadTheExactPrivateName(String text) in D:\Perfil\Escritorio\ETC\Programacion\BAXY DEFINITIVO\tests\Baxy.Integration.Tests\NaturalMemoryRequestParserTests.cs:line 23
   at InvokeStub_NaturalMemoryRequestParserTests.StoredNameQuestionsReadTheExactPrivateName(Object, Span`1)

4)    at Baxy.Integration.Tests.NaturalMemoryRequestParserTests.<>c__DisplayClass0_0.<StoredNameQuestionsReadTheExactPrivateName>b__0() in D:\Perfil\Escritorio\ETC\Programacion\BAXY DEFINITIVO\tests\Baxy.Integration.Tests\NaturalMemoryRequestParserTests.cs:line 28
   at NUnit.Framework.Assert.Multiple(TestDelegate testDelegate)
   at Baxy.Integration.Tests.NaturalMemoryRequestParserTests.StoredNameQuestionsReadTheExactPrivateName(String text) in D:\Perfil\Escritorio\ETC\Programacion\BAXY DEFINITIVO\tests\Baxy.Integration.Tests\NaturalMemoryRequestParserTests.cs:line 23
   at InvokeStub_NaturalMemoryRequestParserTests.StoredNameQuestionsReadTheExactPrivateName(Object, Span`1)


  Con error StoredNameQuestionsReadTheExactPrivateName("¿Qué nombre has guardado en la memoria?") [< 1 ms]
  Mensaje de error:
   Multiple failures or warnings in test:
  1)   Assert.That(result.Outcome, Is.EqualTo(MemoryParseOutcome.Route))
  Expected: Route
  But was:  NoRoute

  2)   Assert.That(result.Operation?.Name, Is.EqualTo("memory.recall"))
  Expected: "memory.recall"
  But was:  null

  3)   Assert.That(result.Operation?.PrivateArguments["scope"]?.GetValue<string>(), Is.EqualTo("exact"))
  Expected: "exact"
  But was:  null

  4)   Assert.That(result.Operation?.PrivateArguments["selector"]?.GetValue<string>(), Is.EqualTo("name"))
  Expected: "name"
  But was:  null


  Seguimiento de la pila:
     at Baxy.Integration.Tests.NaturalMemoryRequestParserTests.StoredNameQuestionsReadTheExactPrivateName(String text) in D:\Perfil\Escritorio\ETC\Programacion\BAXY DEFINITIVO\tests\Baxy.Integration.Tests\NaturalMemoryRequestParserTests.cs:line 23
   at InvokeStub_NaturalMemoryRequestParserTests.StoredNameQuestionsReadTheExactPrivateName(Object, Span`1)

1)    at Baxy.Integration.Tests.NaturalMemoryRequestParserTests.<>c__DisplayClass0_0.<StoredNameQuestionsReadTheExactPrivateName>b__0() in D:\Perfil\Escritorio\ETC\Programacion\BAXY DEFINITIVO\tests\Baxy.Integration.Tests\NaturalMemoryRequestParserTests.cs:line 25
   at NUnit.Framework.Assert.Multiple(TestDelegate testDelegate)
   at Baxy.Integration.Tests.NaturalMemoryRequestParserTests.StoredNameQuestionsReadTheExactPrivateName(String text) in D:\Perfil\Escritorio\ETC\Programacion\BAXY DEFINITIVO\tests\Baxy.Integration.Tests\NaturalMemoryRequestParserTests.cs:line 23
   at InvokeStub_NaturalMemoryRequestParserTests.StoredNameQuestionsReadTheExactPrivateName(Object, Span`1)

2)    at Baxy.Integration.Tests.NaturalMemoryRequestParserTests.<>c__DisplayClass0_0.<StoredNameQuestionsReadTheExactPrivateName>b__0() in D:\Perfil\Escritorio\ETC\Programacion\BAXY DEFINITIVO\tests\Baxy.Integration.Tests\NaturalMemoryRequestParserTests.cs:line 26
   at NUnit.Framework.Assert.Multiple(TestDelegate testDelegate)
   at Baxy.Integration.Tests.NaturalMemoryRequestParserTests.StoredNameQuestionsReadTheExactPrivateName(String text) in D:\Perfil\Escritorio\ETC\Programacion\BAXY DEFINITIVO\tests\Baxy.Integration.Tests\NaturalMemoryRequestParserTests.cs:line 23
   at InvokeStub_NaturalMemoryRequestParserTests.StoredNameQuestionsReadTheExactPrivateName(Object, Span`1)

3)    at Baxy.Integration.Tests.NaturalMemoryRequestParserTests.<>c__DisplayClass0_0.<StoredNameQuestionsReadTheExactPrivateName>b__0() in D:\Perfil\Escritorio\ETC\Programacion\BAXY DEFINITIVO\tests\Baxy.Integration.Tests\NaturalMemoryRequestParserTests.cs:line 27
   at NUnit.Framework.Assert.Multiple(TestDelegate testDelegate)
   at Baxy.Integration.Tests.NaturalMemoryRequestParserTests.StoredNameQuestionsReadTheExactPrivateName(String text) in D:\Perfil\Escritorio\ETC\Programacion\BAXY DEFINITIVO\tests\Baxy.Integration.Tests\NaturalMemoryRequestParserTests.cs:line 23
   at InvokeStub_NaturalMemoryRequestParserTests.StoredNameQuestionsReadTheExactPrivateName(Object, Span`1)

4)    at Baxy.Integration.Tests.NaturalMemoryRequestParserTests.<>c__DisplayClass0_0.<StoredNameQuestionsReadTheExactPrivateName>b__0() in D:\Perfil\Escritorio\ETC\Programacion\BAXY DEFINITIVO\tests\Baxy.Integration.Tests\NaturalMemoryRequestParserTests.cs:line 28
   at NUnit.Framework.Assert.Multiple(TestDelegate testDelegate)
   at Baxy.Integration.Tests.NaturalMemoryRequestParserTests.StoredNameQuestionsReadTheExactPrivateName(String text) in D:\Perfil\Escritorio\ETC\Programacion\BAXY DEFINITIVO\tests\Baxy.Integration.Tests\NaturalMemoryRequestParserTests.cs:line 23
   at InvokeStub_NaturalMemoryRequestParserTests.StoredNameQuestionsReadTheExactPrivateName(Object, Span`1)


  Con error StoredNameQuestionsReadTheExactPrivateName("¿Cuál es mi nombre guardado?") [< 1 ms]
  Mensaje de error:
   Multiple failures or warnings in test:
  1)   Assert.That(result.Outcome, Is.EqualTo(MemoryParseOutcome.Route))
  Expected: Route
  But was:  NoRoute

  2)   Assert.That(result.Operation?.Name, Is.EqualTo("memory.recall"))
  Expected: "memory.recall"
  But was:  null

  3)   Assert.That(result.Operation?.PrivateArguments["scope"]?.GetValue<string>(), Is.EqualTo("exact"))
  Expected: "exact"
  But was:  null

  4)   Assert.That(result.Operation?.PrivateArguments["selector"]?.GetValue<string>(), Is.EqualTo("name"))
  Expected: "name"
  But was:  null


  Seguimiento de la pila:
     at Baxy.Integration.Tests.NaturalMemoryRequestParserTests.StoredNameQuestionsReadTheExactPrivateName(String text) in D:\Perfil\Escritorio\ETC\Programacion\BAXY DEFINITIVO\tests\Baxy.Integration.Tests\NaturalMemoryRequestParserTests.cs:line 23
   at InvokeStub_NaturalMemoryRequestParserTests.StoredNameQuestionsReadTheExactPrivateName(Object, Span`1)

1)    at Baxy.Integration.Tests.NaturalMemoryRequestParserTests.<>c__DisplayClass0_0.<StoredNameQuestionsReadTheExactPrivateName>b__0() in D:\Perfil\Escritorio\ETC\Programacion\BAXY DEFINITIVO\tests\Baxy.Integration.Tests\NaturalMemoryRequestParserTests.cs:line 25
   at NUnit.Framework.Assert.Multiple(TestDelegate testDelegate)
   at Baxy.Integration.Tests.NaturalMemoryRequestParserTests.StoredNameQuestionsReadTheExactPrivateName(String text) in D:\Perfil\Escritorio\ETC\Programacion\BAXY DEFINITIVO\tests\Baxy.Integration.Tests\NaturalMemoryRequestParserTests.cs:line 23
   at InvokeStub_NaturalMemoryRequestParserTests.StoredNameQuestionsReadTheExactPrivateName(Object, Span`1)

2)    at Baxy.Integration.Tests.NaturalMemoryRequestParserTests.<>c__DisplayClass0_0.<StoredNameQuestionsReadTheExactPrivateName>b__0() in D:\Perfil\Escritorio\ETC\Programacion\BAXY DEFINITIVO\tests\Baxy.Integration.Tests\NaturalMemoryRequestParserTests.cs:line 26
   at NUnit.Framework.Assert.Multiple(TestDelegate testDelegate)
   at Baxy.Integration.Tests.NaturalMemoryRequestParserTests.StoredNameQuestionsReadTheExactPrivateName(String text) in D:\Perfil\Escritorio\ETC\Programacion\BAXY DEFINITIVO\tests\Baxy.Integration.Tests\NaturalMemoryRequestParserTests.cs:line 23
   at InvokeStub_NaturalMemoryRequestParserTests.StoredNameQuestionsReadTheExactPrivateName(Object, Span`1)

3)    at Baxy.Integration.Tests.NaturalMemoryRequestParserTests.<>c__DisplayClass0_0.<StoredNameQuestionsReadTheExactPrivateName>b__0() in D:\Perfil\Escritorio\ETC\Programacion\BAXY DEFINITIVO\tests\Baxy.Integration.Tests\NaturalMemoryRequestParserTests.cs:line 27
   at NUnit.Framework.Assert.Multiple(TestDelegate testDelegate)
   at Baxy.Integration.Tests.NaturalMemoryRequestParserTests.StoredNameQuestionsReadTheExactPrivateName(String text) in D:\Perfil\Escritorio\ETC\Programacion\BAXY DEFINITIVO\tests\Baxy.Integration.Tests\NaturalMemoryRequestParserTests.cs:line 23
   at InvokeStub_NaturalMemoryRequestParserTests.StoredNameQuestionsReadTheExactPrivateName(Object, Span`1)

4)    at Baxy.Integration.Tests.NaturalMemoryRequestParserTests.<>c__DisplayClass0_0.<StoredNameQuestionsReadTheExactPrivateName>b__0() in D:\Perfil\Escritorio\ETC\Programacion\BAXY DEFINITIVO\tests\Baxy.Integration.Tests\NaturalMemoryRequestParserTests.cs:line 28
   at NUnit.Framework.Assert.Multiple(TestDelegate testDelegate)
   at Baxy.Integration.Tests.NaturalMemoryRequestParserTests.StoredNameQuestionsReadTheExactPrivateName(String text) in D:\Perfil\Escritorio\ETC\Programacion\BAXY DEFINITIVO\tests\Baxy.Integration.Tests\NaturalMemoryRequestParserTests.cs:line 23
   at InvokeStub_NaturalMemoryRequestParserTests.StoredNameQuestionsReadTheExactPrivateName(Object, Span`1)


  Con error StoredNameQuestionsReadTheExactPrivateName("¿Qué nombre tienes almacenado en la memoria local privada?") [< 1 ms]
  Mensaje de error:
   Multiple failures or warnings in test:
  1)   Assert.That(result.Outcome, Is.EqualTo(MemoryParseOutcome.Route))
  Expected: Route
  But was:  NoRoute

  2)   Assert.That(result.Operation?.Name, Is.EqualTo("memory.recall"))
  Expected: "memory.recall"
  But was:  null

  3)   Assert.That(result.Operation?.PrivateArguments["scope"]?.GetValue<string>(), Is.EqualTo("exact"))
  Expected: "exact"
  But was:  null

  4)   Assert.That(result.Operation?.PrivateArguments["selector"]?.GetValue<string>(), Is.EqualTo("name"))
  Expected: "name"
  But was:  null


  Seguimiento de la pila:
     at Baxy.Integration.Tests.NaturalMemoryRequestParserTests.StoredNameQuestionsReadTheExactPrivateName(String text) in D:\Perfil\Escritorio\ETC\Programacion\BAXY DEFINITIVO\tests\Baxy.Integration.Tests\NaturalMemoryRequestParserTests.cs:line 23
   at InvokeStub_NaturalMemoryRequestParserTests.StoredNameQuestionsReadTheExactPrivateName(Object, Span`1)

1)    at Baxy.Integration.Tests.NaturalMemoryRequestParserTests.<>c__DisplayClass0_0.<StoredNameQuestionsReadTheExactPrivateName>b__0() in D:\Perfil\Escritorio\ETC\Programacion\BAXY DEFINITIVO\tests\Baxy.Integration.Tests\NaturalMemoryRequestParserTests.cs:line 25
   at NUnit.Framework.Assert.Multiple(TestDelegate testDelegate)
   at Baxy.Integration.Tests.NaturalMemoryRequestParserTests.StoredNameQuestionsReadTheExactPrivateName(String text) in D:\Perfil\Escritorio\ETC\Programacion\BAXY DEFINITIVO\tests\Baxy.Integration.Tests\NaturalMemoryRequestParserTests.cs:line 23
   at InvokeStub_NaturalMemoryRequestParserTests.StoredNameQuestionsReadTheExactPrivateName(Object, Span`1)

2)    at Baxy.Integration.Tests.NaturalMemoryRequestParserTests.<>c__DisplayClass0_0.<StoredNameQuestionsReadTheExactPrivateName>b__0() in D:\Perfil\Escritorio\ETC\Programacion\BAXY DEFINITIVO\tests\Baxy.Integration.Tests\NaturalMemoryRequestParserTests.cs:line 26
   at NUnit.Framework.Assert.Multiple(TestDelegate testDelegate)
   at Baxy.Integration.Tests.NaturalMemoryRequestParserTests.StoredNameQuestionsReadTheExactPrivateName(String text) in D:\Perfil\Escritorio\ETC\Programacion\BAXY DEFINITIVO\tests\Baxy.Integration.Tests\NaturalMemoryRequestParserTests.cs:line 23
   at InvokeStub_NaturalMemoryRequestParserTests.StoredNameQuestionsReadTheExactPrivateName(Object, Span`1)

3)    at Baxy.Integration.Tests.NaturalMemoryRequestParserTests.<>c__DisplayClass0_0.<StoredNameQuestionsReadTheExactPrivateName>b__0() in D:\Perfil\Escritorio\ETC\Programacion\BAXY DEFINITIVO\tests\Baxy.Integration.Tests\NaturalMemoryRequestParserTests.cs:line 27
   at NUnit.Framework.Assert.Multiple(TestDelegate testDelegate)
   at Baxy.Integration.Tests.NaturalMemoryRequestParserTests.StoredNameQuestionsReadTheExactPrivateName(String text) in D:\Perfil\Escritorio\ETC\Programacion\BAXY DEFINITIVO\tests\Baxy.Integration.Tests\NaturalMemoryRequestParserTests.cs:line 23
   at InvokeStub_NaturalMemoryRequestParserTests.StoredNameQuestionsReadTheExactPrivateName(Object, Span`1)

4)    at Baxy.Integration.Tests.NaturalMemoryRequestParserTests.<>c__DisplayClass0_0.<StoredNameQuestionsReadTheExactPrivateName>b__0() in D:\Perfil\Escritorio\ETC\Programacion\BAXY DEFINITIVO\tests\Baxy.Integration.Tests\NaturalMemoryRequestParserTests.cs:line 28
   at NUnit.Framework.Assert.Multiple(TestDelegate testDelegate)
   at Baxy.Integration.Tests.NaturalMemoryRequestParserTests.StoredNameQuestionsReadTheExactPrivateName(String text) in D:\Perfil\Escritorio\ETC\Programacion\BAXY DEFINITIVO\tests\Baxy.Integration.Tests\NaturalMemoryRequestParserTests.cs:line 23
   at InvokeStub_NaturalMemoryRequestParserTests.StoredNameQuestionsReadTheExactPrivateName(Object, Span`1)



Con error! - Con error:    10, Superado:    10, Omitido:     0, Total:    20, Duración: 1 m 26 s - Baxy.Integration.Tests.dll (net10.0)
