<?xml version="1.0" encoding="utf-8"?>
<TestRun id="dd8bf6a8-69ed-4fa8-aa6a-e65765ba0585" name="emman@REDNOTE 2026-08-11 16:01:32" runUser="REDNOTE\emman" xmlns="http://microsoft.com/schemas/VisualStudio/TeamTest/2010">
  <Times creation="2026-08-11T16:01:32.1939100-04:00" queuing="2026-08-11T16:01:32.1939106-04:00" start="2026-08-11T16:01:25.1989998-04:00" finish="2026-08-11T16:01:32.2883411-04:00" />
  <TestSettings name="default" id="275c32b1-cb09-4832-91ec-8264aad8ffbf">
    <Deployment runDeploymentRoot="emman_REDNOTE_2026-08-11_16_01_32" />
  </TestSettings>
  <Results>
    <UnitTestResult executionId="00608ac1-5e20-42ae-b556-65b1c6de120e" testId="8aac9635-652c-e091-b52c-40584ffdbfcf" testName="RoutesEveryReviewedCatalogMemoryOperation(catalog-seen-natural-memory-sensitive-save)" computerName="REDNOTE" duration="00:00:00.0005480" startTime="2026-08-11T16:01:32.1641105-04:00" endTime="2026-08-11T16:01:32.1646580-04:00" testType="13cdc9d9-ddb5-4fa4-a97d-d965ccfc6d4b" outcome="Passed" testListId="8c84fa94-04c1-424b-9868-57a2d4851a1d" relativeResultsDirectory="00608ac1-5e20-42ae-b556-65b1c6de120e" />
    <UnitTestResult executionId="ca957f53-c7fc-4d0e-a707-d62eb637dd5e" testId="f621b8aa-4d9a-a6c9-edbd-f7e97d127614" testName="RoutesEveryReviewedCatalogMemoryOperation(catalog-seen-natural-memory-list)" computerName="REDNOTE" duration="00:00:00.0009480" startTime="2026-08-11T16:01:32.1291890-04:00" endTime="2026-08-11T16:01:32.1301368-04:00" testType="13cdc9d9-ddb5-4fa4-a97d-d965ccfc6d4b" outcome="Passed" testListId="8c84fa94-04c1-424b-9868-57a2d4851a1d" relativeResultsDirectory="ca957f53-c7fc-4d0e-a707-d62eb637dd5e" />
    <UnitTestResult executionId="e8198dc0-d99b-484e-9e74-ecb06c417cbe" testId="c39c6506-14e2-506c-7ea7-978446af1740" testName="RoutesEveryReviewedCatalogMemoryOperation(catalog-seen-natural-memory-correct)" computerName="REDNOTE" duration="00:00:00.1976600" startTime="2026-08-11T16:01:31.5893768-04:00" endTime="2026-08-11T16:01:31.7869595-04:00" testType="13cdc9d9-ddb5-4fa4-a97d-d965ccfc6d4b" outcome="Passed" testListId="8c84fa94-04c1-424b-9868-57a2d4851a1d" relativeResultsDirectory="e8198dc0-d99b-484e-9e74-ecb06c417cbe" />
    <UnitTestResult executionId="31bd1888-828e-4903-8cd0-4c2c5bf8ed93" testId="5f28f3cb-4cdf-c79f-dcac-60a97f5bf738" testName="RoutesEveryReviewedCatalogMemoryOperation(catalog-seen-natural-memory-enable)" computerName="REDNOTE" duration="00:00:00.0004870" startTime="2026-08-11T16:01:31.7921076-04:00" endTime="2026-08-11T16:01:31.7925939-04:00" testType="13cdc9d9-ddb5-4fa4-a97d-d965ccfc6d4b" outcome="Passed" testListId="8c84fa94-04c1-424b-9868-57a2d4851a1d" relativeResultsDirectory="31bd1888-828e-4903-8cd0-4c2c5bf8ed93" />
    <UnitTestResult executionId="8b42211a-56ed-4fa9-b898-28922f4e3388" testId="bd0c6d0c-a315-b07b-86d7-b3d79811c598" testName="RoutesEveryReviewedCatalogMemoryOperation(catalog-seen-natural-memory-forget)" computerName="REDNOTE" duration="00:00:00.3358090" startTime="2026-08-11T16:01:31.7933291-04:00" endTime="2026-08-11T16:01:32.1291312-04:00" testType="13cdc9d9-ddb5-4fa4-a97d-d965ccfc6d4b" outcome="Passed" testListId="8c84fa94-04c1-424b-9868-57a2d4851a1d" relativeResultsDirectory="8b42211a-56ed-4fa9-b898-28922f4e3388" />
    <UnitTestResult executionId="0ae8f76b-a9aa-441d-92d2-d395d2dcabc0" testId="bd12e42c-78ce-fd81-b8b2-505d6a1e82cc" testName="RoutesEveryReviewedCatalogMemoryOperation(catalog-seen-natural-memory-recall)" computerName="REDNOTE" duration="00:00:00.0007660" startTime="2026-08-11T16:01:32.1301711-04:00" endTime="2026-08-11T16:01:32.1309365-04:00" testType="13cdc9d9-ddb5-4fa4-a97d-d965ccfc6d4b" outcome="Passed" testListId="8c84fa94-04c1-424b-9868-57a2d4851a1d" relativeResultsDirectory="0ae8f76b-a9aa-441d-92d2-d395d2dcabc0" />
    <UnitTestResult executionId="3dd5b0d7-3e0e-4963-b917-a2f948331823" testId="dc16a5b8-6253-83f3-33a6-71c3e369ebc6" testName="RoutesEveryReviewedCatalogMemoryOperation(catalog-seen-natural-memory-export)" computerName="REDNOTE" duration="00:00:00.0007170" startTime="2026-08-11T16:01:31.7926012-04:00" endTime="2026-08-11T16:01:31.7933181-04:00" testType="13cdc9d9-ddb5-4fa4-a97d-d965ccfc6d4b" outcome="Passed" testListId="8c84fa94-04c1-424b-9868-57a2d4851a1d" relativeResultsDirectory="3dd5b0d7-3e0e-4963-b917-a2f948331823" />
    <UnitTestResult executionId="278c66ce-7343-4755-b777-6dd215f1ff56" testId="a2071bc3-d6e6-684b-3b1d-9ec065515cdb" testName="RoutesEveryReviewedCatalogMemoryOperation(catalog-seen-natural-memory-save)" computerName="REDNOTE" duration="00:00:00.0330960" startTime="2026-08-11T16:01:32.1309534-04:00" endTime="2026-08-11T16:01:32.1640474-04:00" testType="13cdc9d9-ddb5-4fa4-a97d-d965ccfc6d4b" outcome="Passed" testListId="8c84fa94-04c1-424b-9868-57a2d4851a1d" relativeResultsDirectory="278c66ce-7343-4755-b777-6dd215f1ff56" />
    <UnitTestResult executionId="9ab6a266-d6fa-4f29-8b8d-53a74a68924d" testId="9b9c6486-380f-8d0b-8c29-db603d53b5d6" testName="RoutesEveryReviewedCatalogMemoryOperation(catalog-seen-natural-memory-session-clear)" computerName="REDNOTE" duration="00:00:00.0005650" startTime="2026-08-11T16:01:32.1646730-04:00" endTime="2026-08-11T16:01:32.1652379-04:00" testType="13cdc9d9-ddb5-4fa4-a97d-d965ccfc6d4b" outcome="Passed" testListId="8c84fa94-04c1-424b-9868-57a2d4851a1d" relativeResultsDirectory="9ab6a266-d6fa-4f29-8b8d-53a74a68924d" />
    <UnitTestResult executionId="239216a1-4f10-44ff-9dda-e6233c4b3196" testId="cb54905d-026e-215c-0128-32d901a1476c" testName="RoutesEveryReviewedCatalogMemoryOperation(catalog-seen-natural-memory-disable)" computerName="REDNOTE" duration="00:00:00.0035290" startTime="2026-08-11T16:01:31.7885407-04:00" endTime="2026-08-11T16:01:31.7920696-04:00" testType="13cdc9d9-ddb5-4fa4-a97d-d965ccfc6d4b" outcome="Passed" testListId="8c84fa94-04c1-424b-9868-57a2d4851a1d" relativeResultsDirectory="239216a1-4f10-44ff-9dda-e6233c4b3196" />
    <UnitTestResult executionId="89367113-ad23-46a4-856a-7ff90f13294b" testId="22f680b1-df2e-a613-4b6e-e27e87ff5a92" testName="RoutesEveryReviewedCatalogMemoryOperation(catalog-seen-natural-memory-status)" computerName="REDNOTE" duration="00:00:00.0500390" startTime="2026-08-11T16:01:32.1652523-04:00" endTime="2026-08-11T16:01:32.2152895-04:00" testType="13cdc9d9-ddb5-4fa4-a97d-d965ccfc6d4b" outcome="Passed" testListId="8c84fa94-04c1-424b-9868-57a2d4851a1d" relativeResultsDirectory="89367113-ad23-46a4-856a-7ff90f13294b" />
  </Results>
  <TestDefinitions>
    <UnitTest name="RoutesEveryReviewedCatalogMemoryOperation(catalog-seen-natural-memory-enable)" storage="d:\baxy\source\tests\baxy.integration.tests\bin\release\net10.0-windows10.0.19041.0\baxy.integration.tests.dll" id="5f28f3cb-4cdf-c79f-dcac-60a97f5bf738">
      <Execution id="31bd1888-828e-4903-8cd0-4c2c5bf8ed93" />
      <TestMethod codeBase="D:\BAXY\source\tests\Baxy.Integration.Tests\bin\Release\net10.0-windows10.0.19041.0\Baxy.Integration.Tests.dll" adapterTypeName="executor://nunit3testexecutor/" className="Baxy.Integration.Tests.NaturalMemoryRequestParserTests" name="RoutesEveryReviewedCatalogMemoryOperation(catalog-seen-natural-memory-enable)" />
    </UnitTest>
    <UnitTest name="RoutesEveryReviewedCatalogMemoryOperation(catalog-seen-natural-memory-list)" storage="d:\baxy\source\tests\baxy.integration.tests\bin\release\net10.0-windows10.0.19041.0\baxy.integration.tests.dll" id="f621b8aa-4d9a-a6c9-edbd-f7e97d127614">
      <Execution id="ca957f53-c7fc-4d0e-a707-d62eb637dd5e" />
      <TestMethod codeBase="D:\BAXY\source\tests\Baxy.Integration.Tests\bin\Release\net10.0-windows10.0.19041.0\Baxy.Integration.Tests.dll" adapterTypeName="executor://nunit3testexecutor/" className="Baxy.Integration.Tests.NaturalMemoryRequestParserTests" name="RoutesEveryReviewedCatalogMemoryOperation(catalog-seen-natural-memory-list)" />
    </UnitTest>
    <UnitTest name="RoutesEveryReviewedCatalogMemoryOperation(catalog-seen-natural-memory-recall)" storage="d:\baxy\source\tests\baxy.integration.tests\bin\release\net10.0-windows10.0.19041.0\baxy.integration.tests.dll" id="bd12e42c-78ce-fd81-b8b2-505d6a1e82cc">
      <Execution id="0ae8f76b-a9aa-441d-92d2-d395d2dcabc0" />
      <TestMethod codeBase="D:\BAXY\source\tests\Baxy.Integration.Tests\bin\Release\net10.0-windows10.0.19041.0\Baxy.Integration.Tests.dll" adapterTypeName="executor://nunit3testexecutor/" className="Baxy.Integration.Tests.NaturalMemoryRequestParserTests" name="RoutesEveryReviewedCatalogMemoryOperation(catalog-seen-natural-memory-recall)" />
    </UnitTest>
    <UnitTest name="RoutesEveryReviewedCatalogMemoryOperation(catalog-seen-natural-memory-export)" storage="d:\baxy\source\tests\baxy.integration.tests\bin\release\net10.0-windows10.0.19041.0\baxy.integration.tests.dll" id="dc16a5b8-6253-83f3-33a6-71c3e369ebc6">
      <Execution id="3dd5b0d7-3e0e-4963-b917-a2f948331823" />
      <TestMethod codeBase="D:\BAXY\source\tests\Baxy.Integration.Tests\bin\Release\net10.0-windows10.0.19041.0\Baxy.Integration.Tests.dll" adapterTypeName="executor://nunit3testexecutor/" className="Baxy.Integration.Tests.NaturalMemoryRequestParserTests" name="RoutesEveryReviewedCatalogMemoryOperation(catalog-seen-natural-memory-export)" />
    </UnitTest>
    <UnitTest name="RoutesEveryReviewedCatalogMemoryOperation(catalog-seen-natural-memory-forget)" storage="d:\baxy\source\tests\baxy.integration.tests\bin\release\net10.0-windows10.0.19041.0\baxy.integration.tests.dll" id="bd0c6d0c-a315-b07b-86d7-b3d79811c598">
      <Execution id="8b42211a-56ed-4fa9-b898-28922f4e3388" />
      <TestMethod codeBase="D:\BAXY\source\tests\Baxy.Integration.Tests\bin\Release\net10.0-windows10.0.19041.0\Baxy.Integration.Tests.dll" adapterTypeName="executor://nunit3testexecutor/" className="Baxy.Integration.Tests.NaturalMemoryRequestParserTests" name="RoutesEveryReviewedCatalogMemoryOperation(catalog-seen-natural-memory-forget)" />
    </UnitTest>
    <UnitTest name="RoutesEveryReviewedCatalogMemoryOperation(catalog-seen-natural-memory-disable)" storage="d:\baxy\source\tests\baxy.integration.tests\bin\release\net10.0-windows10.0.19041.0\baxy.integration.tests.dll" id="cb54905d-026e-215c-0128-32d901a1476c">
      <Execution id="239216a1-4f10-44ff-9dda-e6233c4b3196" />
      <TestMethod codeBase="D:\BAXY\source\tests\Baxy.Integration.Tests\bin\Release\net10.0-windows10.0.19041.0\Baxy.Integration.Tests.dll" adapterTypeName="executor://nunit3testexecutor/" className="Baxy.Integration.Tests.NaturalMemoryRequestParserTests" name="RoutesEveryReviewedCatalogMemoryOperation(catalog-seen-natural-memory-disable)" />
    </UnitTest>
    <UnitTest name="RoutesEveryReviewedCatalogMemoryOperation(catalog-seen-natural-memory-sensitive-save)" storage="d:\baxy\source\tests\baxy.integration.tests\bin\release\net10.0-windows10.0.19041.0\baxy.integration.tests.dll" id="8aac9635-652c-e091-b52c-40584ffdbfcf">
      <Execution id="00608ac1-5e20-42ae-b556-65b1c6de120e" />
      <TestMethod codeBase="D:\BAXY\source\tests\Baxy.Integration.Tests\bin\Release\net10.0-windows10.0.19041.0\Baxy.Integration.Tests.dll" adapterTypeName="executor://nunit3testexecutor/" className="Baxy.Integration.Tests.NaturalMemoryRequestParserTests" name="RoutesEveryReviewedCatalogMemoryOperation(catalog-seen-natural-memory-sensitive-save)" />
    </UnitTest>
    <UnitTest name="RoutesEveryReviewedCatalogMemoryOperation(catalog-seen-natural-memory-status)" storage="d:\baxy\source\tests\baxy.integration.tests\bin\release\net10.0-windows10.0.19041.0\baxy.integration.tests.dll" id="22f680b1-df2e-a613-4b6e-e27e87ff5a92">
      <Execution id="89367113-ad23-46a4-856a-7ff90f13294b" />
      <TestMethod codeBase="D:\BAXY\source\tests\Baxy.Integration.Tests\bin\Release\net10.0-windows10.0.19041.0\Baxy.Integration.Tests.dll" adapterTypeName="executor://nunit3testexecutor/" className="Baxy.Integration.Tests.NaturalMemoryRequestParserTests" name="RoutesEveryReviewedCatalogMemoryOperation(catalog-seen-natural-memory-status)" />
    </UnitTest>
    <UnitTest name="RoutesEveryReviewedCatalogMemoryOperation(catalog-seen-natural-memory-session-clear)" storage="d:\baxy\source\tests\baxy.integration.tests\bin\release\net10.0-windows10.0.19041.0\baxy.integration.tests.dll" id="9b9c6486-380f-8d0b-8c29-db603d53b5d6">
      <Execution id="9ab6a266-d6fa-4f29-8b8d-53a74a68924d" />
      <TestMethod codeBase="D:\BAXY\source\tests\Baxy.Integration.Tests\bin\Release\net10.0-windows10.0.19041.0\Baxy.Integration.Tests.dll" adapterTypeName="executor://nunit3testexecutor/" className="Baxy.Integration.Tests.NaturalMemoryRequestParserTests" name="RoutesEveryReviewedCatalogMemoryOperation(catalog-seen-natural-memory-session-clear)" />
    </UnitTest>
    <UnitTest name="RoutesEveryReviewedCatalogMemoryOperation(catalog-seen-natural-memory-correct)" storage="d:\baxy\source\tests\baxy.integration.tests\bin\release\net10.0-windows10.0.19041.0\baxy.integration.tests.dll" id="c39c6506-14e2-506c-7ea7-978446af1740">
      <Execution id="e8198dc0-d99b-484e-9e74-ecb06c417cbe" />
      <TestMethod codeBase="D:\BAXY\source\tests\Baxy.Integration.Tests\bin\Release\net10.0-windows10.0.19041.0\Baxy.Integration.Tests.dll" adapterTypeName="executor://nunit3testexecutor/" className="Baxy.Integration.Tests.NaturalMemoryRequestParserTests" name="RoutesEveryReviewedCatalogMemoryOperation(catalog-seen-natural-memory-correct)" />
    </UnitTest>
    <UnitTest name="RoutesEveryReviewedCatalogMemoryOperation(catalog-seen-natural-memory-save)" storage="d:\baxy\source\tests\baxy.integration.tests\bin\release\net10.0-windows10.0.19041.0\baxy.integration.tests.dll" id="a2071bc3-d6e6-684b-3b1d-9ec065515cdb">
      <Execution id="278c66ce-7343-4755-b777-6dd215f1ff56" />
      <TestMethod codeBase="D:\BAXY\source\tests\Baxy.Integration.Tests\bin\Release\net10.0-windows10.0.19041.0\Baxy.Integration.Tests.dll" adapterTypeName="executor://nunit3testexecutor/" className="Baxy.Integration.Tests.NaturalMemoryRequestParserTests" name="RoutesEveryReviewedCatalogMemoryOperation(catalog-seen-natural-memory-save)" />
    </UnitTest>
  </TestDefinitions>
  <TestEntries>
    <TestEntry testId="8aac9635-652c-e091-b52c-40584ffdbfcf" executionId="00608ac1-5e20-42ae-b556-65b1c6de120e" testListId="8c84fa94-04c1-424b-9868-57a2d4851a1d" />
    <TestEntry testId="f621b8aa-4d9a-a6c9-edbd-f7e97d127614" executionId="ca957f53-c7fc-4d0e-a707-d62eb637dd5e" testListId="8c84fa94-04c1-424b-9868-57a2d4851a1d" />
    <TestEntry testId="c39c6506-14e2-506c-7ea7-978446af1740" executionId="e8198dc0-d99b-484e-9e74-ecb06c417cbe" testListId="8c84fa94-04c1-424b-9868-57a2d4851a1d" />
    <TestEntry testId="5f28f3cb-4cdf-c79f-dcac-60a97f5bf738" executionId="31bd1888-828e-4903-8cd0-4c2c5bf8ed93" testListId="8c84fa94-04c1-424b-9868-57a2d4851a1d" />
    <TestEntry testId="bd0c6d0c-a315-b07b-86d7-b3d79811c598" executionId="8b42211a-56ed-4fa9-b898-28922f4e3388" testListId="8c84fa94-04c1-424b-9868-57a2d4851a1d" />
    <TestEntry testId="bd12e42c-78ce-fd81-b8b2-505d6a1e82cc" executionId="0ae8f76b-a9aa-441d-92d2-d395d2dcabc0" testListId="8c84fa94-04c1-424b-9868-57a2d4851a1d" />
    <TestEntry testId="dc16a5b8-6253-83f3-33a6-71c3e369ebc6" executionId="3dd5b0d7-3e0e-4963-b917-a2f948331823" testListId="8c84fa94-04c1-424b-9868-57a2d4851a1d" />
    <TestEntry testId="a2071bc3-d6e6-684b-3b1d-9ec065515cdb" executionId="278c66ce-7343-4755-b777-6dd215f1ff56" testListId="8c84fa94-04c1-424b-9868-57a2d4851a1d" />
    <TestEntry testId="9b9c6486-380f-8d0b-8c29-db603d53b5d6" executionId="9ab6a266-d6fa-4f29-8b8d-53a74a68924d" testListId="8c84fa94-04c1-424b-9868-57a2d4851a1d" />
    <TestEntry testId="cb54905d-026e-215c-0128-32d901a1476c" executionId="239216a1-4f10-44ff-9dda-e6233c4b3196" testListId="8c84fa94-04c1-424b-9868-57a2d4851a1d" />
    <TestEntry testId="22f680b1-df2e-a613-4b6e-e27e87ff5a92" executionId="89367113-ad23-46a4-856a-7ff90f13294b" testListId="8c84fa94-04c1-424b-9868-57a2d4851a1d" />
  </TestEntries>
  <TestLists>
    <TestList name="Resultados sin formato de lista" id="8c84fa94-04c1-424b-9868-57a2d4851a1d" />
    <TestList name="Todos los resultados cargados" id="19431567-8539-422a-85d7-44ee4e166bda" />
  </TestLists>
  <ResultSummary outcome="Completed">
    <Counters total="11" executed="11" passed="11" failed="0" error="0" timeout="0" aborted="0" inconclusive="0" passedButRunAborted="0" notRunnable="0" notExecuted="0" disconnected="0" warning="0" completed="0" inProgress="0" pending="0" />
    <Output>
      <StdOut>NUnit Adapter 4.5.0.0: Test execution started&#xD;
Running selected tests in D:\BAXY\source\tests\Baxy.Integration.Tests\bin\Release\net10.0-windows10.0.19041.0\Baxy.Integration.Tests.dll&#xD;
   NUnit3TestExecutor discovered 11 of 11 NUnit test cases using Current Discovery mode, Non-Explicit run&#xD;
NUnit Adapter 4.5.0.0: Test execution complete&#xD;
</StdOut>
    </Output>
  </ResultSummary>
</TestRun>