FF                                                                       [100%]
================================== FAILURES ===================================
_ ProductPackagingTests.test_detached_head_snapshot_is_exact_and_cleanup_removes_it _

self = <test_product_packaging.ProductPackagingTests testMethod=test_detached_head_snapshot_is_exact_and_cleanup_removes_it>

        def test_detached_head_snapshot_is_exact_and_cleanup_removes_it(self) -> None:
            snapshot = self.sandbox / "head-snapshot"
            command = f"""
    $ErrorActionPreference = 'Stop'
    . '{ROOT / 'scripts' / 'path_safety.ps1'}'
    . '{ROOT / 'scripts' / 'product_build_common.ps1'}'
    $created = $false
    try {{
        $path = New-BaxyHeadWorktreeSnapshot -RepositoryRoot '{ROOT}' -AllowedRoot '{BUILD_AREA}' -SnapshotRoot '{snapshot}' -Commit '{self.commit}'
        $created = $true
        $actual = ([string](& git -C $path rev-parse HEAD)).Trim()
        if ($actual -cne '{self.commit}') {{ throw 'snapshot commit mismatch' }}
        if (@(& git -C $path status --porcelain=v1 --untracked-files=all).Count -ne 0) {{ throw 'snapshot is dirty' }}
    }} finally {{
        if ($created -or (Test-Path -LiteralPath '{snapshot}')) {{
            Remove-BaxyHeadWorktreeSnapshot -RepositoryRoot '{ROOT}' -AllowedRoot '{BUILD_AREA}' -SnapshotRoot '{snapshot}'
        }}
    }}
    """
>           result = subprocess.run(
                [
                    "powershell.exe",
                    "-NoLogo",
                    "-NoProfile",
                    "-NonInteractive",
                    "-ExecutionPolicy",
                    "Bypass",
                    "-Command",
                    command,
                ],
                cwd=self.sandbox,
                text=True,
                encoding="utf-8",
                errors="replace",
                capture_output=True,
                timeout=45,
                check=False,
            )

tests\test_product_packaging.py:287: 
_ _ _ _ _ _ _ _ _ _ _ _ _ _ _ _ _ _ _ _ _ _ _ _ _ _ _ _ _ _ _ _ _ _ _ _ _ _ _ _
C:\Users\emman\AppData\Local\Programs\Python\Python312\Lib\subprocess.py:550: in run
    stdout, stderr = process.communicate(input, timeout=timeout)
                     ^^^^^^^^^^^^^^^^^^^^^^^^^^^^^^^^^^^^^^^^^^^
C:\Users\emman\AppData\Local\Programs\Python\Python312\Lib\subprocess.py:1209: in communicate
    stdout, stderr = self._communicate(input, endtime, timeout)
                     ^^^^^^^^^^^^^^^^^^^^^^^^^^^^^^^^^^^^^^^^^^
_ _ _ _ _ _ _ _ _ _ _ _ _ _ _ _ _ _ _ _ _ _ _ _ _ _ _ _ _ _ _ _ _ _ _ _ _ _ _ _

self = <Popen: returncode: 1 args: ['powershell.exe', '-NoLogo', '-NoProfile', '-No...>
input = None, endtime = 38721.984, orig_timeout = 45

    def _communicate(self, input, endtime, orig_timeout):
        # Start reader threads feeding into a list hanging off of this
        # object, unless they've already been started.
        if self.stdout and not hasattr(self, "_stdout_buff"):
            self._stdout_buff = []
            self.stdout_thread = \
                    threading.Thread(target=self._readerthread,
                                     args=(self.stdout, self._stdout_buff))
            self.stdout_thread.daemon = True
            self.stdout_thread.start()
        if self.stderr and not hasattr(self, "_stderr_buff"):
            self._stderr_buff = []
            self.stderr_thread = \
                    threading.Thread(target=self._readerthread,
                                     args=(self.stderr, self._stderr_buff))
            self.stderr_thread.daemon = True
            self.stderr_thread.start()
    
        if self.stdin:
            self._stdin_write(input)
    
        # Wait for the reader threads, or time out.  If we time out, the
        # threads remain reading and the fds left open in case the user
        # calls communicate again.
        if self.stdout is not None:
            self.stdout_thread.join(self._remaining_time(endtime))
            if self.stdout_thread.is_alive():
>               raise TimeoutExpired(self.args, orig_timeout)
E               subprocess.TimeoutExpired: Command '['powershell.exe', '-NoLogo', '-NoProfile', '-NonInteractive', '-ExecutionPolicy', 'Bypass', '-Command', "\n$ErrorActionPreference = 'Stop'\n. 'D:\\Perfil\\Escritorio\\ETC\\Programacion\\BAXY DEFINITIVO\\scripts\\path_safety.ps1'\n. 'D:\\Perfil\\Escritorio\\ETC\\Programacion\\BAXY DEFINITIVO\\scripts\\product_build_common.ps1'\n$created = $false\ntry {\n    $path = New-BaxyHeadWorktreeSnapshot -RepositoryRoot 'D:\\Perfil\\Escritorio\\ETC\\Programacion\\BAXY DEFINITIVO' -AllowedRoot 'D:\\Perfil\\Escritorio\\ETC\\Programacion\\BAXY DEFINITIVO\\artifacts\\product\\build' -SnapshotRoot 'D:\\Perfil\\Escritorio\\ETC\\Programacion\\BAXY DEFINITIVO\\artifacts\\product\\build\\packaging-test-07b4e1afce97461095984059f7d26147\\head-snapshot' -Commit '83fef92c956a2c6de06a4d19a1b19519aceb4557'\n    $created = $true\n    $actual = ([string](& git -C $path rev-parse HEAD)).Trim()\n    if ($actual -cne '83fef92c956a2c6de06a4d19a1b19519aceb4557') { throw 'snapshot commit mismatch' }\n    if (@(& git -C $path status --porcelain=v1 --untracked-files=all).Count -ne 0) { throw 'snapshot is dirty' }\n} finally {\n    if ($created -or (Test-Path -LiteralPath 'D:\\Perfil\\Escritorio\\ETC\\Programacion\\BAXY DEFINITIVO\\artifacts\\product\\build\\packaging-test-07b4e1afce97461095984059f7d26147\\head-snapshot')) {\n        Remove-BaxyHeadWorktreeSnapshot -RepositoryRoot 'D:\\Perfil\\Escritorio\\ETC\\Programacion\\BAXY DEFINITIVO' -AllowedRoot 'D:\\Perfil\\Escritorio\\ETC\\Programacion\\BAXY DEFINITIVO\\artifacts\\product\\build' -SnapshotRoot 'D:\\Perfil\\Escritorio\\ETC\\Programacion\\BAXY DEFINITIVO\\artifacts\\product\\build\\packaging-test-07b4e1afce97461095984059f7d26147\\head-snapshot'\n    }\n}\n"]' timed out after 45 seconds

C:\Users\emman\AppData\Local\Programs\Python\Python312\Lib\subprocess.py:1630: TimeoutExpired
________ test_dispatch_crash_exits_while_redirected_stdin_remains_open ________

    def test_dispatch_crash_exits_while_redirected_stdin_remains_open() -> None:
        source_root = Path(__file__).resolve().parents[1] / "src"
        script = """
    import os
    import sys
    import threading
    import time
    from baxy_mind import __main__ as sidecar
    from baxy_mind import protocol
    
    receiver_entered = threading.Event()
    bounded_reader = protocol._BoundedFileDescriptorLineReader
    
    def observed_reader(descriptor):
        def observed_os_read(descriptor, limit):
            receiver_entered.set()
            return os.read(descriptor, limit)
    
        return bounded_reader(
            descriptor,
            read=observed_os_read,
        )
    
    def crash_dispatch(
        lifecycle,
        *,
        read_message,
        write_message,
        request_finished,
    ):
        write_message({"type": "hello", "protocol": "test"})
        if not receiver_entered.wait(timeout=2.0):
            raise RuntimeError("receiver_did_not_enter")
        time.sleep(0.1)
        raise RuntimeError("forced_dispatch_crash")
    
    protocol._BoundedFileDescriptorLineReader = observed_reader
    sidecar._run_sidecar = crash_dispatch
    sys.exit(sidecar.main())
    """
        environment = os.environ.copy()
        environment["PYTHONPATH"] = str(source_root)
        started_at = time.monotonic()
        process = subprocess.Popen(
            [sys.executable, "-c", script],
            stdin=subprocess.PIPE,
            stdout=subprocess.PIPE,
            stderr=subprocess.PIPE,
            env=environment,
        )
        try:
>           return_code = process.wait(timeout=3.0)
                          ^^^^^^^^^^^^^^^^^^^^^^^^^

tests\test_sidecar_lifecycle.py:194: 
_ _ _ _ _ _ _ _ _ _ _ _ _ _ _ _ _ _ _ _ _ _ _ _ _ _ _ _ _ _ _ _ _ _ _ _ _ _ _ _
C:\Users\emman\AppData\Local\Programs\Python\Python312\Lib\subprocess.py:1264: in wait
    return self._wait(timeout=timeout)
           ^^^^^^^^^^^^^^^^^^^^^^^^^^^
_ _ _ _ _ _ _ _ _ _ _ _ _ _ _ _ _ _ _ _ _ _ _ _ _ _ _ _ _ _ _ _ _ _ _ _ _ _ _ _

self = <Popen: returncode: 1 args: ['C:\\Users\\emman\\AppData\\Local\\BAXYRuntime\...>
timeout = 3.0

    def _wait(self, timeout):
        """Internal implementation of wait() on Windows."""
        if timeout is None:
            timeout_millis = _winapi.INFINITE
        elif timeout <= 0:
            timeout_millis = 0
        else:
            timeout_millis = int(timeout * 1000)
        if self.returncode is None:
            # API note: Returns immediately if timeout_millis == 0.
            result = _winapi.WaitForSingleObject(self._handle,
                                                 timeout_millis)
            if result == _winapi.WAIT_TIMEOUT:
>               raise TimeoutExpired(self.args, timeout)
E               subprocess.TimeoutExpired: Command '['C:\\Users\\emman\\AppData\\Local\\BAXYRuntime\\python\\mind-runtime-v1\\Scripts\\python.exe', '-c', '\nimport os\nimport sys\nimport threading\nimport time\nfrom baxy_mind import __main__ as sidecar\nfrom baxy_mind import protocol\n\nreceiver_entered = threading.Event()\nbounded_reader = protocol._BoundedFileDescriptorLineReader\n\ndef observed_reader(descriptor):\n    def observed_os_read(descriptor, limit):\n        receiver_entered.set()\n        return os.read(descriptor, limit)\n\n    return bounded_reader(\n        descriptor,\n        read=observed_os_read,\n    )\n\ndef crash_dispatch(\n    lifecycle,\n    *,\n    read_message,\n    write_message,\n    request_finished,\n):\n    write_message({"type": "hello", "protocol": "test"})\n    if not receiver_entered.wait(timeout=2.0):\n        raise RuntimeError("receiver_did_not_enter")\n    time.sleep(0.1)\n    raise RuntimeError("forced_dispatch_crash")\n\nprotocol._BoundedFileDescriptorLineReader = observed_reader\nsidecar._run_sidecar = crash_dispatch\nsys.exit(sidecar.main())\n']' timed out after 3.0 seconds

C:\Users\emman\AppData\Local\Programs\Python\Python312\Lib\subprocess.py:1593: TimeoutExpired

During handling of the above exception, another exception occurred:

    def test_dispatch_crash_exits_while_redirected_stdin_remains_open() -> None:
        source_root = Path(__file__).resolve().parents[1] / "src"
        script = """
    import os
    import sys
    import threading
    import time
    from baxy_mind import __main__ as sidecar
    from baxy_mind import protocol
    
    receiver_entered = threading.Event()
    bounded_reader = protocol._BoundedFileDescriptorLineReader
    
    def observed_reader(descriptor):
        def observed_os_read(descriptor, limit):
            receiver_entered.set()
            return os.read(descriptor, limit)
    
        return bounded_reader(
            descriptor,
            read=observed_os_read,
        )
    
    def crash_dispatch(
        lifecycle,
        *,
        read_message,
        write_message,
        request_finished,
    ):
        write_message({"type": "hello", "protocol": "test"})
        if not receiver_entered.wait(timeout=2.0):
            raise RuntimeError("receiver_did_not_enter")
        time.sleep(0.1)
        raise RuntimeError("forced_dispatch_crash")
    
    protocol._BoundedFileDescriptorLineReader = observed_reader
    sidecar._run_sidecar = crash_dispatch
    sys.exit(sidecar.main())
    """
        environment = os.environ.copy()
        environment["PYTHONPATH"] = str(source_root)
        started_at = time.monotonic()
        process = subprocess.Popen(
            [sys.executable, "-c", script],
            stdin=subprocess.PIPE,
            stdout=subprocess.PIPE,
            stderr=subprocess.PIPE,
            env=environment,
        )
        try:
            return_code = process.wait(timeout=3.0)
        except subprocess.TimeoutExpired:
            process.kill()
            process.wait(timeout=3.0)
>           pytest.fail("sidecar did not exit after its dispatcher failed")
E           Failed: sidecar did not exit after its dispatcher failed

tests\test_sidecar_lifecycle.py:198: Failed
=========================== short test summary info ===========================
FAILED tests/test_product_packaging.py::ProductPackagingTests::test_detached_head_snapshot_is_exact_and_cleanup_removes_it
FAILED tests/test_sidecar_lifecycle.py::test_dispatch_crash_exits_while_redirected_stdin_remains_open
2 failed in 57.96s
