source_quality_toolchain: dotnet=10.0.100; python=3.12; ruff 0.15.22; eslint=v10.3.0; typescript=Version 6.0.3; runtime_locks=verified
source_quality_stage_started: powershell-source
source_quality_stage_passed: powershell-source
source_quality_stage_started: python-ruff
All checks passed!
source_quality_stage_passed: python-ruff
source_quality_stage_started: python-compileall
source_quality_stage_passed: python-compileall
source_quality_stage_started: field-ui-eslint
source_quality_stage_passed: field-ui-eslint
source_quality_stage_started: field-ui-tsc-app
source_quality_stage_passed: field-ui-tsc-app
source_quality_stage_started: field-ui-tsc-node
source_quality_stage_passed: field-ui-tsc-node
source_quality_stage_started: dotnet-format
source_quality_stage_passed: dotnet-format
source_quality_stage_started: dotnet-build-release
  Baxy.Setup -> D:\Perfil\Escritorio\ETC\Programacion\BAXY DEFINITIVO\src\Baxy.Setup\bin\Release\net10.0-windows10.0.19041.0\win-x64\Baxy.Setup.dll
  Baxy.Setup.Tests -> D:\Perfil\Escritorio\ETC\Programacion\BAXY DEFINITIVO\tests\Baxy.Setup.Tests\bin\Release\net10.0-windows10.0.19041.0\Baxy.Setup.Tests.dll
  Baxy.Security.Windows -> D:\Perfil\Escritorio\ETC\Programacion\BAXY DEFINITIVO\src\Baxy.Security.Windows\bin\Release\net10.0-windows10.0.19041.0\Baxy.Security.Windows.dll
  Baxy.Contracts -> D:\Perfil\Escritorio\ETC\Programacion\BAXY DEFINITIVO\src\Baxy.Contracts\bin\Release\net10.0\Baxy.Contracts.dll
  Baxy.Contracts.Tests -> D:\Perfil\Escritorio\ETC\Programacion\BAXY DEFINITIVO\tests\Baxy.Contracts.Tests\bin\Release\net10.0\Baxy.Contracts.Tests.dll
  Baxy.Kernel -> D:\Perfil\Escritorio\ETC\Programacion\BAXY DEFINITIVO\src\Baxy.Kernel\bin\Release\net10.0\Baxy.Kernel.dll
  Baxy.Kernel.Tests -> D:\Perfil\Escritorio\ETC\Programacion\BAXY DEFINITIVO\tests\Baxy.Kernel.Tests\bin\Release\net10.0\Baxy.Kernel.Tests.dll
  Baxy.Providers.Windows -> D:\Perfil\Escritorio\ETC\Programacion\BAXY DEFINITIVO\src\Baxy.Providers.Windows\bin\Release\net10.0-windows10.0.19041.0\Baxy.Providers.Windows.dll
  Baxy.Providers.Windows.Tests -> D:\Perfil\Escritorio\ETC\Programacion\BAXY DEFINITIVO\tests\Baxy.Providers.Windows.Tests\bin\Release\net10.0-windows10.0.19041.0\Baxy.Providers.Windows.Tests.dll
  Baxy.Core -> D:\Perfil\Escritorio\ETC\Programacion\BAXY DEFINITIVO\src\Baxy.Core\bin\Release\net10.0-windows10.0.19041.0\baxy-core.dll
  Baxy.App -> D:\Perfil\Escritorio\ETC\Programacion\BAXY DEFINITIVO\src\Baxy.App\bin\Release\net10.0-windows10.0.19041.0\Baxy.dll
  Baxy.Integration.Tests -> D:\Perfil\Escritorio\ETC\Programacion\BAXY DEFINITIVO\tests\Baxy.Integration.Tests\bin\Release\net10.0-windows10.0.19041.0\Baxy.Integration.Tests.dll

Compilación correcta.
    0 Advertencia(s)
    0 Errores

Tiempo transcurrido 00:02:26.15
source_quality_stage_passed: dotnet-build-release
source_quality_stage_started: dotnet-tests
Serie de pruebas para D:\Perfil\Escritorio\ETC\Programacion\BAXY DEFINITIVO\tests\Baxy.Contracts.Tests\bin\Release\net10.0\Baxy.Contracts.Tests.dll (.NETCoreApp,Version=v10.0)
1 archivos de prueba en total coincidieron con el patrón especificado.

Correctas! - Con error:     0, Superado:    60, Omitido:     0, Total:    60, Duración: 443 ms - Baxy.Contracts.Tests.dll (net10.0)
Serie de pruebas para D:\Perfil\Escritorio\ETC\Programacion\BAXY DEFINITIVO\tests\Baxy.Integration.Tests\bin\Release\net10.0-windows10.0.19041.0\Baxy.Integration.Tests.dll (.NETCoreApp,Version=v10.0)
1 archivos de prueba en total coincidieron con el patrón especificado.
  Omitidas CompareLegacyAndCurrentJsonHotPaths [2 ms]
  Omitidas CompareLegacyAndCurrentCoreJsonlTransport [< 1 ms]
  Omitidas EveryExactRuntimeMessageIsAuditedByTheRealGuiInputPipeline [51 ms]
  Omitidas SequentialVersusOverlappedRuntimeVerificationAndCoreHello [< 1 ms]
  Omitidas OptInRealRuntimeTraversesShellMindAndCoreUsingReadOnlyOperations [< 1 ms]
  Omitidas HistoricalApplicationCommandOpensThroughTheRealPipelineUnderFourSeconds("abre Steam","Steam") [< 1 ms]
  Omitidas ModelAuthoredNotepadAliasOpensThroughRealPipeline [< 1 ms]
  Omitidas HistoricalApplicationCommandOpensThroughTheRealPipelineUnderFourSeconds("abre Bloc de notas","Bloc de notas") [< 1 ms]
  Omitidas HistoricalApplicationCommandOpensThroughTheRealPipelineUnderFourSeconds("abre Discord si está instalado","Discord") [< 1 ms]
  Omitidas HistoricalApplicationCommandOpensThroughTheRealPipelineUnderFourSeconds("abre Steam pero no maximices ni lances juegos","Steam") [< 1 ms]
shell_visible_indication_ms p50=0.045 p95=0.738 max=0.738
shell_published_text_ms_without_llm_composition p50=0.088 p95=1.334 max=1.334


Correctas! - Con error:     0, Superado:  3336, Omitido:     1, Total:  3337, Duración: 21 m 15 s - Baxy.Integration.Tests.dll (net10.0)
Serie de pruebas para D:\Perfil\Escritorio\ETC\Programacion\BAXY DEFINITIVO\tests\Baxy.Kernel.Tests\bin\Release\net10.0\Baxy.Kernel.Tests.dll (.NETCoreApp,Version=v10.0)
1 archivos de prueba en total coincidieron con el patrón especificado.
  Omitidas CompareMemoryStreamAndArrayBufferWriterImplementations [< 1 ms]

Correctas! - Con error:     0, Superado:   140, Omitido:     0, Total:   140, Duración: 3 s - Baxy.Kernel.Tests.dll (net10.0)
Serie de pruebas para D:\Perfil\Escritorio\ETC\Programacion\BAXY DEFINITIVO\tests\Baxy.Providers.Windows.Tests\bin\Release\net10.0-windows10.0.19041.0\Baxy.Providers.Windows.Tests.dll (.NETCoreApp,Version=v10.0)
1 archivos de prueba en total coincidieron con el patrón especificado.
  Omitidas NativeAotCoreAudioJsonlRoundTripReplaysWithoutAnotherEffectAndRestoresBaseline [3 ms]
  Omitidas WifiStatusReadsActualWindowsStateTwice [< 1 ms]
  Omitidas DxgiAndPdhProduceOneCoherentLocalSnapshot [< 1 ms]
  Omitidas ActualIpListReturnsStableParseableAddressesWithoutInterfaceNames [< 1 ms]
Observed CPU topology: physical=8; logical=16


Correctas! - Con error:     0, Superado:   519, Omitido:     0, Total:   519, Duración: 1 m 23 s - Baxy.Providers.Windows.Tests.dll (net10.0)
Serie de pruebas para D:\Perfil\Escritorio\ETC\Programacion\BAXY DEFINITIVO\tests\Baxy.Setup.Tests\bin\Release\net10.0-windows10.0.19041.0\Baxy.Setup.Tests.dll (.NETCoreApp,Version=v10.0)
1 archivos de prueba en total coincidieron con el patrón especificado.
  Omitidas InstallationMoveWorksWhileAnExecutableRunsFromTheRoot [< 1 ms]

Correctas! - Con error:     0, Superado:   477, Omitido:     0, Total:   477, Duración: 2 m 13 s - Baxy.Setup.Tests.dll (net10.0)
source_quality_stage_passed: dotnet-tests
source_quality_stage_started: python-tests
........................................................................ [  0%]
........................................................................ [  1%]
........................................................................ [  1%]
........................................................................ [  2%]
........................................................................ [  3%]
........................................................................ [  3%]
........................................................................ [  4%]
........................................................................ [  5%]
........................................................................ [  5%]
........................................................................ [  6%]
........................................................................ [  7%]
........................................................................ [  7%]
........................................................................ [  8%]
........................................................................ [  9%]
........................................................................ [  9%]
........................................................................ [ 10%]
........................................................................ [ 10%]
........................................................................ [ 11%]
........................................................................ [ 12%]
........................................................................ [ 12%]
........................................................................ [ 13%]
........................................................................ [ 14%]
........................................................................ [ 14%]
........................................................................ [ 15%]
........................................................................ [ 16%]
........................................................................ [ 16%]
........................................................................ [ 17%]
........................................................................ [ 18%]
........................................................................ [ 18%]
........................................................................ [ 19%]
........................................................................ [ 20%]
........................................................................ [ 20%]
........................................................................ [ 21%]
........................................................................ [ 21%]
........................................................................ [ 22%]
........................................................................ [ 23%]
........................................................................ [ 23%]
........................................................................ [ 24%]
........................................................................ [ 25%]
........................................................................ [ 25%]
........................................................................ [ 26%]
........................................................................ [ 27%]
........................................................................ [ 27%]
........................................................................ [ 28%]
........................................................................ [ 29%]
........................................................................ [ 29%]
........................................................................ [ 30%]
........................................................................ [ 31%]
........................................................................ [ 31%]
........................................................................ [ 32%]
........................................................................ [ 32%]
........................................................................ [ 33%]
........................................................................ [ 34%]
........................................................................ [ 34%]
........................................................................ [ 35%]
........................................................................ [ 36%]
........................................................................ [ 36%]
....................................... [ 37%]
.......................... [ 37%]
........................................................................ [ 38%]
........................................................................ [ 38%]
........................................................................ [ 39%]
........................................................................ [ 40%]
........................................................................ [ 40%]
........................................................................ [ 41%]
........................................................................ [ 41%]
........................................................................ [ 42%]
........................................................................ [ 43%]
........................................................................ [ 43%]
........................................................................ [ 44%]
........................................................................ [ 45%]
........................................................................ [ 45%]
........................................................................ [ 46%]
........................................................................ [ 47%]
........................................................................ [ 47%]
........................................................................ [ 48%]
........................................................................ [ 49%]
........................................................................ [ 49%]
........................................................................ [ 50%]
........................................................................ [ 50%]
........................................................................ [ 51%]
........................................................................ [ 52%]
........................................................................ [ 52%]
........................................................................ [ 53%]
........................................................................ [ 54%]
........................................................................ [ 54%]
........................................................................ [ 55%]
........................................................................ [ 56%]
........................................................................ [ 56%]
........................................................................ [ 57%]
........................................................................ [ 58%]
........................................................................ [ 58%]
........................................................................ [ 59%]
........................................................................ [ 60%]
........................................................................ [ 60%]
........................................................................ [ 61%]
........................................................................ [ 61%]
........................................................................ [ 62%]
........................................................................ [ 63%]
........................................................................ [ 63%]
........................................................................ [ 64%]
........................................................................ [ 65%]
........................................................................ [ 65%]
........................................................................ [ 66%]
........................................................................ [ 67%]
........................................................................ [ 67%]
........................................................................ [ 68%]
........................................................................ [ 69%]
........................................................................ [ 69%]
........................................................................ [ 70%]
........................................................................ [ 71%]
........................................................................ [ 71%]
........................................................................ [ 72%]
........................................................................ [ 72%]
............................................................................ [ 73%]
........................................................................ [ 74%]
........................................................................ [ 74%]
............................................................... [ 75%]
........................................................................ [ 76%]
........................................................................ [ 76%]
................................................................................................................... [ 77%]
.............................................................. [ 78%]
.............................................................. [ 78%]
........................................................................ [ 79%]
............F...................................................... [ 80%]
........................................................................ [ 80%]
........................................................................ [ 81%]
........................................................................ [ 82%]
........................................................................ [ 82%]
.....................................................s...... [ 83%]
.................................................................. [ 83%]
........................................................................ [ 84%]
........F............................................................... [ 85%]
...s.................................................................... [ 85%]
...............................s.................. [ 86%]
........................................................................ [ 86%]
........................................................................ [ 87%]
........................................................................ [ 88%]
........................................................................ [ 88%]
........................................................................ [ 89%]
........................................................................ [ 90%]
........................................................................ [ 90%]
........................................................................ [ 91%]
........................................................................ [ 92%]
........................................................................ [ 92%]
........................................................................ [ 93%]
........................................................................ [ 94%]
........................................................................ [ 94%]
........................................................................ [ 95%]
........................................................................ [ 95%]
........................................................................ [ 96%]
........................................................................ [ 97%]
........................................................................ [ 97%]
........................................................................ [ 98%]
........................................................................ [ 99%]
........................................................................ [ 99%]
..............                                                           [100%]
================================== FAILURES ===================================
_ ProductPackagingTests.test_detached_head_snapshot_is_exact_and_cleanup_removes_it _

self = <test_product_packaging.ProductPackagingTests testMethod=test_detached_head_snapshot_is_exact_and_cleanup_removes_it>

        def test_detached_head_snapshot_is_exact_and_cleanup_removes_it(self) -> None:
            snapshot = self.sandbox / "head-snapshot"
            command = f"""
    $ErrorActionPreference = 'Stop'
    . '{ROOT / 'scripts' / 'path_safety.ps1'}'
    . '{ROOT / 'scripts' / 'product_build_common.ps1'}'
    $created = $false
    try {{
        $path = New-BaxyHeadWorktreeSnapshot -RepositoryRoot '{ROOT}' -AllowedRoot '{BUILD_AREA}' -SnapshotRoot '{snapshot}' -Commit '{self.commit}'
        $created = $true
        $actual = ([string](& git -C $path rev-parse HEAD)).Trim()
        if ($actual -cne '{self.commit}') {{ throw 'snapshot commit mismatch' }}
        if (@(& git -C $path status --porcelain=v1 --untracked-files=all).Count -ne 0) {{ throw 'snapshot is dirty' }}
    }} finally {{
        if ($created -or (Test-Path -LiteralPath '{snapshot}')) {{
            Remove-BaxyHeadWorktreeSnapshot -RepositoryRoot '{ROOT}' -AllowedRoot '{BUILD_AREA}' -SnapshotRoot '{snapshot}'
        }}
    }}
    """
>           result = subprocess.run(
                [
                    "powershell.exe",
                    "-NoLogo",
                    "-NoProfile",
                    "-NonInteractive",
                    "-ExecutionPolicy",
                    "Bypass",
                    "-Command",
                    command,
                ],
                cwd=self.sandbox,
                text=True,
                encoding="utf-8",
                errors="replace",
                capture_output=True,
                timeout=45,
                check=False,
            )

tests\test_product_packaging.py:287: 
_ _ _ _ _ _ _ _ _ _ _ _ _ _ _ _ _ _ _ _ _ _ _ _ _ _ _ _ _ _ _ _ _ _ _ _ _ _ _ _
C:\Users\emman\AppData\Local\Programs\Python\Python312\Lib\subprocess.py:550: in run
    stdout, stderr = process.communicate(input, timeout=timeout)
                     ^^^^^^^^^^^^^^^^^^^^^^^^^^^^^^^^^^^^^^^^^^^
C:\Users\emman\AppData\Local\Programs\Python\Python312\Lib\subprocess.py:1209: in communicate
    stdout, stderr = self._communicate(input, endtime, timeout)
                     ^^^^^^^^^^^^^^^^^^^^^^^^^^^^^^^^^^^^^^^^^^
_ _ _ _ _ _ _ _ _ _ _ _ _ _ _ _ _ _ _ _ _ _ _ _ _ _ _ _ _ _ _ _ _ _ _ _ _ _ _ _

self = <Popen: returncode: 1 args: ['powershell.exe', '-NoLogo', '-NoProfile', '-No...>
input = None, endtime = 37954.953, orig_timeout = 45

    def _communicate(self, input, endtime, orig_timeout):
        # Start reader threads feeding into a list hanging off of this
        # object, unless they've already been started.
        if self.stdout and not hasattr(self, "_stdout_buff"):
            self._stdout_buff = []
            self.stdout_thread = \
                    threading.Thread(target=self._readerthread,
                                     args=(self.stdout, self._stdout_buff))
            self.stdout_thread.daemon = True
            self.stdout_thread.start()
        if self.stderr and not hasattr(self, "_stderr_buff"):
            self._stderr_buff = []
            self.stderr_thread = \
                    threading.Thread(target=self._readerthread,
                                     args=(self.stderr, self._stderr_buff))
            self.stderr_thread.daemon = True
            self.stderr_thread.start()
    
        if self.stdin:
            self._stdin_write(input)
    
        # Wait for the reader threads, or time out.  If we time out, the
        # threads remain reading and the fds left open in case the user
        # calls communicate again.
        if self.stdout is not None:
            self.stdout_thread.join(self._remaining_time(endtime))
            if self.stdout_thread.is_alive():
>               raise TimeoutExpired(self.args, orig_timeout)
E               subprocess.TimeoutExpired: Command '['powershell.exe', '-NoLogo', '-NoProfile', '-NonInteractive', '-ExecutionPolicy', 'Bypass', '-Command', "\n$ErrorActionPreference = 'Stop'\n. 'D:\\Perfil\\Escritorio\\ETC\\Programacion\\BAXY DEFINITIVO\\scripts\\path_safety.ps1'\n. 'D:\\Perfil\\Escritorio\\ETC\\Programacion\\BAXY DEFINITIVO\\scripts\\product_build_common.ps1'\n$created = $false\ntry {\n    $path = New-BaxyHeadWorktreeSnapshot -RepositoryRoot 'D:\\Perfil\\Escritorio\\ETC\\Programacion\\BAXY DEFINITIVO' -AllowedRoot 'D:\\Perfil\\Escritorio\\ETC\\Programacion\\BAXY DEFINITIVO\\artifacts\\product\\build' -SnapshotRoot 'D:\\Perfil\\Escritorio\\ETC\\Programacion\\BAXY DEFINITIVO\\artifacts\\product\\build\\packaging-test-dcd5a0aaaab1406fa2c952c8093e1486\\head-snapshot' -Commit '83fef92c956a2c6de06a4d19a1b19519aceb4557'\n    $created = $true\n    $actual = ([string](& git -C $path rev-parse HEAD)).Trim()\n    if ($actual -cne '83fef92c956a2c6de06a4d19a1b19519aceb4557') { throw 'snapshot commit mismatch' }\n    if (@(& git -C $path status --porcelain=v1 --untracked-files=all).Count -ne 0) { throw 'snapshot is dirty' }\n} finally {\n    if ($created -or (Test-Path -LiteralPath 'D:\\Perfil\\Escritorio\\ETC\\Programacion\\BAXY DEFINITIVO\\artifacts\\product\\build\\packaging-test-dcd5a0aaaab1406fa2c952c8093e1486\\head-snapshot')) {\n        Remove-BaxyHeadWorktreeSnapshot -RepositoryRoot 'D:\\Perfil\\Escritorio\\ETC\\Programacion\\BAXY DEFINITIVO' -AllowedRoot 'D:\\Perfil\\Escritorio\\ETC\\Programacion\\BAXY DEFINITIVO\\artifacts\\product\\build' -SnapshotRoot 'D:\\Perfil\\Escritorio\\ETC\\Programacion\\BAXY DEFINITIVO\\artifacts\\product\\build\\packaging-test-dcd5a0aaaab1406fa2c952c8093e1486\\head-snapshot'\n    }\n}\n"]' timed out after 45 seconds

C:\Users\emman\AppData\Local\Programs\Python\Python312\Lib\subprocess.py:1630: TimeoutExpired
________ test_dispatch_crash_exits_while_redirected_stdin_remains_open ________

    def test_dispatch_crash_exits_while_redirected_stdin_remains_open() -> None:
        source_root = Path(__file__).resolve().parents[1] / "src"
        script = """
    import os
    import sys
    import threading
    import time
    from baxy_mind import __main__ as sidecar
    from baxy_mind import protocol
    
    receiver_entered = threading.Event()
    bounded_reader = protocol._BoundedFileDescriptorLineReader
    
    def observed_reader(descriptor):
        def observed_os_read(descriptor, limit):
            receiver_entered.set()
            return os.read(descriptor, limit)
    
        return bounded_reader(
            descriptor,
            read=observed_os_read,
        )
    
    def crash_dispatch(
        lifecycle,
        *,
        read_message,
        write_message,
        request_finished,
    ):
        write_message({"type": "hello", "protocol": "test"})
        if not receiver_entered.wait(timeout=2.0):
            raise RuntimeError("receiver_did_not_enter")
        time.sleep(0.1)
        raise RuntimeError("forced_dispatch_crash")
    
    protocol._BoundedFileDescriptorLineReader = observed_reader
    sidecar._run_sidecar = crash_dispatch
    sys.exit(sidecar.main())
    """
        environment = os.environ.copy()
        environment["PYTHONPATH"] = str(source_root)
        started_at = time.monotonic()
        process = subprocess.Popen(
            [sys.executable, "-c", script],
            stdin=subprocess.PIPE,
            stdout=subprocess.PIPE,
            stderr=subprocess.PIPE,
            env=environment,
        )
        try:
>           return_code = process.wait(timeout=3.0)
                          ^^^^^^^^^^^^^^^^^^^^^^^^^

tests\test_sidecar_lifecycle.py:194: 
_ _ _ _ _ _ _ _ _ _ _ _ _ _ _ _ _ _ _ _ _ _ _ _ _ _ _ _ _ _ _ _ _ _ _ _ _ _ _ _
C:\Users\emman\AppData\Local\Programs\Python\Python312\Lib\subprocess.py:1264: in wait
    return self._wait(timeout=timeout)
           ^^^^^^^^^^^^^^^^^^^^^^^^^^^
_ _ _ _ _ _ _ _ _ _ _ _ _ _ _ _ _ _ _ _ _ _ _ _ _ _ _ _ _ _ _ _ _ _ _ _ _ _ _ _

self = <Popen: returncode: 1 args: ['C:\\Users\\emman\\AppData\\Local\\BAXYRuntime\...>
timeout = 3.0

    def _wait(self, timeout):
        """Internal implementation of wait() on Windows."""
        if timeout is None:
            timeout_millis = _winapi.INFINITE
        elif timeout <= 0:
            timeout_millis = 0
        else:
            timeout_millis = int(timeout * 1000)
        if self.returncode is None:
            # API note: Returns immediately if timeout_millis == 0.
            result = _winapi.WaitForSingleObject(self._handle,
                                                 timeout_millis)
            if result == _winapi.WAIT_TIMEOUT:
>               raise TimeoutExpired(self.args, timeout)
E               subprocess.TimeoutExpired: Command '['C:\\Users\\emman\\AppData\\Local\\BAXYRuntime\\python\\mind-runtime-v1\\Scripts\\python.exe', '-c', '\nimport os\nimport sys\nimport threading\nimport time\nfrom baxy_mind import __main__ as sidecar\nfrom baxy_mind import protocol\n\nreceiver_entered = threading.Event()\nbounded_reader = protocol._BoundedFileDescriptorLineReader\n\ndef observed_reader(descriptor):\n    def observed_os_read(descriptor, limit):\n        receiver_entered.set()\n        return os.read(descriptor, limit)\n\n    return bounded_reader(\n        descriptor,\n        read=observed_os_read,\n    )\n\ndef crash_dispatch(\n    lifecycle,\n    *,\n    read_message,\n    write_message,\n    request_finished,\n):\n    write_message({"type": "hello", "protocol": "test"})\n    if not receiver_entered.wait(timeout=2.0):\n        raise RuntimeError("receiver_did_not_enter")\n    time.sleep(0.1)\n    raise RuntimeError("forced_dispatch_crash")\n\nprotocol._BoundedFileDescriptorLineReader = observed_reader\nsidecar._run_sidecar = crash_dispatch\nsys.exit(sidecar.main())\n']' timed out after 3.0 seconds

C:\Users\emman\AppData\Local\Programs\Python\Python312\Lib\subprocess.py:1593: TimeoutExpired

During handling of the above exception, another exception occurred:

    def test_dispatch_crash_exits_while_redirected_stdin_remains_open() -> None:
        source_root = Path(__file__).resolve().parents[1] / "src"
        script = """
    import os
    import sys
    import threading
    import time
    from baxy_mind import __main__ as sidecar
    from baxy_mind import protocol
    
    receiver_entered = threading.Event()
    bounded_reader = protocol._BoundedFileDescriptorLineReader
    
    def observed_reader(descriptor):
        def observed_os_read(descriptor, limit):
            receiver_entered.set()
            return os.read(descriptor, limit)
    
        return bounded_reader(
            descriptor,
            read=observed_os_read,
        )
    
    def crash_dispatch(
        lifecycle,
        *,
        read_message,
        write_message,
        request_finished,
    ):
        write_message({"type": "hello", "protocol": "test"})
        if not receiver_entered.wait(timeout=2.0):
            raise RuntimeError("receiver_did_not_enter")
        time.sleep(0.1)
        raise RuntimeError("forced_dispatch_crash")
    
    protocol._BoundedFileDescriptorLineReader = observed_reader
    sidecar._run_sidecar = crash_dispatch
    sys.exit(sidecar.main())
    """
        environment = os.environ.copy()
        environment["PYTHONPATH"] = str(source_root)
        started_at = time.monotonic()
        process = subprocess.Popen(
            [sys.executable, "-c", script],
            stdin=subprocess.PIPE,
            stdout=subprocess.PIPE,
            stderr=subprocess.PIPE,
            env=environment,
        )
        try:
            return_code = process.wait(timeout=3.0)
        except subprocess.TimeoutExpired:
            process.kill()
            process.wait(timeout=3.0)
>           pytest.fail("sidecar did not exit after its dispatcher failed")
E           Failed: sidecar did not exit after its dispatcher failed

tests\test_sidecar_lifecycle.py:198: Failed
=========================== short test summary info ===========================
FAILED tests/test_product_packaging.py::ProductPackagingTests::test_detached_head_snapshot_is_exact_and_cleanup_removes_it
FAILED tests/test_sidecar_lifecycle.py::test_dispatch_crash_exits_while_redirected_stdin_remains_open
2 failed, 11135 passed, 3 skipped, 466 subtests passed in 1823.03s (0:30:23)
source_quality_check_failed: python-tests (exit 1)
