FFFFFFFFFFFFFFFFFFFFFFFFFFFF.F.F............................FFFFFFFF.... [ 98%]
F                                                                        [100%]
=========================== short test summary info ===========================
FAILED tests/test_c03_named_clock.py::test_named_clock_preserves_the_observation[12:00-Son las 12 del mediod\xeda.-payload]
FAILED tests/test_c03_named_clock.py::test_named_clock_preserves_the_observation[12:00-Son las 12 del mediod\xeda.-visible]
FAILED tests/test_c03_named_clock.py::test_named_clock_preserves_the_observation[12:00-Son las doce del mediod\xeda.-payload]
FAILED tests/test_c03_named_clock.py::test_named_clock_preserves_the_observation[12:00-Son las doce del mediod\xeda.-visible]
FAILED tests/test_c03_named_clock.py::test_named_clock_preserves_the_observation[12:00-Es mediod\xeda.-payload]
FAILED tests/test_c03_named_clock.py::test_named_clock_preserves_the_observation[12:00-Es mediod\xeda.-visible]
FAILED tests/test_c03_named_clock.py::test_named_clock_preserves_the_observation[12:00-Mediod\xeda.-payload]
FAILED tests/test_c03_named_clock.py::test_named_clock_preserves_the_observation[12:00-Mediod\xeda.-visible]
FAILED tests/test_c03_named_clock.py::test_named_clock_preserves_the_observation[12:00-It is noon.-payload]
FAILED tests/test_c03_named_clock.py::test_named_clock_preserves_the_observation[12:00-It is noon.-visible]
FAILED tests/test_c03_named_clock.py::test_named_clock_preserves_the_observation[12:00-It's noon.-payload]
FAILED tests/test_c03_named_clock.py::test_named_clock_preserves_the_observation[12:00-It's noon.-visible]
FAILED tests/test_c03_named_clock.py::test_named_clock_preserves_the_observation[12:00-The local time is noon.-payload]
FAILED tests/test_c03_named_clock.py::test_named_clock_preserves_the_observation[12:00-The local time is noon.-visible]
FAILED tests/test_c03_named_clock.py::test_named_clock_preserves_the_observation[12:00-12 noon.-payload]
FAILED tests/test_c03_named_clock.py::test_named_clock_preserves_the_observation[12:00-12 noon.-visible]
FAILED tests/test_c03_named_clock.py::test_named_clock_preserves_the_observation[00:00-Es medianoche.-payload]
FAILED tests/test_c03_named_clock.py::test_named_clock_preserves_the_observation[00:00-Es medianoche.-visible]
FAILED tests/test_c03_named_clock.py::test_named_clock_preserves_the_observation[00:00-Medianoche.-payload]
FAILED tests/test_c03_named_clock.py::test_named_clock_preserves_the_observation[00:00-Medianoche.-visible]
FAILED tests/test_c03_named_clock.py::test_named_clock_preserves_the_observation[00:00-Son las doce de la noche.-payload]
FAILED tests/test_c03_named_clock.py::test_named_clock_preserves_the_observation[00:00-Son las doce de la noche.-visible]
FAILED tests/test_c03_named_clock.py::test_named_clock_preserves_the_observation[00:00-It is midnight.-payload]
FAILED tests/test_c03_named_clock.py::test_named_clock_preserves_the_observation[00:00-It is midnight.-visible]
FAILED tests/test_c03_named_clock.py::test_named_clock_preserves_the_observation[00:00-The time is midnight.-payload]
FAILED tests/test_c03_named_clock.py::test_named_clock_preserves_the_observation[00:00-The time is midnight.-visible]
FAILED tests/test_c03_named_clock.py::test_named_clock_preserves_the_observation[00:00-12 midnight.-payload]
FAILED tests/test_c03_named_clock.py::test_named_clock_preserves_the_observation[00:00-12 midnight.-visible]
FAILED tests/test_c03_named_clock.py::test_named_clock_preserves_the_observation[00:00-The time is 12:00 AM.-visible]
FAILED tests/test_c03_named_clock.py::test_named_clock_preserves_the_observation[12:00-The time is 12:00 PM.-visible]
FAILED tests/test_c03_named_clock.py::test_every_asserted_clock_value_must_agree[12:00-Son las 12:00 o medianoche.]
FAILED tests/test_c03_named_clock.py::test_every_asserted_clock_value_must_agree[12:00-Es mediod\xeda, o medianoche.]
FAILED tests/test_c03_named_clock.py::test_every_asserted_clock_value_must_agree[12:00-It is 12:00 PM or midnight.]
FAILED tests/test_c03_named_clock.py::test_every_asserted_clock_value_must_agree[12:00-Es medianoche; son las 12:00.]
FAILED tests/test_c03_named_clock.py::test_every_asserted_clock_value_must_agree[00:00-Son las 12:00 o medianoche.]
FAILED tests/test_c03_named_clock.py::test_every_asserted_clock_value_must_agree[00:00-Es mediod\xeda, o medianoche.]
FAILED tests/test_c03_named_clock.py::test_every_asserted_clock_value_must_agree[00:00-It is 12:00 PM or midnight.]
FAILED tests/test_c03_named_clock.py::test_every_asserted_clock_value_must_agree[00:00-Es medianoche; son las 12:00.]
FAILED tests/test_c03_named_clock.py::test_date_only_response_still_rejects_an_added_wrong_named_time
39 failed, 34 passed in 0.54s
