........................................................................ [  4%]
........................................................................ [  9%]
........................................................................ [ 14%]
........................................................................ [ 18%]
........................................................................ [ 23%]
........................................................................ [ 28%]
........................................................................ [ 33%]
........................................................................ [ 37%]
........................................................................ [ 42%]
........................................................................ [ 47%]
........................................................................ [ 51%]
........................................................................ [ 56%]
........................................................................ [ 61%]
........................................................................ [ 66%]
........................................................................ [ 70%]
........................................................................ [ 75%]
........................................................................ [ 80%]
........................................................................ [ 85%]
........................................................................ [ 89%]
........................................................................ [ 94%]
.....................................................................s.. [ 99%]
............                                                             [100%]
1523 passed, 1 skipped in 10.23s
