FF.F.FFF....F                                                            [100%]
================================== FAILURES ===================================
_ test_composed_identity_preserves_the_observed_account[emman-Hola, soy BAXY.-missing_name] _
tests\test_compose_contract.py:159: in test_composed_identity_preserves_the_observed_account
    assert compose_visible_defect(answer, "status", "quien soy", facts) == expected
E   AssertionError: assert '' == 'missing_name'
E     
E     - missing_name
_ test_composed_identity_preserves_the_observed_account[emman-Tu nombre es Emmanuel.-missing_name] _
tests\test_compose_contract.py:159: in test_composed_identity_preserves_the_observed_account
    assert compose_visible_defect(answer, "status", "quien soy", facts) == expected
E   AssertionError: assert '' == 'missing_name'
E     
E     - missing_name
_ test_composed_identity_preserves_the_observed_account[emman-Your Windows account is REDNOTE\\EMMAN.-] _
tests\test_compose_contract.py:159: in test_composed_identity_preserves_the_observed_account
    assert compose_visible_defect(answer, "status", "quien soy", facts) == expected
E   AssertionError: assert 'wrong_language' == ''
E     
E     + wrong_language
_ test_composed_identity_preserves_the_observed_account[ana.p\xe9rez-Tu cuenta es ana.perez.-missing_name] _
tests\test_compose_contract.py:159: in test_composed_identity_preserves_the_observed_account
    assert compose_visible_defect(answer, "status", "quien soy", facts) == expected
E   AssertionError: assert 'internal_code' == 'missing_name'
E     
E     - missing_name
E     + internal_code
_ test_composed_identity_preserves_the_observed_account[dev-user-The signed-in account is dev-user.-] _
tests\test_compose_contract.py:159: in test_composed_identity_preserves_the_observed_account
    assert compose_visible_defect(answer, "status", "quien soy", facts) == expected
E   AssertionError: assert 'wrong_language' == ''
E     
E     + wrong_language
_ test_composed_identity_preserves_the_observed_account[dev-user-The signed-in account is dev-user2.-missing_name] _
tests\test_compose_contract.py:159: in test_composed_identity_preserves_the_observed_account
    assert compose_visible_defect(answer, "status", "quien soy", facts) == expected
E   AssertionError: assert 'wrong_language' == 'missing_name'
E     
E     - missing_name
E     + wrong_language
________ test_composed_identity_retries_an_answer_about_the_assistant _________
tests\test_compose_contract.py:175: in test_composed_identity_retries_an_answer_about_the_assistant
    assert answer == "Tu usuario en este equipo es emman."
E   AssertionError: assert 'Hola, soy BAXY.' == 'Tu usuario e...ipo es emman.'
E     
E     - Tu usuario en este equipo es emman.
E     + Hola, soy BAXY.
=========================== short test summary info ===========================
FAILED tests/test_compose_contract.py::test_composed_identity_preserves_the_observed_account[emman-Hola, soy BAXY.-missing_name]
FAILED tests/test_compose_contract.py::test_composed_identity_preserves_the_observed_account[emman-Tu nombre es Emmanuel.-missing_name]
FAILED tests/test_compose_contract.py::test_composed_identity_preserves_the_observed_account[emman-Your Windows account is REDNOTE\\EMMAN.-]
FAILED tests/test_compose_contract.py::test_composed_identity_preserves_the_observed_account[ana.p\xe9rez-Tu cuenta es ana.perez.-missing_name]
FAILED tests/test_compose_contract.py::test_composed_identity_preserves_the_observed_account[dev-user-The signed-in account is dev-user.-]
FAILED tests/test_compose_contract.py::test_composed_identity_preserves_the_observed_account[dev-user-The signed-in account is dev-user2.-missing_name]
FAILED tests/test_compose_contract.py::test_composed_identity_retries_an_answer_about_the_assistant
7 failed, 6 passed, 30 deselected in 0.62s
