........FF.F.FFF........................................................ [  7%]
........................................................................ [ 14%]
........................................................................ [ 21%]
........................................................................ [ 28%]
........................................................................ [ 35%]
........................................................................ [ 42%]
........................................................................ [ 49%]
........................................................................ [ 56%]
........................................................................ [ 64%]
........................................................................ [ 71%]
........................................................................ [ 78%]
........................................................................ [ 85%]
........................................................................ [ 92%]
........................................................................ [ 99%]
....                                                                     [100%]
================================== FAILURES ===================================
_ test_composed_identity_preserves_the_observed_account[emman-Hola, soy BAXY.-missing_name] _
tests\test_compose_contract.py:159: in test_composed_identity_preserves_the_observed_account
    assert compose_visible_defect(answer, "status", "quien soy", facts) == expected
E   AssertionError: assert '' == 'missing_name'
E     
E     - missing_name
_ test_composed_identity_preserves_the_observed_account[emman-Tu nombre es Emmanuel.-missing_name] _
tests\test_compose_contract.py:159: in test_composed_identity_preserves_the_observed_account
    assert compose_visible_defect(answer, "status", "quien soy", facts) == expected
E   AssertionError: assert '' == 'missing_name'
E     
E     - missing_name
_ test_composed_identity_preserves_the_observed_account[emman-Your Windows account is REDNOTE\\EMMAN.-] _
tests\test_compose_contract.py:159: in test_composed_identity_preserves_the_observed_account
    assert compose_visible_defect(answer, "status", "quien soy", facts) == expected
E   AssertionError: assert 'wrong_language' == ''
E     
E     + wrong_language
_ test_composed_identity_preserves_the_observed_account[ana.p\xe9rez-Tu cuenta es ana.perez.-missing_name] _
tests\test_compose_contract.py:159: in test_composed_identity_preserves_the_observed_account
    assert compose_visible_defect(answer, "status", "quien soy", facts) == expected
E   AssertionError: assert 'internal_code' == 'missing_name'
E     
E     - missing_name
E     + internal_code
_ test_composed_identity_preserves_the_observed_account[dev-user-The signed-in account is dev-user.-] _
tests\test_compose_contract.py:159: in test_composed_identity_preserves_the_observed_account
    assert compose_visible_defect(answer, "status", "quien soy", facts) == expected
E   AssertionError: assert 'wrong_language' == ''
E     
E     + wrong_language
_ test_composed_identity_preserves_the_observed_account[dev-user-The signed-in account is dev-user2.-missing_name] _
tests\test_compose_contract.py:159: in test_composed_identity_preserves_the_observed_account
    assert compose_visible_defect(answer, "status", "quien soy", facts) == expected
E   AssertionError: assert 'wrong_language' == 'missing_name'
E     
E     - missing_name
E     + wrong_language
=========================== short test summary info ===========================
FAILED tests/test_compose_contract.py::test_composed_identity_preserves_the_observed_account[emman-Hola, soy BAXY.-missing_name]
FAILED tests/test_compose_contract.py::test_composed_identity_preserves_the_observed_account[emman-Tu nombre es Emmanuel.-missing_name]
FAILED tests/test_compose_contract.py::test_composed_identity_preserves_the_observed_account[emman-Your Windows account is REDNOTE\\EMMAN.-]
FAILED tests/test_compose_contract.py::test_composed_identity_preserves_the_observed_account[ana.p\xe9rez-Tu cuenta es ana.perez.-missing_name]
FAILED tests/test_compose_contract.py::test_composed_identity_preserves_the_observed_account[dev-user-The signed-in account is dev-user.-]
FAILED tests/test_compose_contract.py::test_composed_identity_preserves_the_observed_account[dev-user-The signed-in account is dev-user2.-missing_name]
6 failed, 1006 passed in 5.52s
