........FF...F.F........................................................ [  7%]
........................................................................ [ 14%]
........................................................................ [ 21%]
........................................................................ [ 28%]
........................................................................ [ 35%]
........................................................................ [ 42%]
........................................................................ [ 49%]
........................................................................ [ 56%]
........................................................................ [ 64%]
........................................................................ [ 71%]
........................................................................ [ 78%]
........................................................................ [ 85%]
........................................................................ [ 92%]
........................................................................ [ 99%]
....                                                                     [100%]
================================== FAILURES ===================================
_ test_composed_identity_preserves_the_observed_account[emman-Hola, soy BAXY.-quien soy-missing_name] _
tests\test_compose_contract.py:159: in test_composed_identity_preserves_the_observed_account
    assert compose_visible_defect(answer, "status", user_text, facts) == expected
E   AssertionError: assert '' == 'missing_name'
E     
E     - missing_name
_ test_composed_identity_preserves_the_observed_account[emman-Tu nombre es Emmanuel.-quien soy-missing_name] _
tests\test_compose_contract.py:159: in test_composed_identity_preserves_the_observed_account
    assert compose_visible_defect(answer, "status", user_text, facts) == expected
E   AssertionError: assert '' == 'missing_name'
E     
E     - missing_name
_ test_composed_identity_preserves_the_observed_account[\xe1lvaro-Tu cuenta es alvaro.-quien soy-missing_name] _
tests\test_compose_contract.py:159: in test_composed_identity_preserves_the_observed_account
    assert compose_visible_defect(answer, "status", user_text, facts) == expected
E   AssertionError: assert '' == 'missing_name'
E     
E     - missing_name
_ test_composed_identity_preserves_the_observed_account[dev-user-The signed-in account is dev-user2.-Who am I?-missing_name] _
tests\test_compose_contract.py:159: in test_composed_identity_preserves_the_observed_account
    assert compose_visible_defect(answer, "status", user_text, facts) == expected
E   AssertionError: assert '' == 'missing_name'
E     
E     - missing_name
=========================== short test summary info ===========================
FAILED tests/test_compose_contract.py::test_composed_identity_preserves_the_observed_account[emman-Hola, soy BAXY.-quien soy-missing_name]
FAILED tests/test_compose_contract.py::test_composed_identity_preserves_the_observed_account[emman-Tu nombre es Emmanuel.-quien soy-missing_name]
FAILED tests/test_compose_contract.py::test_composed_identity_preserves_the_observed_account[\xe1lvaro-Tu cuenta es alvaro.-quien soy-missing_name]
FAILED tests/test_compose_contract.py::test_composed_identity_preserves_the_observed_account[dev-user-The signed-in account is dev-user2.-Who am I?-missing_name]
4 failed, 1008 passed in 5.40s
