{"case_id": "app-01", "variant": "before", "expected_operations": ["app.open"], "decision": {"mode": "action", "question": "", "conversation_kind": "", "effect_operations": ["note.list"], "response_language": "es"}}
{"case_id": "app-01", "variant": "app_identity_priority", "expected_operations": ["app.open"], "decision": {"mode": "action", "question": "", "conversation_kind": "", "effect_operations": ["app.open"], "response_language": "es"}}
{"case_id": "app-02", "variant": "before", "expected_operations": ["app.installed"], "decision": {"mode": "action", "question": "", "conversation_kind": "", "effect_operations": ["app.installed"], "response_language": "es"}}
{"case_id": "app-02", "variant": "app_identity_priority", "expected_operations": ["app.installed"], "decision": {"mode": "action", "question": "", "conversation_kind": "", "effect_operations": ["app.installed"], "response_language": "es"}}
{"case_id": "app-05", "variant": "before", "expected_operations": ["app.installed"], "decision": {"mode": "action", "question": "", "conversation_kind": "", "effect_operations": ["game.install.status"], "response_language": "es"}}
{"case_id": "app-05", "variant": "app_identity_priority", "expected_operations": ["app.installed"], "decision": {"mode": "action", "question": "", "conversation_kind": "", "effect_operations": ["game.catalog.list"], "response_language": "es"}}
{"case_id": "win-07", "variant": "before", "expected_operations": ["window.application.status"], "decision": {"mode": "action", "question": "", "conversation_kind": "", "effect_operations": ["window.application.status"], "response_language": "es"}}
{"case_id": "win-07", "variant": "app_identity_priority", "expected_operations": ["window.application.status"], "decision": {"mode": "action", "question": "", "conversation_kind": "", "effect_operations": ["app.installed"], "response_language": "es"}}
{"case_id": "sys-07", "variant": "before", "expected_operations": ["system.recyclebin.empty"], "decision": {"mode": "action", "question": "", "conversation_kind": "", "effect_operations": ["system.recyclebin.empty"], "response_language": "es"}}
{"case_id": "sys-07", "variant": "app_identity_priority", "expected_operations": ["system.recyclebin.empty"], "decision": {"mode": "action", "question": "", "conversation_kind": "", "effect_operations": ["system.recyclebin.empty"], "response_language": "es"}}
{"case_id": "med-04", "variant": "before", "expected_operations": ["media.play.query", "media.play.exact"], "decision": {"mode": "action", "question": "", "conversation_kind": "", "effect_operations": ["media.play.query"], "response_language": "es"}}
{"case_id": "med-04", "variant": "app_identity_priority", "expected_operations": ["media.play.query", "media.play.exact"], "decision": {"mode": "action", "question": "", "conversation_kind": "", "effect_operations": ["media.play.exact"], "response_language": "es"}}
{"case_id": "med-05", "variant": "before", "expected_operations": ["media.play.youtube"], "decision": {"mode": "action", "question": "", "conversation_kind": "", "effect_operations": ["media.play.youtube"], "response_language": "es"}}
{"case_id": "med-05", "variant": "app_identity_priority", "expected_operations": ["media.play.youtube"], "decision": {"mode": "action", "question": "", "conversation_kind": "", "effect_operations": ["media.play.youtube"], "response_language": "es"}}
{"case_id": "gam-04", "variant": "before", "expected_operations": ["game.install.cancel.active", "game.install.cancel"], "decision": {"mode": "action", "question": "", "conversation_kind": "", "effect_operations": ["game.install.status"], "response_language": "es"}}
{"case_id": "gam-04", "variant": "app_identity_priority", "expected_operations": ["game.install.cancel.active", "game.install.cancel"], "decision": {"mode": "action", "question": "", "conversation_kind": "", "effect_operations": ["game.install.status"], "response_language": "es"}}
{"case_id": "off-01", "variant": "before", "expected_operations": ["office.document.create"], "decision": {"mode": "action", "question": "", "conversation_kind": "", "effect_operations": ["office.document.create"], "response_language": "es"}}
{"case_id": "off-01", "variant": "app_identity_priority", "expected_operations": ["office.document.create"], "decision": {"mode": "action", "question": "", "conversation_kind": "", "effect_operations": ["office.document.create"], "response_language": "es"}}
{"case_id": "not-06", "variant": "before", "expected_operations": ["note.create"], "decision": {"mode": "action", "question": "", "conversation_kind": "", "effect_operations": ["note.create"], "response_language": "es"}}
{"case_id": "not-06", "variant": "app_identity_priority", "expected_operations": ["note.create"], "decision": {"mode": "action", "question": "", "conversation_kind": "", "effect_operations": ["note.create"], "response_language": "es"}}
{"case_id": "cmp-01", "variant": "before", "expected_operations": ["app.open", "media.play.query"], "decision": {"mode": "action", "question": "", "conversation_kind": "", "effect_operations": ["media.play.query"], "response_language": "es"}}
{"case_id": "cmp-01", "variant": "app_identity_priority", "expected_operations": ["app.open", "media.play.query"], "decision": {"mode": "action", "question": "", "conversation_kind": "", "effect_operations": ["media.play.query"], "response_language": "es"}}
{"case_id": "ooc-07", "variant": "before", "expected_operations": [], "decision": {"mode": "conversation", "question": "", "conversation_kind": "knowledge", "effect_operations": [], "response_language": "es"}}
{"case_id": "ooc-07", "variant": "app_identity_priority", "expected_operations": [], "decision": {"mode": "conversation", "question": "", "conversation_kind": "knowledge", "effect_operations": [], "response_language": "es"}}
{"case_id": "ooc-24", "variant": "before", "expected_operations": [], "decision": {"mode": "conversation", "question": "", "conversation_kind": "knowledge", "effect_operations": [], "response_language": "es"}}
{"case_id": "ooc-24", "variant": "app_identity_priority", "expected_operations": [], "decision": {"mode": "conversation", "question": "", "conversation_kind": "knowledge", "effect_operations": [], "response_language": "es"}}
{"case_id": "ooc-36", "variant": "before", "expected_operations": [], "decision": {"mode": "conversation", "question": "", "conversation_kind": "knowledge", "effect_operations": [], "response_language": "es"}}
{"case_id": "ooc-36", "variant": "app_identity_priority", "expected_operations": [], "decision": {"mode": "conversation", "question": "", "conversation_kind": "knowledge", "effect_operations": [], "response_language": "es"}}
{"case_id": "owner-1", "variant": "before", "expected_operations": ["app.open"], "decision": {"mode": "conversation", "question": "", "conversation_kind": "knowledge", "effect_operations": [], "response_language": "es"}}
{"case_id": "owner-1", "variant": "app_identity_priority", "expected_operations": ["app.open"], "decision": {"mode": "action", "question": "", "conversation_kind": "", "effect_operations": ["app.open"], "response_language": "es"}}
{"case_id": "owner-2", "variant": "before", "expected_operations": ["app.open"], "decision": {"mode": "action", "question": "", "conversation_kind": "", "effect_operations": ["app.open"], "response_language": "es"}}
{"case_id": "owner-2", "variant": "app_identity_priority", "expected_operations": ["app.open"], "decision": {"mode": "action", "question": "", "conversation_kind": "", "effect_operations": ["app.open"], "response_language": "es"}}
{"case_id": "owner-3", "variant": "before", "expected_operations": ["app.open"], "decision": {"mode": "action", "question": "", "conversation_kind": "", "effect_operations": ["app.open"], "response_language": "es"}}
{"case_id": "owner-3", "variant": "app_identity_priority", "expected_operations": ["app.open"], "decision": {"mode": "action", "question": "", "conversation_kind": "", "effect_operations": ["app.open"], "response_language": "es"}}
