Loading similar tokens
conformer_hyper_spotter - audio_encoder
Total Trainable Params: 3722112
conformer_hyper_spotter - text_encoder
Total Trainable Params: 2025935
conformer_hyper_spotter - embedding_2_ms
Total Trainable Params: 656897
conformer_hyper_spotter - perceiver_classifier
Total Trainable Params: 1764777
Loading similar tokens
conformer_hyper_spotter - audio_encoder
Total Trainable Params: 3722112
conformer_hyper_spotter - text_encoder
Total Trainable Params: 2025935
conformer_hyper_spotter - embedding_2_ms
Total Trainable Params: 656897
conformer_hyper_spotter - perceiver_classifier
Total Trainable Params: 1764777
BAXY_WAKE_CASCADE_FAR|128/28539|windows=6360|screened=237
BAXY_WAKE_CASCADE_FAR|256/28539|windows=11549|screened=314
BAXY_WAKE_CASCADE_FAR|384/28539|windows=18024|screened=354
BAXY_WAKE_CASCADE_FAR|512/28539|windows=23573|screened=469
BAXY_WAKE_CASCADE_FAR|640/28539|windows=29956|screened=517
BAXY_WAKE_CASCADE_FAR|768/28539|windows=35362|screened=563
BAXY_WAKE_CASCADE_FAR|896/28539|windows=41176|screened=717
BAXY_WAKE_CASCADE_FAR|1024/28539|windows=45746|screened=846
BAXY_WAKE_CASCADE_FAR|1152/28539|windows=51268|screened=907
BAXY_WAKE_CASCADE_FAR|1280/28539|windows=57477|screened=975
BAXY_WAKE_CASCADE_FAR|1408/28539|windows=62646|screened=1019
BAXY_WAKE_CASCADE_FAR|1536/28539|windows=68984|screened=1055
BAXY_WAKE_CASCADE_FAR|1664/28539|windows=75464|screened=1120
BAXY_WAKE_CASCADE_FAR|1792/28539|windows=81743|screened=1291
BAXY_WAKE_CASCADE_FAR|1920/28539|windows=87660|screened=1338
BAXY_WAKE_CASCADE_FAR|2048/28539|windows=93229|screened=1379
BAXY_WAKE_CASCADE_FAR|2176/28539|windows=99514|screened=1410
BAXY_WAKE_CASCADE_FAR|2304/28539|windows=105047|screened=1462
BAXY_WAKE_CASCADE_FAR|2432/28539|windows=110758|screened=1551
BAXY_WAKE_CASCADE_FAR|2560/28539|windows=116826|screened=1656
BAXY_WAKE_CASCADE_FAR|2688/28539|windows=122369|screened=1722
BAXY_WAKE_CASCADE_FAR|2816/28539|windows=128602|screened=1767
BAXY_WAKE_CASCADE_FAR|2944/28539|windows=135092|screened=1833
BAXY_WAKE_CASCADE_FAR|3072/28539|windows=141086|screened=2007
BAXY_WAKE_CASCADE_FAR|3200/28539|windows=146902|screened=2114
BAXY_WAKE_CASCADE_FAR|3328/28539|windows=153006|screened=2162
BAXY_WAKE_CASCADE_FAR|3456/28539|windows=158338|screened=2203
BAXY_WAKE_CASCADE_FAR|3584/28539|windows=164080|screened=2257
BAXY_WAKE_CASCADE_FAR|3712/28539|windows=170139|screened=2289
BAXY_WAKE_CASCADE_FAR|3840/28539|windows=175778|screened=2336
BAXY_WAKE_CASCADE_FAR|3968/28539|windows=182172|screened=2392
BAXY_WAKE_CASCADE_FAR|4096/28539|windows=187784|screened=2445
BAXY_WAKE_CASCADE_FAR|4224/28539|windows=193656|screened=2495
BAXY_WAKE_CASCADE_FAR|4352/28539|windows=199379|screened=2552
BAXY_WAKE_CASCADE_FAR|4480/28539|windows=205550|screened=2607
BAXY_WAKE_CASCADE_FAR|4608/28539|windows=211721|screened=2634
BAXY_WAKE_CASCADE_FAR|4736/28539|windows=217805|screened=2709
BAXY_WAKE_CASCADE_FAR|4864/28539|windows=223410|screened=2787
BAXY_WAKE_CASCADE_FAR|4992/28539|windows=229894|screened=2822
BAXY_WAKE_CASCADE_FAR|5120/28539|windows=234518|screened=2876
BAXY_WAKE_CASCADE_FAR|5248/28539|windows=239646|screened=2922
BAXY_WAKE_CASCADE_FAR|5376/28539|windows=245571|screened=2949
BAXY_WAKE_CASCADE_FAR|5504/28539|windows=252081|screened=3029
BAXY_WAKE_CASCADE_FAR|5632/28539|windows=258394|screened=3095
BAXY_WAKE_CASCADE_FAR|5760/28539|windows=265084|screened=3148
BAXY_WAKE_CASCADE_FAR|5888/28539|windows=270468|screened=3189
BAXY_WAKE_CASCADE_FAR|6016/28539|windows=276701|screened=3242
BAXY_WAKE_CASCADE_FAR|6144/28539|windows=283121|screened=3288
BAXY_WAKE_CASCADE_FAR|6272/28539|windows=289053|screened=3370
BAXY_WAKE_CASCADE_FAR|6400/28539|windows=295384|screened=3454
BAXY_WAKE_CASCADE_FAR|6528/28539|windows=301657|screened=3514
BAXY_WAKE_CASCADE_FAR|6656/28539|windows=307996|screened=3551
BAXY_WAKE_CASCADE_FAR|6784/28539|windows=314503|screened=3624
BAXY_WAKE_CASCADE_FAR|6912/28539|windows=321034|screened=3682
BAXY_WAKE_CASCADE_FAR|7040/28539|windows=327152|screened=3750
BAXY_WAKE_CASCADE_FAR|7168/28539|windows=333115|screened=3786
BAXY_WAKE_CASCADE_FAR|7296/28539|windows=339212|screened=3839
BAXY_WAKE_CASCADE_FAR|7424/28539|windows=344116|screened=3864
BAXY_WAKE_CASCADE_FAR|7552/28539|windows=349179|screened=3939
BAXY_WAKE_CASCADE_FAR|7680/28539|windows=355077|screened=3981
BAXY_WAKE_CASCADE_FAR|7808/28539|windows=361584|screened=4019
BAXY_WAKE_CASCADE_FAR|7936/28539|windows=367815|screened=4059
BAXY_WAKE_CASCADE_FAR|8064/28539|windows=374289|screened=4134
BAXY_WAKE_CASCADE_FAR|8192/28539|windows=381019|screened=4214
BAXY_WAKE_CASCADE_FAR|8320/28539|windows=386970|screened=4249
BAXY_WAKE_CASCADE_FAR|8448/28539|windows=393123|screened=4351
BAXY_WAKE_CASCADE_FAR|8576/28539|windows=399383|screened=4476
BAXY_WAKE_CASCADE_FAR|8704/28539|windows=404011|screened=4581
BAXY_WAKE_CASCADE_FAR|8832/28539|windows=409955|screened=4638
BAXY_WAKE_CASCADE_FAR|8960/28539|windows=415795|screened=4669
BAXY_WAKE_CASCADE_FAR|9088/28539|windows=421693|screened=4726
BAXY_WAKE_CASCADE_FAR|9216/28539|windows=427754|screened=4780
BAXY_WAKE_CASCADE_FAR|9344/28539|windows=434191|screened=4842
BAXY_WAKE_CASCADE_FAR|9472/28539|windows=439743|screened=4943
BAXY_WAKE_CASCADE_FAR|9600/28539|windows=445899|screened=5004
BAXY_WAKE_CASCADE_FAR|9728/28539|windows=452060|screened=5056
BAXY_WAKE_CASCADE_FAR|9856/28539|windows=457930|screened=5123
BAXY_WAKE_CASCADE_FAR|9984/28539|windows=463870|screened=5218
BAXY_WAKE_CASCADE_FAR|10112/28539|windows=469376|screened=5312
BAXY_WAKE_CASCADE_FAR|10240/28539|windows=475087|screened=5405
BAXY_WAKE_CASCADE_FAR|10368/28539|windows=481135|screened=5466
BAXY_WAKE_CASCADE_FAR|10496/28539|windows=487081|screened=5488
BAXY_WAKE_CASCADE_FAR|10624/28539|windows=493274|screened=5537
BAXY_WAKE_CASCADE_FAR|10752/28539|windows=499370|screened=5605
BAXY_WAKE_CASCADE_FAR|10880/28539|windows=505656|screened=5647
BAXY_WAKE_CASCADE_FAR|11008/28539|windows=511938|screened=5695
BAXY_WAKE_CASCADE_FAR|11136/28539|windows=518677|screened=5807
BAXY_WAKE_CASCADE_FAR|11264/28539|windows=524770|screened=5847
BAXY_WAKE_CASCADE_FAR|11392/28539|windows=530967|screened=5899
BAXY_WAKE_CASCADE_FAR|11520/28539|windows=537335|screened=5956
BAXY_WAKE_CASCADE_FAR|11648/28539|windows=543559|screened=6033
BAXY_WAKE_CASCADE_FAR|11776/28539|windows=549658|screened=6100
BAXY_WAKE_CASCADE_FAR|11904/28539|windows=556058|screened=6171
BAXY_WAKE_CASCADE_FAR|12032/28539|windows=561838|screened=6201
BAXY_WAKE_CASCADE_FAR|12160/28539|windows=568022|screened=6252
BAXY_WAKE_CASCADE_FAR|12288/28539|windows=574553|screened=6320
BAXY_WAKE_CASCADE_FAR|12416/28539|windows=580598|screened=6365
BAXY_WAKE_CASCADE_FAR|12544/28539|windows=586218|screened=6408
BAXY_WAKE_CASCADE_FAR|12672/28539|windows=590771|screened=6517
BAXY_WAKE_CASCADE_FAR|12800/28539|windows=597241|screened=6585
BAXY_WAKE_CASCADE_FAR|12928/28539|windows=603602|screened=6659
BAXY_WAKE_CASCADE_FAR|13056/28539|windows=609276|screened=6703
BAXY_WAKE_CASCADE_FAR|13184/28539|windows=614830|screened=6863
BAXY_WAKE_CASCADE_FAR|13312/28539|windows=621393|screened=6958
BAXY_WAKE_CASCADE_FAR|13440/28539|windows=627743|screened=7025
BAXY_WAKE_CASCADE_FAR|13568/28539|windows=634405|screened=7201
BAXY_WAKE_CASCADE_FAR|13696/28539|windows=639470|screened=7314
BAXY_WAKE_CASCADE_FAR|13824/28539|windows=645529|screened=7408
BAXY_WAKE_CASCADE_FAR|13952/28539|windows=651927|screened=7525
BAXY_WAKE_CASCADE_FAR|14080/28539|windows=658397|screened=7557
BAXY_WAKE_CASCADE_FAR|14208/28539|windows=664775|screened=7605
BAXY_WAKE_CASCADE_FAR|14336/28539|windows=671338|screened=7708
BAXY_WAKE_CASCADE_FAR|14464/28539|windows=677766|screened=7801
BAXY_WAKE_CASCADE_FAR|14592/28539|windows=683308|screened=7835
BAXY_WAKE_CASCADE_FAR|14720/28539|windows=689589|screened=7892
BAXY_WAKE_CASCADE_FAR|14848/28539|windows=695071|screened=7947
BAXY_WAKE_CASCADE_FAR|14976/28539|windows=701308|screened=7971
BAXY_WAKE_CASCADE_FAR|15104/28539|windows=707894|screened=8040
BAXY_WAKE_CASCADE_FAR|15232/28539|windows=713906|screened=8164
BAXY_WAKE_CASCADE_FAR|15360/28539|windows=719198|screened=8247
BAXY_WAKE_CASCADE_FAR|15488/28539|windows=724823|screened=8288
BAXY_WAKE_CASCADE_FAR|15616/28539|windows=731403|screened=8351
BAXY_WAKE_CASCADE_FAR|15744/28539|windows=737206|screened=8472
BAXY_WAKE_CASCADE_FAR|15872/28539|windows=743471|screened=8551
BAXY_WAKE_CASCADE_FAR|16000/28539|windows=749996|screened=8587
BAXY_WAKE_CASCADE_FAR|16128/28539|windows=756551|screened=8625
BAXY_WAKE_CASCADE_FAR|16256/28539|windows=762926|screened=8718
BAXY_WAKE_CASCADE_FAR|16384/28539|windows=769104|screened=8802
BAXY_WAKE_CASCADE_FAR|16512/28539|windows=775063|screened=8841
BAXY_WAKE_CASCADE_FAR|16640/28539|windows=781152|screened=8883
BAXY_WAKE_CASCADE_FAR|16768/28539|windows=787544|screened=9019
BAXY_WAKE_CASCADE_FAR|16896/28539|windows=793385|screened=9183
BAXY_WAKE_CASCADE_FAR|17024/28539|windows=799602|screened=9206
BAXY_WAKE_CASCADE_FAR|17152/28539|windows=804685|screened=9297
BAXY_WAKE_CASCADE_FAR|17280/28539|windows=810887|screened=9338
BAXY_WAKE_CASCADE_FAR|17408/28539|windows=816220|screened=9387
BAXY_WAKE_CASCADE_FAR|17536/28539|windows=821844|screened=9490
BAXY_WAKE_CASCADE_FAR|17664/28539|windows=827801|screened=9672
BAXY_WAKE_CASCADE_FAR|17792/28539|windows=832948|screened=9807
BAXY_WAKE_CASCADE_FAR|17920/28539|windows=838405|screened=9935
BAXY_WAKE_CASCADE_FAR|18048/28539|windows=844801|screened=9996
BAXY_WAKE_CASCADE_FAR|18176/28539|windows=850665|screened=10082
BAXY_WAKE_CASCADE_FAR|18304/28539|windows=857061|screened=10205
BAXY_WAKE_CASCADE_FAR|18432/28539|windows=862975|screened=10253
BAXY_WAKE_CASCADE_FAR|18560/28539|windows=869326|screened=10272
BAXY_WAKE_CASCADE_FAR|18688/28539|windows=875789|screened=10321
BAXY_WAKE_CASCADE_FAR|18816/28539|windows=881551|screened=10402
BAXY_WAKE_CASCADE_FAR|18944/28539|windows=887864|screened=10488
BAXY_WAKE_CASCADE_FAR|19072/28539|windows=893785|screened=10517
BAXY_WAKE_CASCADE_FAR|19200/28539|windows=899680|screened=10570
BAXY_WAKE_CASCADE_FAR|19328/28539|windows=906147|screened=10611
BAXY_WAKE_CASCADE_FAR|19456/28539|windows=912438|screened=10633
BAXY_WAKE_CASCADE_FAR|19584/28539|windows=917849|screened=10655
BAXY_WAKE_CASCADE_FAR|19712/28539|windows=923795|screened=10740
BAXY_WAKE_CASCADE_FAR|19840/28539|windows=930014|screened=10826
BAXY_WAKE_CASCADE_FAR|19968/28539|windows=936295|screened=10860
BAXY_WAKE_CASCADE_FAR|20096/28539|windows=942825|screened=10929
BAXY_WAKE_CASCADE_FAR|20224/28539|windows=949121|screened=11006
BAXY_WAKE_CASCADE_FAR|20352/28539|windows=955457|screened=11028
BAXY_WAKE_CASCADE_FAR|20480/28539|windows=961776|screened=11061
BAXY_WAKE_CASCADE_FAR|20608/28539|windows=968240|screened=11126
BAXY_WAKE_CASCADE_FAR|20736/28539|windows=974917|screened=11168
BAXY_WAKE_CASCADE_FAR|20864/28539|windows=981221|screened=11236
BAXY_WAKE_CASCADE_FAR|20992/28539|windows=987799|screened=11337
BAXY_WAKE_CASCADE_FAR|21120/28539|windows=992565|screened=11429
BAXY_WAKE_CASCADE_FAR|21248/28539|windows=998753|screened=11508
BAXY_WAKE_CASCADE_FAR|21376/28539|windows=1005061|screened=11544
BAXY_WAKE_CASCADE_FAR|21504/28539|windows=1011493|screened=11582
BAXY_WAKE_CASCADE_FAR|21632/28539|windows=1018012|screened=11652
BAXY_WAKE_CASCADE_FAR|21760/28539|windows=1024369|screened=11687
BAXY_WAKE_CASCADE_FAR|21888/28539|windows=1030230|screened=11761
BAXY_WAKE_CASCADE_FAR|22016/28539|windows=1036924|screened=11823
BAXY_WAKE_CASCADE_FAR|22144/28539|windows=1043502|screened=11878
BAXY_WAKE_CASCADE_FAR|22272/28539|windows=1049887|screened=11945
BAXY_WAKE_CASCADE_FAR|22400/28539|windows=1056257|screened=11990
BAXY_WAKE_CASCADE_FAR|22528/28539|windows=1062508|screened=12006
BAXY_WAKE_CASCADE_FAR|22656/28539|windows=1068852|screened=12030
BAXY_WAKE_CASCADE_FAR|22784/28539|windows=1074379|screened=12171
BAXY_WAKE_CASCADE_FAR|22912/28539|windows=1080662|screened=12218
BAXY_WAKE_CASCADE_FAR|23040/28539|windows=1086555|screened=12318
BAXY_WAKE_CASCADE_FAR|23168/28539|windows=1092247|screened=12368
BAXY_WAKE_CASCADE_FAR|23296/28539|windows=1096653|screened=12406
BAXY_WAKE_CASCADE_FAR|23424/28539|windows=1101845|screened=12428
BAXY_WAKE_CASCADE_FAR|23552/28539|windows=1107845|screened=12484
BAXY_WAKE_CASCADE_FAR|23680/28539|windows=1114121|screened=12526
BAXY_WAKE_CASCADE_FAR|23808/28539|windows=1120475|screened=12573
BAXY_WAKE_CASCADE_FAR|23936/28539|windows=1126648|screened=12594
BAXY_WAKE_CASCADE_FAR|24064/28539|windows=1133406|screened=12624
BAXY_WAKE_CASCADE_FAR|24192/28539|windows=1139795|screened=12680
BAXY_WAKE_CASCADE_FAR|24320/28539|windows=1146014|screened=12762
BAXY_WAKE_CASCADE_FAR|24448/28539|windows=1152621|screened=12819
BAXY_WAKE_CASCADE_FAR|24576/28539|windows=1158853|screened=12884
BAXY_WAKE_CASCADE_FAR|24704/28539|windows=1165151|screened=12988
BAXY_WAKE_CASCADE_FAR|24832/28539|windows=1170741|screened=13064
BAXY_WAKE_CASCADE_FAR|24960/28539|windows=1176386|screened=13111
BAXY_WAKE_CASCADE_FAR|25088/28539|windows=1181830|screened=13186
BAXY_WAKE_CASCADE_FAR|25216/28539|windows=1186875|screened=13250
BAXY_WAKE_CASCADE_FAR|25344/28539|windows=1193104|screened=13329
BAXY_WAKE_CASCADE_FAR|25472/28539|windows=1199297|screened=13407
BAXY_WAKE_CASCADE_FAR|25600/28539|windows=1205713|screened=13447
BAXY_WAKE_CASCADE_FAR|25728/28539|windows=1212300|screened=13484
BAXY_WAKE_CASCADE_FAR|25856/28539|windows=1218486|screened=13506
BAXY_WAKE_CASCADE_FAR|25984/28539|windows=1224239|screened=13528
BAXY_WAKE_CASCADE_FAR|26112/28539|windows=1229962|screened=13578
BAXY_WAKE_CASCADE_FAR|26240/28539|windows=1236036|screened=13627
BAXY_WAKE_CASCADE_FAR|26368/28539|windows=1242749|screened=13730
BAXY_WAKE_CASCADE_FAR|26496/28539|windows=1248564|screened=13819
BAXY_WAKE_CASCADE_FAR|26624/28539|windows=1254924|screened=13865
BAXY_WAKE_CASCADE_FAR|26752/28539|windows=1261374|screened=13945
BAXY_WAKE_CASCADE_FAR|26880/28539|windows=1267467|screened=13970
BAXY_WAKE_CASCADE_FAR|27008/28539|windows=1273589|screened=14061
BAXY_WAKE_CASCADE_FAR|27136/28539|windows=1279933|screened=14167
BAXY_WAKE_CASCADE_FAR|27264/28539|windows=1286011|screened=14266
BAXY_WAKE_CASCADE_FAR|27392/28539|windows=1292085|screened=14352
BAXY_WAKE_CASCADE_FAR|27520/28539|windows=1298869|screened=14416
BAXY_WAKE_CASCADE_FAR|27648/28539|windows=1305080|screened=14473
BAXY_WAKE_CASCADE_FAR|27776/28539|windows=1311560|screened=14515
BAXY_WAKE_CASCADE_FAR|27904/28539|windows=1317982|screened=14603
BAXY_WAKE_CASCADE_FAR|28032/28539|windows=1324598|screened=14713
BAXY_WAKE_CASCADE_FAR|28160/28539|windows=1330632|screened=14795
BAXY_WAKE_CASCADE_FAR|28288/28539|windows=1336610|screened=14870
BAXY_WAKE_CASCADE_FAR|28416/28539|windows=1343007|screened=14948
BAXY_WAKE_CASCADE_FAR|28539/28539|windows=1348864|screened=15026
BAXY_WAKE_CASCADE_EXACT|128/7826|strong=0|lexical=0
BAXY_WAKE_CASCADE_EXACT|256/7826|strong=0|lexical=0
BAXY_WAKE_CASCADE_EXACT|384/7826|strong=0|lexical=0
BAXY_WAKE_CASCADE_EXACT|512/7826|strong=0|lexical=0
BAXY_WAKE_CASCADE_EXACT|640/7826|strong=0|lexical=0
BAXY_WAKE_CASCADE_EXACT|768/7826|strong=0|lexical=0
BAXY_WAKE_CASCADE_EXACT|896/7826|strong=0|lexical=0
BAXY_WAKE_CASCADE_EXACT|1024/7826|strong=0|lexical=0
BAXY_WAKE_CASCADE_EXACT|1152/7826|strong=0|lexical=0
BAXY_WAKE_CASCADE_EXACT|1280/7826|strong=0|lexical=0
BAXY_WAKE_CASCADE_EXACT|1408/7826|strong=0|lexical=0
BAXY_WAKE_CASCADE_EXACT|1536/7826|strong=0|lexical=0
BAXY_WAKE_CASCADE_EXACT|1664/7826|strong=0|lexical=0
BAXY_WAKE_CASCADE_EXACT|1792/7826|strong=0|lexical=0
BAXY_WAKE_CASCADE_EXACT|1920/7826|strong=0|lexical=0
BAXY_WAKE_CASCADE_EXACT|2048/7826|strong=0|lexical=0
BAXY_WAKE_CASCADE_EXACT|2176/7826|strong=0|lexical=0
BAXY_WAKE_CASCADE_EXACT|2304/7826|strong=0|lexical=0
BAXY_WAKE_CASCADE_EXACT|2432/7826|strong=0|lexical=0
BAXY_WAKE_CASCADE_EXACT|2560/7826|strong=0|lexical=0
BAXY_WAKE_CASCADE_EXACT|2688/7826|strong=1|lexical=0
BAXY_WAKE_CASCADE_EXACT|2816/7826|strong=1|lexical=0
BAXY_WAKE_CASCADE_EXACT|2944/7826|strong=1|lexical=0
BAXY_WAKE_CASCADE_EXACT|3072/7826|strong=1|lexical=0
BAXY_WAKE_CASCADE_EXACT|3200/7826|strong=1|lexical=0
BAXY_WAKE_CASCADE_EXACT|3328/7826|strong=1|lexical=0
BAXY_WAKE_CASCADE_EXACT|3456/7826|strong=1|lexical=0
BAXY_WAKE_CASCADE_EXACT|3584/7826|strong=1|lexical=0
BAXY_WAKE_CASCADE_EXACT|3712/7826|strong=1|lexical=0
BAXY_WAKE_CASCADE_EXACT|3840/7826|strong=1|lexical=0
BAXY_WAKE_CASCADE_EXACT|3968/7826|strong=1|lexical=0
BAXY_WAKE_CASCADE_EXACT|4096/7826|strong=1|lexical=0
BAXY_WAKE_CASCADE_EXACT|4224/7826|strong=1|lexical=0
BAXY_WAKE_CASCADE_EXACT|4352/7826|strong=1|lexical=0
BAXY_WAKE_CASCADE_EXACT|4480/7826|strong=1|lexical=0
BAXY_WAKE_CASCADE_EXACT|4608/7826|strong=1|lexical=0
BAXY_WAKE_CASCADE_EXACT|4736/7826|strong=1|lexical=0
BAXY_WAKE_CASCADE_EXACT|4864/7826|strong=1|lexical=0
BAXY_WAKE_CASCADE_EXACT|4992/7826|strong=2|lexical=0
BAXY_WAKE_CASCADE_EXACT|5120/7826|strong=2|lexical=0
BAXY_WAKE_CASCADE_EXACT|5248/7826|strong=2|lexical=0
BAXY_WAKE_CASCADE_EXACT|5376/7826|strong=2|lexical=0
BAXY_WAKE_CASCADE_EXACT|5504/7826|strong=2|lexical=0
BAXY_WAKE_CASCADE_EXACT|5632/7826|strong=2|lexical=0
BAXY_WAKE_CASCADE_EXACT|5760/7826|strong=2|lexical=0
BAXY_WAKE_CASCADE_EXACT|5888/7826|strong=2|lexical=0
BAXY_WAKE_CASCADE_EXACT|6016/7826|strong=2|lexical=0
BAXY_WAKE_CASCADE_EXACT|6144/7826|strong=2|lexical=0
BAXY_WAKE_CASCADE_EXACT|6272/7826|strong=2|lexical=0
BAXY_WAKE_CASCADE_EXACT|6400/7826|strong=2|lexical=0
BAXY_WAKE_CASCADE_EXACT|6528/7826|strong=2|lexical=0
BAXY_WAKE_CASCADE_EXACT|6656/7826|strong=2|lexical=0
BAXY_WAKE_CASCADE_EXACT|6784/7826|strong=2|lexical=0
BAXY_WAKE_CASCADE_EXACT|6912/7826|strong=2|lexical=0
BAXY_WAKE_CASCADE_EXACT|7040/7826|strong=2|lexical=0
BAXY_WAKE_CASCADE_EXACT|7168/7826|strong=2|lexical=0
BAXY_WAKE_CASCADE_EXACT|7296/7826|strong=4|lexical=0
BAXY_WAKE_CASCADE_EXACT|7424/7826|strong=4|lexical=0
BAXY_WAKE_CASCADE_EXACT|7552/7826|strong=4|lexical=0
BAXY_WAKE_CASCADE_EXACT|7680/7826|strong=4|lexical=0
BAXY_WAKE_CASCADE_EXACT|7808/7826|strong=4|lexical=0
BAXY_WAKE_CASCADE_EXACT|7826/7826|strong=4|lexical=0
{"metrics": {"broadScreenRecords": 7826, "broadScreenWindows": 15026, "descriptiveExposureHours": 100.59087965277777, "exactUpstreamProposals": 4889, "far95UpperConfidencePerHourIfZero": null, "lexicalFalseActivations": 0, "lexicalInvocations": 0, "negativeFalseActivations": 4, "pointFalseActivationsPerHour": 0.039765036490458226, "strongFalseActivations": 4, "utterances": 28539, "windowsScored": 1348864}, "passed": false, "runtime": {"batchSize": 256, "cudaDevice": "NVIDIA GeForce RTX 3060 Laptop GPU", "exactBatchSize": 1, "exactRecordBatchSize": 128, "exactRescoreSeconds": 1175.138625099993, "recordBatchSize": 128, "screenSeconds": 3518.298831100008}}
