Loading similar tokens
conformer_hyper_spotter - audio_encoder
Total Trainable Params: 3722112
conformer_hyper_spotter - text_encoder
Total Trainable Params: 2025935
conformer_hyper_spotter - embedding_2_ms
Total Trainable Params: 656897
conformer_hyper_spotter - perceiver_classifier
Total Trainable Params: 1764777
Loading similar tokens
conformer_hyper_spotter - audio_encoder
Total Trainable Params: 3722112
conformer_hyper_spotter - text_encoder
Total Trainable Params: 2025935
conformer_hyper_spotter - embedding_2_ms
Total Trainable Params: 656897
conformer_hyper_spotter - perceiver_classifier
Total Trainable Params: 1764777
BAXY_WAKE_CASCADE_FAR|128/28539|windows=6360|screened=237
BAXY_WAKE_CASCADE_FAR|256/28539|windows=11549|screened=314
BAXY_WAKE_CASCADE_FAR|384/28539|windows=18024|screened=354
BAXY_WAKE_CASCADE_FAR|512/28539|windows=23573|screened=469
BAXY_WAKE_CASCADE_FAR|640/28539|windows=29956|screened=517
BAXY_WAKE_CASCADE_FAR|768/28539|windows=35362|screened=563
BAXY_WAKE_CASCADE_FAR|896/28539|windows=41176|screened=717
BAXY_WAKE_CASCADE_FAR|1024/28539|windows=45746|screened=846
BAXY_WAKE_CASCADE_FAR|1152/28539|windows=51268|screened=907
BAXY_WAKE_CASCADE_FAR|1280/28539|windows=57477|screened=975
BAXY_WAKE_CASCADE_FAR|1408/28539|windows=62646|screened=1019
BAXY_WAKE_CASCADE_FAR|1536/28539|windows=68984|screened=1055
BAXY_WAKE_CASCADE_FAR|1664/28539|windows=75464|screened=1120
BAXY_WAKE_CASCADE_FAR|1792/28539|windows=81743|screened=1291
BAXY_WAKE_CASCADE_FAR|1920/28539|windows=87660|screened=1338
BAXY_WAKE_CASCADE_FAR|2048/28539|windows=93229|screened=1379
BAXY_WAKE_CASCADE_FAR|2176/28539|windows=99514|screened=1410
BAXY_WAKE_CASCADE_FAR|2304/28539|windows=105047|screened=1462
BAXY_WAKE_CASCADE_FAR|2432/28539|windows=110758|screened=1551
BAXY_WAKE_CASCADE_FAR|2560/28539|windows=116826|screened=1656
BAXY_WAKE_CASCADE_FAR|2688/28539|windows=122369|screened=1722
BAXY_WAKE_CASCADE_FAR|2816/28539|windows=128602|screened=1767
BAXY_WAKE_CASCADE_FAR|2944/28539|windows=135092|screened=1833
BAXY_WAKE_CASCADE_FAR|3072/28539|windows=141086|screened=2007
BAXY_WAKE_CASCADE_FAR|3200/28539|windows=146902|screened=2114
BAXY_WAKE_CASCADE_FAR|3328/28539|windows=153006|screened=2162
BAXY_WAKE_CASCADE_FAR|3456/28539|windows=158338|screened=2203
BAXY_WAKE_CASCADE_FAR|3584/28539|windows=164080|screened=2257
BAXY_WAKE_CASCADE_FAR|3712/28539|windows=170139|screened=2289
BAXY_WAKE_CASCADE_FAR|3840/28539|windows=175778|screened=2336
BAXY_WAKE_CASCADE_FAR|3968/28539|windows=182172|screened=2392
BAXY_WAKE_CASCADE_FAR|4096/28539|windows=187784|screened=2446
BAXY_WAKE_CASCADE_FAR|4224/28539|windows=193656|screened=2496
BAXY_WAKE_CASCADE_FAR|4352/28539|windows=199379|screened=2553
BAXY_WAKE_CASCADE_FAR|4480/28539|windows=205550|screened=2608
BAXY_WAKE_CASCADE_FAR|4608/28539|windows=211721|screened=2635
BAXY_WAKE_CASCADE_FAR|4736/28539|windows=217805|screened=2710
BAXY_WAKE_CASCADE_FAR|4864/28539|windows=223410|screened=2788
BAXY_WAKE_CASCADE_FAR|4992/28539|windows=229894|screened=2823
BAXY_WAKE_CASCADE_FAR|5120/28539|windows=234518|screened=2877
BAXY_WAKE_CASCADE_FAR|5248/28539|windows=239646|screened=2923
BAXY_WAKE_CASCADE_FAR|5376/28539|windows=245571|screened=2950
BAXY_WAKE_CASCADE_FAR|5504/28539|windows=252081|screened=3030
BAXY_WAKE_CASCADE_FAR|5632/28539|windows=258394|screened=3096
BAXY_WAKE_CASCADE_FAR|5760/28539|windows=265084|screened=3149
BAXY_WAKE_CASCADE_FAR|5888/28539|windows=270468|screened=3190
BAXY_WAKE_CASCADE_FAR|6016/28539|windows=276701|screened=3243
BAXY_WAKE_CASCADE_FAR|6144/28539|windows=283121|screened=3289
BAXY_WAKE_CASCADE_FAR|6272/28539|windows=289053|screened=3371
BAXY_WAKE_CASCADE_FAR|6400/28539|windows=295384|screened=3455
BAXY_WAKE_CASCADE_FAR|6528/28539|windows=301657|screened=3515
BAXY_WAKE_CASCADE_FAR|6656/28539|windows=307996|screened=3552
BAXY_WAKE_CASCADE_FAR|6784/28539|windows=314503|screened=3625
BAXY_WAKE_CASCADE_FAR|6912/28539|windows=321034|screened=3683
BAXY_WAKE_CASCADE_FAR|7040/28539|windows=327152|screened=3751
BAXY_WAKE_CASCADE_FAR|7168/28539|windows=333115|screened=3787
BAXY_WAKE_CASCADE_FAR|7296/28539|windows=339212|screened=3840
BAXY_WAKE_CASCADE_FAR|7424/28539|windows=344116|screened=3865
BAXY_WAKE_CASCADE_FAR|7552/28539|windows=349179|screened=3940
BAXY_WAKE_CASCADE_FAR|7680/28539|windows=355077|screened=3982
BAXY_WAKE_CASCADE_FAR|7808/28539|windows=361584|screened=4020
BAXY_WAKE_CASCADE_FAR|7936/28539|windows=367815|screened=4060
BAXY_WAKE_CASCADE_FAR|8064/28539|windows=374289|screened=4135
BAXY_WAKE_CASCADE_FAR|8192/28539|windows=381019|screened=4215
BAXY_WAKE_CASCADE_FAR|8320/28539|windows=386970|screened=4250
BAXY_WAKE_CASCADE_FAR|8448/28539|windows=393123|screened=4352
BAXY_WAKE_CASCADE_FAR|8576/28539|windows=399383|screened=4477
BAXY_WAKE_CASCADE_FAR|8704/28539|windows=404011|screened=4582
BAXY_WAKE_CASCADE_FAR|8832/28539|windows=409955|screened=4639
BAXY_WAKE_CASCADE_FAR|8960/28539|windows=415795|screened=4670
BAXY_WAKE_CASCADE_FAR|9088/28539|windows=421693|screened=4727
BAXY_WAKE_CASCADE_FAR|9216/28539|windows=427754|screened=4781
BAXY_WAKE_CASCADE_FAR|9344/28539|windows=434191|screened=4843
BAXY_WAKE_CASCADE_FAR|9472/28539|windows=439743|screened=4944
BAXY_WAKE_CASCADE_FAR|9600/28539|windows=445899|screened=5005
BAXY_WAKE_CASCADE_FAR|9728/28539|windows=452060|screened=5057
BAXY_WAKE_CASCADE_FAR|9856/28539|windows=457930|screened=5125
BAXY_WAKE_CASCADE_FAR|9984/28539|windows=463870|screened=5220
BAXY_WAKE_CASCADE_FAR|10112/28539|windows=469376|screened=5314
BAXY_WAKE_CASCADE_FAR|10240/28539|windows=475087|screened=5407
BAXY_WAKE_CASCADE_FAR|10368/28539|windows=481135|screened=5468
BAXY_WAKE_CASCADE_FAR|10496/28539|windows=487081|screened=5490
BAXY_WAKE_CASCADE_FAR|10624/28539|windows=493274|screened=5539
BAXY_WAKE_CASCADE_FAR|10752/28539|windows=499370|screened=5607
BAXY_WAKE_CASCADE_FAR|10880/28539|windows=505656|screened=5649
BAXY_WAKE_CASCADE_FAR|11008/28539|windows=511938|screened=5697
BAXY_WAKE_CASCADE_FAR|11136/28539|windows=518677|screened=5809
BAXY_WAKE_CASCADE_FAR|11264/28539|windows=524770|screened=5849
BAXY_WAKE_CASCADE_FAR|11392/28539|windows=530967|screened=5901
BAXY_WAKE_CASCADE_FAR|11520/28539|windows=537335|screened=5958
BAXY_WAKE_CASCADE_FAR|11648/28539|windows=543559|screened=6035
BAXY_WAKE_CASCADE_FAR|11776/28539|windows=549658|screened=6102
BAXY_WAKE_CASCADE_FAR|11904/28539|windows=556058|screened=6173
BAXY_WAKE_CASCADE_FAR|12032/28539|windows=561838|screened=6203
BAXY_WAKE_CASCADE_FAR|12160/28539|windows=568022|screened=6254
BAXY_WAKE_CASCADE_FAR|12288/28539|windows=574553|screened=6322
BAXY_WAKE_CASCADE_FAR|12416/28539|windows=580598|screened=6367
BAXY_WAKE_CASCADE_FAR|12544/28539|windows=586218|screened=6410
BAXY_WAKE_CASCADE_FAR|12672/28539|windows=590771|screened=6519
BAXY_WAKE_CASCADE_FAR|12800/28539|windows=597241|screened=6587
BAXY_WAKE_CASCADE_FAR|12928/28539|windows=603602|screened=6661
BAXY_WAKE_CASCADE_FAR|13056/28539|windows=609276|screened=6705
BAXY_WAKE_CASCADE_FAR|13184/28539|windows=614830|screened=6865
BAXY_WAKE_CASCADE_FAR|13312/28539|windows=621393|screened=6960
BAXY_WAKE_CASCADE_FAR|13440/28539|windows=627743|screened=7027
BAXY_WAKE_CASCADE_FAR|13568/28539|windows=634405|screened=7203
BAXY_WAKE_CASCADE_FAR|13696/28539|windows=639470|screened=7316
BAXY_WAKE_CASCADE_FAR|13824/28539|windows=645529|screened=7410
BAXY_WAKE_CASCADE_FAR|13952/28539|windows=651927|screened=7527
BAXY_WAKE_CASCADE_FAR|14080/28539|windows=658397|screened=7559
BAXY_WAKE_CASCADE_FAR|14208/28539|windows=664775|screened=7607
BAXY_WAKE_CASCADE_FAR|14336/28539|windows=671338|screened=7710
BAXY_WAKE_CASCADE_FAR|14464/28539|windows=677766|screened=7803
BAXY_WAKE_CASCADE_FAR|14592/28539|windows=683308|screened=7837
BAXY_WAKE_CASCADE_FAR|14720/28539|windows=689589|screened=7894
BAXY_WAKE_CASCADE_FAR|14848/28539|windows=695071|screened=7949
BAXY_WAKE_CASCADE_FAR|14976/28539|windows=701308|screened=7973
BAXY_WAKE_CASCADE_FAR|15104/28539|windows=707894|screened=8042
BAXY_WAKE_CASCADE_FAR|15232/28539|windows=713906|screened=8166
BAXY_WAKE_CASCADE_FAR|15360/28539|windows=719198|screened=8249
BAXY_WAKE_CASCADE_FAR|15488/28539|windows=724823|screened=8290
BAXY_WAKE_CASCADE_FAR|15616/28539|windows=731403|screened=8353
BAXY_WAKE_CASCADE_FAR|15744/28539|windows=737206|screened=8474
BAXY_WAKE_CASCADE_FAR|15872/28539|windows=743471|screened=8553
BAXY_WAKE_CASCADE_FAR|16000/28539|windows=749996|screened=8589
BAXY_WAKE_CASCADE_FAR|16128/28539|windows=756551|screened=8627
BAXY_WAKE_CASCADE_FAR|16256/28539|windows=762926|screened=8720
BAXY_WAKE_CASCADE_FAR|16384/28539|windows=769104|screened=8804
BAXY_WAKE_CASCADE_FAR|16512/28539|windows=775063|screened=8843
BAXY_WAKE_CASCADE_FAR|16640/28539|windows=781152|screened=8885
BAXY_WAKE_CASCADE_FAR|16768/28539|windows=787544|screened=9021
BAXY_WAKE_CASCADE_FAR|16896/28539|windows=793385|screened=9185
BAXY_WAKE_CASCADE_FAR|17024/28539|windows=799602|screened=9208
BAXY_WAKE_CASCADE_FAR|17152/28539|windows=804685|screened=9299
BAXY_WAKE_CASCADE_FAR|17280/28539|windows=810887|screened=9340
BAXY_WAKE_CASCADE_FAR|17408/28539|windows=816220|screened=9389
BAXY_WAKE_CASCADE_FAR|17536/28539|windows=821844|screened=9492
BAXY_WAKE_CASCADE_FAR|17664/28539|windows=827801|screened=9674
BAXY_WAKE_CASCADE_FAR|17792/28539|windows=832948|screened=9809
BAXY_WAKE_CASCADE_FAR|17920/28539|windows=838405|screened=9937
BAXY_WAKE_CASCADE_FAR|18048/28539|windows=844801|screened=9998
BAXY_WAKE_CASCADE_FAR|18176/28539|windows=850665|screened=10084
BAXY_WAKE_CASCADE_FAR|18304/28539|windows=857061|screened=10207
BAXY_WAKE_CASCADE_FAR|18432/28539|windows=862975|screened=10255
BAXY_WAKE_CASCADE_FAR|18560/28539|windows=869326|screened=10274
BAXY_WAKE_CASCADE_FAR|18688/28539|windows=875789|screened=10323
BAXY_WAKE_CASCADE_FAR|18816/28539|windows=881551|screened=10404
BAXY_WAKE_CASCADE_FAR|18944/28539|windows=887864|screened=10490
BAXY_WAKE_CASCADE_FAR|19072/28539|windows=893785|screened=10519
BAXY_WAKE_CASCADE_FAR|19200/28539|windows=899680|screened=10572
BAXY_WAKE_CASCADE_FAR|19328/28539|windows=906147|screened=10613
BAXY_WAKE_CASCADE_FAR|19456/28539|windows=912438|screened=10635
BAXY_WAKE_CASCADE_FAR|19584/28539|windows=917849|screened=10657
BAXY_WAKE_CASCADE_FAR|19712/28539|windows=923795|screened=10742
BAXY_WAKE_CASCADE_FAR|19840/28539|windows=930014|screened=10828
BAXY_WAKE_CASCADE_FAR|19968/28539|windows=936295|screened=10862
BAXY_WAKE_CASCADE_FAR|20096/28539|windows=942825|screened=10931
BAXY_WAKE_CASCADE_FAR|20224/28539|windows=949121|screened=11008
BAXY_WAKE_CASCADE_FAR|20352/28539|windows=955457|screened=11030
BAXY_WAKE_CASCADE_FAR|20480/28539|windows=961776|screened=11063
BAXY_WAKE_CASCADE_FAR|20608/28539|windows=968240|screened=11128
BAXY_WAKE_CASCADE_FAR|20736/28539|windows=974917|screened=11170
BAXY_WAKE_CASCADE_FAR|20864/28539|windows=981221|screened=11238
BAXY_WAKE_CASCADE_FAR|20992/28539|windows=987799|screened=11339
BAXY_WAKE_CASCADE_FAR|21120/28539|windows=992565|screened=11431
BAXY_WAKE_CASCADE_FAR|21248/28539|windows=998753|screened=11510
BAXY_WAKE_CASCADE_FAR|21376/28539|windows=1005061|screened=11546
BAXY_WAKE_CASCADE_FAR|21504/28539|windows=1011493|screened=11584
BAXY_WAKE_CASCADE_FAR|21632/28539|windows=1018012|screened=11654
BAXY_WAKE_CASCADE_FAR|21760/28539|windows=1024369|screened=11689
BAXY_WAKE_CASCADE_FAR|21888/28539|windows=1030230|screened=11763
BAXY_WAKE_CASCADE_FAR|22016/28539|windows=1036924|screened=11825
BAXY_WAKE_CASCADE_FAR|22144/28539|windows=1043502|screened=11880
BAXY_WAKE_CASCADE_FAR|22272/28539|windows=1049887|screened=11947
BAXY_WAKE_CASCADE_FAR|22400/28539|windows=1056257|screened=11992
BAXY_WAKE_CASCADE_FAR|22528/28539|windows=1062508|screened=12008
BAXY_WAKE_CASCADE_FAR|22656/28539|windows=1068852|screened=12032
BAXY_WAKE_CASCADE_FAR|22784/28539|windows=1074379|screened=12173
BAXY_WAKE_CASCADE_FAR|22912/28539|windows=1080662|screened=12220
BAXY_WAKE_CASCADE_FAR|23040/28539|windows=1086555|screened=12320
BAXY_WAKE_CASCADE_FAR|23168/28539|windows=1092247|screened=12370
BAXY_WAKE_CASCADE_FAR|23296/28539|windows=1096653|screened=12408
BAXY_WAKE_CASCADE_FAR|23424/28539|windows=1101845|screened=12430
BAXY_WAKE_CASCADE_FAR|23552/28539|windows=1107845|screened=12486
BAXY_WAKE_CASCADE_FAR|23680/28539|windows=1114121|screened=12528
BAXY_WAKE_CASCADE_FAR|23808/28539|windows=1120475|screened=12575
BAXY_WAKE_CASCADE_FAR|23936/28539|windows=1126648|screened=12596
BAXY_WAKE_CASCADE_FAR|24064/28539|windows=1133406|screened=12626
BAXY_WAKE_CASCADE_FAR|24192/28539|windows=1139795|screened=12682
BAXY_WAKE_CASCADE_FAR|24320/28539|windows=1146014|screened=12764
BAXY_WAKE_CASCADE_FAR|24448/28539|windows=1152621|screened=12821
BAXY_WAKE_CASCADE_FAR|24576/28539|windows=1158853|screened=12886
BAXY_WAKE_CASCADE_FAR|24704/28539|windows=1165151|screened=12990
BAXY_WAKE_CASCADE_FAR|24832/28539|windows=1170741|screened=13066
BAXY_WAKE_CASCADE_FAR|24960/28539|windows=1176386|screened=13113
BAXY_WAKE_CASCADE_FAR|25088/28539|windows=1181830|screened=13188
BAXY_WAKE_CASCADE_FAR|25216/28539|windows=1186875|screened=13252
BAXY_WAKE_CASCADE_FAR|25344/28539|windows=1193104|screened=13331
BAXY_WAKE_CASCADE_FAR|25472/28539|windows=1199297|screened=13409
BAXY_WAKE_CASCADE_FAR|25600/28539|windows=1205713|screened=13449
BAXY_WAKE_CASCADE_FAR|25728/28539|windows=1212300|screened=13486
BAXY_WAKE_CASCADE_FAR|25856/28539|windows=1218486|screened=13508
BAXY_WAKE_CASCADE_FAR|25984/28539|windows=1224239|screened=13530
BAXY_WAKE_CASCADE_FAR|26112/28539|windows=1229962|screened=13580
BAXY_WAKE_CASCADE_FAR|26240/28539|windows=1236036|screened=13629
BAXY_WAKE_CASCADE_FAR|26368/28539|windows=1242749|screened=13732
BAXY_WAKE_CASCADE_FAR|26496/28539|windows=1248564|screened=13821
BAXY_WAKE_CASCADE_FAR|26624/28539|windows=1254924|screened=13867
BAXY_WAKE_CASCADE_FAR|26752/28539|windows=1261374|screened=13947
BAXY_WAKE_CASCADE_FAR|26880/28539|windows=1267467|screened=13972
BAXY_WAKE_CASCADE_FAR|27008/28539|windows=1273589|screened=14063
BAXY_WAKE_CASCADE_FAR|27136/28539|windows=1279933|screened=14169
BAXY_WAKE_CASCADE_FAR|27264/28539|windows=1286011|screened=14268
BAXY_WAKE_CASCADE_FAR|27392/28539|windows=1292085|screened=14354
BAXY_WAKE_CASCADE_FAR|27520/28539|windows=1298869|screened=14418
BAXY_WAKE_CASCADE_FAR|27648/28539|windows=1305080|screened=14475
BAXY_WAKE_CASCADE_FAR|27776/28539|windows=1311560|screened=14517
BAXY_WAKE_CASCADE_FAR|27904/28539|windows=1317982|screened=14605
BAXY_WAKE_CASCADE_FAR|28032/28539|windows=1324598|screened=14715
BAXY_WAKE_CASCADE_FAR|28160/28539|windows=1330632|screened=14797
BAXY_WAKE_CASCADE_FAR|28288/28539|windows=1336610|screened=14872
BAXY_WAKE_CASCADE_FAR|28416/28539|windows=1343007|screened=14950
BAXY_WAKE_CASCADE_FAR|28539/28539|windows=1348864|screened=15028
BAXY_WAKE_CASCADE_EXACT|128/7827|strong=0|lexical=0
BAXY_WAKE_CASCADE_EXACT|256/7827|strong=0|lexical=0
BAXY_WAKE_CASCADE_EXACT|384/7827|strong=0|lexical=0
BAXY_WAKE_CASCADE_EXACT|512/7827|strong=0|lexical=0
BAXY_WAKE_CASCADE_EXACT|640/7827|strong=0|lexical=0
BAXY_WAKE_CASCADE_EXACT|768/7827|strong=0|lexical=0
BAXY_WAKE_CASCADE_EXACT|896/7827|strong=0|lexical=0
BAXY_WAKE_CASCADE_EXACT|1024/7827|strong=0|lexical=0
BAXY_WAKE_CASCADE_EXACT|1152/7827|strong=0|lexical=0
BAXY_WAKE_CASCADE_EXACT|1280/7827|strong=0|lexical=0
BAXY_WAKE_CASCADE_EXACT|1408/7827|strong=0|lexical=0
BAXY_WAKE_CASCADE_EXACT|1536/7827|strong=0|lexical=0
BAXY_WAKE_CASCADE_EXACT|1664/7827|strong=0|lexical=0
BAXY_WAKE_CASCADE_EXACT|1792/7827|strong=0|lexical=0
BAXY_WAKE_CASCADE_EXACT|1920/7827|strong=0|lexical=0
BAXY_WAKE_CASCADE_EXACT|2048/7827|strong=0|lexical=0
BAXY_WAKE_CASCADE_EXACT|2176/7827|strong=0|lexical=0
BAXY_WAKE_CASCADE_EXACT|2304/7827|strong=0|lexical=0
BAXY_WAKE_CASCADE_EXACT|2432/7827|strong=0|lexical=0
BAXY_WAKE_CASCADE_EXACT|2560/7827|strong=0|lexical=0
BAXY_WAKE_CASCADE_EXACT|2688/7827|strong=0|lexical=0
BAXY_WAKE_CASCADE_EXACT|2816/7827|strong=0|lexical=0
BAXY_WAKE_CASCADE_EXACT|2944/7827|strong=0|lexical=0
BAXY_WAKE_CASCADE_EXACT|3072/7827|strong=0|lexical=0
BAXY_WAKE_CASCADE_EXACT|3200/7827|strong=0|lexical=0
BAXY_WAKE_CASCADE_EXACT|3328/7827|strong=0|lexical=0
BAXY_WAKE_CASCADE_EXACT|3456/7827|strong=0|lexical=0
BAXY_WAKE_CASCADE_EXACT|3584/7827|strong=0|lexical=0
BAXY_WAKE_CASCADE_EXACT|3712/7827|strong=0|lexical=0
BAXY_WAKE_CASCADE_EXACT|3840/7827|strong=0|lexical=0
BAXY_WAKE_CASCADE_EXACT|3968/7827|strong=0|lexical=0
BAXY_WAKE_CASCADE_EXACT|4096/7827|strong=0|lexical=0
BAXY_WAKE_CASCADE_EXACT|4224/7827|strong=0|lexical=0
BAXY_WAKE_CASCADE_EXACT|4352/7827|strong=0|lexical=0
BAXY_WAKE_CASCADE_EXACT|4480/7827|strong=0|lexical=0
BAXY_WAKE_CASCADE_EXACT|4608/7827|strong=0|lexical=0
BAXY_WAKE_CASCADE_EXACT|4736/7827|strong=0|lexical=0
BAXY_WAKE_CASCADE_EXACT|4864/7827|strong=0|lexical=0
BAXY_WAKE_CASCADE_EXACT|4992/7827|strong=0|lexical=0
BAXY_WAKE_CASCADE_EXACT|5120/7827|strong=0|lexical=0
BAXY_WAKE_CASCADE_EXACT|5248/7827|strong=0|lexical=0
BAXY_WAKE_CASCADE_EXACT|5376/7827|strong=0|lexical=0
BAXY_WAKE_CASCADE_EXACT|5504/7827|strong=0|lexical=0
BAXY_WAKE_CASCADE_EXACT|5632/7827|strong=0|lexical=0
BAXY_WAKE_CASCADE_EXACT|5760/7827|strong=0|lexical=0
BAXY_WAKE_CASCADE_EXACT|5888/7827|strong=0|lexical=0
BAXY_WAKE_CASCADE_EXACT|6016/7827|strong=0|lexical=0
BAXY_WAKE_CASCADE_EXACT|6144/7827|strong=0|lexical=0
BAXY_WAKE_CASCADE_EXACT|6272/7827|strong=0|lexical=0
BAXY_WAKE_CASCADE_EXACT|6400/7827|strong=0|lexical=0
BAXY_WAKE_CASCADE_EXACT|6528/7827|strong=0|lexical=0
BAXY_WAKE_CASCADE_EXACT|6656/7827|strong=0|lexical=0
BAXY_WAKE_CASCADE_EXACT|6784/7827|strong=0|lexical=0
BAXY_WAKE_CASCADE_EXACT|6912/7827|strong=0|lexical=0
BAXY_WAKE_CASCADE_EXACT|7040/7827|strong=0|lexical=0
BAXY_WAKE_CASCADE_EXACT|7168/7827|strong=0|lexical=0
BAXY_WAKE_CASCADE_EXACT|7296/7827|strong=0|lexical=0
BAXY_WAKE_CASCADE_EXACT|7424/7827|strong=0|lexical=0
BAXY_WAKE_CASCADE_EXACT|7552/7827|strong=0|lexical=0
BAXY_WAKE_CASCADE_EXACT|7680/7827|strong=0|lexical=0
BAXY_WAKE_CASCADE_EXACT|7808/7827|strong=0|lexical=0
BAXY_WAKE_CASCADE_EXACT|7827/7827|strong=0|lexical=0
{"metrics": {"broadScreenRecords": 7827, "broadScreenWindows": 15028, "descriptiveExposureHours": 100.59087965277777, "exactUpstreamProposals": 4889, "far95UpperConfidencePerHourIfZero": 0.029781350793379457, "lexicalFalseActivations": 0, "lexicalInvocations": 0, "negativeFalseActivations": 0, "pointFalseActivationsPerHour": 0.0, "strongFalseActivations": 0, "utterances": 28539, "windowsScored": 1348864}, "passed": true, "runtime": {"batchSize": 256, "cudaDevice": "NVIDIA GeForce RTX 3060 Laptop GPU", "exactBatchSize": 1, "exactRecordBatchSize": 128, "exactRescoreSeconds": 1144.0790005000017, "recordBatchSize": 128, "screenSeconds": 3835.9175498999975}}
