{
  "exact_turn_accuracy": 0.5569620253164557,
  "retrieval_accuracy": 0.7531645569620253,
  "raw_decision_accuracy": 0.6708860759493671,
  "intent_accuracy": 0.6329113924050633,
  "effect_accuracy": 0.5569620253164557,
  "kind_accuracy": 0.6645569620253164,
  "unsafe_effects": 17,
  "total_recoveries": 0,
  "failure_causes": {
    "decision": 19,
    "none": 88,
    "retrieval": 39,
    "veto:action_grounding": 8,
    "veto:compound_conservation": 2,
    "veto:unattributed": 2
  },
  "turn_decide_seconds_p50": 0.263335,
  "turn_decide_seconds_p95": 2.499335,
  "by_outcome": {
    "action": {
      "cases": 158,
      "exact_turn_accuracy": 0.5569620253164557,
      "unsafe_effects": 17
    }
  }
}
