{
  "exact_turn_accuracy": 0.5632911392405063,
  "retrieval_accuracy": 0.7784810126582279,
  "raw_decision_accuracy": 0.6962025316455697,
  "intent_accuracy": 0.6455696202531646,
  "effect_accuracy": 0.5632911392405063,
  "kind_accuracy": 0.6708860759493671,
  "unsafe_effects": 17,
  "total_recoveries": 1,
  "failure_causes": {
    "decision": 20,
    "none": 89,
    "recovery": 1,
    "retrieval": 35,
    "veto:action_grounding": 8,
    "veto:compound_conservation": 3,
    "veto:unattributed": 2
  },
  "turn_decide_seconds_p50": 0.2720495,
  "turn_decide_seconds_p95": 2.77286,
  "by_outcome": {
    "action": {
      "cases": 158,
      "exact_turn_accuracy": 0.5632911392405063,
      "unsafe_effects": 17
    }
  }
}
