baseline 1/860 critical:greeting_es: conversation
baseline 2/860 critical:why_after_failure: conversation
baseline 3/860 critical:what_after_offer: conversation
baseline 4/860 critical:knowledge_es: conversation
baseline 5/860 critical:single_action_es: conversation
baseline 6/860 critical:compound_plan_es: conversation
baseline 7/860 critical:ambiguous_reference_es: conversation
baseline 8/860 critical:unsupported_taxi_es: conversation
baseline 9/860 context:greeting_en: conversation
baseline 10/860 context:unsupported_food_delivery: conversation
baseline 11/860 context:spanglish_action: conversation
baseline 12/860 context:pronoun_with_history: clarify
baseline 13/860 holdout:massive-v1.1:en-US:12618: conversation
baseline 14/860 holdout:massive-v1.1:en-US:9691: conversation
baseline 15/860 holdout:presto-v1:en-US:4af524f894776bd048c9a355859d9b2a6a8cd94a244b4a05e057205fbf9b28d8: action
baseline 16/860 holdout:massive-v1.1:en-US:7847: conversation
baseline 17/860 holdout:massive-v1.1:en-US:10352: action
baseline 18/860 holdout:presto-v1:es-ES:e0a2afe972c3f590160d6f89bb46302043f34478e5b0c17377483d03d98906dd: conversation
baseline 19/860 holdout:massive-v1.1:en-US:13192: conversation
baseline 20/860 holdout:massive-v1.1:es-ES:2472: conversation
baseline 21/860 holdout:massive-v1.1:es-ES:13694: conversation
baseline 22/860 holdout:massive-v1.1:en-US:14526: conversation
baseline 23/860 holdout:massive-v1.1:es-ES:15092: conversation
baseline 24/860 holdout:presto-v1:en-US:b8b149dc8c011e2a575587718507cc40907e14c3ec80a4defb7901eddcea36c1: action
baseline 25/860 holdout:massive-v1.1:en-US:13342: conversation
baseline 26/860 holdout:massive-v1.1:en-US:5774: conversation
baseline 27/860 holdout:presto-v1:en-US:4e686d54a4c29f35afdd57e46c08023c4f3a849bcc755d2105bed332006c8950: action
baseline 28/860 holdout:massive-v1.1:en-US:4449: action
baseline 29/860 holdout:massive-v1.1:es-ES:11827: conversation
baseline 30/860 holdout:massive-v1.1:en-US:14787: conversation
baseline 31/860 holdout:presto-v1:en-US:25594bc18ff7fdb9141e716574f07f623cb0cef1061a0c90e30c97c8ad3a32ba: conversation
baseline 32/860 holdout:massive-v1.1:es-ES:13186: conversation
baseline 33/860 holdout:presto-v1:es-ES:1e41e7df5d6e858309313bdd189af2982a2be5e025cb404a1e488db020d9c11a: action
baseline 34/860 holdout:massive-v1.1:es-ES:3576: conversation
baseline 35/860 holdout:massive-v1.1:es-ES:10832: conversation
baseline 36/860 holdout:presto-v1:es-ES:02a78471b4d9173661949ddb0a74c44d1a5352a2a006db4b59f97616e1000044: conversation
baseline 37/860 holdout:massive-v1.1:en-US:13303: conversation
baseline 38/860 holdout:massive-v1.1:es-ES:6147: conversation
baseline 39/860 holdout:massive-v1.1:es-ES:6923: action
baseline 40/860 holdout:massive-v1.1:es-ES:9680: clarify
baseline 41/860 holdout:massive-v1.1:es-ES:102: conversation
baseline 42/860 holdout:massive-v1.1:es-ES:7664: conversation
baseline 43/860 holdout:massive-v1.1:en-US:2921: conversation
baseline 44/860 holdout:massive-v1.1:en-US:1760: conversation
baseline 45/860 holdout:presto-v1:es-ES:a7e647dadb1435c817df9f6e195e733e9dae846040bb3d51ef59cd48dc45bb10: conversation
baseline 46/860 holdout:massive-v1.1:en-US:1124: conversation
baseline 47/860 holdout:massive-v1.1:en-US:11616: action
baseline 48/860 holdout:massive-v1.1:en-US:14306: conversation
baseline 49/860 holdout:massive-v1.1:en-US:1982: action
baseline 50/860 holdout:massive-v1.1:en-US:9110: conversation
baseline 51/860 holdout:presto-v1:en-US:b782e89432ac8f1073900ced3467fb77b756247923160914c1ea30cd2fce536d: action
baseline 52/860 holdout:massive-v1.1:es-ES:13685: conversation
baseline 53/860 holdout:presto-v1:es-ES:21eeb579ce670bff90249ea1de06895a4deb0b3038e52a9051a9dd55064a8dc6: conversation
baseline 54/860 holdout:massive-v1.1:en-US:8280: action
baseline 55/860 holdout:massive-v1.1:es-ES:5871: action
baseline 56/860 holdout:massive-v1.1:es-ES:319: conversation
baseline 57/860 holdout:massive-v1.1:es-ES:6457: conversation
baseline 58/860 holdout:massive-v1.1:es-ES:8260: conversation
baseline 59/860 holdout:presto-v1:en-US:7e5c08df4bc718166253b68e18910abd277ff9a058e3cd478d85ee2741daa5b9: conversation
baseline 60/860 holdout:massive-v1.1:es-ES:9014: clarify
baseline 61/860 holdout:massive-v1.1:en-US:6515: conversation
baseline 62/860 holdout:presto-v1:en-US:42d645779bf716affa4311d7f47fe29d9fbf7c457f9ec0a3e29c8dc548f26729: action
baseline 63/860 holdout:massive-v1.1:en-US:15109: conversation
baseline 64/860 holdout:presto-v1:en-US:66b0c169d49d2f4169a3c1a10659bb12d398dfca1f6c62baaba29275c0ad063d: conversation
baseline 65/860 holdout:presto-v1:es-ES:d0c9924e2ac8e58c88d19c095a1b2b38e9672deaed11b17c93295bf7b750157c: conversation
baseline 66/860 holdout:massive-v1.1:en-US:14857: conversation
baseline 67/860 holdout:presto-v1:en-US:fd2f9ba16e9c52bec81fe3afa49c8945d7540af148b66741caf32f12b21d1ae9: conversation
baseline 68/860 holdout:massive-v1.1:en-US:660: conversation
baseline 69/860 holdout:presto-v1:es-ES:af139d3dfb075d7c64ca9263bb4bef5576591d4cef71786c1fde316d3c25ae16: conversation
baseline 70/860 holdout:presto-v1:es-ES:68aa847bfab724a144fb8fd9c65bd7a4dd72dc6787c8d0b1b4aafb9b11e5d5d0: conversation
baseline 71/860 holdout:presto-v1:en-US:98da575341d1390a9a60df28b56b9a8b9737557a53d4a5c2eae51a9a45dcc15c: action
baseline 72/860 holdout:massive-v1.1:es-ES:12008: action
baseline 73/860 holdout:massive-v1.1:en-US:3349: conversation
baseline 74/860 holdout:presto-v1:en-US:2d276d38809c5852dee44cf18c76f26dde635baa75dc4d0311367c48fabde270: conversation
baseline 75/860 holdout:presto-v1:es-ES:993662af4333d2a2bb63083094e88f3abc242469bcb0ce90b5f019b0542d2b83: conversation
baseline 76/860 holdout:massive-v1.1:en-US:9640: conversation
baseline 77/860 holdout:massive-v1.1:es-ES:4227: conversation
baseline 78/860 holdout:presto-v1:en-US:e7f9ed36f81ef233e7355ae08251358dc3e78918488843281000c791a55d84f6: conversation
baseline 79/860 holdout:massive-v1.1:en-US:14591: conversation
baseline 80/860 holdout:massive-v1.1:en-US:14138: conversation
baseline 81/860 holdout:massive-v1.1:en-US:11427: conversation
baseline 82/860 holdout:massive-v1.1:en-US:3624: action
baseline 83/860 holdout:massive-v1.1:en-US:7598: conversation
baseline 84/860 holdout:presto-v1:es-ES:e18d74681ad00d5a6c8dd89cdfb247f8bc0cf52c4a046bb87aaa3b2048740d44: conversation
baseline 85/860 holdout:massive-v1.1:en-US:4461: conversation
baseline 86/860 holdout:massive-v1.1:en-US:59: action
baseline 87/860 holdout:massive-v1.1:en-US:6064: conversation
baseline 88/860 holdout:massive-v1.1:en-US:13172: conversation
baseline 89/860 holdout:massive-v1.1:en-US:2717: conversation
baseline 90/860 holdout:presto-v1:es-ES:687a68db575766ad6fd82925c1df1a3c491935d5bde86569a2ab40a726ee6055: conversation
baseline 91/860 holdout:presto-v1:es-ES:ec9cd6c72e3283f5eb78d5ebfbefb5bda839ce48ec98d62a8725856bbbb55910: conversation
baseline 92/860 holdout:massive-v1.1:es-ES:6897: action
baseline 93/860 holdout:massive-v1.1:en-US:8204: action
baseline 94/860 holdout:massive-v1.1:es-ES:10263: conversation
baseline 95/860 holdout:massive-v1.1:es-ES:9656: conversation
baseline 96/860 holdout:presto-v1:en-US:1be97991065a27ec929e71837f1d41a6ccad2a702db4ffe238de9cdfd40e4181: conversation
baseline 97/860 holdout:massive-v1.1:es-ES:5721: conversation
baseline 98/860 holdout:massive-v1.1:en-US:4813: conversation
baseline 99/860 holdout:massive-v1.1:en-US:9269: conversation
baseline 100/860 holdout:massive-v1.1:es-ES:10045: conversation
baseline 101/860 holdout:presto-v1:es-ES:6e0c101929cdb67e1175eb2471c4425431733f333e156d828c6008fbf565aa29: conversation
baseline 102/860 holdout:massive-v1.1:en-US:1093: clarify
baseline 103/860 holdout:presto-v1:es-ES:e64cfe16533dd2f88ace37c59668890325aa28005c09dc42ca48ebb621acf4e3: clarify
baseline 104/860 holdout:presto-v1:en-US:7adb3536549d79eecc551ff4bab3dc8fe94f761818bd769cad18f168eb439c0f: action
baseline 105/860 holdout:presto-v1:es-ES:304d3187bb36d856aae590b4faeb56b4c3360235953b637a6ee1a56c1e409ca2: conversation
baseline 106/860 holdout:massive-v1.1:en-US:14453: conversation
baseline 107/860 holdout:massive-v1.1:en-US:5593: action
baseline 108/860 holdout:massive-v1.1:es-ES:2085: conversation
baseline 109/860 holdout:massive-v1.1:en-US:8290: action
baseline 110/860 holdout:presto-v1:en-US:03c278908aaaecdaf4de6ff186dba88a1422f5d15a02409178d3d5b35cc1cebb: conversation
baseline 111/860 holdout:massive-v1.1:es-ES:3096: conversation
baseline 112/860 holdout:massive-v1.1:en-US:2168: clarify
baseline 113/860 holdout:massive-v1.1:es-ES:751: conversation
baseline 114/860 holdout:massive-v1.1:es-ES:2062: conversation
baseline 115/860 holdout:massive-v1.1:es-ES:8968: conversation
baseline 116/860 holdout:massive-v1.1:es-ES:1666: conversation
baseline 117/860 holdout:massive-v1.1:en-US:1007: action
baseline 118/860 holdout:massive-v1.1:es-ES:2206: conversation
baseline 119/860 holdout:massive-v1.1:en-US:14418: conversation
baseline 120/860 holdout:massive-v1.1:en-US:12413: conversation
baseline 121/860 holdout:presto-v1:es-ES:c881aea22727cf49ebe8f5e8393df9caf7695345f6609aff29ff5b9d572e7341: conversation
baseline 122/860 holdout:massive-v1.1:es-ES:3228: action
baseline 123/860 holdout:massive-v1.1:es-ES:11825: conversation
baseline 124/860 holdout:presto-v1:en-US:e710a114d5abb3c5535cb914d9afc5bf3b70e8005042b9990f1770c5356a6a88: conversation
baseline 125/860 holdout:massive-v1.1:en-US:11384: conversation
baseline 126/860 holdout:presto-v1:es-ES:1d096b575b240e08031009ed7f6e6c99c82b9451979b583e59ff8a60ba44579c: conversation
baseline 127/860 holdout:massive-v1.1:en-US:8140: clarify
baseline 128/860 holdout:presto-v1:es-ES:8465f48a8cbb395d9ab09b2d45d27178eaa4c3a53b098707617e0a000bc5f3ba: conversation
baseline 129/860 holdout:massive-v1.1:es-ES:9358: action
baseline 130/860 holdout:massive-v1.1:en-US:1156: conversation
baseline 131/860 holdout:massive-v1.1:en-US:11438: conversation
baseline 132/860 holdout:massive-v1.1:en-US:5688: conversation
baseline 133/860 holdout:massive-v1.1:es-ES:14429: conversation
baseline 134/860 holdout:massive-v1.1:en-US:7355: conversation
baseline 135/860 holdout:massive-v1.1:en-US:14555: clarify
baseline 136/860 holdout:massive-v1.1:es-ES:4400: conversation
baseline 137/860 holdout:presto-v1:en-US:7d539b69847b857b74e859da5590afb02ba5ee58284ed5ba612db7a1896da56d: conversation
baseline 138/860 holdout:massive-v1.1:es-ES:13592: conversation
baseline 139/860 holdout:massive-v1.1:es-ES:13023: plan
baseline 140/860 holdout:massive-v1.1:en-US:3406: conversation
baseline 141/860 holdout:massive-v1.1:es-ES:8404: clarify
baseline 142/860 holdout:massive-v1.1:es-ES:486: conversation
baseline 143/860 holdout:presto-v1:en-US:216247dfff7f140b76c5063db0165e9e5dce7ae0bf9396859d1d40f715c27cfd: conversation
baseline 144/860 holdout:presto-v1:es-ES:61887c6e258d946ea6a19dc81bf04e63eb9eca27beeb9d063161d50dc22051b7: conversation
baseline 145/860 holdout:massive-v1.1:es-ES:13854: conversation
baseline 146/860 holdout:massive-v1.1:en-US:3276: conversation
baseline 147/860 holdout:presto-v1:es-ES:c30ff80d4ba876d42bba23a0867fee1e9305d8185cd0e6df25ae895dc5a33d73: conversation
baseline 148/860 holdout:presto-v1:en-US:134fa328a757a8ef5a8266338ad57e2eb5aa1c3af04b77942eeab1e231a5e3a5: conversation
baseline 149/860 holdout:massive-v1.1:en-US:12634: conversation
baseline 150/860 holdout:presto-v1:en-US:ebed4458e51ae490adf5c0bc198fd4c19bf90fded79cb2565da8ea998dd9c4c9: conversation
baseline 151/860 holdout:presto-v1:es-ES:4bd70c374d5f96db97ca3afac48f4c6894920a26188f69a960c4204474f15617: conversation
baseline 152/860 holdout:massive-v1.1:en-US:8525: action
baseline 153/860 holdout:presto-v1:es-ES:897eb3bf100b987caa777d94bde59833d4e66997b1cc2535728db0abab408f4a: conversation
baseline 154/860 holdout:massive-v1.1:en-US:8085: conversation
baseline 155/860 holdout:presto-v1:en-US:863d5a0309f83ef6134a0cc2fb87fdd472b49eabafb3e8785df6269678f84760: conversation
baseline 156/860 holdout:presto-v1:en-US:9442a71fa6d2d3be2e0cc2dff562197872a81b011deab420faae92da08413314: conversation
baseline 157/860 holdout:massive-v1.1:es-ES:5970: conversation
baseline 158/860 holdout:massive-v1.1:es-ES:13383: conversation
baseline 159/860 holdout:presto-v1:en-US:a4ff170c6577ec66d673b7b5f9e1e7769823e060018a95c57a3e13ea45e294a7: conversation
baseline 160/860 holdout:massive-v1.1:es-ES:6710: conversation
baseline 161/860 holdout:massive-v1.1:es-ES:8290: action
baseline 162/860 holdout:presto-v1:en-US:aa2dc4e18dd2fd553ecb73de611d9ca07f78441004f9646355571c8750fe44f4: conversation
baseline 163/860 holdout:presto-v1:es-ES:3e3600fb6f8f3f900d340bdb9757a1c6f1338d92e11eb854145505b745dd917b: conversation
baseline 164/860 holdout:presto-v1:en-US:90795e28602e7daf65d2ec67b1250383a3020466e974a99ed707b3541c60cad1: conversation
baseline 165/860 holdout:presto-v1:es-ES:54017227db1e7c17fa640574fd31dbf81806740cb2d7612ba6a2fe730c699a48: action
baseline 166/860 holdout:presto-v1:es-ES:bd563d6840638b23fe22663ca2df7113dc08c69889837b28ca45b356eb4ceb4c: conversation
baseline 167/860 holdout:massive-v1.1:en-US:3474: conversation
baseline 168/860 holdout:massive-v1.1:es-ES:9507: conversation
baseline 169/860 holdout:massive-v1.1:es-ES:6593: conversation
baseline 170/860 holdout:massive-v1.1:es-ES:9632: conversation
baseline 171/860 holdout:massive-v1.1:en-US:3295: conversation
baseline 172/860 holdout:massive-v1.1:en-US:9321: conversation
baseline 173/860 holdout:massive-v1.1:es-ES:14038: conversation
baseline 174/860 holdout:massive-v1.1:es-ES:2917: conversation
baseline 175/860 holdout:presto-v1:es-ES:2194ff2a89e244c6470305ca0342218150a599749eb1fcc728e6a7cc4ec772a1: conversation
baseline 176/860 holdout:massive-v1.1:en-US:6473: conversation
baseline 177/860 holdout:presto-v1:es-ES:a1c8f274f3eb656d2eed1caa291cd2fed1bab5c9f5b5cd5dce2a8bf2227d2a1b: conversation
baseline 178/860 holdout:massive-v1.1:es-ES:11570: conversation
baseline 179/860 holdout:massive-v1.1:en-US:4673: conversation
baseline 180/860 holdout:massive-v1.1:es-ES:6789: clarify
baseline 181/860 holdout:massive-v1.1:en-US:5902: action
baseline 182/860 holdout:massive-v1.1:en-US:13283: conversation
baseline 183/860 holdout:presto-v1:es-ES:945be638744e471452d3343afba66b9377a50070d60d0fcdb0919c85b8a2d17d: conversation
baseline 184/860 holdout:presto-v1:en-US:0b3a3a80f76375119559b38cb43830e51cc7674569513d02b5659248ddb22602: conversation
baseline 185/860 holdout:massive-v1.1:en-US:11911: conversation
baseline 186/860 holdout:massive-v1.1:es-ES:14083: conversation
baseline 187/860 holdout:massive-v1.1:en-US:1202: conversation
baseline 188/860 holdout:massive-v1.1:en-US:5703: conversation
baseline 189/860 holdout:massive-v1.1:en-US:10177: conversation
baseline 190/860 holdout:massive-v1.1:en-US:12908: conversation
baseline 191/860 holdout:presto-v1:en-US:0fc0b703edd8d72f512af29c2b27e510076a66bee7f1e63902e531d8e6f8b358: conversation
baseline 192/860 holdout:massive-v1.1:es-ES:1156: conversation
baseline 193/860 holdout:massive-v1.1:es-ES:14605: conversation
baseline 194/860 holdout:massive-v1.1:en-US:3021: conversation
baseline 195/860 holdout:massive-v1.1:en-US:6411: action
baseline 196/860 holdout:massive-v1.1:en-US:7151: action
baseline 197/860 holdout:massive-v1.1:es-ES:4449: conversation
baseline 198/860 holdout:massive-v1.1:es-ES:2007: conversation
baseline 199/860 holdout:presto-v1:es-ES:635867f77972063517b22441c9ce9d75f0fdb5ddb21a349d58ce9d36324b9f00: conversation
baseline 200/860 holdout:massive-v1.1:en-US:11458: conversation
baseline 201/860 holdout:massive-v1.1:en-US:4375: conversation
baseline 202/860 holdout:presto-v1:es-ES:92ad3f6cc27ebaaa34b4bf1b63de0ea49ab0b7c3737d79f8edb0af01ed6ee06e: conversation
baseline 203/860 holdout:massive-v1.1:es-ES:2781: clarify
baseline 204/860 holdout:massive-v1.1:en-US:6789: plan
baseline 205/860 holdout:massive-v1.1:en-US:7044: action
baseline 206/860 holdout:massive-v1.1:en-US:13592: conversation
baseline 207/860 holdout:massive-v1.1:es-ES:3031: plan
baseline 208/860 holdout:presto-v1:es-ES:423b6cc7cd8c03e7e00f613415812bb9395f23a1d1542a74c22b3d8c7efce2c8: action
baseline 209/860 holdout:massive-v1.1:en-US:220: action
baseline 210/860 holdout:presto-v1:es-ES:5bb79857dbe96097adfa7ab996f4c5a55be1a35d192b27bb7838ce2b67cda0ee: conversation
baseline 211/860 holdout:massive-v1.1:en-US:12430: conversation
baseline 212/860 holdout:massive-v1.1:en-US:12824: conversation
baseline 213/860 holdout:presto-v1:en-US:20a621f244c64c6855c3d067b7e55b0f52a9e4fe4766977d450e9b3571c2cf07: action
baseline 214/860 holdout:massive-v1.1:en-US:8251: action
baseline 215/860 holdout:massive-v1.1:es-ES:7013: conversation
baseline 216/860 holdout:massive-v1.1:es-ES:9630: action
baseline 217/860 holdout:massive-v1.1:es-ES:14505: clarify
baseline 218/860 holdout:massive-v1.1:es-ES:533: conversation
baseline 219/860 holdout:massive-v1.1:en-US:5245: clarify
baseline 220/860 holdout:massive-v1.1:en-US:14457: conversation
baseline 221/860 holdout:massive-v1.1:es-ES:10055: conversation
baseline 222/860 holdout:presto-v1:en-US:aa50939e8fa4b259900d934fda4f2301d64628b9bc2b854d7d92becb6b6b76d5: conversation
baseline 223/860 holdout:massive-v1.1:es-ES:3694: action
baseline 224/860 holdout:massive-v1.1:en-US:11331: conversation
baseline 225/860 holdout:presto-v1:en-US:f9d47c3fa52f6fa8406179d3baae37dd66d14316cafc274c5c82e746b34e2f14: action
baseline 226/860 holdout:presto-v1:es-ES:12bc99cadf7712c5d33e7ac161b1bff33eb714cc86f1f7bba652083afc42b602: action
baseline 227/860 holdout:massive-v1.1:es-ES:441: conversation
baseline 228/860 holdout:presto-v1:en-US:73af60941c837faecdfb94daafde29f0a70a4e36d1a77a594281d2b6240c6c2d: action
baseline 229/860 holdout:massive-v1.1:en-US:5439: clarify
baseline 230/860 holdout:massive-v1.1:en-US:9793: action
baseline 231/860 holdout:presto-v1:en-US:3ea85903d6c66e6839c7270bbd5d3ad671c3294f44c51cdec9b184e4d9ec7114: conversation
baseline 232/860 holdout:massive-v1.1:en-US:11368: action
baseline 233/860 holdout:presto-v1:en-US:b427b5005176b7d7657e3158de093ed8abb281319f4b1116ba4c91237e5edc63: plan
baseline 234/860 holdout:massive-v1.1:es-ES:9225: conversation
baseline 235/860 holdout:massive-v1.1:es-ES:9772: conversation
baseline 236/860 holdout:presto-v1:es-ES:9049759cf9671c604a936fadf08a8949bcac50085a44e3a140dc586aee549a71: conversation
baseline 237/860 holdout:massive-v1.1:en-US:4909: action
baseline 238/860 holdout:massive-v1.1:es-ES:424: conversation
baseline 239/860 holdout:massive-v1.1:es-ES:14101: conversation
baseline 240/860 holdout:massive-v1.1:en-US:14323: conversation
baseline 241/860 holdout:massive-v1.1:es-ES:11987: conversation
baseline 242/860 holdout:presto-v1:es-ES:e2d965db6c0b316319fb4a9c335fe1cd88a1305e0341270eadfd1b496c56d961: conversation
baseline 243/860 holdout:massive-v1.1:en-US:46: conversation
baseline 244/860 holdout:massive-v1.1:en-US:13871: conversation
baseline 245/860 holdout:massive-v1.1:en-US:437: clarify
baseline 246/860 holdout:massive-v1.1:es-ES:2560: action
baseline 247/860 holdout:massive-v1.1:es-ES:10217: action
baseline 248/860 holdout:presto-v1:es-ES:ff760fe33d0390aae2f94f703518522e71923e85dbf4eed9de04314fbb3a6685: conversation
baseline 249/860 holdout:presto-v1:en-US:ad07baededd97854f30d39d4fda3b80ed2d3d93b60763b26a6a2b529ff574da4: conversation
baseline 250/860 holdout:presto-v1:es-ES:18a28708d31b1713923fda2f041b28b73797f3187da7ad622fe2016c188dca0b: conversation
baseline 251/860 holdout:massive-v1.1:en-US:8116: conversation
baseline 252/860 holdout:massive-v1.1:en-US:7467: conversation
baseline 253/860 holdout:massive-v1.1:es-ES:14414: conversation
baseline 254/860 holdout:massive-v1.1:es-ES:6557: clarify
baseline 255/860 holdout:presto-v1:es-ES:28bdc1a1aeb9460d6b207d5f609c8959bc7d2e03483cda0e24a4445255dd17ac: conversation
baseline 256/860 holdout:massive-v1.1:es-ES:3460: conversation
baseline 257/860 holdout:presto-v1:es-ES:4e42d743300a133ce8a7ba5bca756f3cbb4a22854604b33627ab8f81ada084cc: conversation
baseline 258/860 holdout:presto-v1:es-ES:2aa71ef6cdc5839e1c5572e7ae3f9e4aee872c04dd336a2be7fe2f5c28f7d5b2: conversation
baseline 259/860 holdout:massive-v1.1:es-ES:14011: conversation
baseline 260/860 holdout:massive-v1.1:es-ES:7477: clarify
baseline 261/860 holdout:massive-v1.1:en-US:6172: conversation
baseline 262/860 holdout:massive-v1.1:es-ES:7450: conversation
baseline 263/860 holdout:massive-v1.1:en-US:5134: conversation
baseline 264/860 holdout:massive-v1.1:en-US:1684: clarify
baseline 265/860 holdout:massive-v1.1:es-ES:5722: conversation
