evidence 1/320 holdout:massive-v1.1:en-US:11844: action
evidence 2/320 holdout:presto-v1:es-ES:9bf1bd8005ece14a42363494dd5298e19a38784244fd2764dda566a5e3ce1bf5: action
evidence 3/320 holdout:massive-v1.1:es-ES:3686: clarify
evidence 4/320 holdout:presto-v1:es-ES:d5c2967a9ba876168647eca4aeee388c5722e11121c3d3407b981d2496e3f9ff: conversation
evidence 5/320 holdout:massive-v1.1:es-ES:2207: conversation
evidence 6/320 holdout:massive-v1.1:en-US:4187: conversation
evidence 7/320 holdout:massive-v1.1:en-US:10346: conversation
evidence 8/320 holdout:presto-v1:es-ES:9fe45ec909d1dd4cfe2c5c663461154f4cef9c9f5b49acd834b2451a58fb6a2d: conversation
evidence 9/320 holdout:massive-v1.1:es-ES:12957: conversation
evidence 10/320 holdout:presto-v1:es-ES:8f9b63526def42520cb8a42a3283631992368b0d480066a5ddf552ddc5bdf562: conversation
evidence 11/320 holdout:presto-v1:en-US:da9c049a6cb02a26d9a1472d26fd6773b5d2237ed686b5725c60fa157336789b: conversation
evidence 12/320 holdout:massive-v1.1:en-US:3779: action
evidence 13/320 holdout:massive-v1.1:es-ES:5557: action
evidence 14/320 holdout:presto-v1:en-US:fbc3481a594ef214e2d6ff9c2ee820bd5bd3ec9859ef029b73fca37f449f85c5: conversation
evidence 15/320 holdout:massive-v1.1:es-ES:7565: action
evidence 16/320 holdout:massive-v1.1:en-US:11782: conversation
evidence 17/320 holdout:massive-v1.1:es-ES:6023: conversation
evidence 18/320 holdout:massive-v1.1:en-US:9924: conversation
evidence 19/320 holdout:presto-v1:es-ES:20c904b3dbbfaef217824956f619d781bb90a87d53973cca1e3b00c4623a2fcc: conversation
evidence 20/320 holdout:presto-v1:es-ES:0a2a1025990081df1b69f00882a920883e4a70d1e2d2a66939fc3d414c3d74be: clarify
evidence 21/320 holdout:massive-v1.1:es-ES:10366: conversation
evidence 22/320 holdout:massive-v1.1:en-US:8426: conversation
evidence 23/320 holdout:presto-v1:en-US:558cdc803361a56d9d23765663c004b4594a76448638ed53aea82066ee71ffe6: conversation
evidence 24/320 holdout:massive-v1.1:es-ES:11841: conversation
evidence 25/320 holdout:presto-v1:en-US:bf337399df07abb773337082da02d9afa0d7430bc5954533bcf7210a32b09415: conversation
evidence 26/320 holdout:massive-v1.1:en-US:12736: conversation
evidence 27/320 holdout:presto-v1:es-ES:fae5906c0dad9eb02f0cff5669548bc99432dc3abf2bf80937f581ca38e13be5: conversation
evidence 28/320 holdout:presto-v1:en-US:86ceb545dac8c34c11c231692c0d5f697f6e0c91a5c34acbb793ca44df0c91f5: action
evidence 29/320 holdout:massive-v1.1:es-ES:5997: conversation
evidence 30/320 holdout:massive-v1.1:es-ES:13223: conversation
evidence 31/320 holdout:massive-v1.1:en-US:10335: conversation
evidence 32/320 holdout:massive-v1.1:en-US:9617: action
evidence 33/320 holdout:massive-v1.1:en-US:3117: action
evidence 34/320 holdout:massive-v1.1:es-ES:14465: action
evidence 35/320 holdout:massive-v1.1:es-ES:585: conversation
evidence 36/320 holdout:massive-v1.1:en-US:7613: clarify
evidence 37/320 holdout:massive-v1.1:en-US:5427: conversation
evidence 38/320 holdout:presto-v1:es-ES:b5fc003a6709c0a443fca0d8c20218c4a5420bf8cf21ee42d0aba9103a563b4e: conversation
evidence 39/320 holdout:presto-v1:es-ES:b8d461b01e57b161966632cfb3a7c8cab1d58730774b32db86e6aa5dd17097de: conversation
evidence 40/320 holdout:massive-v1.1:en-US:6352: conversation
evidence 41/320 holdout:massive-v1.1:en-US:11733: conversation
evidence 42/320 holdout:massive-v1.1:es-ES:10220: action
evidence 43/320 holdout:presto-v1:es-ES:8c6cb9f2eaf1058f0d9c1f3f36ac16e20c76d4d48061b49c034e8c0437ebaa7a: action
evidence 44/320 holdout:presto-v1:es-ES:4b0e394812b6710877556757cbaee84bf69d8a24f3700d787209f74324c4d249: conversation
evidence 45/320 holdout:presto-v1:es-ES:daf990b56cf51feaabbf0cea0bd54eb4ad4aad25d631e9e75733e7493b14b2ed: action
evidence 46/320 holdout:massive-v1.1:es-ES:10097: conversation
evidence 47/320 holdout:massive-v1.1:es-ES:5365: action
evidence 48/320 holdout:massive-v1.1:en-US:4491: conversation
evidence 49/320 holdout:massive-v1.1:en-US:430: action
evidence 50/320 holdout:massive-v1.1:en-US:738: action
evidence 51/320 holdout:presto-v1:es-ES:97990a663deeb9167abd76727fe0b980fcac6ea5db6439328fa801bb4967126c: conversation
evidence 52/320 holdout:massive-v1.1:en-US:411: conversation
evidence 53/320 holdout:presto-v1:en-US:d905dd1ba306f28c578a616a39c266e286a3caa551ed309c73a06c96cd05ef8c: action
evidence 54/320 holdout:massive-v1.1:en-US:6166: conversation
evidence 55/320 holdout:massive-v1.1:en-US:7918: clarify
evidence 56/320 holdout:massive-v1.1:en-US:8260: conversation
evidence 57/320 holdout:presto-v1:es-ES:9e0c9549b944ca345339f89135c9c323e33d941059acbaea61490211d6b43bf0: conversation
evidence 58/320 holdout:massive-v1.1:es-ES:5297: conversation
evidence 59/320 holdout:presto-v1:es-ES:01793349a00b7dc265702fd42e94c21755e5eeadf14cc9416510ef3e459b5b0d: conversation
evidence 60/320 holdout:massive-v1.1:en-US:4692: action
evidence 61/320 holdout:massive-v1.1:es-ES:12245: conversation
evidence 62/320 holdout:massive-v1.1:en-US:11612: conversation
evidence 63/320 holdout:massive-v1.1:en-US:7774: clarify
evidence 64/320 holdout:massive-v1.1:en-US:3761: clarify
evidence 65/320 holdout:presto-v1:es-ES:f83afd21ad6c54ce1b3ec931f1e889cf67a8852e616fd6dfa9e60ca4312a44f3: conversation
evidence 66/320 holdout:presto-v1:en-US:c6011958ca483537f1dfec92b7206cee4df7b3c62e0f06cb26113b9699b57f58: conversation
evidence 67/320 holdout:massive-v1.1:es-ES:14457: conversation
evidence 68/320 holdout:presto-v1:es-ES:0c3500bc3c995fb574d8bc0a9c9d4fc171507b521ccbfb2b3f908ed8fc2e7975: conversation
evidence 69/320 holdout:massive-v1.1:en-US:2560: clarify
evidence 70/320 holdout:massive-v1.1:es-ES:1256: conversation
evidence 71/320 holdout:massive-v1.1:en-US:14553: conversation
evidence 72/320 holdout:presto-v1:es-ES:1dc5565b325ea88ef3ebde0f0a9b13f52fb11494bf81616cf51e7a3653d4774a: action
evidence 73/320 holdout:massive-v1.1:es-ES:4587: conversation
evidence 74/320 holdout:massive-v1.1:en-US:967: action
evidence 75/320 holdout:massive-v1.1:es-ES:5134: conversation
evidence 76/320 holdout:massive-v1.1:es-ES:11353: conversation
evidence 77/320 holdout:presto-v1:es-ES:676864d16124a7c8a39b906ebfd53fcf11dd40fc34f5839883c400bea8b5caef: clarify
evidence 78/320 holdout:presto-v1:en-US:5267923267922ac5fd3b2c4eaeeb72df4cadb019c34e2c6616bcbf32e12653d3: conversation
evidence 79/320 holdout:presto-v1:en-US:6e740b5e5873653129c07152afb5fd3e714c4dbe1fc5b48dd9058d2843397b39: conversation
evidence 80/320 holdout:massive-v1.1:es-ES:13177: conversation
evidence 81/320 holdout:massive-v1.1:en-US:7013: conversation
evidence 82/320 holdout:massive-v1.1:en-US:5082: action
evidence 83/320 holdout:presto-v1:en-US:e97f0505b2a9bbf83d53e55da2b25a9728185130889a980ac73863af23ce1a72: conversation
evidence 84/320 holdout:massive-v1.1:es-ES:5037: conversation
evidence 85/320 holdout:presto-v1:es-ES:80530d5c0044b334680fea4ff2b31ef0d0411040f26fe6bedb2f526c9361ba13: conversation
evidence 86/320 holdout:massive-v1.1:en-US:11279: conversation
evidence 87/320 holdout:massive-v1.1:en-US:3907: action
evidence 88/320 holdout:massive-v1.1:en-US:1962: conversation
evidence 89/320 holdout:presto-v1:es-ES:8805215e37f2e3be149bb4757531efe378e1e43503a4c4df222505182d101bbd: action
evidence 90/320 holdout:massive-v1.1:en-US:14653: conversation
evidence 91/320 holdout:massive-v1.1:en-US:2432: conversation
evidence 92/320 holdout:massive-v1.1:en-US:14316: conversation
evidence 93/320 holdout:presto-v1:es-ES:7dce8ec3c3c9c4354cdababc9844d8f99a3466b7c33d3a4e5488f69c7c1c7879: conversation
evidence 94/320 holdout:presto-v1:es-ES:66122e972039f130db38e4394e484e5a5d668bcfd42aa8eb583e6955b46dc81b: conversation
evidence 95/320 holdout:massive-v1.1:es-ES:8880: action
evidence 96/320 holdout:presto-v1:en-US:ed83479514ff5081fabe611f6c48f2098fdf29bf61eb9c4e6ac4391e30f2e469: conversation
evidence 97/320 holdout:presto-v1:en-US:96f23d73ccbbd977a04f4ef5732006ecae3ceb267949fe58a62c731125644ef3: conversation
evidence 98/320 holdout:presto-v1:en-US:2eff7fc86c1f4365179f11ca121b14e14fc2e7e3813b74699a61a6ccb4d85c1a: conversation
evidence 99/320 holdout:massive-v1.1:en-US:9114: action
evidence 100/320 holdout:massive-v1.1:es-ES:4058: conversation
evidence 101/320 holdout:presto-v1:es-ES:ad5c13abe77da6361d371450fbc73624deb23db5aa7db607df1be6a3f6691a51: conversation
evidence 102/320 holdout:presto-v1:en-US:35b66d99feac0b467dadba8984a24c3c01cb93f05080ad0bb506aa58ad31d7cb: action
evidence 103/320 holdout:massive-v1.1:en-US:6072: conversation
evidence 104/320 holdout:massive-v1.1:en-US:11265: action
evidence 105/320 holdout:massive-v1.1:en-US:10497: conversation
evidence 106/320 holdout:massive-v1.1:es-ES:6446: conversation
evidence 107/320 holdout:massive-v1.1:en-US:441: conversation
evidence 108/320 holdout:massive-v1.1:es-ES:1547: conversation
evidence 109/320 holdout:presto-v1:en-US:8a7f8de0559c9f9ea8f21fbd0ac2c89361a9d051e5731328e75dbcf30e0ca240: conversation
evidence 110/320 holdout:massive-v1.1:es-ES:6304: conversation
evidence 111/320 holdout:massive-v1.1:es-ES:14820: conversation
evidence 112/320 holdout:massive-v1.1:es-ES:9124: action
evidence 113/320 holdout:massive-v1.1:es-ES:10048: conversation
evidence 114/320 holdout:massive-v1.1:en-US:4776: conversation
evidence 115/320 holdout:presto-v1:en-US:09487e03365b68df9966078acf9e32d8c6136fb7c0f2fcb111a3494e49eb824f: clarify
evidence 116/320 holdout:massive-v1.1:es-ES:11341: conversation
evidence 117/320 holdout:massive-v1.1:es-ES:7908: conversation
evidence 118/320 holdout:massive-v1.1:es-ES:6294: conversation
evidence 119/320 holdout:presto-v1:en-US:7a448129cdc9b14bf5639846834cdbeaba4342d98e6fe8bdbf3b2dccd5e2b345: conversation
evidence 120/320 holdout:presto-v1:es-ES:2b9afc7781594ba53c0a5a0dc5303a0d3fc1fadf40260e6e7e757edc0ce5d0ae: conversation
evidence 121/320 holdout:presto-v1:es-ES:2872b709e76934c9e65dcecbe37db258c8f1221256cb9e4af170821a59603e6d: conversation
evidence 122/320 holdout:massive-v1.1:es-ES:6621: conversation
evidence 123/320 holdout:presto-v1:es-ES:c2b11445e73fdfae124c06979ec5ff03413568849c0ebd716c42c6167a60fa2c: conversation
evidence 124/320 holdout:massive-v1.1:es-ES:3020: conversation
evidence 125/320 holdout:presto-v1:en-US:09248c2eaa3ca03b50ce6a39fdf3f5b5ec561ddca8d870cf7d685643e80d3ded: conversation
evidence 126/320 holdout:presto-v1:en-US:0d6625611cef1a2b8e574d30242fc72db2f8b0dce1218282899a46cfd48b5534: conversation
evidence 127/320 holdout:massive-v1.1:en-US:8056: conversation
evidence 128/320 holdout:presto-v1:en-US:fd0241953aca0afa33f26511ff5ff21bebdc5caf72df9c36f5ed15c334cf6f70: conversation
evidence 129/320 holdout:massive-v1.1:en-US:5683: action
evidence 130/320 holdout:presto-v1:es-ES:201809f8c9fbb815245b2256198eca912d3dd25a940f26db0905f315b933f575: action
evidence 131/320 holdout:presto-v1:en-US:549aa330776f8df5a6d479126a91b47486f096d2ab9a54fd21cb1ef59bda9be3: conversation
evidence 132/320 holdout:presto-v1:es-ES:c8e037983719c634286bafa188e4541eef67f5403e1c17b79d795fd87495cd2d: conversation
evidence 133/320 holdout:massive-v1.1:es-ES:790: action
evidence 134/320 holdout:presto-v1:es-ES:a1a2e33fc5a14f193871b3d8db6149e1a4000c52ded11d59b115308bc017f359: conversation
evidence 135/320 holdout:massive-v1.1:es-ES:13464: conversation
evidence 136/320 holdout:presto-v1:es-ES:de05442a249d755c276c593080c7aa833284b8e39dc4395f1aa0eaa621439225: conversation
evidence 137/320 holdout:presto-v1:en-US:42fb88a67dbd78496d37e6613f620265e8b8ecba3eb3c6c5da6ea95bdeb60c27: action
evidence 138/320 holdout:massive-v1.1:en-US:168: conversation
evidence 139/320 holdout:presto-v1:en-US:9f6d1a3765fe13ca2d03548130ffde219685548a1d13c82becfa5d86d8917e48: conversation
evidence 140/320 holdout:massive-v1.1:es-ES:10197: conversation
evidence 141/320 holdout:presto-v1:es-ES:2f50bf15d75e249faa700a968c15fc890c9215fcbe8cba862d7f8c05c1a63e88: conversation
evidence 142/320 holdout:presto-v1:en-US:82598817bbb760750b13f7e3e96981afe08c8e4b274e55dcb242f355c9f14525: conversation
evidence 143/320 holdout:presto-v1:es-ES:7ef38407827d57d0055f02a1cb680ba324c44e1a450f4b8db90dda075e95467e: conversation
evidence 144/320 holdout:massive-v1.1:es-ES:6220: conversation
evidence 145/320 holdout:massive-v1.1:en-US:12437: conversation
evidence 146/320 holdout:massive-v1.1:en-US:4890: action
evidence 147/320 holdout:massive-v1.1:es-ES:5341: conversation
evidence 148/320 holdout:massive-v1.1:en-US:6371: conversation
evidence 149/320 holdout:massive-v1.1:en-US:14673: conversation
evidence 150/320 holdout:massive-v1.1:en-US:8320: conversation
evidence 151/320 holdout:presto-v1:es-ES:aa4501c6396fe5e8fb1f5c04340e4c6514ebe2976f6327a208bedd195567d5db: conversation
evidence 152/320 holdout:massive-v1.1:es-ES:7061: action
evidence 153/320 holdout:presto-v1:es-ES:0259a5d0c534d692a1f888abd4a891c3f4c43105e10d112d0c93541f2e262fc9: conversation
evidence 154/320 holdout:presto-v1:es-ES:f6f953373936e9553f1a88eed2d5b90cffe35709e0bd96f401e49f7bc6ad497e: conversation
evidence 155/320 holdout:massive-v1.1:es-ES:862: action
evidence 156/320 holdout:presto-v1:es-ES:c02909a67753d543ff5099d5d6613f8d03b9ecfb6ae678449afa64aed3016592: conversation
evidence 157/320 holdout:massive-v1.1:en-US:2156: conversation
evidence 158/320 holdout:massive-v1.1:es-ES:782: action
evidence 159/320 holdout:massive-v1.1:en-US:1579: conversation
evidence 160/320 holdout:massive-v1.1:en-US:13688: conversation
evidence 161/320 holdout:presto-v1:en-US:4684b3ba78022513e453864dc1f6109b5865854e4557a9f7dd22332313185670: conversation
evidence 162/320 holdout:massive-v1.1:en-US:3516: conversation
evidence 163/320 holdout:massive-v1.1:en-US:2957: action
evidence 164/320 holdout:presto-v1:en-US:7f6ecbc63bea589ce168dc06ebc03d079c6e444af248b4fd83286c020a1b9dce: conversation
evidence 165/320 holdout:massive-v1.1:en-US:1870: conversation
evidence 166/320 holdout:massive-v1.1:en-US:11959: conversation
evidence 167/320 holdout:massive-v1.1:en-US:9827: conversation
evidence 168/320 holdout:massive-v1.1:es-ES:11644: clarify
evidence 169/320 holdout:massive-v1.1:es-ES:7292: conversation
evidence 170/320 holdout:massive-v1.1:en-US:4136: action
evidence 171/320 holdout:massive-v1.1:en-US:13067: conversation
evidence 172/320 holdout:massive-v1.1:en-US:9601: action
evidence 173/320 holdout:presto-v1:es-ES:49c50cd9de8d5c743b8391e289a8f419f33218d9be2b80f0b7e5d07c989eed27: action
evidence 174/320 holdout:massive-v1.1:es-ES:6746: clarify
evidence 175/320 holdout:presto-v1:es-ES:b08025fdd8d16c04b7c8750f2694368d7ef5d97452944d324f40b1d7c73ce28d: conversation
evidence 176/320 holdout:presto-v1:en-US:e0be30943333119135d34c769b673747509a0ddce588026024dd1c3669df2156: plan
evidence 177/320 holdout:massive-v1.1:en-US:11953: conversation
evidence 178/320 holdout:presto-v1:en-US:225d7b24b921f3e36a7ab3912301100a31c0585d5da49058991d93ebdcabc910: clarify
evidence 179/320 holdout:massive-v1.1:en-US:6305: conversation
evidence 180/320 holdout:presto-v1:es-ES:109ad54b964f3457151d50995ef183353d22506443e5d8328038a360869dfb8d: clarify
evidence 181/320 holdout:massive-v1.1:en-US:11773: action
evidence 182/320 holdout:massive-v1.1:en-US:4266: conversation
evidence 183/320 holdout:massive-v1.1:es-ES:6129: conversation
evidence 184/320 holdout:massive-v1.1:en-US:5820: conversation
evidence 185/320 holdout:massive-v1.1:en-US:15020: conversation
evidence 186/320 holdout:presto-v1:es-ES:e3b5d8a0a27006a41c36ed010d8b06a11d49372c47ecf034f70b019c6ec00f29: conversation
evidence 187/320 holdout:massive-v1.1:es-ES:9341: conversation
evidence 188/320 holdout:massive-v1.1:es-ES:6485: conversation
evidence 189/320 holdout:massive-v1.1:en-US:14015: conversation
evidence 190/320 holdout:massive-v1.1:es-ES:412: conversation
evidence 191/320 holdout:massive-v1.1:es-ES:3829: action
evidence 192/320 holdout:massive-v1.1:en-US:6946: action
evidence 193/320 holdout:presto-v1:es-ES:8147c03fa1299b29e3d55c4ef45d72c556a4ca393f3d3126572db7cb425d8648: conversation
evidence 194/320 holdout:massive-v1.1:en-US:14223: conversation
evidence 195/320 holdout:massive-v1.1:en-US:1063: clarify
evidence 196/320 holdout:massive-v1.1:es-ES:3433: conversation
evidence 197/320 holdout:massive-v1.1:en-US:6517: conversation
evidence 198/320 holdout:massive-v1.1:en-US:625: action
evidence 199/320 holdout:massive-v1.1:en-US:7397: conversation
evidence 200/320 holdout:presto-v1:es-ES:cd760f02b68baaf22a4852a9ca3d35e35ff51b4b33f9efcc811d7d5a9221a764: conversation
evidence 201/320 holdout:massive-v1.1:es-ES:8035: clarify
evidence 202/320 holdout:massive-v1.1:en-US:612: action
evidence 203/320 holdout:presto-v1:es-ES:381c8bed72f1f8f1a8e8a93fb6a8ab880079e01c962d56d40cc5f9ebb4c12788: clarify
evidence 204/320 holdout:massive-v1.1:es-ES:4132: conversation
evidence 205/320 holdout:massive-v1.1:es-ES:9767: action
evidence 206/320 holdout:massive-v1.1:en-US:4017: conversation
evidence 207/320 holdout:massive-v1.1:es-ES:9565: action
evidence 208/320 holdout:presto-v1:es-ES:ee6326874b626ff3d21344fffa772ae5981aabee9db9f2dbcfe478a516059263: action
evidence 209/320 holdout:presto-v1:en-US:ab3ff17dacbe17d7855db2f1d5e03ced522c9f8d021e29058de27d49ba04e9b1: action
evidence 210/320 holdout:massive-v1.1:en-US:11664: conversation
evidence 211/320 holdout:presto-v1:es-ES:96e104c983195c3ee64fff75d5c89a4ff59b022fb200dc52fcd5c7ccb2b73b06: conversation
evidence 212/320 holdout:presto-v1:es-ES:aafb1649533e73967e3b6db5c92b93a56958bde9250ecad663c89ef8837bbc97: conversation
evidence 213/320 holdout:massive-v1.1:es-ES:6024: conversation
evidence 214/320 holdout:presto-v1:es-ES:4529c01c1b9031b0aeaaf4b6a27085711f8c1cf975418ba5c127b8638085516c: conversation
evidence 215/320 holdout:massive-v1.1:en-US:13370: conversation
evidence 216/320 holdout:presto-v1:en-US:147ec1f8794ba5e1ed1dc58418ab3285043af8a8e3a28c844d1977ab7b668577: conversation
evidence 217/320 holdout:presto-v1:es-ES:c8d8827881678e91d036306a3db7a1fd6a727625376ab3a7bbfd83dc2ef7ee68: conversation
evidence 218/320 holdout:massive-v1.1:en-US:9149: conversation
evidence 219/320 holdout:presto-v1:en-US:67e8afbfeb68edeea022bc81b4a254d3e6c9da4406ca43aec16a9304d02c9d67: conversation
evidence 220/320 holdout:massive-v1.1:es-ES:11270: action
evidence 221/320 holdout:massive-v1.1:en-US:6322: conversation
evidence 222/320 holdout:presto-v1:en-US:bd2703d86951eb5552b29490d57887a47c379a755c1bf9ba465cfd74494b398b: action
evidence 223/320 holdout:massive-v1.1:es-ES:11911: conversation
evidence 224/320 holdout:massive-v1.1:en-US:13766: conversation
evidence 225/320 holdout:massive-v1.1:en-US:1683: conversation
evidence 226/320 holdout:massive-v1.1:es-ES:4957: conversation
evidence 227/320 holdout:massive-v1.1:es-ES:11954: conversation
evidence 228/320 holdout:massive-v1.1:es-ES:11798: clarify
evidence 229/320 holdout:presto-v1:en-US:d1a9ac758dac898a5f0c6ed26574084c32f6eac674a4d235cac7a611a4c53eb8: conversation
evidence 230/320 holdout:presto-v1:en-US:fea050b65d8cce18fd6236e463cda9d2ecb50ee03b2ca25c0ca9cb9803e12e35: conversation
evidence 231/320 holdout:massive-v1.1:es-ES:2496: action
evidence 232/320 holdout:massive-v1.1:es-ES:7189: conversation
evidence 233/320 holdout:presto-v1:es-ES:a7ab6d388b6d1cc1909ff48743af7a002dfacd374999bee41132536ee22ea49a: conversation
evidence 234/320 holdout:massive-v1.1:en-US:6405: conversation
evidence 235/320 holdout:massive-v1.1:es-ES:6127: clarify
evidence 236/320 holdout:massive-v1.1:es-ES:15563: conversation
evidence 237/320 holdout:massive-v1.1:es-ES:11279: conversation
evidence 238/320 holdout:massive-v1.1:es-ES:11782: conversation
evidence 239/320 holdout:presto-v1:es-ES:1ec4979ab1483fd8bec154f83c7bba5931e7f365aabb26eeecf706a7bf35ba20: conversation
evidence 240/320 holdout:presto-v1:es-ES:a5a74bd6d81cd1e55760986c78c87e7a23d8f808eae3ad539bd4cd54aa4f3555: clarify
evidence 241/320 holdout:massive-v1.1:es-ES:6313: conversation
evidence 242/320 holdout:massive-v1.1:en-US:9460: action
evidence 243/320 holdout:massive-v1.1:en-US:13166: conversation
evidence 244/320 holdout:massive-v1.1:es-ES:13044: conversation
evidence 245/320 holdout:massive-v1.1:en-US:7557: action
evidence 246/320 holdout:massive-v1.1:es-ES:9855: conversation
evidence 247/320 holdout:massive-v1.1:es-ES:10213: action
evidence 248/320 holdout:presto-v1:es-ES:ee790eb0b4df727e5b1b9eb3a496307b038e98986d85eb1fd9782cd0720b0daa: clarify
evidence 249/320 holdout:massive-v1.1:es-ES:14891: conversation
evidence 250/320 holdout:massive-v1.1:es-ES:7140: action
evidence 251/320 holdout:massive-v1.1:en-US:11861: conversation
evidence 252/320 holdout:presto-v1:en-US:138949ac00aec40faa629338d5e75e6f795444220e23157cc48f69f29e24a2d5: clarify
evidence 253/320 holdout:presto-v1:es-ES:55bb8440d1509bc3e1825107e2ea6ef2f303b08482fa15eb4be686c349af74ef: conversation
evidence 254/320 holdout:massive-v1.1:en-US:2651: conversation
evidence 255/320 holdout:massive-v1.1:en-US:13694: conversation
evidence 256/320 holdout:massive-v1.1:en-US:2146: conversation
evidence 257/320 holdout:presto-v1:es-ES:1aae098faba503872c631f2baf7f0556d7092f5828a3125891357cf2d9f5627e: action
evidence 258/320 holdout:presto-v1:es-ES:57ae38267f19622de4b281f080dbeeb02c8eb7ae925d08482564ef17585b12c1: conversation
evidence 259/320 holdout:massive-v1.1:es-ES:13140: conversation
evidence 260/320 holdout:massive-v1.1:es-ES:334: conversation
evidence 261/320 holdout:massive-v1.1:en-US:3161: conversation
evidence 262/320 holdout:massive-v1.1:en-US:8579: action
evidence 263/320 holdout:presto-v1:en-US:b9be90b4ec312498cc5ba3dc7e09a4a7e37cf879b39526e3781a5b5a95806a0c: conversation
evidence 264/320 holdout:massive-v1.1:es-ES:12409: conversation
evidence 265/320 holdout:massive-v1.1:es-ES:13359: conversation
evidence 266/320 holdout:massive-v1.1:en-US:14684: conversation
evidence 267/320 holdout:massive-v1.1:es-ES:768: conversation
evidence 268/320 holdout:massive-v1.1:en-US:3513: action
evidence 269/320 holdout:massive-v1.1:en-US:11839: action
evidence 270/320 holdout:massive-v1.1:en-US:9402: action
evidence 271/320 holdout:presto-v1:es-ES:6fa92d42a7e3bc90f09930bbb001b67caa704c1a625f3c96287c75f97c1b43d3: conversation
evidence 272/320 holdout:massive-v1.1:es-ES:2548: conversation
evidence 273/320 holdout:massive-v1.1:en-US:13223: conversation
