baseline 1/860 critical:greeting_es: conversation
baseline 2/860 critical:why_after_failure: conversation
baseline 3/860 critical:what_after_offer: conversation
baseline 4/860 critical:knowledge_es: conversation
baseline 5/860 critical:single_action_es: conversation
baseline 6/860 critical:compound_plan_es: conversation
baseline 7/860 critical:ambiguous_reference_es: plan
baseline 8/860 critical:unsupported_taxi_es: conversation
baseline 9/860 context:greeting_en: conversation
baseline 10/860 context:unsupported_food_delivery: conversation
baseline 11/860 context:spanglish_action: conversation
baseline 12/860 context:pronoun_with_history: clarify
baseline 13/860 holdout:massive-v1.1:en-US:12618: conversation
baseline 14/860 holdout:massive-v1.1:en-US:9691: conversation
baseline 15/860 holdout:presto-v1:en-US:4af524f894776bd048c9a355859d9b2a6a8cd94a244b4a05e057205fbf9b28d8: action
baseline 16/860 holdout:massive-v1.1:en-US:7847: conversation
baseline 17/860 holdout:massive-v1.1:en-US:10352: action
baseline 18/860 holdout:presto-v1:es-ES:e0a2afe972c3f590160d6f89bb46302043f34478e5b0c17377483d03d98906dd: conversation
baseline 19/860 holdout:massive-v1.1:en-US:13192: conversation
baseline 20/860 holdout:massive-v1.1:es-ES:2472: conversation
baseline 21/860 holdout:massive-v1.1:es-ES:13694: conversation
baseline 22/860 holdout:massive-v1.1:en-US:14526: conversation
baseline 23/860 holdout:massive-v1.1:es-ES:15092: conversation
baseline 24/860 holdout:presto-v1:en-US:b8b149dc8c011e2a575587718507cc40907e14c3ec80a4defb7901eddcea36c1: action
baseline 25/860 holdout:massive-v1.1:en-US:13342: conversation
baseline 26/860 holdout:massive-v1.1:en-US:5774: conversation
baseline 27/860 holdout:presto-v1:en-US:4e686d54a4c29f35afdd57e46c08023c4f3a849bcc755d2105bed332006c8950: action
baseline 28/860 holdout:massive-v1.1:en-US:4449: action
baseline 29/860 holdout:massive-v1.1:es-ES:11827: conversation
baseline 30/860 holdout:massive-v1.1:en-US:14787: conversation
baseline 31/860 holdout:presto-v1:en-US:25594bc18ff7fdb9141e716574f07f623cb0cef1061a0c90e30c97c8ad3a32ba: conversation
baseline 32/860 holdout:massive-v1.1:es-ES:13186: conversation
baseline 33/860 holdout:presto-v1:es-ES:1e41e7df5d6e858309313bdd189af2982a2be5e025cb404a1e488db020d9c11a: action
baseline 34/860 holdout:massive-v1.1:es-ES:3576: conversation
baseline 35/860 holdout:massive-v1.1:es-ES:10832: conversation
baseline 36/860 holdout:presto-v1:es-ES:02a78471b4d9173661949ddb0a74c44d1a5352a2a006db4b59f97616e1000044: plan
baseline 37/860 holdout:massive-v1.1:en-US:13303: conversation
baseline 38/860 holdout:massive-v1.1:es-ES:6147: conversation
baseline 39/860 holdout:massive-v1.1:es-ES:6923: action
baseline 40/860 holdout:massive-v1.1:es-ES:9680: clarify
