baseline 1/860 critical:greeting_es: conversation
baseline 2/860 critical:why_after_failure: conversation
baseline 3/860 critical:what_after_offer: conversation
baseline 4/860 critical:knowledge_es: conversation
baseline 5/860 critical:single_action_es: conversation
baseline 6/860 critical:compound_plan_es: conversation
baseline 7/860 critical:ambiguous_reference_es: conversation
baseline 8/860 critical:unsupported_taxi_es: conversation
baseline 9/860 context:greeting_en: conversation
baseline 10/860 context:unsupported_food_delivery: conversation
baseline 11/860 context:spanglish_action: conversation
baseline 12/860 context:pronoun_with_history: clarify
baseline 13/860 holdout:massive-v1.1:en-US:12618: conversation
baseline 14/860 holdout:massive-v1.1:en-US:9691: conversation
baseline 15/860 holdout:presto-v1:en-US:4af524f894776bd048c9a355859d9b2a6a8cd94a244b4a05e057205fbf9b28d8: action
baseline 16/860 holdout:massive-v1.1:en-US:7847: conversation
baseline 17/860 holdout:massive-v1.1:en-US:10352: action
baseline 18/860 holdout:presto-v1:es-ES:e0a2afe972c3f590160d6f89bb46302043f34478e5b0c17377483d03d98906dd: conversation
baseline 19/860 holdout:massive-v1.1:en-US:13192: conversation
baseline 20/860 holdout:massive-v1.1:es-ES:2472: conversation
baseline 21/860 holdout:massive-v1.1:es-ES:13694: conversation
baseline 22/860 holdout:massive-v1.1:en-US:14526: conversation
baseline 23/860 holdout:massive-v1.1:es-ES:15092: conversation
baseline 24/860 holdout:presto-v1:en-US:b8b149dc8c011e2a575587718507cc40907e14c3ec80a4defb7901eddcea36c1: action
baseline 25/860 holdout:massive-v1.1:en-US:13342: conversation
baseline 26/860 holdout:massive-v1.1:en-US:5774: conversation
baseline 27/860 holdout:presto-v1:en-US:4e686d54a4c29f35afdd57e46c08023c4f3a849bcc755d2105bed332006c8950: action
baseline 28/860 holdout:massive-v1.1:en-US:4449: conversation
baseline 29/860 holdout:massive-v1.1:es-ES:11827: conversation
baseline 30/860 holdout:massive-v1.1:en-US:14787: conversation
baseline 31/860 holdout:presto-v1:en-US:25594bc18ff7fdb9141e716574f07f623cb0cef1061a0c90e30c97c8ad3a32ba: conversation
baseline 32/860 holdout:massive-v1.1:es-ES:13186: conversation
baseline 33/860 holdout:presto-v1:es-ES:1e41e7df5d6e858309313bdd189af2982a2be5e025cb404a1e488db020d9c11a: action
baseline 34/860 holdout:massive-v1.1:es-ES:3576: conversation
baseline 35/860 holdout:massive-v1.1:es-ES:10832: conversation
baseline 36/860 holdout:presto-v1:es-ES:02a78471b4d9173661949ddb0a74c44d1a5352a2a006db4b59f97616e1000044: conversation
baseline 37/860 holdout:massive-v1.1:en-US:13303: conversation
baseline 38/860 holdout:massive-v1.1:es-ES:6147: conversation
baseline 39/860 holdout:massive-v1.1:es-ES:6923: action
baseline 40/860 holdout:massive-v1.1:es-ES:9680: clarify
baseline 41/860 holdout:massive-v1.1:es-ES:102: conversation
baseline 42/860 holdout:massive-v1.1:es-ES:7664: conversation
baseline 43/860 holdout:massive-v1.1:en-US:2921: conversation
baseline 44/860 holdout:massive-v1.1:en-US:1760: plan
baseline 45/860 holdout:presto-v1:es-ES:a7e647dadb1435c817df9f6e195e733e9dae846040bb3d51ef59cd48dc45bb10: conversation
baseline 46/860 holdout:massive-v1.1:en-US:1124: conversation
baseline 47/860 holdout:massive-v1.1:en-US:11616: action
baseline 48/860 holdout:massive-v1.1:en-US:14306: conversation
baseline 49/860 holdout:massive-v1.1:en-US:1982: action
baseline 50/860 holdout:massive-v1.1:en-US:9110: conversation
baseline 51/860 holdout:presto-v1:en-US:b782e89432ac8f1073900ced3467fb77b756247923160914c1ea30cd2fce536d: action
baseline 52/860 holdout:massive-v1.1:es-ES:13685: conversation
baseline 53/860 holdout:presto-v1:es-ES:21eeb579ce670bff90249ea1de06895a4deb0b3038e52a9051a9dd55064a8dc6: conversation
baseline 54/860 holdout:massive-v1.1:en-US:8280: action
baseline 55/860 holdout:massive-v1.1:es-ES:5871: plan
baseline 56/860 holdout:massive-v1.1:es-ES:319: conversation
baseline 57/860 holdout:massive-v1.1:es-ES:6457: conversation
baseline 58/860 holdout:massive-v1.1:es-ES:8260: conversation
baseline 59/860 holdout:presto-v1:en-US:7e5c08df4bc718166253b68e18910abd277ff9a058e3cd478d85ee2741daa5b9: conversation
baseline 60/860 holdout:massive-v1.1:es-ES:9014: clarify
baseline 61/860 holdout:massive-v1.1:en-US:6515: conversation
baseline 62/860 holdout:presto-v1:en-US:42d645779bf716affa4311d7f47fe29d9fbf7c457f9ec0a3e29c8dc548f26729: action
baseline 63/860 holdout:massive-v1.1:en-US:15109: conversation
baseline 64/860 holdout:presto-v1:en-US:66b0c169d49d2f4169a3c1a10659bb12d398dfca1f6c62baaba29275c0ad063d: conversation
baseline 65/860 holdout:presto-v1:es-ES:d0c9924e2ac8e58c88d19c095a1b2b38e9672deaed11b17c93295bf7b750157c: conversation
baseline 66/860 holdout:massive-v1.1:en-US:14857: conversation
baseline 67/860 holdout:presto-v1:en-US:fd2f9ba16e9c52bec81fe3afa49c8945d7540af148b66741caf32f12b21d1ae9: conversation
baseline 68/860 holdout:massive-v1.1:en-US:660: conversation
baseline 69/860 holdout:presto-v1:es-ES:af139d3dfb075d7c64ca9263bb4bef5576591d4cef71786c1fde316d3c25ae16: conversation
baseline 70/860 holdout:presto-v1:es-ES:68aa847bfab724a144fb8fd9c65bd7a4dd72dc6787c8d0b1b4aafb9b11e5d5d0: conversation
baseline 71/860 holdout:presto-v1:en-US:98da575341d1390a9a60df28b56b9a8b9737557a53d4a5c2eae51a9a45dcc15c: action
baseline 72/860 holdout:massive-v1.1:es-ES:12008: action
baseline 73/860 holdout:massive-v1.1:en-US:3349: conversation
baseline 74/860 holdout:presto-v1:en-US:2d276d38809c5852dee44cf18c76f26dde635baa75dc4d0311367c48fabde270: conversation
baseline 75/860 holdout:presto-v1:es-ES:993662af4333d2a2bb63083094e88f3abc242469bcb0ce90b5f019b0542d2b83: conversation
baseline 76/860 holdout:massive-v1.1:en-US:9640: conversation
baseline 77/860 holdout:massive-v1.1:es-ES:4227: conversation
baseline 78/860 holdout:presto-v1:en-US:e7f9ed36f81ef233e7355ae08251358dc3e78918488843281000c791a55d84f6: conversation
baseline 79/860 holdout:massive-v1.1:en-US:14591: conversation
baseline 80/860 holdout:massive-v1.1:en-US:14138: conversation
baseline 81/860 holdout:massive-v1.1:en-US:11427: conversation
baseline 82/860 holdout:massive-v1.1:en-US:3624: action
baseline 83/860 holdout:massive-v1.1:en-US:7598: conversation
baseline 84/860 holdout:presto-v1:es-ES:e18d74681ad00d5a6c8dd89cdfb247f8bc0cf52c4a046bb87aaa3b2048740d44: conversation
baseline 85/860 holdout:massive-v1.1:en-US:4461: conversation
baseline 86/860 holdout:massive-v1.1:en-US:59: action
baseline 87/860 holdout:massive-v1.1:en-US:6064: conversation
baseline 88/860 holdout:massive-v1.1:en-US:13172: conversation
baseline 89/860 holdout:massive-v1.1:en-US:2717: conversation
baseline 90/860 holdout:presto-v1:es-ES:687a68db575766ad6fd82925c1df1a3c491935d5bde86569a2ab40a726ee6055: conversation
baseline 91/860 holdout:presto-v1:es-ES:ec9cd6c72e3283f5eb78d5ebfbefb5bda839ce48ec98d62a8725856bbbb55910: conversation
baseline 92/860 holdout:massive-v1.1:es-ES:6897: action
baseline 93/860 holdout:massive-v1.1:en-US:8204: action
baseline 94/860 holdout:massive-v1.1:es-ES:10263: conversation
baseline 95/860 holdout:massive-v1.1:es-ES:9656: conversation
baseline 96/860 holdout:presto-v1:en-US:1be97991065a27ec929e71837f1d41a6ccad2a702db4ffe238de9cdfd40e4181: conversation
baseline 97/860 holdout:massive-v1.1:es-ES:5721: conversation
baseline 98/860 holdout:massive-v1.1:en-US:4813: conversation
baseline 99/860 holdout:massive-v1.1:en-US:9269: conversation
baseline 100/860 holdout:massive-v1.1:es-ES:10045: conversation
baseline 101/860 holdout:presto-v1:es-ES:6e0c101929cdb67e1175eb2471c4425431733f333e156d828c6008fbf565aa29: conversation
baseline 102/860 holdout:massive-v1.1:en-US:1093: clarify
baseline 103/860 holdout:presto-v1:es-ES:e64cfe16533dd2f88ace37c59668890325aa28005c09dc42ca48ebb621acf4e3: clarify
baseline 104/860 holdout:presto-v1:en-US:7adb3536549d79eecc551ff4bab3dc8fe94f761818bd769cad18f168eb439c0f: action
baseline 105/860 holdout:presto-v1:es-ES:304d3187bb36d856aae590b4faeb56b4c3360235953b637a6ee1a56c1e409ca2: conversation
baseline 106/860 holdout:massive-v1.1:en-US:14453: conversation
baseline 107/860 holdout:massive-v1.1:en-US:5593: action
baseline 108/860 holdout:massive-v1.1:es-ES:2085: conversation
baseline 109/860 holdout:massive-v1.1:en-US:8290: action
baseline 110/860 holdout:presto-v1:en-US:03c278908aaaecdaf4de6ff186dba88a1422f5d15a02409178d3d5b35cc1cebb: conversation
baseline 111/860 holdout:massive-v1.1:es-ES:3096: conversation
baseline 112/860 holdout:massive-v1.1:en-US:2168: clarify
baseline 113/860 holdout:massive-v1.1:es-ES:751: clarify
baseline 114/860 holdout:massive-v1.1:es-ES:2062: conversation
baseline 115/860 holdout:massive-v1.1:es-ES:8968: conversation
baseline 116/860 holdout:massive-v1.1:es-ES:1666: plan
baseline 117/860 holdout:massive-v1.1:en-US:1007: action
baseline 118/860 holdout:massive-v1.1:es-ES:2206: conversation
baseline 119/860 holdout:massive-v1.1:en-US:14418: conversation
baseline 120/860 holdout:massive-v1.1:en-US:12413: conversation
baseline 121/860 holdout:presto-v1:es-ES:c881aea22727cf49ebe8f5e8393df9caf7695345f6609aff29ff5b9d572e7341: conversation
baseline 122/860 holdout:massive-v1.1:es-ES:3228: action
baseline 123/860 holdout:massive-v1.1:es-ES:11825: conversation
baseline 124/860 holdout:presto-v1:en-US:e710a114d5abb3c5535cb914d9afc5bf3b70e8005042b9990f1770c5356a6a88: clarify
baseline 125/860 holdout:massive-v1.1:en-US:11384: conversation
baseline 126/860 holdout:presto-v1:es-ES:1d096b575b240e08031009ed7f6e6c99c82b9451979b583e59ff8a60ba44579c: conversation
baseline 127/860 holdout:massive-v1.1:en-US:8140: clarify
baseline 128/860 holdout:presto-v1:es-ES:8465f48a8cbb395d9ab09b2d45d27178eaa4c3a53b098707617e0a000bc5f3ba: conversation
baseline 129/860 holdout:massive-v1.1:es-ES:9358: conversation
baseline 130/860 holdout:massive-v1.1:en-US:1156: conversation
baseline 131/860 holdout:massive-v1.1:en-US:11438: conversation
baseline 132/860 holdout:massive-v1.1:en-US:5688: conversation
baseline 133/860 holdout:massive-v1.1:es-ES:14429: conversation
baseline 134/860 holdout:massive-v1.1:en-US:7355: conversation
baseline 135/860 holdout:massive-v1.1:en-US:14555: clarify
baseline 136/860 holdout:massive-v1.1:es-ES:4400: conversation
baseline 137/860 holdout:presto-v1:en-US:7d539b69847b857b74e859da5590afb02ba5ee58284ed5ba612db7a1896da56d: conversation
baseline 138/860 holdout:massive-v1.1:es-ES:13592: conversation
baseline 139/860 holdout:massive-v1.1:es-ES:13023: plan
baseline 140/860 holdout:massive-v1.1:en-US:3406: conversation
baseline 141/860 holdout:massive-v1.1:es-ES:8404: clarify
baseline 142/860 holdout:massive-v1.1:es-ES:486: conversation
baseline 143/860 holdout:presto-v1:en-US:216247dfff7f140b76c5063db0165e9e5dce7ae0bf9396859d1d40f715c27cfd: conversation
baseline 144/860 holdout:presto-v1:es-ES:61887c6e258d946ea6a19dc81bf04e63eb9eca27beeb9d063161d50dc22051b7: conversation
baseline 145/860 holdout:massive-v1.1:es-ES:13854: conversation
baseline 146/860 holdout:massive-v1.1:en-US:3276: conversation
baseline 147/860 holdout:presto-v1:es-ES:c30ff80d4ba876d42bba23a0867fee1e9305d8185cd0e6df25ae895dc5a33d73: conversation
baseline 148/860 holdout:presto-v1:en-US:134fa328a757a8ef5a8266338ad57e2eb5aa1c3af04b77942eeab1e231a5e3a5: conversation
baseline 149/860 holdout:massive-v1.1:en-US:12634: conversation
baseline 150/860 holdout:presto-v1:en-US:ebed4458e51ae490adf5c0bc198fd4c19bf90fded79cb2565da8ea998dd9c4c9: conversation
baseline 151/860 holdout:presto-v1:es-ES:4bd70c374d5f96db97ca3afac48f4c6894920a26188f69a960c4204474f15617: conversation
baseline 152/860 holdout:massive-v1.1:en-US:8525: action
baseline 153/860 holdout:presto-v1:es-ES:897eb3bf100b987caa777d94bde59833d4e66997b1cc2535728db0abab408f4a: conversation
baseline 154/860 holdout:massive-v1.1:en-US:8085: conversation
baseline 155/860 holdout:presto-v1:en-US:863d5a0309f83ef6134a0cc2fb87fdd472b49eabafb3e8785df6269678f84760: conversation
baseline 156/860 holdout:presto-v1:en-US:9442a71fa6d2d3be2e0cc2dff562197872a81b011deab420faae92da08413314: conversation
baseline 157/860 holdout:massive-v1.1:es-ES:5970: conversation
baseline 158/860 holdout:massive-v1.1:es-ES:13383: conversation
baseline 159/860 holdout:presto-v1:en-US:a4ff170c6577ec66d673b7b5f9e1e7769823e060018a95c57a3e13ea45e294a7: plan
baseline 160/860 holdout:massive-v1.1:es-ES:6710: conversation
baseline 161/860 holdout:massive-v1.1:es-ES:8290: action
baseline 162/860 holdout:presto-v1:en-US:aa2dc4e18dd2fd553ecb73de611d9ca07f78441004f9646355571c8750fe44f4: conversation
baseline 163/860 holdout:presto-v1:es-ES:3e3600fb6f8f3f900d340bdb9757a1c6f1338d92e11eb854145505b745dd917b: conversation
baseline 164/860 holdout:presto-v1:en-US:90795e28602e7daf65d2ec67b1250383a3020466e974a99ed707b3541c60cad1: conversation
