BAXY_CONTEXTUAL_INIT|paths_resolved
BAXY_CONTEXTUAL_INIT|candidate_verified
BAXY_CONTEXTUAL_INIT|evidence_loaded
BAXY_CONTEXTUAL_INIT|sentinel_selected=20962
BAXY_CONTEXTUAL_INIT|runtime_imports_ready
BAXY_CONTEXTUAL_INIT|stage1_ready
BAXY_CONTEXTUAL_INIT|hyper_ready
BAXY_CONTEXTUAL_INIT|cuda_teacher_ready
BAXY_CONTEXTUAL_INIT|identities_hashed
BAXY_CONTEXTUAL_NEGATIVE|64/20962|views=128|near=0
BAXY_CONTEXTUAL_NEGATIVE|128/20962|views=256|near=0
BAXY_CONTEXTUAL_NEGATIVE|192/20962|views=384|near=0
BAXY_CONTEXTUAL_NEGATIVE|256/20962|views=512|near=0
BAXY_CONTEXTUAL_NEGATIVE|320/20962|views=640|near=0
BAXY_CONTEXTUAL_NEGATIVE|384/20962|views=768|near=0
BAXY_CONTEXTUAL_NEGATIVE|448/20962|views=896|near=0
BAXY_CONTEXTUAL_NEGATIVE|512/20962|views=1024|near=0
BAXY_CONTEXTUAL_NEGATIVE|576/20962|views=1152|near=2
BAXY_CONTEXTUAL_NEGATIVE|640/20962|views=1280|near=4
BAXY_CONTEXTUAL_NEGATIVE|704/20962|views=1408|near=4
BAXY_CONTEXTUAL_NEGATIVE|768/20962|views=1536|near=4
BAXY_CONTEXTUAL_NEGATIVE|832/20962|views=1664|near=4
BAXY_CONTEXTUAL_NEGATIVE|896/20962|views=1792|near=4
BAXY_CONTEXTUAL_NEGATIVE|960/20962|views=1920|near=4
BAXY_CONTEXTUAL_NEGATIVE|1024/20962|views=2048|near=4
BAXY_CONTEXTUAL_NEGATIVE|1088/20962|views=2176|near=4
BAXY_CONTEXTUAL_NEGATIVE|1152/20962|views=2304|near=4
BAXY_CONTEXTUAL_NEGATIVE|1216/20962|views=2432|near=4
BAXY_CONTEXTUAL_NEGATIVE|1280/20962|views=2560|near=4
BAXY_CONTEXTUAL_NEGATIVE|1344/20962|views=2688|near=4
BAXY_CONTEXTUAL_NEGATIVE|1408/20962|views=2816|near=4
BAXY_CONTEXTUAL_NEGATIVE|1472/20962|views=2944|near=4
BAXY_CONTEXTUAL_NEGATIVE|1536/20962|views=3072|near=4
BAXY_CONTEXTUAL_NEGATIVE|1600/20962|views=3200|near=4
BAXY_CONTEXTUAL_NEGATIVE|1664/20962|views=3328|near=4
BAXY_CONTEXTUAL_NEGATIVE|1728/20962|views=3456|near=5
BAXY_CONTEXTUAL_NEGATIVE|1792/20962|views=3584|near=7
BAXY_CONTEXTUAL_NEGATIVE|1856/20962|views=3712|near=7
BAXY_CONTEXTUAL_NEGATIVE|1920/20962|views=3840|near=7
BAXY_CONTEXTUAL_NEGATIVE|1984/20962|views=3968|near=7
BAXY_CONTEXTUAL_NEGATIVE|2048/20962|views=4096|near=7
BAXY_CONTEXTUAL_NEGATIVE|2112/20962|views=4224|near=7
BAXY_CONTEXTUAL_NEGATIVE|2176/20962|views=4352|near=8
BAXY_CONTEXTUAL_NEGATIVE|2240/20962|views=4480|near=8
BAXY_CONTEXTUAL_NEGATIVE|2304/20962|views=4608|near=8
BAXY_CONTEXTUAL_NEGATIVE|2368/20962|views=4736|near=9
BAXY_CONTEXTUAL_NEGATIVE|2432/20962|views=4864|near=10
BAXY_CONTEXTUAL_NEGATIVE|2496/20962|views=4992|near=10
BAXY_CONTEXTUAL_NEGATIVE|2560/20962|views=5120|near=10
BAXY_CONTEXTUAL_NEGATIVE|2624/20962|views=5248|near=10
BAXY_CONTEXTUAL_NEGATIVE|2688/20962|views=5376|near=10
BAXY_CONTEXTUAL_NEGATIVE|2752/20962|views=5504|near=10
BAXY_CONTEXTUAL_NEGATIVE|2816/20962|views=5632|near=10
BAXY_CONTEXTUAL_NEGATIVE|2880/20962|views=5760|near=10
BAXY_CONTEXTUAL_NEGATIVE|2944/20962|views=5888|near=10
BAXY_CONTEXTUAL_NEGATIVE|3008/20962|views=6016|near=11
BAXY_CONTEXTUAL_NEGATIVE|3072/20962|views=6144|near=11
BAXY_CONTEXTUAL_NEGATIVE|3136/20962|views=6272|near=11
BAXY_CONTEXTUAL_NEGATIVE|3200/20962|views=6400|near=11
BAXY_CONTEXTUAL_NEGATIVE|3264/20962|views=6528|near=12
BAXY_CONTEXTUAL_NEGATIVE|3328/20962|views=6656|near=13
BAXY_CONTEXTUAL_NEGATIVE|3392/20962|views=6784|near=14
BAXY_CONTEXTUAL_NEGATIVE|3456/20962|views=6912|near=14
BAXY_CONTEXTUAL_NEGATIVE|3520/20962|views=7040|near=14
BAXY_CONTEXTUAL_NEGATIVE|3584/20962|views=7168|near=14
BAXY_CONTEXTUAL_NEGATIVE|3648/20962|views=7296|near=16
BAXY_CONTEXTUAL_NEGATIVE|3712/20962|views=7424|near=18
BAXY_CONTEXTUAL_NEGATIVE|3776/20962|views=7552|near=18
BAXY_CONTEXTUAL_NEGATIVE|3840/20962|views=7680|near=19
BAXY_CONTEXTUAL_NEGATIVE|3904/20962|views=7808|near=19
BAXY_CONTEXTUAL_NEGATIVE|3968/20962|views=7936|near=20
BAXY_CONTEXTUAL_NEGATIVE|4032/20962|views=8064|near=20
BAXY_CONTEXTUAL_NEGATIVE|4096/20962|views=8192|near=21
BAXY_CONTEXTUAL_NEGATIVE|4160/20962|views=8320|near=21
BAXY_CONTEXTUAL_NEGATIVE|4224/20962|views=8448|near=21
BAXY_CONTEXTUAL_NEGATIVE|4288/20962|views=8576|near=21
BAXY_CONTEXTUAL_NEGATIVE|4352/20962|views=8704|near=21
BAXY_CONTEXTUAL_NEGATIVE|4416/20962|views=8832|near=21
BAXY_CONTEXTUAL_NEGATIVE|4480/20962|views=8960|near=21
BAXY_CONTEXTUAL_NEGATIVE|4544/20962|views=9088|near=21
BAXY_CONTEXTUAL_NEGATIVE|4608/20962|views=9216|near=21
BAXY_CONTEXTUAL_NEGATIVE|4672/20962|views=9344|near=22
BAXY_CONTEXTUAL_NEGATIVE|4736/20962|views=9472|near=22
BAXY_CONTEXTUAL_NEGATIVE|4800/20962|views=9600|near=22
BAXY_CONTEXTUAL_NEGATIVE|4864/20962|views=9728|near=22
BAXY_CONTEXTUAL_NEGATIVE|4928/20962|views=9856|near=22
BAXY_CONTEXTUAL_NEGATIVE|4992/20962|views=9984|near=22
BAXY_CONTEXTUAL_NEGATIVE|5056/20962|views=10112|near=22
BAXY_CONTEXTUAL_NEGATIVE|5120/20962|views=10240|near=22
BAXY_CONTEXTUAL_NEGATIVE|5184/20962|views=10368|near=22
BAXY_CONTEXTUAL_NEGATIVE|5248/20962|views=10496|near=22
BAXY_CONTEXTUAL_NEGATIVE|5312/20962|views=10624|near=22
BAXY_CONTEXTUAL_NEGATIVE|5376/20962|views=10752|near=22
BAXY_CONTEXTUAL_NEGATIVE|5440/20962|views=10880|near=22
BAXY_CONTEXTUAL_NEGATIVE|5504/20962|views=11008|near=22
BAXY_CONTEXTUAL_NEGATIVE|5568/20962|views=11136|near=22
BAXY_CONTEXTUAL_NEGATIVE|5632/20962|views=11264|near=22
BAXY_CONTEXTUAL_NEGATIVE|5696/20962|views=11392|near=22
BAXY_CONTEXTUAL_NEGATIVE|5760/20962|views=11520|near=22
BAXY_CONTEXTUAL_NEGATIVE|5824/20962|views=11648|near=24
BAXY_CONTEXTUAL_NEGATIVE|5888/20962|views=11776|near=24
BAXY_CONTEXTUAL_NEGATIVE|5952/20962|views=11904|near=24
BAXY_CONTEXTUAL_NEGATIVE|6016/20962|views=12032|near=24
BAXY_CONTEXTUAL_NEGATIVE|6080/20962|views=12160|near=25
BAXY_CONTEXTUAL_NEGATIVE|6144/20962|views=12288|near=25
BAXY_CONTEXTUAL_NEGATIVE|6208/20962|views=12416|near=26
BAXY_CONTEXTUAL_NEGATIVE|6272/20962|views=12544|near=26
BAXY_CONTEXTUAL_NEGATIVE|6336/20962|views=12672|near=26
BAXY_CONTEXTUAL_NEGATIVE|6400/20962|views=12800|near=26
BAXY_CONTEXTUAL_NEGATIVE|6464/20962|views=12928|near=26
BAXY_CONTEXTUAL_NEGATIVE|6528/20962|views=13056|near=26
BAXY_CONTEXTUAL_NEGATIVE|6592/20962|views=13184|near=26
BAXY_CONTEXTUAL_NEGATIVE|6656/20962|views=13312|near=26
BAXY_CONTEXTUAL_NEGATIVE|6720/20962|views=13440|near=26
BAXY_CONTEXTUAL_NEGATIVE|6784/20962|views=13568|near=26
BAXY_CONTEXTUAL_NEGATIVE|6848/20962|views=13696|near=26
BAXY_CONTEXTUAL_NEGATIVE|6912/20962|views=13824|near=26
BAXY_CONTEXTUAL_NEGATIVE|6976/20962|views=13952|near=26
BAXY_CONTEXTUAL_NEGATIVE|7040/20962|views=14080|near=26
BAXY_CONTEXTUAL_NEGATIVE|7104/20962|views=14208|near=26
BAXY_CONTEXTUAL_NEGATIVE|7168/20962|views=14336|near=26
BAXY_CONTEXTUAL_NEGATIVE|7232/20962|views=14464|near=26
BAXY_CONTEXTUAL_NEGATIVE|7296/20962|views=14592|near=28
BAXY_CONTEXTUAL_NEGATIVE|7360/20962|views=14720|near=28
BAXY_CONTEXTUAL_NEGATIVE|7424/20962|views=14848|near=28
BAXY_CONTEXTUAL_NEGATIVE|7488/20962|views=14976|near=28
BAXY_CONTEXTUAL_NEGATIVE|7552/20962|views=15104|near=28
BAXY_CONTEXTUAL_NEGATIVE|7616/20962|views=15232|near=28
BAXY_CONTEXTUAL_NEGATIVE|7680/20962|views=15360|near=28
BAXY_CONTEXTUAL_NEGATIVE|7744/20962|views=15488|near=29
BAXY_CONTEXTUAL_NEGATIVE|7808/20962|views=15616|near=29
BAXY_CONTEXTUAL_NEGATIVE|7872/20962|views=15744|near=29
BAXY_CONTEXTUAL_NEGATIVE|7936/20962|views=15872|near=29
BAXY_CONTEXTUAL_NEGATIVE|8000/20962|views=16000|near=29
BAXY_CONTEXTUAL_NEGATIVE|8064/20962|views=16128|near=29
BAXY_CONTEXTUAL_NEGATIVE|8128/20962|views=16256|near=29
BAXY_CONTEXTUAL_NEGATIVE|8192/20962|views=16384|near=29
BAXY_CONTEXTUAL_NEGATIVE|8256/20962|views=16512|near=29
BAXY_CONTEXTUAL_NEGATIVE|8320/20962|views=16640|near=29
BAXY_CONTEXTUAL_NEGATIVE|8384/20962|views=16768|near=29
BAXY_CONTEXTUAL_NEGATIVE|8448/20962|views=16896|near=29
BAXY_CONTEXTUAL_NEGATIVE|8512/20962|views=17024|near=29
BAXY_CONTEXTUAL_NEGATIVE|8576/20962|views=17152|near=29
BAXY_CONTEXTUAL_NEGATIVE|8640/20962|views=17280|near=29
BAXY_CONTEXTUAL_NEGATIVE|8704/20962|views=17408|near=29
BAXY_CONTEXTUAL_NEGATIVE|8768/20962|views=17536|near=29
BAXY_CONTEXTUAL_NEGATIVE|8832/20962|views=17664|near=29
BAXY_CONTEXTUAL_NEGATIVE|8896/20962|views=17792|near=29
BAXY_CONTEXTUAL_NEGATIVE|8960/20962|views=17920|near=29
BAXY_CONTEXTUAL_NEGATIVE|9024/20962|views=18048|near=29
BAXY_CONTEXTUAL_NEGATIVE|9088/20962|views=18176|near=29
BAXY_CONTEXTUAL_NEGATIVE|9152/20962|views=18304|near=29
BAXY_CONTEXTUAL_NEGATIVE|9216/20962|views=18432|near=31
BAXY_CONTEXTUAL_NEGATIVE|9280/20962|views=18560|near=31
BAXY_CONTEXTUAL_NEGATIVE|9344/20962|views=18688|near=31
BAXY_CONTEXTUAL_NEGATIVE|9408/20962|views=18816|near=31
BAXY_CONTEXTUAL_NEGATIVE|9472/20962|views=18944|near=32
BAXY_CONTEXTUAL_NEGATIVE|9536/20962|views=19072|near=32
BAXY_CONTEXTUAL_NEGATIVE|9600/20962|views=19200|near=32
BAXY_CONTEXTUAL_NEGATIVE|9664/20962|views=19328|near=33
BAXY_CONTEXTUAL_NEGATIVE|9728/20962|views=19456|near=33
BAXY_CONTEXTUAL_NEGATIVE|9792/20962|views=19584|near=33
BAXY_CONTEXTUAL_NEGATIVE|9856/20962|views=19712|near=34
BAXY_CONTEXTUAL_NEGATIVE|9920/20962|views=19840|near=34
BAXY_CONTEXTUAL_NEGATIVE|9984/20962|views=19968|near=35
BAXY_CONTEXTUAL_NEGATIVE|10048/20962|views=20096|near=35
BAXY_CONTEXTUAL_NEGATIVE|10112/20962|views=20224|near=35
BAXY_CONTEXTUAL_NEGATIVE|10176/20962|views=20352|near=36
BAXY_CONTEXTUAL_NEGATIVE|10240/20962|views=20480|near=36
BAXY_CONTEXTUAL_NEGATIVE|10304/20962|views=20608|near=36
BAXY_CONTEXTUAL_NEGATIVE|10368/20962|views=20736|near=36
BAXY_CONTEXTUAL_NEGATIVE|10432/20962|views=20864|near=37
BAXY_CONTEXTUAL_NEGATIVE|10496/20962|views=20992|near=37
BAXY_CONTEXTUAL_NEGATIVE|10560/20962|views=21120|near=37
BAXY_CONTEXTUAL_NEGATIVE|10624/20962|views=21248|near=37
BAXY_CONTEXTUAL_NEGATIVE|10688/20962|views=21376|near=37
BAXY_CONTEXTUAL_NEGATIVE|10752/20962|views=21504|near=37
BAXY_CONTEXTUAL_NEGATIVE|10816/20962|views=21632|near=38
BAXY_CONTEXTUAL_NEGATIVE|10880/20962|views=21760|near=38
BAXY_CONTEXTUAL_NEGATIVE|10944/20962|views=21888|near=38
BAXY_CONTEXTUAL_NEGATIVE|11008/20962|views=22016|near=38
BAXY_CONTEXTUAL_NEGATIVE|11072/20962|views=22144|near=38
BAXY_CONTEXTUAL_NEGATIVE|11136/20962|views=22272|near=38
BAXY_CONTEXTUAL_NEGATIVE|11200/20962|views=22400|near=38
BAXY_CONTEXTUAL_NEGATIVE|11264/20962|views=22528|near=38
BAXY_CONTEXTUAL_NEGATIVE|11328/20962|views=22656|near=38
BAXY_CONTEXTUAL_NEGATIVE|11392/20962|views=22784|near=38
BAXY_CONTEXTUAL_NEGATIVE|11456/20962|views=22912|near=38
BAXY_CONTEXTUAL_NEGATIVE|11520/20962|views=23040|near=38
BAXY_CONTEXTUAL_NEGATIVE|11584/20962|views=23168|near=38
BAXY_CONTEXTUAL_NEGATIVE|11648/20962|views=23296|near=38
BAXY_CONTEXTUAL_NEGATIVE|11712/20962|views=23424|near=38
BAXY_CONTEXTUAL_NEGATIVE|11776/20962|views=23552|near=38
BAXY_CONTEXTUAL_NEGATIVE|11840/20962|views=23680|near=38
BAXY_CONTEXTUAL_NEGATIVE|11904/20962|views=23808|near=38
BAXY_CONTEXTUAL_NEGATIVE|11968/20962|views=23936|near=38
BAXY_CONTEXTUAL_NEGATIVE|12032/20962|views=24064|near=38
BAXY_CONTEXTUAL_NEGATIVE|12096/20962|views=24192|near=40
BAXY_CONTEXTUAL_NEGATIVE|12160/20962|views=24320|near=40
BAXY_CONTEXTUAL_NEGATIVE|12224/20962|views=24448|near=44
BAXY_CONTEXTUAL_NEGATIVE|12288/20962|views=24576|near=45
BAXY_CONTEXTUAL_NEGATIVE|12352/20962|views=24704|near=45
BAXY_CONTEXTUAL_NEGATIVE|12416/20962|views=24832|near=45
BAXY_CONTEXTUAL_NEGATIVE|12480/20962|views=24960|near=48
BAXY_CONTEXTUAL_NEGATIVE|12544/20962|views=25088|near=48
BAXY_CONTEXTUAL_NEGATIVE|12608/20962|views=25216|near=49
BAXY_CONTEXTUAL_NEGATIVE|12672/20962|views=25344|near=49
BAXY_CONTEXTUAL_NEGATIVE|12736/20962|views=25472|near=49
BAXY_CONTEXTUAL_NEGATIVE|12800/20962|views=25600|near=49
BAXY_CONTEXTUAL_NEGATIVE|12864/20962|views=25728|near=49
BAXY_CONTEXTUAL_NEGATIVE|12928/20962|views=25856|near=50
BAXY_CONTEXTUAL_NEGATIVE|12992/20962|views=25984|near=50
BAXY_CONTEXTUAL_NEGATIVE|13056/20962|views=26112|near=50
BAXY_CONTEXTUAL_NEGATIVE|13120/20962|views=26240|near=50
BAXY_CONTEXTUAL_NEGATIVE|13184/20962|views=26368|near=53
BAXY_CONTEXTUAL_NEGATIVE|13248/20962|views=26496|near=53
BAXY_CONTEXTUAL_NEGATIVE|13312/20962|views=26624|near=53
BAXY_CONTEXTUAL_NEGATIVE|13376/20962|views=26752|near=53
BAXY_CONTEXTUAL_NEGATIVE|13440/20962|views=26880|near=53
BAXY_CONTEXTUAL_NEGATIVE|13504/20962|views=27008|near=53
BAXY_CONTEXTUAL_NEGATIVE|13568/20962|views=27136|near=53
BAXY_CONTEXTUAL_NEGATIVE|13632/20962|views=27264|near=53
BAXY_CONTEXTUAL_NEGATIVE|13696/20962|views=27392|near=53
BAXY_CONTEXTUAL_NEGATIVE|13760/20962|views=27520|near=53
BAXY_CONTEXTUAL_NEGATIVE|13824/20962|views=27648|near=53
BAXY_CONTEXTUAL_NEGATIVE|13888/20962|views=27776|near=53
BAXY_CONTEXTUAL_NEGATIVE|13952/20962|views=27904|near=53
BAXY_CONTEXTUAL_NEGATIVE|14016/20962|views=28032|near=53
BAXY_CONTEXTUAL_NEGATIVE|14080/20962|views=28160|near=53
BAXY_CONTEXTUAL_NEGATIVE|14144/20962|views=28288|near=53
BAXY_CONTEXTUAL_NEGATIVE|14208/20962|views=28416|near=53
BAXY_CONTEXTUAL_NEGATIVE|14272/20962|views=28544|near=53
BAXY_CONTEXTUAL_NEGATIVE|14336/20962|views=28672|near=53
BAXY_CONTEXTUAL_NEGATIVE|14400/20962|views=28800|near=53
BAXY_CONTEXTUAL_NEGATIVE|14464/20962|views=28928|near=53
BAXY_CONTEXTUAL_NEGATIVE|14528/20962|views=29056|near=53
BAXY_CONTEXTUAL_NEGATIVE|14592/20962|views=29184|near=53
BAXY_CONTEXTUAL_NEGATIVE|14656/20962|views=29312|near=53
BAXY_CONTEXTUAL_NEGATIVE|14720/20962|views=29440|near=53
BAXY_CONTEXTUAL_NEGATIVE|14784/20962|views=29568|near=53
BAXY_CONTEXTUAL_NEGATIVE|14848/20962|views=29696|near=53
BAXY_CONTEXTUAL_NEGATIVE|14912/20962|views=29824|near=53
BAXY_CONTEXTUAL_NEGATIVE|14976/20962|views=29952|near=54
BAXY_CONTEXTUAL_NEGATIVE|15040/20962|views=30080|near=55
BAXY_CONTEXTUAL_NEGATIVE|15104/20962|views=30208|near=55
BAXY_CONTEXTUAL_NEGATIVE|15168/20962|views=30336|near=55
BAXY_CONTEXTUAL_NEGATIVE|15232/20962|views=30464|near=55
BAXY_CONTEXTUAL_NEGATIVE|15296/20962|views=30592|near=55
BAXY_CONTEXTUAL_NEGATIVE|15360/20962|views=30720|near=55
BAXY_CONTEXTUAL_NEGATIVE|15424/20962|views=30848|near=55
BAXY_CONTEXTUAL_NEGATIVE|15488/20962|views=30976|near=55
BAXY_CONTEXTUAL_NEGATIVE|15552/20962|views=31104|near=55
BAXY_CONTEXTUAL_NEGATIVE|15616/20962|views=31232|near=55
BAXY_CONTEXTUAL_NEGATIVE|15680/20962|views=31360|near=55
BAXY_CONTEXTUAL_NEGATIVE|15744/20962|views=31488|near=55
BAXY_CONTEXTUAL_NEGATIVE|15808/20962|views=31616|near=55
BAXY_CONTEXTUAL_NEGATIVE|15872/20962|views=31744|near=55
BAXY_CONTEXTUAL_NEGATIVE|15936/20962|views=31872|near=55
BAXY_CONTEXTUAL_NEGATIVE|16000/20962|views=32000|near=55
BAXY_CONTEXTUAL_NEGATIVE|16064/20962|views=32128|near=55
BAXY_CONTEXTUAL_NEGATIVE|16128/20962|views=32256|near=55
BAXY_CONTEXTUAL_NEGATIVE|16192/20962|views=32384|near=55
BAXY_CONTEXTUAL_NEGATIVE|16256/20962|views=32512|near=55
BAXY_CONTEXTUAL_NEGATIVE|16320/20962|views=32640|near=55
BAXY_CONTEXTUAL_NEGATIVE|16384/20962|views=32768|near=55
BAXY_CONTEXTUAL_NEGATIVE|16448/20962|views=32896|near=55
BAXY_CONTEXTUAL_NEGATIVE|16512/20962|views=33024|near=55
BAXY_CONTEXTUAL_NEGATIVE|16576/20962|views=33152|near=55
BAXY_CONTEXTUAL_NEGATIVE|16640/20962|views=33280|near=58
BAXY_CONTEXTUAL_NEGATIVE|16704/20962|views=33408|near=58
BAXY_CONTEXTUAL_NEGATIVE|16768/20962|views=33536|near=58
BAXY_CONTEXTUAL_NEGATIVE|16832/20962|views=33664|near=58
BAXY_CONTEXTUAL_NEGATIVE|16896/20962|views=33792|near=58
BAXY_CONTEXTUAL_NEGATIVE|16960/20962|views=33920|near=58
BAXY_CONTEXTUAL_NEGATIVE|17024/20962|views=34048|near=58
BAXY_CONTEXTUAL_NEGATIVE|17088/20962|views=34176|near=58
BAXY_CONTEXTUAL_NEGATIVE|17152/20962|views=34304|near=58
BAXY_CONTEXTUAL_NEGATIVE|17216/20962|views=34432|near=58
BAXY_CONTEXTUAL_NEGATIVE|17280/20962|views=34560|near=58
BAXY_CONTEXTUAL_NEGATIVE|17344/20962|views=34688|near=58
BAXY_CONTEXTUAL_NEGATIVE|17408/20962|views=34816|near=58
BAXY_CONTEXTUAL_NEGATIVE|17472/20962|views=34944|near=58
BAXY_CONTEXTUAL_NEGATIVE|17536/20962|views=35072|near=59
BAXY_CONTEXTUAL_NEGATIVE|17600/20962|views=35200|near=59
BAXY_CONTEXTUAL_NEGATIVE|17664/20962|views=35328|near=59
BAXY_CONTEXTUAL_NEGATIVE|17728/20962|views=35456|near=59
BAXY_CONTEXTUAL_NEGATIVE|17792/20962|views=35584|near=59
BAXY_CONTEXTUAL_NEGATIVE|17856/20962|views=35712|near=59
BAXY_CONTEXTUAL_NEGATIVE|17920/20962|views=35840|near=59
BAXY_CONTEXTUAL_NEGATIVE|17984/20962|views=35968|near=59
BAXY_CONTEXTUAL_NEGATIVE|18048/20962|views=36096|near=60
BAXY_CONTEXTUAL_NEGATIVE|18112/20962|views=36224|near=60
BAXY_CONTEXTUAL_NEGATIVE|18176/20962|views=36352|near=60
BAXY_CONTEXTUAL_NEGATIVE|18240/20962|views=36480|near=60
BAXY_CONTEXTUAL_NEGATIVE|18304/20962|views=36608|near=60
BAXY_CONTEXTUAL_NEGATIVE|18368/20962|views=36736|near=60
BAXY_CONTEXTUAL_NEGATIVE|18432/20962|views=36864|near=60
BAXY_CONTEXTUAL_NEGATIVE|18496/20962|views=36992|near=60
BAXY_CONTEXTUAL_NEGATIVE|18560/20962|views=37120|near=60
BAXY_CONTEXTUAL_NEGATIVE|18624/20962|views=37248|near=60
BAXY_CONTEXTUAL_NEGATIVE|18688/20962|views=37376|near=60
BAXY_CONTEXTUAL_NEGATIVE|18752/20962|views=37504|near=60
BAXY_CONTEXTUAL_NEGATIVE|18816/20962|views=37632|near=60
BAXY_CONTEXTUAL_NEGATIVE|18880/20962|views=37760|near=60
BAXY_CONTEXTUAL_NEGATIVE|18944/20962|views=37888|near=60
BAXY_CONTEXTUAL_NEGATIVE|19008/20962|views=38016|near=60
BAXY_CONTEXTUAL_NEGATIVE|19072/20962|views=38144|near=60
BAXY_CONTEXTUAL_NEGATIVE|19136/20962|views=38272|near=60
BAXY_CONTEXTUAL_NEGATIVE|19200/20962|views=38400|near=60
BAXY_CONTEXTUAL_NEGATIVE|19264/20962|views=38528|near=60
BAXY_CONTEXTUAL_NEGATIVE|19328/20962|views=38656|near=60
BAXY_CONTEXTUAL_NEGATIVE|19392/20962|views=38784|near=60
BAXY_CONTEXTUAL_NEGATIVE|19456/20962|views=38912|near=60
BAXY_CONTEXTUAL_NEGATIVE|19520/20962|views=39040|near=60
BAXY_CONTEXTUAL_NEGATIVE|19584/20962|views=39168|near=60
BAXY_CONTEXTUAL_NEGATIVE|19648/20962|views=39296|near=60
BAXY_CONTEXTUAL_NEGATIVE|19712/20962|views=39424|near=60
BAXY_CONTEXTUAL_NEGATIVE|19776/20962|views=39552|near=60
BAXY_CONTEXTUAL_NEGATIVE|19840/20962|views=39680|near=61
BAXY_CONTEXTUAL_NEGATIVE|19904/20962|views=39808|near=61
BAXY_CONTEXTUAL_NEGATIVE|19968/20962|views=39936|near=61
BAXY_CONTEXTUAL_NEGATIVE|20032/20962|views=40064|near=62
BAXY_CONTEXTUAL_NEGATIVE|20096/20962|views=40192|near=62
BAXY_CONTEXTUAL_NEGATIVE|20160/20962|views=40320|near=62
BAXY_CONTEXTUAL_NEGATIVE|20224/20962|views=40448|near=62
BAXY_CONTEXTUAL_NEGATIVE|20288/20962|views=40576|near=63
BAXY_CONTEXTUAL_NEGATIVE|20352/20962|views=40704|near=63
BAXY_CONTEXTUAL_NEGATIVE|20416/20962|views=40832|near=63
BAXY_CONTEXTUAL_NEGATIVE|20480/20962|views=40960|near=63
BAXY_CONTEXTUAL_NEGATIVE|20544/20962|views=41088|near=63
BAXY_CONTEXTUAL_NEGATIVE|20608/20962|views=41216|near=63
BAXY_CONTEXTUAL_NEGATIVE|20672/20962|views=41344|near=63
BAXY_CONTEXTUAL_NEGATIVE|20736/20962|views=41472|near=64
BAXY_CONTEXTUAL_NEGATIVE|20800/20962|views=41600|near=64
BAXY_CONTEXTUAL_NEGATIVE|20864/20962|views=41728|near=64
BAXY_CONTEXTUAL_NEGATIVE|20928/20962|views=41856|near=64
BAXY_CONTEXTUAL_NEGATIVE|20962/20962|views=41924|near=64
BAXY_CONTEXTUAL_NEGATIVE_CPU|1/64
BAXY_CONTEXTUAL_NEGATIVE_CPU|2/64
BAXY_CONTEXTUAL_NEGATIVE_CPU|3/64
BAXY_CONTEXTUAL_NEGATIVE_CPU|4/64
BAXY_CONTEXTUAL_NEGATIVE_CPU|5/64
BAXY_CONTEXTUAL_NEGATIVE_CPU|6/64
BAXY_CONTEXTUAL_NEGATIVE_CPU|7/64
BAXY_CONTEXTUAL_NEGATIVE_CPU|8/64
BAXY_CONTEXTUAL_NEGATIVE_CPU|9/64
BAXY_CONTEXTUAL_NEGATIVE_CPU|10/64
BAXY_CONTEXTUAL_NEGATIVE_CPU|11/64
BAXY_CONTEXTUAL_NEGATIVE_CPU|12/64
BAXY_CONTEXTUAL_NEGATIVE_CPU|13/64
BAXY_CONTEXTUAL_NEGATIVE_CPU|14/64
BAXY_CONTEXTUAL_NEGATIVE_CPU|15/64
BAXY_CONTEXTUAL_NEGATIVE_CPU|16/64
BAXY_CONTEXTUAL_NEGATIVE_CPU|17/64
BAXY_CONTEXTUAL_NEGATIVE_CPU|18/64
BAXY_CONTEXTUAL_NEGATIVE_CPU|19/64
BAXY_CONTEXTUAL_NEGATIVE_CPU|20/64
BAXY_CONTEXTUAL_NEGATIVE_CPU|21/64
BAXY_CONTEXTUAL_NEGATIVE_CPU|22/64
BAXY_CONTEXTUAL_NEGATIVE_CPU|23/64
BAXY_CONTEXTUAL_NEGATIVE_CPU|24/64
BAXY_CONTEXTUAL_NEGATIVE_CPU|25/64
BAXY_CONTEXTUAL_NEGATIVE_CPU|26/64
BAXY_CONTEXTUAL_NEGATIVE_CPU|27/64
BAXY_CONTEXTUAL_NEGATIVE_CPU|28/64
BAXY_CONTEXTUAL_NEGATIVE_CPU|29/64
BAXY_CONTEXTUAL_NEGATIVE_CPU|30/64
BAXY_CONTEXTUAL_NEGATIVE_CPU|31/64
BAXY_CONTEXTUAL_NEGATIVE_CPU|32/64
BAXY_CONTEXTUAL_NEGATIVE_CPU|33/64
BAXY_CONTEXTUAL_NEGATIVE_CPU|34/64
BAXY_CONTEXTUAL_NEGATIVE_CPU|35/64
BAXY_CONTEXTUAL_NEGATIVE_CPU|36/64
BAXY_CONTEXTUAL_NEGATIVE_CPU|37/64
BAXY_CONTEXTUAL_NEGATIVE_CPU|38/64
BAXY_CONTEXTUAL_NEGATIVE_CPU|39/64
BAXY_CONTEXTUAL_NEGATIVE_CPU|40/64
BAXY_CONTEXTUAL_NEGATIVE_CPU|41/64
BAXY_CONTEXTUAL_NEGATIVE_CPU|42/64
BAXY_CONTEXTUAL_NEGATIVE_CPU|43/64
BAXY_CONTEXTUAL_NEGATIVE_CPU|44/64
BAXY_CONTEXTUAL_NEGATIVE_CPU|45/64
BAXY_CONTEXTUAL_NEGATIVE_CPU|46/64
BAXY_CONTEXTUAL_NEGATIVE_CPU|47/64
BAXY_CONTEXTUAL_NEGATIVE_CPU|48/64
BAXY_CONTEXTUAL_NEGATIVE_CPU|49/64
BAXY_CONTEXTUAL_NEGATIVE_CPU|50/64
BAXY_CONTEXTUAL_NEGATIVE_CPU|51/64
BAXY_CONTEXTUAL_NEGATIVE_CPU|52/64
BAXY_CONTEXTUAL_NEGATIVE_CPU|53/64
BAXY_CONTEXTUAL_NEGATIVE_CPU|54/64
BAXY_CONTEXTUAL_NEGATIVE_CPU|55/64
BAXY_CONTEXTUAL_NEGATIVE_CPU|56/64
BAXY_CONTEXTUAL_NEGATIVE_CPU|57/64
BAXY_CONTEXTUAL_NEGATIVE_CPU|58/64
BAXY_CONTEXTUAL_NEGATIVE_CPU|59/64
BAXY_CONTEXTUAL_NEGATIVE_CPU|60/64
BAXY_CONTEXTUAL_NEGATIVE_CPU|61/64
BAXY_CONTEXTUAL_NEGATIVE_CPU|62/64
BAXY_CONTEXTUAL_NEGATIVE_CPU|63/64
BAXY_CONTEXTUAL_NEGATIVE_CPU|64/64
{"metrics": {"contextualDecodedCaptures": 56, "contextualLexicalEvidenceAmongRawFalse": 3, "contextualLexicalEvidenceAmongSecondaryGuard": 3, "corpusUtterances": 28539, "cpuRescoredViews": 64, "descriptiveExposureHours": 100.59087964444444, "guardedDescriptivePointFalseActivationsPerHour": 0.029823777370314386, "guardedNegativeFalseActivations": 3, "maximumCpuRescoredDecisionMargin": 6.0050719244635085, "maximumCudaScreenDecisionMargin": 6.005094842082992, "minimumCpuRescoredDecisionMargin": -0.2398983007822042, "rawFusionFalseActivations": 45, "secondaryGuardPassingRawFusionFalseActivations": 45, "sentinelCandidates": 20962, "verificationViews": 41924}, "passed": false}
