BAXY_CONTEXTUAL_INIT|paths_resolved
BAXY_CONTEXTUAL_INIT|candidate_verified
BAXY_CONTEXTUAL_INIT|evidence_loaded
BAXY_CONTEXTUAL_INIT|sentinel_selected=28139
BAXY_CONTEXTUAL_INIT|runtime_imports_ready
BAXY_CONTEXTUAL_INIT|stage1_ready
BAXY_CONTEXTUAL_INIT|hyper_ready
BAXY_CONTEXTUAL_INIT|cuda_teacher_ready
BAXY_CONTEXTUAL_INIT|identities_hashed
BAXY_CONTEXTUAL_NEGATIVE|1024/28139|views=2048|near=1
BAXY_CONTEXTUAL_NEGATIVE|1088/28139|views=2176|near=1
BAXY_CONTEXTUAL_NEGATIVE|1152/28139|views=2304|near=1
BAXY_CONTEXTUAL_NEGATIVE|1216/28139|views=2432|near=1
BAXY_CONTEXTUAL_NEGATIVE|1280/28139|views=2560|near=1
BAXY_CONTEXTUAL_NEGATIVE|1344/28139|views=2688|near=1
BAXY_CONTEXTUAL_NEGATIVE|1408/28139|views=2816|near=1
BAXY_CONTEXTUAL_NEGATIVE|1472/28139|views=2944|near=1
BAXY_CONTEXTUAL_NEGATIVE|1536/28139|views=3072|near=1
BAXY_CONTEXTUAL_NEGATIVE|1600/28139|views=3200|near=1
BAXY_CONTEXTUAL_NEGATIVE|1664/28139|views=3328|near=1
BAXY_CONTEXTUAL_NEGATIVE|1728/28139|views=3456|near=1
BAXY_CONTEXTUAL_NEGATIVE|1792/28139|views=3584|near=1
BAXY_CONTEXTUAL_NEGATIVE|1856/28139|views=3712|near=1
BAXY_CONTEXTUAL_NEGATIVE|1920/28139|views=3840|near=1
BAXY_CONTEXTUAL_NEGATIVE|1984/28139|views=3968|near=1
BAXY_CONTEXTUAL_NEGATIVE|2048/28139|views=4096|near=1
BAXY_CONTEXTUAL_NEGATIVE|2112/28139|views=4224|near=1
BAXY_CONTEXTUAL_NEGATIVE|2176/28139|views=4352|near=1
BAXY_CONTEXTUAL_NEGATIVE|2240/28139|views=4480|near=1
BAXY_CONTEXTUAL_NEGATIVE|2304/28139|views=4608|near=1
BAXY_CONTEXTUAL_NEGATIVE|2368/28139|views=4736|near=1
BAXY_CONTEXTUAL_NEGATIVE|2432/28139|views=4864|near=1
BAXY_CONTEXTUAL_NEGATIVE|2496/28139|views=4992|near=1
BAXY_CONTEXTUAL_NEGATIVE|2560/28139|views=5120|near=1
BAXY_CONTEXTUAL_NEGATIVE|2624/28139|views=5248|near=1
BAXY_CONTEXTUAL_NEGATIVE|2688/28139|views=5376|near=1
BAXY_CONTEXTUAL_NEGATIVE|2752/28139|views=5504|near=1
BAXY_CONTEXTUAL_NEGATIVE|2816/28139|views=5632|near=1
BAXY_CONTEXTUAL_NEGATIVE|2880/28139|views=5760|near=1
BAXY_CONTEXTUAL_NEGATIVE|2944/28139|views=5888|near=2
BAXY_CONTEXTUAL_NEGATIVE|3008/28139|views=6016|near=3
BAXY_CONTEXTUAL_NEGATIVE|3072/28139|views=6144|near=3
BAXY_CONTEXTUAL_NEGATIVE|3136/28139|views=6272|near=3
BAXY_CONTEXTUAL_NEGATIVE|3200/28139|views=6400|near=3
BAXY_CONTEXTUAL_NEGATIVE|3264/28139|views=6528|near=3
BAXY_CONTEXTUAL_NEGATIVE|3328/28139|views=6656|near=3
BAXY_CONTEXTUAL_NEGATIVE|3392/28139|views=6784|near=3
BAXY_CONTEXTUAL_NEGATIVE|3456/28139|views=6912|near=3
BAXY_CONTEXTUAL_NEGATIVE|3520/28139|views=7040|near=4
BAXY_CONTEXTUAL_NEGATIVE|3584/28139|views=7168|near=4
BAXY_CONTEXTUAL_NEGATIVE|3648/28139|views=7296|near=4
BAXY_CONTEXTUAL_NEGATIVE|3712/28139|views=7424|near=4
BAXY_CONTEXTUAL_NEGATIVE|3776/28139|views=7552|near=4
BAXY_CONTEXTUAL_NEGATIVE|3840/28139|views=7680|near=4
BAXY_CONTEXTUAL_NEGATIVE|3904/28139|views=7808|near=4
BAXY_CONTEXTUAL_NEGATIVE|3968/28139|views=7936|near=4
BAXY_CONTEXTUAL_NEGATIVE|4032/28139|views=8064|near=4
BAXY_CONTEXTUAL_NEGATIVE|4096/28139|views=8192|near=4
BAXY_CONTEXTUAL_NEGATIVE|4160/28139|views=8320|near=4
BAXY_CONTEXTUAL_NEGATIVE|4224/28139|views=8448|near=4
BAXY_CONTEXTUAL_NEGATIVE|4288/28139|views=8576|near=4
BAXY_CONTEXTUAL_NEGATIVE|4352/28139|views=8704|near=4
BAXY_CONTEXTUAL_NEGATIVE|4416/28139|views=8832|near=4
BAXY_CONTEXTUAL_NEGATIVE|4480/28139|views=8960|near=4
BAXY_CONTEXTUAL_NEGATIVE|4544/28139|views=9088|near=4
BAXY_CONTEXTUAL_NEGATIVE|4608/28139|views=9216|near=4
BAXY_CONTEXTUAL_NEGATIVE|4672/28139|views=9344|near=5
BAXY_CONTEXTUAL_NEGATIVE|4736/28139|views=9472|near=5
BAXY_CONTEXTUAL_NEGATIVE|4800/28139|views=9600|near=5
BAXY_CONTEXTUAL_NEGATIVE|4864/28139|views=9728|near=5
BAXY_CONTEXTUAL_NEGATIVE|4928/28139|views=9856|near=5
BAXY_CONTEXTUAL_NEGATIVE|4992/28139|views=9984|near=5
BAXY_CONTEXTUAL_NEGATIVE|5056/28139|views=10112|near=5
BAXY_CONTEXTUAL_NEGATIVE|5120/28139|views=10240|near=5
BAXY_CONTEXTUAL_NEGATIVE|5184/28139|views=10368|near=5
BAXY_CONTEXTUAL_NEGATIVE|5248/28139|views=10496|near=5
BAXY_CONTEXTUAL_NEGATIVE|5312/28139|views=10624|near=5
BAXY_CONTEXTUAL_NEGATIVE|5376/28139|views=10752|near=5
BAXY_CONTEXTUAL_NEGATIVE|5440/28139|views=10880|near=5
BAXY_CONTEXTUAL_NEGATIVE|5504/28139|views=11008|near=5
BAXY_CONTEXTUAL_NEGATIVE|5568/28139|views=11136|near=5
BAXY_CONTEXTUAL_NEGATIVE|5632/28139|views=11264|near=5
BAXY_CONTEXTUAL_NEGATIVE|5696/28139|views=11392|near=5
BAXY_CONTEXTUAL_NEGATIVE|5760/28139|views=11520|near=5
BAXY_CONTEXTUAL_NEGATIVE|5824/28139|views=11648|near=5
BAXY_CONTEXTUAL_NEGATIVE|5888/28139|views=11776|near=5
BAXY_CONTEXTUAL_NEGATIVE|5952/28139|views=11904|near=5
BAXY_CONTEXTUAL_NEGATIVE|6016/28139|views=12032|near=5
BAXY_CONTEXTUAL_NEGATIVE|6080/28139|views=12160|near=5
BAXY_CONTEXTUAL_NEGATIVE|6144/28139|views=12288|near=5
BAXY_CONTEXTUAL_NEGATIVE|6208/28139|views=12416|near=5
BAXY_CONTEXTUAL_NEGATIVE|6272/28139|views=12544|near=5
BAXY_CONTEXTUAL_NEGATIVE|6336/28139|views=12672|near=5
BAXY_CONTEXTUAL_NEGATIVE|6400/28139|views=12800|near=5
BAXY_CONTEXTUAL_NEGATIVE|6464/28139|views=12928|near=5
BAXY_CONTEXTUAL_NEGATIVE|6528/28139|views=13056|near=5
BAXY_CONTEXTUAL_NEGATIVE|6592/28139|views=13184|near=6
BAXY_CONTEXTUAL_NEGATIVE|6656/28139|views=13312|near=6
BAXY_CONTEXTUAL_NEGATIVE|6720/28139|views=13440|near=6
BAXY_CONTEXTUAL_NEGATIVE|6784/28139|views=13568|near=6
BAXY_CONTEXTUAL_NEGATIVE|6848/28139|views=13696|near=6
BAXY_CONTEXTUAL_NEGATIVE|6912/28139|views=13824|near=6
BAXY_CONTEXTUAL_NEGATIVE|6976/28139|views=13952|near=6
BAXY_CONTEXTUAL_NEGATIVE|7040/28139|views=14080|near=6
BAXY_CONTEXTUAL_NEGATIVE|7104/28139|views=14208|near=6
BAXY_CONTEXTUAL_NEGATIVE|7168/28139|views=14336|near=6
BAXY_CONTEXTUAL_NEGATIVE|7232/28139|views=14464|near=6
BAXY_CONTEXTUAL_NEGATIVE|7296/28139|views=14592|near=6
BAXY_CONTEXTUAL_NEGATIVE|7360/28139|views=14720|near=6
BAXY_CONTEXTUAL_NEGATIVE|7424/28139|views=14848|near=6
BAXY_CONTEXTUAL_NEGATIVE|7488/28139|views=14976|near=6
BAXY_CONTEXTUAL_NEGATIVE|7552/28139|views=15104|near=6
BAXY_CONTEXTUAL_NEGATIVE|7616/28139|views=15232|near=6
BAXY_CONTEXTUAL_NEGATIVE|7680/28139|views=15360|near=6
BAXY_CONTEXTUAL_NEGATIVE|7744/28139|views=15488|near=6
BAXY_CONTEXTUAL_NEGATIVE|7808/28139|views=15616|near=6
BAXY_CONTEXTUAL_NEGATIVE|7872/28139|views=15744|near=6
BAXY_CONTEXTUAL_NEGATIVE|7936/28139|views=15872|near=7
BAXY_CONTEXTUAL_NEGATIVE|8000/28139|views=16000|near=7
BAXY_CONTEXTUAL_NEGATIVE|8064/28139|views=16128|near=7
BAXY_CONTEXTUAL_NEGATIVE|8128/28139|views=16256|near=7
BAXY_CONTEXTUAL_NEGATIVE|8192/28139|views=16384|near=7
BAXY_CONTEXTUAL_NEGATIVE|8256/28139|views=16512|near=7
BAXY_CONTEXTUAL_NEGATIVE|8320/28139|views=16640|near=7
BAXY_CONTEXTUAL_NEGATIVE|8384/28139|views=16768|near=7
BAXY_CONTEXTUAL_NEGATIVE|8448/28139|views=16896|near=7
BAXY_CONTEXTUAL_NEGATIVE|8512/28139|views=17024|near=7
BAXY_CONTEXTUAL_NEGATIVE|8576/28139|views=17152|near=7
BAXY_CONTEXTUAL_NEGATIVE|8640/28139|views=17280|near=7
BAXY_CONTEXTUAL_NEGATIVE|8704/28139|views=17408|near=7
BAXY_CONTEXTUAL_NEGATIVE|8768/28139|views=17536|near=7
BAXY_CONTEXTUAL_NEGATIVE|8832/28139|views=17664|near=7
BAXY_CONTEXTUAL_NEGATIVE|8896/28139|views=17792|near=7
BAXY_CONTEXTUAL_NEGATIVE|8960/28139|views=17920|near=7
BAXY_CONTEXTUAL_NEGATIVE|9024/28139|views=18048|near=7
BAXY_CONTEXTUAL_NEGATIVE|9088/28139|views=18176|near=7
BAXY_CONTEXTUAL_NEGATIVE|9152/28139|views=18304|near=7
BAXY_CONTEXTUAL_NEGATIVE|9216/28139|views=18432|near=7
BAXY_CONTEXTUAL_NEGATIVE|9280/28139|views=18560|near=8
BAXY_CONTEXTUAL_NEGATIVE|9344/28139|views=18688|near=8
BAXY_CONTEXTUAL_NEGATIVE|9408/28139|views=18816|near=8
BAXY_CONTEXTUAL_NEGATIVE|9472/28139|views=18944|near=8
BAXY_CONTEXTUAL_NEGATIVE|9536/28139|views=19072|near=8
BAXY_CONTEXTUAL_NEGATIVE|9600/28139|views=19200|near=8
BAXY_CONTEXTUAL_NEGATIVE|9664/28139|views=19328|near=8
BAXY_CONTEXTUAL_NEGATIVE|9728/28139|views=19456|near=9
BAXY_CONTEXTUAL_NEGATIVE|9792/28139|views=19584|near=9
BAXY_CONTEXTUAL_NEGATIVE|9856/28139|views=19712|near=10
BAXY_CONTEXTUAL_NEGATIVE|9920/28139|views=19840|near=10
BAXY_CONTEXTUAL_NEGATIVE|9984/28139|views=19968|near=10
BAXY_CONTEXTUAL_NEGATIVE|10048/28139|views=20096|near=10
BAXY_CONTEXTUAL_NEGATIVE|10112/28139|views=20224|near=10
BAXY_CONTEXTUAL_NEGATIVE|10176/28139|views=20352|near=10
BAXY_CONTEXTUAL_NEGATIVE|10240/28139|views=20480|near=10
BAXY_CONTEXTUAL_NEGATIVE|10304/28139|views=20608|near=10
BAXY_CONTEXTUAL_NEGATIVE|10368/28139|views=20736|near=10
BAXY_CONTEXTUAL_NEGATIVE|10432/28139|views=20864|near=10
BAXY_CONTEXTUAL_NEGATIVE|10496/28139|views=20992|near=10
BAXY_CONTEXTUAL_NEGATIVE|10560/28139|views=21120|near=10
BAXY_CONTEXTUAL_NEGATIVE|10624/28139|views=21248|near=10
BAXY_CONTEXTUAL_NEGATIVE|10688/28139|views=21376|near=10
BAXY_CONTEXTUAL_NEGATIVE|10752/28139|views=21504|near=10
BAXY_CONTEXTUAL_NEGATIVE|10816/28139|views=21632|near=11
BAXY_CONTEXTUAL_NEGATIVE|10880/28139|views=21760|near=11
BAXY_CONTEXTUAL_NEGATIVE|10944/28139|views=21888|near=11
BAXY_CONTEXTUAL_NEGATIVE|11008/28139|views=22016|near=11
BAXY_CONTEXTUAL_NEGATIVE|11072/28139|views=22144|near=11
BAXY_CONTEXTUAL_NEGATIVE|11136/28139|views=22272|near=11
BAXY_CONTEXTUAL_NEGATIVE|11200/28139|views=22400|near=11
BAXY_CONTEXTUAL_NEGATIVE|11264/28139|views=22528|near=11
BAXY_CONTEXTUAL_NEGATIVE|11328/28139|views=22656|near=11
BAXY_CONTEXTUAL_NEGATIVE|11392/28139|views=22784|near=11
BAXY_CONTEXTUAL_NEGATIVE|11456/28139|views=22912|near=11
BAXY_CONTEXTUAL_NEGATIVE|11520/28139|views=23040|near=11
BAXY_CONTEXTUAL_NEGATIVE|11584/28139|views=23168|near=11
BAXY_CONTEXTUAL_NEGATIVE|11648/28139|views=23296|near=11
BAXY_CONTEXTUAL_NEGATIVE|11712/28139|views=23424|near=11
BAXY_CONTEXTUAL_NEGATIVE|11776/28139|views=23552|near=12
BAXY_CONTEXTUAL_NEGATIVE|11840/28139|views=23680|near=12
BAXY_CONTEXTUAL_NEGATIVE|11904/28139|views=23808|near=12
BAXY_CONTEXTUAL_NEGATIVE|11968/28139|views=23936|near=12
BAXY_CONTEXTUAL_NEGATIVE|12032/28139|views=24064|near=12
BAXY_CONTEXTUAL_NEGATIVE|12096/28139|views=24192|near=12
BAXY_CONTEXTUAL_NEGATIVE|12160/28139|views=24320|near=12
BAXY_CONTEXTUAL_NEGATIVE|12224/28139|views=24448|near=12
BAXY_CONTEXTUAL_NEGATIVE|12288/28139|views=24576|near=12
BAXY_CONTEXTUAL_NEGATIVE|12352/28139|views=24704|near=12
BAXY_CONTEXTUAL_NEGATIVE|12416/28139|views=24832|near=12
BAXY_CONTEXTUAL_NEGATIVE|12480/28139|views=24960|near=12
BAXY_CONTEXTUAL_NEGATIVE|12544/28139|views=25088|near=12
BAXY_CONTEXTUAL_NEGATIVE|12608/28139|views=25216|near=12
BAXY_CONTEXTUAL_NEGATIVE|12672/28139|views=25344|near=12
BAXY_CONTEXTUAL_NEGATIVE|12736/28139|views=25472|near=12
BAXY_CONTEXTUAL_NEGATIVE|12800/28139|views=25600|near=12
BAXY_CONTEXTUAL_NEGATIVE|12864/28139|views=25728|near=12
BAXY_CONTEXTUAL_NEGATIVE|12928/28139|views=25856|near=12
BAXY_CONTEXTUAL_NEGATIVE|12992/28139|views=25984|near=12
BAXY_CONTEXTUAL_NEGATIVE|13056/28139|views=26112|near=12
BAXY_CONTEXTUAL_NEGATIVE|13120/28139|views=26240|near=12
BAXY_CONTEXTUAL_NEGATIVE|13184/28139|views=26368|near=12
BAXY_CONTEXTUAL_NEGATIVE|13248/28139|views=26496|near=12
BAXY_CONTEXTUAL_NEGATIVE|13312/28139|views=26624|near=12
BAXY_CONTEXTUAL_NEGATIVE|13376/28139|views=26752|near=12
BAXY_CONTEXTUAL_NEGATIVE|13440/28139|views=26880|near=12
BAXY_CONTEXTUAL_NEGATIVE|13504/28139|views=27008|near=12
BAXY_CONTEXTUAL_NEGATIVE|13568/28139|views=27136|near=12
BAXY_CONTEXTUAL_NEGATIVE|13632/28139|views=27264|near=12
BAXY_CONTEXTUAL_NEGATIVE|13696/28139|views=27392|near=12
BAXY_CONTEXTUAL_NEGATIVE|13760/28139|views=27520|near=12
BAXY_CONTEXTUAL_NEGATIVE|13824/28139|views=27648|near=13
BAXY_CONTEXTUAL_NEGATIVE|13888/28139|views=27776|near=13
BAXY_CONTEXTUAL_NEGATIVE|13952/28139|views=27904|near=13
BAXY_CONTEXTUAL_NEGATIVE|14016/28139|views=28032|near=13
BAXY_CONTEXTUAL_NEGATIVE|14080/28139|views=28160|near=13
BAXY_CONTEXTUAL_NEGATIVE|14144/28139|views=28288|near=13
BAXY_CONTEXTUAL_NEGATIVE|14208/28139|views=28416|near=14
BAXY_CONTEXTUAL_NEGATIVE|14272/28139|views=28544|near=14
BAXY_CONTEXTUAL_NEGATIVE|14336/28139|views=28672|near=14
BAXY_CONTEXTUAL_NEGATIVE|14400/28139|views=28800|near=14
BAXY_CONTEXTUAL_NEGATIVE|14464/28139|views=28928|near=14
BAXY_CONTEXTUAL_NEGATIVE|14528/28139|views=29056|near=14
BAXY_CONTEXTUAL_NEGATIVE|14592/28139|views=29184|near=14
BAXY_CONTEXTUAL_NEGATIVE|14656/28139|views=29312|near=14
BAXY_CONTEXTUAL_NEGATIVE|14720/28139|views=29440|near=14
BAXY_CONTEXTUAL_NEGATIVE|14784/28139|views=29568|near=14
BAXY_CONTEXTUAL_NEGATIVE|14848/28139|views=29696|near=14
BAXY_CONTEXTUAL_NEGATIVE|14912/28139|views=29824|near=14
BAXY_CONTEXTUAL_NEGATIVE|14976/28139|views=29952|near=14
BAXY_CONTEXTUAL_NEGATIVE|15040/28139|views=30080|near=14
BAXY_CONTEXTUAL_NEGATIVE|15104/28139|views=30208|near=14
BAXY_CONTEXTUAL_NEGATIVE|15168/28139|views=30336|near=14
BAXY_CONTEXTUAL_NEGATIVE|15232/28139|views=30464|near=14
BAXY_CONTEXTUAL_NEGATIVE|15296/28139|views=30592|near=14
BAXY_CONTEXTUAL_NEGATIVE|15360/28139|views=30720|near=14
BAXY_CONTEXTUAL_NEGATIVE|15424/28139|views=30848|near=15
BAXY_CONTEXTUAL_NEGATIVE|15488/28139|views=30976|near=15
BAXY_CONTEXTUAL_NEGATIVE|15552/28139|views=31104|near=15
BAXY_CONTEXTUAL_NEGATIVE|15616/28139|views=31232|near=15
BAXY_CONTEXTUAL_NEGATIVE|15680/28139|views=31360|near=15
BAXY_CONTEXTUAL_NEGATIVE|15744/28139|views=31488|near=15
BAXY_CONTEXTUAL_NEGATIVE|15808/28139|views=31616|near=15
BAXY_CONTEXTUAL_NEGATIVE|15872/28139|views=31744|near=15
BAXY_CONTEXTUAL_NEGATIVE|15936/28139|views=31872|near=15
BAXY_CONTEXTUAL_NEGATIVE|16000/28139|views=32000|near=15
BAXY_CONTEXTUAL_NEGATIVE|16064/28139|views=32128|near=15
BAXY_CONTEXTUAL_NEGATIVE|16128/28139|views=32256|near=16
BAXY_CONTEXTUAL_NEGATIVE|16192/28139|views=32384|near=16
BAXY_CONTEXTUAL_NEGATIVE|16256/28139|views=32512|near=16
BAXY_CONTEXTUAL_NEGATIVE|16320/28139|views=32640|near=16
BAXY_CONTEXTUAL_NEGATIVE|16384/28139|views=32768|near=16
BAXY_CONTEXTUAL_NEGATIVE|16448/28139|views=32896|near=16
BAXY_CONTEXTUAL_NEGATIVE|16512/28139|views=33024|near=16
BAXY_CONTEXTUAL_NEGATIVE|16576/28139|views=33152|near=17
BAXY_CONTEXTUAL_NEGATIVE|16640/28139|views=33280|near=18
BAXY_CONTEXTUAL_NEGATIVE|16704/28139|views=33408|near=18
BAXY_CONTEXTUAL_NEGATIVE|16768/28139|views=33536|near=18
BAXY_CONTEXTUAL_NEGATIVE|16832/28139|views=33664|near=18
BAXY_CONTEXTUAL_NEGATIVE|16896/28139|views=33792|near=19
BAXY_CONTEXTUAL_NEGATIVE|16960/28139|views=33920|near=20
BAXY_CONTEXTUAL_NEGATIVE|17024/28139|views=34048|near=20
BAXY_CONTEXTUAL_NEGATIVE|17088/28139|views=34176|near=20
BAXY_CONTEXTUAL_NEGATIVE|17152/28139|views=34304|near=20
BAXY_CONTEXTUAL_NEGATIVE|17216/28139|views=34432|near=20
BAXY_CONTEXTUAL_NEGATIVE|17280/28139|views=34560|near=20
BAXY_CONTEXTUAL_NEGATIVE|17344/28139|views=34688|near=20
BAXY_CONTEXTUAL_NEGATIVE|17408/28139|views=34816|near=20
BAXY_CONTEXTUAL_NEGATIVE|17472/28139|views=34944|near=21
BAXY_CONTEXTUAL_NEGATIVE|17536/28139|views=35072|near=21
BAXY_CONTEXTUAL_NEGATIVE|17600/28139|views=35200|near=22
BAXY_CONTEXTUAL_NEGATIVE|17664/28139|views=35328|near=22
BAXY_CONTEXTUAL_NEGATIVE|17728/28139|views=35456|near=22
BAXY_CONTEXTUAL_NEGATIVE|17792/28139|views=35584|near=22
BAXY_CONTEXTUAL_NEGATIVE|17856/28139|views=35712|near=22
BAXY_CONTEXTUAL_NEGATIVE|17920/28139|views=35840|near=23
BAXY_CONTEXTUAL_NEGATIVE|17984/28139|views=35968|near=23
BAXY_CONTEXTUAL_NEGATIVE|18048/28139|views=36096|near=23
BAXY_CONTEXTUAL_NEGATIVE|18112/28139|views=36224|near=23
BAXY_CONTEXTUAL_NEGATIVE|18176/28139|views=36352|near=23
BAXY_CONTEXTUAL_NEGATIVE|18240/28139|views=36480|near=23
BAXY_CONTEXTUAL_NEGATIVE|18304/28139|views=36608|near=23
BAXY_CONTEXTUAL_NEGATIVE|18368/28139|views=36736|near=23
BAXY_CONTEXTUAL_NEGATIVE|18432/28139|views=36864|near=23
BAXY_CONTEXTUAL_NEGATIVE|18496/28139|views=36992|near=23
BAXY_CONTEXTUAL_NEGATIVE|18560/28139|views=37120|near=23
BAXY_CONTEXTUAL_NEGATIVE|18624/28139|views=37248|near=23
BAXY_CONTEXTUAL_NEGATIVE|18688/28139|views=37376|near=23
BAXY_CONTEXTUAL_NEGATIVE|18752/28139|views=37504|near=23
BAXY_CONTEXTUAL_NEGATIVE|18816/28139|views=37632|near=23
BAXY_CONTEXTUAL_NEGATIVE|18880/28139|views=37760|near=23
BAXY_CONTEXTUAL_NEGATIVE|18944/28139|views=37888|near=23
BAXY_CONTEXTUAL_NEGATIVE|19008/28139|views=38016|near=23
BAXY_CONTEXTUAL_NEGATIVE|19072/28139|views=38144|near=23
BAXY_CONTEXTUAL_NEGATIVE|19136/28139|views=38272|near=23
BAXY_CONTEXTUAL_NEGATIVE|19200/28139|views=38400|near=23
BAXY_CONTEXTUAL_NEGATIVE|19264/28139|views=38528|near=24
BAXY_CONTEXTUAL_NEGATIVE|19328/28139|views=38656|near=24
BAXY_CONTEXTUAL_NEGATIVE|19392/28139|views=38784|near=24
BAXY_CONTEXTUAL_NEGATIVE|19456/28139|views=38912|near=24
BAXY_CONTEXTUAL_NEGATIVE|19520/28139|views=39040|near=24
BAXY_CONTEXTUAL_NEGATIVE|19584/28139|views=39168|near=24
BAXY_CONTEXTUAL_NEGATIVE|19648/28139|views=39296|near=24
BAXY_CONTEXTUAL_NEGATIVE|19712/28139|views=39424|near=24
BAXY_CONTEXTUAL_NEGATIVE|19776/28139|views=39552|near=24
BAXY_CONTEXTUAL_NEGATIVE|19840/28139|views=39680|near=24
BAXY_CONTEXTUAL_NEGATIVE|19904/28139|views=39808|near=24
BAXY_CONTEXTUAL_NEGATIVE|19968/28139|views=39936|near=24
BAXY_CONTEXTUAL_NEGATIVE|20032/28139|views=40064|near=24
BAXY_CONTEXTUAL_NEGATIVE|20096/28139|views=40192|near=24
BAXY_CONTEXTUAL_NEGATIVE|20160/28139|views=40320|near=24
BAXY_CONTEXTUAL_NEGATIVE|20224/28139|views=40448|near=25
BAXY_CONTEXTUAL_NEGATIVE|20288/28139|views=40576|near=26
BAXY_CONTEXTUAL_NEGATIVE|20352/28139|views=40704|near=26
BAXY_CONTEXTUAL_NEGATIVE|20416/28139|views=40832|near=26
BAXY_CONTEXTUAL_NEGATIVE|20480/28139|views=40960|near=26
BAXY_CONTEXTUAL_NEGATIVE|20544/28139|views=41088|near=26
BAXY_CONTEXTUAL_NEGATIVE|20608/28139|views=41216|near=26
BAXY_CONTEXTUAL_NEGATIVE|20672/28139|views=41344|near=26
BAXY_CONTEXTUAL_NEGATIVE|20736/28139|views=41472|near=26
BAXY_CONTEXTUAL_NEGATIVE|20800/28139|views=41600|near=26
BAXY_CONTEXTUAL_NEGATIVE|20864/28139|views=41728|near=26
BAXY_CONTEXTUAL_NEGATIVE|20928/28139|views=41856|near=26
BAXY_CONTEXTUAL_NEGATIVE|20992/28139|views=41984|near=26
BAXY_CONTEXTUAL_NEGATIVE|21056/28139|views=42112|near=26
BAXY_CONTEXTUAL_NEGATIVE|21120/28139|views=42240|near=26
BAXY_CONTEXTUAL_NEGATIVE|21184/28139|views=42368|near=26
BAXY_CONTEXTUAL_NEGATIVE|21248/28139|views=42496|near=26
BAXY_CONTEXTUAL_NEGATIVE|21312/28139|views=42624|near=26
BAXY_CONTEXTUAL_NEGATIVE|21376/28139|views=42752|near=26
BAXY_CONTEXTUAL_NEGATIVE|21440/28139|views=42880|near=26
BAXY_CONTEXTUAL_NEGATIVE|21504/28139|views=43008|near=26
BAXY_CONTEXTUAL_NEGATIVE|21568/28139|views=43136|near=26
BAXY_CONTEXTUAL_NEGATIVE|21632/28139|views=43264|near=26
BAXY_CONTEXTUAL_NEGATIVE|21696/28139|views=43392|near=26
BAXY_CONTEXTUAL_NEGATIVE|21760/28139|views=43520|near=26
BAXY_CONTEXTUAL_NEGATIVE|21824/28139|views=43648|near=26
BAXY_CONTEXTUAL_NEGATIVE|21888/28139|views=43776|near=26
BAXY_CONTEXTUAL_NEGATIVE|21952/28139|views=43904|near=26
BAXY_CONTEXTUAL_NEGATIVE|22016/28139|views=44032|near=26
BAXY_CONTEXTUAL_NEGATIVE|22080/28139|views=44160|near=26
BAXY_CONTEXTUAL_NEGATIVE|22144/28139|views=44288|near=26
BAXY_CONTEXTUAL_NEGATIVE|22208/28139|views=44416|near=26
BAXY_CONTEXTUAL_NEGATIVE|22272/28139|views=44544|near=26
BAXY_CONTEXTUAL_NEGATIVE|22336/28139|views=44672|near=26
BAXY_CONTEXTUAL_NEGATIVE|22400/28139|views=44800|near=26
BAXY_CONTEXTUAL_NEGATIVE|22464/28139|views=44928|near=27
BAXY_CONTEXTUAL_NEGATIVE|22528/28139|views=45056|near=27
BAXY_CONTEXTUAL_NEGATIVE|22592/28139|views=45184|near=27
BAXY_CONTEXTUAL_NEGATIVE|22656/28139|views=45312|near=28
BAXY_CONTEXTUAL_NEGATIVE|22720/28139|views=45440|near=28
BAXY_CONTEXTUAL_NEGATIVE|22784/28139|views=45568|near=28
BAXY_CONTEXTUAL_NEGATIVE|22848/28139|views=45696|near=28
BAXY_CONTEXTUAL_NEGATIVE|22912/28139|views=45824|near=28
BAXY_CONTEXTUAL_NEGATIVE|22976/28139|views=45952|near=28
BAXY_CONTEXTUAL_NEGATIVE|23040/28139|views=46080|near=28
BAXY_CONTEXTUAL_NEGATIVE|23104/28139|views=46208|near=28
BAXY_CONTEXTUAL_NEGATIVE|23168/28139|views=46336|near=28
BAXY_CONTEXTUAL_NEGATIVE|23232/28139|views=46464|near=28
BAXY_CONTEXTUAL_NEGATIVE|23296/28139|views=46592|near=28
BAXY_CONTEXTUAL_NEGATIVE|23360/28139|views=46720|near=28
BAXY_CONTEXTUAL_NEGATIVE|23424/28139|views=46848|near=28
BAXY_CONTEXTUAL_NEGATIVE|23488/28139|views=46976|near=30
BAXY_CONTEXTUAL_NEGATIVE|23552/28139|views=47104|near=30
BAXY_CONTEXTUAL_NEGATIVE|23616/28139|views=47232|near=30
BAXY_CONTEXTUAL_NEGATIVE|23680/28139|views=47360|near=30
BAXY_CONTEXTUAL_NEGATIVE|23744/28139|views=47488|near=30
BAXY_CONTEXTUAL_NEGATIVE|23808/28139|views=47616|near=30
BAXY_CONTEXTUAL_NEGATIVE|23872/28139|views=47744|near=30
BAXY_CONTEXTUAL_NEGATIVE|23936/28139|views=47872|near=30
BAXY_CONTEXTUAL_NEGATIVE|24000/28139|views=48000|near=30
BAXY_CONTEXTUAL_NEGATIVE|24064/28139|views=48128|near=30
BAXY_CONTEXTUAL_NEGATIVE|24128/28139|views=48256|near=30
BAXY_CONTEXTUAL_NEGATIVE|24192/28139|views=48384|near=30
BAXY_CONTEXTUAL_NEGATIVE|24256/28139|views=48512|near=30
BAXY_CONTEXTUAL_NEGATIVE|24320/28139|views=48640|near=30
BAXY_CONTEXTUAL_NEGATIVE|24384/28139|views=48768|near=30
BAXY_CONTEXTUAL_NEGATIVE|24448/28139|views=48896|near=30
BAXY_CONTEXTUAL_NEGATIVE|24512/28139|views=49024|near=30
BAXY_CONTEXTUAL_NEGATIVE|24576/28139|views=49152|near=30
BAXY_CONTEXTUAL_NEGATIVE|24640/28139|views=49280|near=30
BAXY_CONTEXTUAL_NEGATIVE|24704/28139|views=49408|near=30
BAXY_CONTEXTUAL_NEGATIVE|24768/28139|views=49536|near=30
BAXY_CONTEXTUAL_NEGATIVE|24832/28139|views=49664|near=30
BAXY_CONTEXTUAL_NEGATIVE|24896/28139|views=49792|near=30
BAXY_CONTEXTUAL_NEGATIVE|24960/28139|views=49920|near=30
BAXY_CONTEXTUAL_NEGATIVE|25024/28139|views=50048|near=30
BAXY_CONTEXTUAL_NEGATIVE|25088/28139|views=50176|near=31
BAXY_CONTEXTUAL_NEGATIVE|25152/28139|views=50304|near=31
BAXY_CONTEXTUAL_NEGATIVE|25216/28139|views=50432|near=31
BAXY_CONTEXTUAL_NEGATIVE|25280/28139|views=50560|near=31
BAXY_CONTEXTUAL_NEGATIVE|25344/28139|views=50688|near=31
BAXY_CONTEXTUAL_NEGATIVE|25408/28139|views=50816|near=31
BAXY_CONTEXTUAL_NEGATIVE|25472/28139|views=50944|near=31
BAXY_CONTEXTUAL_NEGATIVE|25536/28139|views=51072|near=31
BAXY_CONTEXTUAL_NEGATIVE|25600/28139|views=51200|near=31
BAXY_CONTEXTUAL_NEGATIVE|25664/28139|views=51328|near=31
BAXY_CONTEXTUAL_NEGATIVE|25728/28139|views=51456|near=31
BAXY_CONTEXTUAL_NEGATIVE|25792/28139|views=51584|near=31
BAXY_CONTEXTUAL_NEGATIVE|25856/28139|views=51712|near=31
BAXY_CONTEXTUAL_NEGATIVE|25920/28139|views=51840|near=31
BAXY_CONTEXTUAL_NEGATIVE|25984/28139|views=51968|near=31
BAXY_CONTEXTUAL_NEGATIVE|26048/28139|views=52096|near=32
BAXY_CONTEXTUAL_NEGATIVE|26112/28139|views=52224|near=32
BAXY_CONTEXTUAL_NEGATIVE|26176/28139|views=52352|near=32
BAXY_CONTEXTUAL_NEGATIVE|26240/28139|views=52480|near=32
BAXY_CONTEXTUAL_NEGATIVE|26304/28139|views=52608|near=32
BAXY_CONTEXTUAL_NEGATIVE|26368/28139|views=52736|near=32
BAXY_CONTEXTUAL_NEGATIVE|26432/28139|views=52864|near=32
BAXY_CONTEXTUAL_NEGATIVE|26496/28139|views=52992|near=32
BAXY_CONTEXTUAL_NEGATIVE|26560/28139|views=53120|near=33
BAXY_CONTEXTUAL_NEGATIVE|26624/28139|views=53248|near=34
BAXY_CONTEXTUAL_NEGATIVE|26688/28139|views=53376|near=34
BAXY_CONTEXTUAL_NEGATIVE|26752/28139|views=53504|near=34
BAXY_CONTEXTUAL_NEGATIVE|26816/28139|views=53632|near=34
BAXY_CONTEXTUAL_NEGATIVE|26880/28139|views=53760|near=34
BAXY_CONTEXTUAL_NEGATIVE|26944/28139|views=53888|near=35
BAXY_CONTEXTUAL_NEGATIVE|27008/28139|views=54016|near=35
BAXY_CONTEXTUAL_NEGATIVE|27072/28139|views=54144|near=35
BAXY_CONTEXTUAL_NEGATIVE|27136/28139|views=54272|near=35
BAXY_CONTEXTUAL_NEGATIVE|27200/28139|views=54400|near=36
BAXY_CONTEXTUAL_NEGATIVE|27264/28139|views=54528|near=36
BAXY_CONTEXTUAL_NEGATIVE|27328/28139|views=54656|near=36
BAXY_CONTEXTUAL_NEGATIVE|27392/28139|views=54784|near=36
BAXY_CONTEXTUAL_NEGATIVE|27456/28139|views=54912|near=36
BAXY_CONTEXTUAL_NEGATIVE|27520/28139|views=55040|near=36
BAXY_CONTEXTUAL_NEGATIVE|27584/28139|views=55168|near=36
BAXY_CONTEXTUAL_NEGATIVE|27648/28139|views=55296|near=36
BAXY_CONTEXTUAL_NEGATIVE|27712/28139|views=55424|near=36
BAXY_CONTEXTUAL_NEGATIVE|27776/28139|views=55552|near=36
BAXY_CONTEXTUAL_NEGATIVE|27840/28139|views=55680|near=36
BAXY_CONTEXTUAL_NEGATIVE|27904/28139|views=55808|near=36
BAXY_CONTEXTUAL_NEGATIVE|27968/28139|views=55936|near=36
BAXY_CONTEXTUAL_NEGATIVE|28032/28139|views=56064|near=36
BAXY_CONTEXTUAL_NEGATIVE|28096/28139|views=56192|near=36
BAXY_CONTEXTUAL_NEGATIVE|28139/28139|views=56278|near=36
BAXY_CONTEXTUAL_NEGATIVE_CPU|1/36
BAXY_CONTEXTUAL_NEGATIVE_CPU|2/36
BAXY_CONTEXTUAL_NEGATIVE_CPU|3/36
BAXY_CONTEXTUAL_NEGATIVE_CPU|4/36
BAXY_CONTEXTUAL_NEGATIVE_CPU|5/36
BAXY_CONTEXTUAL_NEGATIVE_CPU|6/36
BAXY_CONTEXTUAL_NEGATIVE_CPU|7/36
BAXY_CONTEXTUAL_NEGATIVE_CPU|8/36
BAXY_CONTEXTUAL_NEGATIVE_CPU|9/36
BAXY_CONTEXTUAL_NEGATIVE_CPU|10/36
BAXY_CONTEXTUAL_NEGATIVE_CPU|11/36
BAXY_CONTEXTUAL_NEGATIVE_CPU|12/36
BAXY_CONTEXTUAL_NEGATIVE_CPU|13/36
BAXY_CONTEXTUAL_NEGATIVE_CPU|14/36
BAXY_CONTEXTUAL_NEGATIVE_CPU|15/36
BAXY_CONTEXTUAL_NEGATIVE_CPU|16/36
BAXY_CONTEXTUAL_NEGATIVE_CPU|17/36
BAXY_CONTEXTUAL_NEGATIVE_CPU|18/36
BAXY_CONTEXTUAL_NEGATIVE_CPU|19/36
BAXY_CONTEXTUAL_NEGATIVE_CPU|20/36
BAXY_CONTEXTUAL_NEGATIVE_CPU|21/36
BAXY_CONTEXTUAL_NEGATIVE_CPU|22/36
BAXY_CONTEXTUAL_NEGATIVE_CPU|23/36
BAXY_CONTEXTUAL_NEGATIVE_CPU|24/36
BAXY_CONTEXTUAL_NEGATIVE_CPU|25/36
BAXY_CONTEXTUAL_NEGATIVE_CPU|26/36
BAXY_CONTEXTUAL_NEGATIVE_CPU|27/36
BAXY_CONTEXTUAL_NEGATIVE_CPU|28/36
BAXY_CONTEXTUAL_NEGATIVE_CPU|29/36
BAXY_CONTEXTUAL_NEGATIVE_CPU|30/36
BAXY_CONTEXTUAL_NEGATIVE_CPU|31/36
BAXY_CONTEXTUAL_NEGATIVE_CPU|32/36
BAXY_CONTEXTUAL_NEGATIVE_CPU|33/36
BAXY_CONTEXTUAL_NEGATIVE_CPU|34/36
BAXY_CONTEXTUAL_NEGATIVE_CPU|35/36
BAXY_CONTEXTUAL_NEGATIVE_CPU|36/36
{"metrics": {"contextualLexicalEvidenceAmongRawFalse": 1, "corpusUtterances": 28539, "cpuRescoredViews": 36, "descriptiveExposureHours": 100.59087964444444, "guardedDescriptivePointFalseActivationsPerHour": 0.009941259123438129, "guardedNegativeFalseActivations": 1, "maximumCpuRescoredDecisionMargin": 5.77393999676955, "maximumCudaScreenDecisionMargin": 5.774011115282465, "minimumCpuRescoredDecisionMargin": -0.0766924066450998, "rawFusionFalseActivations": 34, "sentinelCandidates": 28139, "verificationViews": 56278}, "passed": false}
