BAXY_CONTEXTUAL_INIT|paths_resolved
BAXY_CONTEXTUAL_INIT|candidate_verified
BAXY_CONTEXTUAL_INIT|evidence_loaded
BAXY_CONTEXTUAL_INIT|sentinel_selected=28139
BAXY_CONTEXTUAL_INIT|runtime_imports_ready
BAXY_CONTEXTUAL_INIT|stage1_ready
BAXY_CONTEXTUAL_INIT|hyper_ready
BAXY_CONTEXTUAL_INIT|cuda_teacher_ready
BAXY_CONTEXTUAL_INIT|identities_hashed
BAXY_CONTEXTUAL_NEGATIVE|64/28139|views=128|near=0
BAXY_CONTEXTUAL_NEGATIVE|128/28139|views=256|near=0
BAXY_CONTEXTUAL_NEGATIVE|192/28139|views=384|near=0
BAXY_CONTEXTUAL_NEGATIVE|256/28139|views=512|near=1
BAXY_CONTEXTUAL_NEGATIVE|320/28139|views=640|near=1
BAXY_CONTEXTUAL_NEGATIVE|384/28139|views=768|near=1
BAXY_CONTEXTUAL_NEGATIVE|448/28139|views=896|near=1
BAXY_CONTEXTUAL_NEGATIVE|512/28139|views=1024|near=1
BAXY_CONTEXTUAL_NEGATIVE|576/28139|views=1152|near=1
BAXY_CONTEXTUAL_NEGATIVE|640/28139|views=1280|near=1
BAXY_CONTEXTUAL_NEGATIVE|704/28139|views=1408|near=1
