........................................................................ [  2%]
........................................................................ [  4%]
........................................................................ [  6%]
........................................................................ [  8%]
........................................................................ [ 10%]
........................................................................ [ 12%]
........................................................................ [ 14%]
........................................................................ [ 16%]
........................................................................ [ 19%]
........................................................................ [ 21%]
........................................................................ [ 23%]
...........................................................FF........... [ 25%]
........................................................................ [ 27%]
........................................................................ [ 29%]
........................................................................ [ 31%]
........................................................................ [ 33%]
........................................................................ [ 35%]
........................................................................ [ 38%]
........................................................................ [ 40%]
........................................................................ [ 42%]
.........................................................F.............. [ 44%]
.....................................FF................................. [ 46%]
........................................................................ [ 48%]
........................................................................ [ 50%]
........................................................................ [ 52%]
........................................................................ [ 54%]
........................................................................ [ 57%]
........................................................................ [ 59%]
........................................................................ [ 61%]
........................................................................ [ 63%]
........................................................................ [ 65%]
........................................................................ [ 67%]
........................................................................ [ 69%]
........................................................................ [ 71%]
........................................................................ [ 74%]
........................................................................ [ 76%]
........................................................................ [ 78%]
................................................F....................... [ 80%]
........................................................................ [ 82%]
........................................................................ [ 84%]
........................................................................ [ 86%]
........................................................................ [ 88%]
........................................................................ [ 90%]
........................................................................ [ 93%]
........................................................................ [ 95%]
.......................... [ 95%]
................................................................................... [ 98%]
.......................................................    [100%]
================================== FAILURES ===================================
_________________ test_write_a_note_resolves_as_note_creation _________________
tests\test_effect_intent.py:2950: in test_write_a_note_resolves_as_note_creation
    assert result is not None
E   assert None is not None
_______________ test_gift_discovery_resolves_as_safe_web_search _______________
tests\test_effect_intent.py:2960: in test_gift_discovery_resolves_as_safe_web_search
    assert result is not None
E   assert None is not None
_ test_ambiguous_focal_requests_keep_one_stable_clarification[I want to play the song again-media.play.query-missing6] _
tests\test_effect_intent.py:5830: in test_ambiguous_focal_requests_keep_one_stable_clarification
    assert clarification is not None
E   assert None is not None
_ test_fresh_gate_incomplete_requests_keep_stable_clarification_identity[quiero reproducir esta cancion de nuevo-media.play.query] _
tests\test_effect_intent.py:6020: in test_fresh_gate_incomplete_requests_keep_stable_clarification_identity
    assert result is not None
E   assert None is not None
_ test_fresh_gate_incomplete_requests_keep_stable_clarification_identity[necesito hacer algo hoy-calendar.event.create] _
tests\test_effect_intent.py:6020: in test_fresh_gate_incomplete_requests_keep_stable_clarification_identity
    assert result is not None
E   assert None is not None
_ test_requests_without_executable_local_authority_close_as_conversation[I want to play Mario on the switch I mean the Wii.] _
tests\test_turn_policy.py:10977: in test_requests_without_executable_local_authority_close_as_conversation
    assert decision is not None
E   assert None is not None
=========================== short test summary info ===========================
FAILED tests/test_effect_intent.py::test_write_a_note_resolves_as_note_creation
FAILED tests/test_effect_intent.py::test_gift_discovery_resolves_as_safe_web_search
FAILED tests/test_effect_intent.py::test_ambiguous_focal_requests_keep_one_stable_clarification[I want to play the song again-media.play.query-missing6]
FAILED tests/test_effect_intent.py::test_fresh_gate_incomplete_requests_keep_stable_clarification_identity[quiero reproducir esta cancion de nuevo-media.play.query]
FAILED tests/test_effect_intent.py::test_fresh_gate_incomplete_requests_keep_stable_clarification_identity[necesito hacer algo hoy-calendar.event.create]
FAILED tests/test_turn_policy.py::test_requests_without_executable_local_authority_close_as_conversation[I want to play Mario on the switch I mean the Wii.]
6 failed, 3398 passed, 121 subtests passed in 56.41s
