FFFFFFFFFFFFFFFFFFFFFFFFFFFFFFFFFFFFFFFFFFFFFFFF..............FF         [100%]
================================== FAILURES ===================================
_ test_requested_focus_cannot_disappear[Is the {name} window active and configured to stay always on top?-True-Atlas] _

name = 'Atlas', focus = True
question = 'Is the {name} window active and configured to stay always on top?'

    @pytest.mark.parametrize("name", ["Atlas", "Brújula 7", "Nimbus 41", "Is Active"])
    @pytest.mark.parametrize("focus", [True, False])
    @pytest.mark.parametrize("question", [
        "Is the {name} window active and configured to stay always on top?",
        "¿La ventana {name} está activa y se mantiene siempre encima?",
        "Is {name} active?", "¿Está activa {name}?",
        "Does {name} have focus?", "¿Tiene {name} el foco?",
    ])
    def test_requested_focus_cannot_disappear(name, focus, question):
        payload = _compose_situation_payload(situation(focus, name=name), "en")
>       assert _payload_fact_defect("The window is in normal state.", payload, question.format(name=name)) == "missing_fact"
E       AssertionError: assert '' == 'missing_fact'
E         
E         - missing_fact

tests\test_c03_window_focus_coverage.py:18: AssertionError
_ test_requested_focus_cannot_disappear[Is the {name} window active and configured to stay always on top?-True-Br\xfajula 7] _

name = 'Brújula 7', focus = True
question = 'Is the {name} window active and configured to stay always on top?'

    @pytest.mark.parametrize("name", ["Atlas", "Brújula 7", "Nimbus 41", "Is Active"])
    @pytest.mark.parametrize("focus", [True, False])
    @pytest.mark.parametrize("question", [
        "Is the {name} window active and configured to stay always on top?",
        "¿La ventana {name} está activa y se mantiene siempre encima?",
        "Is {name} active?", "¿Está activa {name}?",
        "Does {name} have focus?", "¿Tiene {name} el foco?",
    ])
    def test_requested_focus_cannot_disappear(name, focus, question):
        payload = _compose_situation_payload(situation(focus, name=name), "en")
>       assert _payload_fact_defect("The window is in normal state.", payload, question.format(name=name)) == "missing_fact"
E       AssertionError: assert '' == 'missing_fact'
E         
E         - missing_fact

tests\test_c03_window_focus_coverage.py:18: AssertionError
_ test_requested_focus_cannot_disappear[Is the {name} window active and configured to stay always on top?-True-Nimbus 41] _

name = 'Nimbus 41', focus = True
question = 'Is the {name} window active and configured to stay always on top?'

    @pytest.mark.parametrize("name", ["Atlas", "Brújula 7", "Nimbus 41", "Is Active"])
    @pytest.mark.parametrize("focus", [True, False])
    @pytest.mark.parametrize("question", [
        "Is the {name} window active and configured to stay always on top?",
        "¿La ventana {name} está activa y se mantiene siempre encima?",
        "Is {name} active?", "¿Está activa {name}?",
        "Does {name} have focus?", "¿Tiene {name} el foco?",
    ])
    def test_requested_focus_cannot_disappear(name, focus, question):
        payload = _compose_situation_payload(situation(focus, name=name), "en")
>       assert _payload_fact_defect("The window is in normal state.", payload, question.format(name=name)) == "missing_fact"
E       AssertionError: assert '' == 'missing_fact'
E         
E         - missing_fact

tests\test_c03_window_focus_coverage.py:18: AssertionError
_ test_requested_focus_cannot_disappear[Is the {name} window active and configured to stay always on top?-True-Is Active] _

name = 'Is Active', focus = True
question = 'Is the {name} window active and configured to stay always on top?'

    @pytest.mark.parametrize("name", ["Atlas", "Brújula 7", "Nimbus 41", "Is Active"])
    @pytest.mark.parametrize("focus", [True, False])
    @pytest.mark.parametrize("question", [
        "Is the {name} window active and configured to stay always on top?",
        "¿La ventana {name} está activa y se mantiene siempre encima?",
        "Is {name} active?", "¿Está activa {name}?",
        "Does {name} have focus?", "¿Tiene {name} el foco?",
    ])
    def test_requested_focus_cannot_disappear(name, focus, question):
        payload = _compose_situation_payload(situation(focus, name=name), "en")
>       assert _payload_fact_defect("The window is in normal state.", payload, question.format(name=name)) == "missing_fact"
E       AssertionError: assert '' == 'missing_fact'
E         
E         - missing_fact

tests\test_c03_window_focus_coverage.py:18: AssertionError
_ test_requested_focus_cannot_disappear[Is the {name} window active and configured to stay always on top?-False-Atlas] _

name = 'Atlas', focus = False
question = 'Is the {name} window active and configured to stay always on top?'

    @pytest.mark.parametrize("name", ["Atlas", "Brújula 7", "Nimbus 41", "Is Active"])
    @pytest.mark.parametrize("focus", [True, False])
    @pytest.mark.parametrize("question", [
        "Is the {name} window active and configured to stay always on top?",
        "¿La ventana {name} está activa y se mantiene siempre encima?",
        "Is {name} active?", "¿Está activa {name}?",
        "Does {name} have focus?", "¿Tiene {name} el foco?",
    ])
    def test_requested_focus_cannot_disappear(name, focus, question):
        payload = _compose_situation_payload(situation(focus, name=name), "en")
>       assert _payload_fact_defect("The window is in normal state.", payload, question.format(name=name)) == "missing_fact"
E       AssertionError: assert '' == 'missing_fact'
E         
E         - missing_fact

tests\test_c03_window_focus_coverage.py:18: AssertionError
_ test_requested_focus_cannot_disappear[Is the {name} window active and configured to stay always on top?-False-Br\xfajula 7] _

name = 'Brújula 7', focus = False
question = 'Is the {name} window active and configured to stay always on top?'

    @pytest.mark.parametrize("name", ["Atlas", "Brújula 7", "Nimbus 41", "Is Active"])
    @pytest.mark.parametrize("focus", [True, False])
    @pytest.mark.parametrize("question", [
        "Is the {name} window active and configured to stay always on top?",
        "¿La ventana {name} está activa y se mantiene siempre encima?",
        "Is {name} active?", "¿Está activa {name}?",
        "Does {name} have focus?", "¿Tiene {name} el foco?",
    ])
    def test_requested_focus_cannot_disappear(name, focus, question):
        payload = _compose_situation_payload(situation(focus, name=name), "en")
>       assert _payload_fact_defect("The window is in normal state.", payload, question.format(name=name)) == "missing_fact"
E       AssertionError: assert '' == 'missing_fact'
E         
E         - missing_fact

tests\test_c03_window_focus_coverage.py:18: AssertionError
_ test_requested_focus_cannot_disappear[Is the {name} window active and configured to stay always on top?-False-Nimbus 41] _

name = 'Nimbus 41', focus = False
question = 'Is the {name} window active and configured to stay always on top?'

    @pytest.mark.parametrize("name", ["Atlas", "Brújula 7", "Nimbus 41", "Is Active"])
    @pytest.mark.parametrize("focus", [True, False])
    @pytest.mark.parametrize("question", [
        "Is the {name} window active and configured to stay always on top?",
        "¿La ventana {name} está activa y se mantiene siempre encima?",
        "Is {name} active?", "¿Está activa {name}?",
        "Does {name} have focus?", "¿Tiene {name} el foco?",
    ])
    def test_requested_focus_cannot_disappear(name, focus, question):
        payload = _compose_situation_payload(situation(focus, name=name), "en")
>       assert _payload_fact_defect("The window is in normal state.", payload, question.format(name=name)) == "missing_fact"
E       AssertionError: assert '' == 'missing_fact'
E         
E         - missing_fact

tests\test_c03_window_focus_coverage.py:18: AssertionError
_ test_requested_focus_cannot_disappear[Is the {name} window active and configured to stay always on top?-False-Is Active] _

name = 'Is Active', focus = False
question = 'Is the {name} window active and configured to stay always on top?'

    @pytest.mark.parametrize("name", ["Atlas", "Brújula 7", "Nimbus 41", "Is Active"])
    @pytest.mark.parametrize("focus", [True, False])
    @pytest.mark.parametrize("question", [
        "Is the {name} window active and configured to stay always on top?",
        "¿La ventana {name} está activa y se mantiene siempre encima?",
        "Is {name} active?", "¿Está activa {name}?",
        "Does {name} have focus?", "¿Tiene {name} el foco?",
    ])
    def test_requested_focus_cannot_disappear(name, focus, question):
        payload = _compose_situation_payload(situation(focus, name=name), "en")
>       assert _payload_fact_defect("The window is in normal state.", payload, question.format(name=name)) == "missing_fact"
E       AssertionError: assert '' == 'missing_fact'
E         
E         - missing_fact

tests\test_c03_window_focus_coverage.py:18: AssertionError
_ test_requested_focus_cannot_disappear[\xbfLa ventana {name} est\xe1 activa y se mantiene siempre encima?-True-Atlas] _

name = 'Atlas', focus = True
question = '¿La ventana {name} está activa y se mantiene siempre encima?'

    @pytest.mark.parametrize("name", ["Atlas", "Brújula 7", "Nimbus 41", "Is Active"])
    @pytest.mark.parametrize("focus", [True, False])
    @pytest.mark.parametrize("question", [
        "Is the {name} window active and configured to stay always on top?",
        "¿La ventana {name} está activa y se mantiene siempre encima?",
        "Is {name} active?", "¿Está activa {name}?",
        "Does {name} have focus?", "¿Tiene {name} el foco?",
    ])
    def test_requested_focus_cannot_disappear(name, focus, question):
        payload = _compose_situation_payload(situation(focus, name=name), "en")
>       assert _payload_fact_defect("The window is in normal state.", payload, question.format(name=name)) == "missing_fact"
E       AssertionError: assert '' == 'missing_fact'
E         
E         - missing_fact

tests\test_c03_window_focus_coverage.py:18: AssertionError
_ test_requested_focus_cannot_disappear[\xbfLa ventana {name} est\xe1 activa y se mantiene siempre encima?-True-Br\xfajula 7] _

name = 'Brújula 7', focus = True
question = '¿La ventana {name} está activa y se mantiene siempre encima?'

    @pytest.mark.parametrize("name", ["Atlas", "Brújula 7", "Nimbus 41", "Is Active"])
    @pytest.mark.parametrize("focus", [True, False])
    @pytest.mark.parametrize("question", [
        "Is the {name} window active and configured to stay always on top?",
        "¿La ventana {name} está activa y se mantiene siempre encima?",
        "Is {name} active?", "¿Está activa {name}?",
        "Does {name} have focus?", "¿Tiene {name} el foco?",
    ])
    def test_requested_focus_cannot_disappear(name, focus, question):
        payload = _compose_situation_payload(situation(focus, name=name), "en")
>       assert _payload_fact_defect("The window is in normal state.", payload, question.format(name=name)) == "missing_fact"
E       AssertionError: assert '' == 'missing_fact'
E         
E         - missing_fact

tests\test_c03_window_focus_coverage.py:18: AssertionError
_ test_requested_focus_cannot_disappear[\xbfLa ventana {name} est\xe1 activa y se mantiene siempre encima?-True-Nimbus 41] _

name = 'Nimbus 41', focus = True
question = '¿La ventana {name} está activa y se mantiene siempre encima?'

    @pytest.mark.parametrize("name", ["Atlas", "Brújula 7", "Nimbus 41", "Is Active"])
    @pytest.mark.parametrize("focus", [True, False])
    @pytest.mark.parametrize("question", [
        "Is the {name} window active and configured to stay always on top?",
        "¿La ventana {name} está activa y se mantiene siempre encima?",
        "Is {name} active?", "¿Está activa {name}?",
        "Does {name} have focus?", "¿Tiene {name} el foco?",
    ])
    def test_requested_focus_cannot_disappear(name, focus, question):
        payload = _compose_situation_payload(situation(focus, name=name), "en")
>       assert _payload_fact_defect("The window is in normal state.", payload, question.format(name=name)) == "missing_fact"
E       AssertionError: assert '' == 'missing_fact'
E         
E         - missing_fact

tests\test_c03_window_focus_coverage.py:18: AssertionError
_ test_requested_focus_cannot_disappear[\xbfLa ventana {name} est\xe1 activa y se mantiene siempre encima?-True-Is Active] _

name = 'Is Active', focus = True
question = '¿La ventana {name} está activa y se mantiene siempre encima?'

    @pytest.mark.parametrize("name", ["Atlas", "Brújula 7", "Nimbus 41", "Is Active"])
    @pytest.mark.parametrize("focus", [True, False])
    @pytest.mark.parametrize("question", [
        "Is the {name} window active and configured to stay always on top?",
        "¿La ventana {name} está activa y se mantiene siempre encima?",
        "Is {name} active?", "¿Está activa {name}?",
        "Does {name} have focus?", "¿Tiene {name} el foco?",
    ])
    def test_requested_focus_cannot_disappear(name, focus, question):
        payload = _compose_situation_payload(situation(focus, name=name), "en")
>       assert _payload_fact_defect("The window is in normal state.", payload, question.format(name=name)) == "missing_fact"
E       AssertionError: assert '' == 'missing_fact'
E         
E         - missing_fact

tests\test_c03_window_focus_coverage.py:18: AssertionError
_ test_requested_focus_cannot_disappear[\xbfLa ventana {name} est\xe1 activa y se mantiene siempre encima?-False-Atlas] _

name = 'Atlas', focus = False
question = '¿La ventana {name} está activa y se mantiene siempre encima?'

    @pytest.mark.parametrize("name", ["Atlas", "Brújula 7", "Nimbus 41", "Is Active"])
    @pytest.mark.parametrize("focus", [True, False])
    @pytest.mark.parametrize("question", [
        "Is the {name} window active and configured to stay always on top?",
        "¿La ventana {name} está activa y se mantiene siempre encima?",
        "Is {name} active?", "¿Está activa {name}?",
        "Does {name} have focus?", "¿Tiene {name} el foco?",
    ])
    def test_requested_focus_cannot_disappear(name, focus, question):
        payload = _compose_situation_payload(situation(focus, name=name), "en")
>       assert _payload_fact_defect("The window is in normal state.", payload, question.format(name=name)) == "missing_fact"
E       AssertionError: assert '' == 'missing_fact'
E         
E         - missing_fact

tests\test_c03_window_focus_coverage.py:18: AssertionError
_ test_requested_focus_cannot_disappear[\xbfLa ventana {name} est\xe1 activa y se mantiene siempre encima?-False-Br\xfajula 7] _

name = 'Brújula 7', focus = False
question = '¿La ventana {name} está activa y se mantiene siempre encima?'

    @pytest.mark.parametrize("name", ["Atlas", "Brújula 7", "Nimbus 41", "Is Active"])
    @pytest.mark.parametrize("focus", [True, False])
    @pytest.mark.parametrize("question", [
        "Is the {name} window active and configured to stay always on top?",
        "¿La ventana {name} está activa y se mantiene siempre encima?",
        "Is {name} active?", "¿Está activa {name}?",
        "Does {name} have focus?", "¿Tiene {name} el foco?",
    ])
    def test_requested_focus_cannot_disappear(name, focus, question):
        payload = _compose_situation_payload(situation(focus, name=name), "en")
>       assert _payload_fact_defect("The window is in normal state.", payload, question.format(name=name)) == "missing_fact"
E       AssertionError: assert '' == 'missing_fact'
E         
E         - missing_fact

tests\test_c03_window_focus_coverage.py:18: AssertionError
_ test_requested_focus_cannot_disappear[\xbfLa ventana {name} est\xe1 activa y se mantiene siempre encima?-False-Nimbus 41] _

name = 'Nimbus 41', focus = False
question = '¿La ventana {name} está activa y se mantiene siempre encima?'

    @pytest.mark.parametrize("name", ["Atlas", "Brújula 7", "Nimbus 41", "Is Active"])
    @pytest.mark.parametrize("focus", [True, False])
    @pytest.mark.parametrize("question", [
        "Is the {name} window active and configured to stay always on top?",
        "¿La ventana {name} está activa y se mantiene siempre encima?",
        "Is {name} active?", "¿Está activa {name}?",
        "Does {name} have focus?", "¿Tiene {name} el foco?",
    ])
    def test_requested_focus_cannot_disappear(name, focus, question):
        payload = _compose_situation_payload(situation(focus, name=name), "en")
>       assert _payload_fact_defect("The window is in normal state.", payload, question.format(name=name)) == "missing_fact"
E       AssertionError: assert '' == 'missing_fact'
E         
E         - missing_fact

tests\test_c03_window_focus_coverage.py:18: AssertionError
_ test_requested_focus_cannot_disappear[\xbfLa ventana {name} est\xe1 activa y se mantiene siempre encima?-False-Is Active] _

name = 'Is Active', focus = False
question = '¿La ventana {name} está activa y se mantiene siempre encima?'

    @pytest.mark.parametrize("name", ["Atlas", "Brújula 7", "Nimbus 41", "Is Active"])
    @pytest.mark.parametrize("focus", [True, False])
    @pytest.mark.parametrize("question", [
        "Is the {name} window active and configured to stay always on top?",
        "¿La ventana {name} está activa y se mantiene siempre encima?",
        "Is {name} active?", "¿Está activa {name}?",
        "Does {name} have focus?", "¿Tiene {name} el foco?",
    ])
    def test_requested_focus_cannot_disappear(name, focus, question):
        payload = _compose_situation_payload(situation(focus, name=name), "en")
>       assert _payload_fact_defect("The window is in normal state.", payload, question.format(name=name)) == "missing_fact"
E       AssertionError: assert '' == 'missing_fact'
E         
E         - missing_fact

tests\test_c03_window_focus_coverage.py:18: AssertionError
_____ test_requested_focus_cannot_disappear[Is {name} active?-True-Atlas] _____

name = 'Atlas', focus = True, question = 'Is {name} active?'

    @pytest.mark.parametrize("name", ["Atlas", "Brújula 7", "Nimbus 41", "Is Active"])
    @pytest.mark.parametrize("focus", [True, False])
    @pytest.mark.parametrize("question", [
        "Is the {name} window active and configured to stay always on top?",
        "¿La ventana {name} está activa y se mantiene siempre encima?",
        "Is {name} active?", "¿Está activa {name}?",
        "Does {name} have focus?", "¿Tiene {name} el foco?",
    ])
    def test_requested_focus_cannot_disappear(name, focus, question):
        payload = _compose_situation_payload(situation(focus, name=name), "en")
>       assert _payload_fact_defect("The window is in normal state.", payload, question.format(name=name)) == "missing_fact"
E       AssertionError: assert '' == 'missing_fact'
E         
E         - missing_fact

tests\test_c03_window_focus_coverage.py:18: AssertionError
_ test_requested_focus_cannot_disappear[Is {name} active?-True-Br\xfajula 7] __

name = 'Brújula 7', focus = True, question = 'Is {name} active?'

    @pytest.mark.parametrize("name", ["Atlas", "Brújula 7", "Nimbus 41", "Is Active"])
    @pytest.mark.parametrize("focus", [True, False])
    @pytest.mark.parametrize("question", [
        "Is the {name} window active and configured to stay always on top?",
        "¿La ventana {name} está activa y se mantiene siempre encima?",
        "Is {name} active?", "¿Está activa {name}?",
        "Does {name} have focus?", "¿Tiene {name} el foco?",
    ])
    def test_requested_focus_cannot_disappear(name, focus, question):
        payload = _compose_situation_payload(situation(focus, name=name), "en")
>       assert _payload_fact_defect("The window is in normal state.", payload, question.format(name=name)) == "missing_fact"
E       AssertionError: assert '' == 'missing_fact'
E         
E         - missing_fact

tests\test_c03_window_focus_coverage.py:18: AssertionError
___ test_requested_focus_cannot_disappear[Is {name} active?-True-Nimbus 41] ___

name = 'Nimbus 41', focus = True, question = 'Is {name} active?'

    @pytest.mark.parametrize("name", ["Atlas", "Brújula 7", "Nimbus 41", "Is Active"])
    @pytest.mark.parametrize("focus", [True, False])
    @pytest.mark.parametrize("question", [
        "Is the {name} window active and configured to stay always on top?",
        "¿La ventana {name} está activa y se mantiene siempre encima?",
        "Is {name} active?", "¿Está activa {name}?",
        "Does {name} have focus?", "¿Tiene {name} el foco?",
    ])
    def test_requested_focus_cannot_disappear(name, focus, question):
        payload = _compose_situation_payload(situation(focus, name=name), "en")
>       assert _payload_fact_defect("The window is in normal state.", payload, question.format(name=name)) == "missing_fact"
E       AssertionError: assert '' == 'missing_fact'
E         
E         - missing_fact

tests\test_c03_window_focus_coverage.py:18: AssertionError
___ test_requested_focus_cannot_disappear[Is {name} active?-True-Is Active] ___

name = 'Is Active', focus = True, question = 'Is {name} active?'

    @pytest.mark.parametrize("name", ["Atlas", "Brújula 7", "Nimbus 41", "Is Active"])
    @pytest.mark.parametrize("focus", [True, False])
    @pytest.mark.parametrize("question", [
        "Is the {name} window active and configured to stay always on top?",
        "¿La ventana {name} está activa y se mantiene siempre encima?",
        "Is {name} active?", "¿Está activa {name}?",
        "Does {name} have focus?", "¿Tiene {name} el foco?",
    ])
    def test_requested_focus_cannot_disappear(name, focus, question):
        payload = _compose_situation_payload(situation(focus, name=name), "en")
>       assert _payload_fact_defect("The window is in normal state.", payload, question.format(name=name)) == "missing_fact"
E       AssertionError: assert '' == 'missing_fact'
E         
E         - missing_fact

tests\test_c03_window_focus_coverage.py:18: AssertionError
____ test_requested_focus_cannot_disappear[Is {name} active?-False-Atlas] _____

name = 'Atlas', focus = False, question = 'Is {name} active?'

    @pytest.mark.parametrize("name", ["Atlas", "Brújula 7", "Nimbus 41", "Is Active"])
    @pytest.mark.parametrize("focus", [True, False])
    @pytest.mark.parametrize("question", [
        "Is the {name} window active and configured to stay always on top?",
        "¿La ventana {name} está activa y se mantiene siempre encima?",
        "Is {name} active?", "¿Está activa {name}?",
        "Does {name} have focus?", "¿Tiene {name} el foco?",
    ])
    def test_requested_focus_cannot_disappear(name, focus, question):
        payload = _compose_situation_payload(situation(focus, name=name), "en")
>       assert _payload_fact_defect("The window is in normal state.", payload, question.format(name=name)) == "missing_fact"
E       AssertionError: assert '' == 'missing_fact'
E         
E         - missing_fact

tests\test_c03_window_focus_coverage.py:18: AssertionError
_ test_requested_focus_cannot_disappear[Is {name} active?-False-Br\xfajula 7] _

name = 'Brújula 7', focus = False, question = 'Is {name} active?'

    @pytest.mark.parametrize("name", ["Atlas", "Brújula 7", "Nimbus 41", "Is Active"])
    @pytest.mark.parametrize("focus", [True, False])
    @pytest.mark.parametrize("question", [
        "Is the {name} window active and configured to stay always on top?",
        "¿La ventana {name} está activa y se mantiene siempre encima?",
        "Is {name} active?", "¿Está activa {name}?",
        "Does {name} have focus?", "¿Tiene {name} el foco?",
    ])
    def test_requested_focus_cannot_disappear(name, focus, question):
        payload = _compose_situation_payload(situation(focus, name=name), "en")
>       assert _payload_fact_defect("The window is in normal state.", payload, question.format(name=name)) == "missing_fact"
E       AssertionError: assert '' == 'missing_fact'
E         
E         - missing_fact

tests\test_c03_window_focus_coverage.py:18: AssertionError
__ test_requested_focus_cannot_disappear[Is {name} active?-False-Nimbus 41] ___

name = 'Nimbus 41', focus = False, question = 'Is {name} active?'

    @pytest.mark.parametrize("name", ["Atlas", "Brújula 7", "Nimbus 41", "Is Active"])
    @pytest.mark.parametrize("focus", [True, False])
    @pytest.mark.parametrize("question", [
        "Is the {name} window active and configured to stay always on top?",
        "¿La ventana {name} está activa y se mantiene siempre encima?",
        "Is {name} active?", "¿Está activa {name}?",
        "Does {name} have focus?", "¿Tiene {name} el foco?",
    ])
    def test_requested_focus_cannot_disappear(name, focus, question):
        payload = _compose_situation_payload(situation(focus, name=name), "en")
>       assert _payload_fact_defect("The window is in normal state.", payload, question.format(name=name)) == "missing_fact"
E       AssertionError: assert '' == 'missing_fact'
E         
E         - missing_fact

tests\test_c03_window_focus_coverage.py:18: AssertionError
__ test_requested_focus_cannot_disappear[Is {name} active?-False-Is Active] ___

name = 'Is Active', focus = False, question = 'Is {name} active?'

    @pytest.mark.parametrize("name", ["Atlas", "Brújula 7", "Nimbus 41", "Is Active"])
    @pytest.mark.parametrize("focus", [True, False])
    @pytest.mark.parametrize("question", [
        "Is the {name} window active and configured to stay always on top?",
        "¿La ventana {name} está activa y se mantiene siempre encima?",
        "Is {name} active?", "¿Está activa {name}?",
        "Does {name} have focus?", "¿Tiene {name} el foco?",
    ])
    def test_requested_focus_cannot_disappear(name, focus, question):
        payload = _compose_situation_payload(situation(focus, name=name), "en")
>       assert _payload_fact_defect("The window is in normal state.", payload, question.format(name=name)) == "missing_fact"
E       AssertionError: assert '' == 'missing_fact'
E         
E         - missing_fact

tests\test_c03_window_focus_coverage.py:18: AssertionError
_ test_requested_focus_cannot_disappear[\xbfEst\xe1 activa {name}?-True-Atlas] _

name = 'Atlas', focus = True, question = '¿Está activa {name}?'

    @pytest.mark.parametrize("name", ["Atlas", "Brújula 7", "Nimbus 41", "Is Active"])
    @pytest.mark.parametrize("focus", [True, False])
    @pytest.mark.parametrize("question", [
        "Is the {name} window active and configured to stay always on top?",
        "¿La ventana {name} está activa y se mantiene siempre encima?",
        "Is {name} active?", "¿Está activa {name}?",
        "Does {name} have focus?", "¿Tiene {name} el foco?",
    ])
    def test_requested_focus_cannot_disappear(name, focus, question):
        payload = _compose_situation_payload(situation(focus, name=name), "en")
>       assert _payload_fact_defect("The window is in normal state.", payload, question.format(name=name)) == "missing_fact"
E       AssertionError: assert '' == 'missing_fact'
E         
E         - missing_fact

tests\test_c03_window_focus_coverage.py:18: AssertionError
_ test_requested_focus_cannot_disappear[\xbfEst\xe1 activa {name}?-True-Br\xfajula 7] _

name = 'Brújula 7', focus = True, question = '¿Está activa {name}?'

    @pytest.mark.parametrize("name", ["Atlas", "Brújula 7", "Nimbus 41", "Is Active"])
    @pytest.mark.parametrize("focus", [True, False])
    @pytest.mark.parametrize("question", [
        "Is the {name} window active and configured to stay always on top?",
        "¿La ventana {name} está activa y se mantiene siempre encima?",
        "Is {name} active?", "¿Está activa {name}?",
        "Does {name} have focus?", "¿Tiene {name} el foco?",
    ])
    def test_requested_focus_cannot_disappear(name, focus, question):
        payload = _compose_situation_payload(situation(focus, name=name), "en")
>       assert _payload_fact_defect("The window is in normal state.", payload, question.format(name=name)) == "missing_fact"
E       AssertionError: assert '' == 'missing_fact'
E         
E         - missing_fact

tests\test_c03_window_focus_coverage.py:18: AssertionError
_ test_requested_focus_cannot_disappear[\xbfEst\xe1 activa {name}?-True-Nimbus 41] _

name = 'Nimbus 41', focus = True, question = '¿Está activa {name}?'

    @pytest.mark.parametrize("name", ["Atlas", "Brújula 7", "Nimbus 41", "Is Active"])
    @pytest.mark.parametrize("focus", [True, False])
    @pytest.mark.parametrize("question", [
        "Is the {name} window active and configured to stay always on top?",
        "¿La ventana {name} está activa y se mantiene siempre encima?",
        "Is {name} active?", "¿Está activa {name}?",
        "Does {name} have focus?", "¿Tiene {name} el foco?",
    ])
    def test_requested_focus_cannot_disappear(name, focus, question):
        payload = _compose_situation_payload(situation(focus, name=name), "en")
>       assert _payload_fact_defect("The window is in normal state.", payload, question.format(name=name)) == "missing_fact"
E       AssertionError: assert '' == 'missing_fact'
E         
E         - missing_fact

tests\test_c03_window_focus_coverage.py:18: AssertionError
_ test_requested_focus_cannot_disappear[\xbfEst\xe1 activa {name}?-True-Is Active] _

name = 'Is Active', focus = True, question = '¿Está activa {name}?'

    @pytest.mark.parametrize("name", ["Atlas", "Brújula 7", "Nimbus 41", "Is Active"])
    @pytest.mark.parametrize("focus", [True, False])
    @pytest.mark.parametrize("question", [
        "Is the {name} window active and configured to stay always on top?",
        "¿La ventana {name} está activa y se mantiene siempre encima?",
        "Is {name} active?", "¿Está activa {name}?",
        "Does {name} have focus?", "¿Tiene {name} el foco?",
    ])
    def test_requested_focus_cannot_disappear(name, focus, question):
        payload = _compose_situation_payload(situation(focus, name=name), "en")
>       assert _payload_fact_defect("The window is in normal state.", payload, question.format(name=name)) == "missing_fact"
E       AssertionError: assert '' == 'missing_fact'
E         
E         - missing_fact

tests\test_c03_window_focus_coverage.py:18: AssertionError
_ test_requested_focus_cannot_disappear[\xbfEst\xe1 activa {name}?-False-Atlas] _

name = 'Atlas', focus = False, question = '¿Está activa {name}?'

    @pytest.mark.parametrize("name", ["Atlas", "Brújula 7", "Nimbus 41", "Is Active"])
    @pytest.mark.parametrize("focus", [True, False])
    @pytest.mark.parametrize("question", [
        "Is the {name} window active and configured to stay always on top?",
        "¿La ventana {name} está activa y se mantiene siempre encima?",
        "Is {name} active?", "¿Está activa {name}?",
        "Does {name} have focus?", "¿Tiene {name} el foco?",
    ])
    def test_requested_focus_cannot_disappear(name, focus, question):
        payload = _compose_situation_payload(situation(focus, name=name), "en")
>       assert _payload_fact_defect("The window is in normal state.", payload, question.format(name=name)) == "missing_fact"
E       AssertionError: assert '' == 'missing_fact'
E         
E         - missing_fact

tests\test_c03_window_focus_coverage.py:18: AssertionError
_ test_requested_focus_cannot_disappear[\xbfEst\xe1 activa {name}?-False-Br\xfajula 7] _

name = 'Brújula 7', focus = False, question = '¿Está activa {name}?'

    @pytest.mark.parametrize("name", ["Atlas", "Brújula 7", "Nimbus 41", "Is Active"])
    @pytest.mark.parametrize("focus", [True, False])
    @pytest.mark.parametrize("question", [
        "Is the {name} window active and configured to stay always on top?",
        "¿La ventana {name} está activa y se mantiene siempre encima?",
        "Is {name} active?", "¿Está activa {name}?",
        "Does {name} have focus?", "¿Tiene {name} el foco?",
    ])
    def test_requested_focus_cannot_disappear(name, focus, question):
        payload = _compose_situation_payload(situation(focus, name=name), "en")
>       assert _payload_fact_defect("The window is in normal state.", payload, question.format(name=name)) == "missing_fact"
E       AssertionError: assert '' == 'missing_fact'
E         
E         - missing_fact

tests\test_c03_window_focus_coverage.py:18: AssertionError
_ test_requested_focus_cannot_disappear[\xbfEst\xe1 activa {name}?-False-Nimbus 41] _

name = 'Nimbus 41', focus = False, question = '¿Está activa {name}?'

    @pytest.mark.parametrize("name", ["Atlas", "Brújula 7", "Nimbus 41", "Is Active"])
    @pytest.mark.parametrize("focus", [True, False])
    @pytest.mark.parametrize("question", [
        "Is the {name} window active and configured to stay always on top?",
        "¿La ventana {name} está activa y se mantiene siempre encima?",
        "Is {name} active?", "¿Está activa {name}?",
        "Does {name} have focus?", "¿Tiene {name} el foco?",
    ])
    def test_requested_focus_cannot_disappear(name, focus, question):
        payload = _compose_situation_payload(situation(focus, name=name), "en")
>       assert _payload_fact_defect("The window is in normal state.", payload, question.format(name=name)) == "missing_fact"
E       AssertionError: assert '' == 'missing_fact'
E         
E         - missing_fact

tests\test_c03_window_focus_coverage.py:18: AssertionError
_ test_requested_focus_cannot_disappear[\xbfEst\xe1 activa {name}?-False-Is Active] _

name = 'Is Active', focus = False, question = '¿Está activa {name}?'

    @pytest.mark.parametrize("name", ["Atlas", "Brújula 7", "Nimbus 41", "Is Active"])
    @pytest.mark.parametrize("focus", [True, False])
    @pytest.mark.parametrize("question", [
        "Is the {name} window active and configured to stay always on top?",
        "¿La ventana {name} está activa y se mantiene siempre encima?",
        "Is {name} active?", "¿Está activa {name}?",
        "Does {name} have focus?", "¿Tiene {name} el foco?",
    ])
    def test_requested_focus_cannot_disappear(name, focus, question):
        payload = _compose_situation_payload(situation(focus, name=name), "en")
>       assert _payload_fact_defect("The window is in normal state.", payload, question.format(name=name)) == "missing_fact"
E       AssertionError: assert '' == 'missing_fact'
E         
E         - missing_fact

tests\test_c03_window_focus_coverage.py:18: AssertionError
__ test_requested_focus_cannot_disappear[Does {name} have focus?-True-Atlas] __

name = 'Atlas', focus = True, question = 'Does {name} have focus?'

    @pytest.mark.parametrize("name", ["Atlas", "Brújula 7", "Nimbus 41", "Is Active"])
    @pytest.mark.parametrize("focus", [True, False])
    @pytest.mark.parametrize("question", [
        "Is the {name} window active and configured to stay always on top?",
        "¿La ventana {name} está activa y se mantiene siempre encima?",
        "Is {name} active?", "¿Está activa {name}?",
        "Does {name} have focus?", "¿Tiene {name} el foco?",
    ])
    def test_requested_focus_cannot_disappear(name, focus, question):
        payload = _compose_situation_payload(situation(focus, name=name), "en")
>       assert _payload_fact_defect("The window is in normal state.", payload, question.format(name=name)) == "missing_fact"
E       AssertionError: assert '' == 'missing_fact'
E         
E         - missing_fact

tests\test_c03_window_focus_coverage.py:18: AssertionError
_ test_requested_focus_cannot_disappear[Does {name} have focus?-True-Br\xfajula 7] _

name = 'Brújula 7', focus = True, question = 'Does {name} have focus?'

    @pytest.mark.parametrize("name", ["Atlas", "Brújula 7", "Nimbus 41", "Is Active"])
    @pytest.mark.parametrize("focus", [True, False])
    @pytest.mark.parametrize("question", [
        "Is the {name} window active and configured to stay always on top?",
        "¿La ventana {name} está activa y se mantiene siempre encima?",
        "Is {name} active?", "¿Está activa {name}?",
        "Does {name} have focus?", "¿Tiene {name} el foco?",
    ])
    def test_requested_focus_cannot_disappear(name, focus, question):
        payload = _compose_situation_payload(situation(focus, name=name), "en")
>       assert _payload_fact_defect("The window is in normal state.", payload, question.format(name=name)) == "missing_fact"
E       AssertionError: assert '' == 'missing_fact'
E         
E         - missing_fact

tests\test_c03_window_focus_coverage.py:18: AssertionError
_ test_requested_focus_cannot_disappear[Does {name} have focus?-True-Nimbus 41] _

name = 'Nimbus 41', focus = True, question = 'Does {name} have focus?'

    @pytest.mark.parametrize("name", ["Atlas", "Brújula 7", "Nimbus 41", "Is Active"])
    @pytest.mark.parametrize("focus", [True, False])
    @pytest.mark.parametrize("question", [
        "Is the {name} window active and configured to stay always on top?",
        "¿La ventana {name} está activa y se mantiene siempre encima?",
        "Is {name} active?", "¿Está activa {name}?",
        "Does {name} have focus?", "¿Tiene {name} el foco?",
    ])
    def test_requested_focus_cannot_disappear(name, focus, question):
        payload = _compose_situation_payload(situation(focus, name=name), "en")
>       assert _payload_fact_defect("The window is in normal state.", payload, question.format(name=name)) == "missing_fact"
E       AssertionError: assert '' == 'missing_fact'
E         
E         - missing_fact

tests\test_c03_window_focus_coverage.py:18: AssertionError
_ test_requested_focus_cannot_disappear[Does {name} have focus?-True-Is Active] _

name = 'Is Active', focus = True, question = 'Does {name} have focus?'

    @pytest.mark.parametrize("name", ["Atlas", "Brújula 7", "Nimbus 41", "Is Active"])
    @pytest.mark.parametrize("focus", [True, False])
    @pytest.mark.parametrize("question", [
        "Is the {name} window active and configured to stay always on top?",
        "¿La ventana {name} está activa y se mantiene siempre encima?",
        "Is {name} active?", "¿Está activa {name}?",
        "Does {name} have focus?", "¿Tiene {name} el foco?",
    ])
    def test_requested_focus_cannot_disappear(name, focus, question):
        payload = _compose_situation_payload(situation(focus, name=name), "en")
>       assert _payload_fact_defect("The window is in normal state.", payload, question.format(name=name)) == "missing_fact"
E       AssertionError: assert '' == 'missing_fact'
E         
E         - missing_fact

tests\test_c03_window_focus_coverage.py:18: AssertionError
_ test_requested_focus_cannot_disappear[Does {name} have focus?-False-Atlas] __

name = 'Atlas', focus = False, question = 'Does {name} have focus?'

    @pytest.mark.parametrize("name", ["Atlas", "Brújula 7", "Nimbus 41", "Is Active"])
    @pytest.mark.parametrize("focus", [True, False])
    @pytest.mark.parametrize("question", [
        "Is the {name} window active and configured to stay always on top?",
        "¿La ventana {name} está activa y se mantiene siempre encima?",
        "Is {name} active?", "¿Está activa {name}?",
        "Does {name} have focus?", "¿Tiene {name} el foco?",
    ])
    def test_requested_focus_cannot_disappear(name, focus, question):
        payload = _compose_situation_payload(situation(focus, name=name), "en")
>       assert _payload_fact_defect("The window is in normal state.", payload, question.format(name=name)) == "missing_fact"
E       AssertionError: assert '' == 'missing_fact'
E         
E         - missing_fact

tests\test_c03_window_focus_coverage.py:18: AssertionError
_ test_requested_focus_cannot_disappear[Does {name} have focus?-False-Br\xfajula 7] _

name = 'Brújula 7', focus = False, question = 'Does {name} have focus?'

    @pytest.mark.parametrize("name", ["Atlas", "Brújula 7", "Nimbus 41", "Is Active"])
    @pytest.mark.parametrize("focus", [True, False])
    @pytest.mark.parametrize("question", [
        "Is the {name} window active and configured to stay always on top?",
        "¿La ventana {name} está activa y se mantiene siempre encima?",
        "Is {name} active?", "¿Está activa {name}?",
        "Does {name} have focus?", "¿Tiene {name} el foco?",
    ])
    def test_requested_focus_cannot_disappear(name, focus, question):
        payload = _compose_situation_payload(situation(focus, name=name), "en")
>       assert _payload_fact_defect("The window is in normal state.", payload, question.format(name=name)) == "missing_fact"
E       AssertionError: assert '' == 'missing_fact'
E         
E         - missing_fact

tests\test_c03_window_focus_coverage.py:18: AssertionError
_ test_requested_focus_cannot_disappear[Does {name} have focus?-False-Nimbus 41] _

name = 'Nimbus 41', focus = False, question = 'Does {name} have focus?'

    @pytest.mark.parametrize("name", ["Atlas", "Brújula 7", "Nimbus 41", "Is Active"])
    @pytest.mark.parametrize("focus", [True, False])
    @pytest.mark.parametrize("question", [
        "Is the {name} window active and configured to stay always on top?",
        "¿La ventana {name} está activa y se mantiene siempre encima?",
        "Is {name} active?", "¿Está activa {name}?",
        "Does {name} have focus?", "¿Tiene {name} el foco?",
    ])
    def test_requested_focus_cannot_disappear(name, focus, question):
        payload = _compose_situation_payload(situation(focus, name=name), "en")
>       assert _payload_fact_defect("The window is in normal state.", payload, question.format(name=name)) == "missing_fact"
E       AssertionError: assert '' == 'missing_fact'
E         
E         - missing_fact

tests\test_c03_window_focus_coverage.py:18: AssertionError
_ test_requested_focus_cannot_disappear[Does {name} have focus?-False-Is Active] _

name = 'Is Active', focus = False, question = 'Does {name} have focus?'

    @pytest.mark.parametrize("name", ["Atlas", "Brújula 7", "Nimbus 41", "Is Active"])
    @pytest.mark.parametrize("focus", [True, False])
    @pytest.mark.parametrize("question", [
        "Is the {name} window active and configured to stay always on top?",
        "¿La ventana {name} está activa y se mantiene siempre encima?",
        "Is {name} active?", "¿Está activa {name}?",
        "Does {name} have focus?", "¿Tiene {name} el foco?",
    ])
    def test_requested_focus_cannot_disappear(name, focus, question):
        payload = _compose_situation_payload(situation(focus, name=name), "en")
>       assert _payload_fact_defect("The window is in normal state.", payload, question.format(name=name)) == "missing_fact"
E       AssertionError: assert '' == 'missing_fact'
E         
E         - missing_fact

tests\test_c03_window_focus_coverage.py:18: AssertionError
_ test_requested_focus_cannot_disappear[\xbfTiene {name} el foco?-True-Atlas] _

name = 'Atlas', focus = True, question = '¿Tiene {name} el foco?'

    @pytest.mark.parametrize("name", ["Atlas", "Brújula 7", "Nimbus 41", "Is Active"])
    @pytest.mark.parametrize("focus", [True, False])
    @pytest.mark.parametrize("question", [
        "Is the {name} window active and configured to stay always on top?",
        "¿La ventana {name} está activa y se mantiene siempre encima?",
        "Is {name} active?", "¿Está activa {name}?",
        "Does {name} have focus?", "¿Tiene {name} el foco?",
    ])
    def test_requested_focus_cannot_disappear(name, focus, question):
        payload = _compose_situation_payload(situation(focus, name=name), "en")
>       assert _payload_fact_defect("The window is in normal state.", payload, question.format(name=name)) == "missing_fact"
E       AssertionError: assert '' == 'missing_fact'
E         
E         - missing_fact

tests\test_c03_window_focus_coverage.py:18: AssertionError
_ test_requested_focus_cannot_disappear[\xbfTiene {name} el foco?-True-Br\xfajula 7] _

name = 'Brújula 7', focus = True, question = '¿Tiene {name} el foco?'

    @pytest.mark.parametrize("name", ["Atlas", "Brújula 7", "Nimbus 41", "Is Active"])
    @pytest.mark.parametrize("focus", [True, False])
    @pytest.mark.parametrize("question", [
        "Is the {name} window active and configured to stay always on top?",
        "¿La ventana {name} está activa y se mantiene siempre encima?",
        "Is {name} active?", "¿Está activa {name}?",
        "Does {name} have focus?", "¿Tiene {name} el foco?",
    ])
    def test_requested_focus_cannot_disappear(name, focus, question):
        payload = _compose_situation_payload(situation(focus, name=name), "en")
>       assert _payload_fact_defect("The window is in normal state.", payload, question.format(name=name)) == "missing_fact"
E       AssertionError: assert '' == 'missing_fact'
E         
E         - missing_fact

tests\test_c03_window_focus_coverage.py:18: AssertionError
_ test_requested_focus_cannot_disappear[\xbfTiene {name} el foco?-True-Nimbus 41] _

name = 'Nimbus 41', focus = True, question = '¿Tiene {name} el foco?'

    @pytest.mark.parametrize("name", ["Atlas", "Brújula 7", "Nimbus 41", "Is Active"])
    @pytest.mark.parametrize("focus", [True, False])
    @pytest.mark.parametrize("question", [
        "Is the {name} window active and configured to stay always on top?",
        "¿La ventana {name} está activa y se mantiene siempre encima?",
        "Is {name} active?", "¿Está activa {name}?",
        "Does {name} have focus?", "¿Tiene {name} el foco?",
    ])
    def test_requested_focus_cannot_disappear(name, focus, question):
        payload = _compose_situation_payload(situation(focus, name=name), "en")
>       assert _payload_fact_defect("The window is in normal state.", payload, question.format(name=name)) == "missing_fact"
E       AssertionError: assert '' == 'missing_fact'
E         
E         - missing_fact

tests\test_c03_window_focus_coverage.py:18: AssertionError
_ test_requested_focus_cannot_disappear[\xbfTiene {name} el foco?-True-Is Active] _

name = 'Is Active', focus = True, question = '¿Tiene {name} el foco?'

    @pytest.mark.parametrize("name", ["Atlas", "Brújula 7", "Nimbus 41", "Is Active"])
    @pytest.mark.parametrize("focus", [True, False])
    @pytest.mark.parametrize("question", [
        "Is the {name} window active and configured to stay always on top?",
        "¿La ventana {name} está activa y se mantiene siempre encima?",
        "Is {name} active?", "¿Está activa {name}?",
        "Does {name} have focus?", "¿Tiene {name} el foco?",
    ])
    def test_requested_focus_cannot_disappear(name, focus, question):
        payload = _compose_situation_payload(situation(focus, name=name), "en")
>       assert _payload_fact_defect("The window is in normal state.", payload, question.format(name=name)) == "missing_fact"
E       AssertionError: assert '' == 'missing_fact'
E         
E         - missing_fact

tests\test_c03_window_focus_coverage.py:18: AssertionError
_ test_requested_focus_cannot_disappear[\xbfTiene {name} el foco?-False-Atlas] _

name = 'Atlas', focus = False, question = '¿Tiene {name} el foco?'

    @pytest.mark.parametrize("name", ["Atlas", "Brújula 7", "Nimbus 41", "Is Active"])
    @pytest.mark.parametrize("focus", [True, False])
    @pytest.mark.parametrize("question", [
        "Is the {name} window active and configured to stay always on top?",
        "¿La ventana {name} está activa y se mantiene siempre encima?",
        "Is {name} active?", "¿Está activa {name}?",
        "Does {name} have focus?", "¿Tiene {name} el foco?",
    ])
    def test_requested_focus_cannot_disappear(name, focus, question):
        payload = _compose_situation_payload(situation(focus, name=name), "en")
>       assert _payload_fact_defect("The window is in normal state.", payload, question.format(name=name)) == "missing_fact"
E       AssertionError: assert '' == 'missing_fact'
E         
E         - missing_fact

tests\test_c03_window_focus_coverage.py:18: AssertionError
_ test_requested_focus_cannot_disappear[\xbfTiene {name} el foco?-False-Br\xfajula 7] _

name = 'Brújula 7', focus = False, question = '¿Tiene {name} el foco?'

    @pytest.mark.parametrize("name", ["Atlas", "Brújula 7", "Nimbus 41", "Is Active"])
    @pytest.mark.parametrize("focus", [True, False])
    @pytest.mark.parametrize("question", [
        "Is the {name} window active and configured to stay always on top?",
        "¿La ventana {name} está activa y se mantiene siempre encima?",
        "Is {name} active?", "¿Está activa {name}?",
        "Does {name} have focus?", "¿Tiene {name} el foco?",
    ])
    def test_requested_focus_cannot_disappear(name, focus, question):
        payload = _compose_situation_payload(situation(focus, name=name), "en")
>       assert _payload_fact_defect("The window is in normal state.", payload, question.format(name=name)) == "missing_fact"
E       AssertionError: assert '' == 'missing_fact'
E         
E         - missing_fact

tests\test_c03_window_focus_coverage.py:18: AssertionError
_ test_requested_focus_cannot_disappear[\xbfTiene {name} el foco?-False-Nimbus 41] _

name = 'Nimbus 41', focus = False, question = '¿Tiene {name} el foco?'

    @pytest.mark.parametrize("name", ["Atlas", "Brújula 7", "Nimbus 41", "Is Active"])
    @pytest.mark.parametrize("focus", [True, False])
    @pytest.mark.parametrize("question", [
        "Is the {name} window active and configured to stay always on top?",
        "¿La ventana {name} está activa y se mantiene siempre encima?",
        "Is {name} active?", "¿Está activa {name}?",
        "Does {name} have focus?", "¿Tiene {name} el foco?",
    ])
    def test_requested_focus_cannot_disappear(name, focus, question):
        payload = _compose_situation_payload(situation(focus, name=name), "en")
>       assert _payload_fact_defect("The window is in normal state.", payload, question.format(name=name)) == "missing_fact"
E       AssertionError: assert '' == 'missing_fact'
E         
E         - missing_fact

tests\test_c03_window_focus_coverage.py:18: AssertionError
_ test_requested_focus_cannot_disappear[\xbfTiene {name} el foco?-False-Is Active] _

name = 'Is Active', focus = False, question = '¿Tiene {name} el foco?'

    @pytest.mark.parametrize("name", ["Atlas", "Brújula 7", "Nimbus 41", "Is Active"])
    @pytest.mark.parametrize("focus", [True, False])
    @pytest.mark.parametrize("question", [
        "Is the {name} window active and configured to stay always on top?",
        "¿La ventana {name} está activa y se mantiene siempre encima?",
        "Is {name} active?", "¿Está activa {name}?",
        "Does {name} have focus?", "¿Tiene {name} el foco?",
    ])
    def test_requested_focus_cannot_disappear(name, focus, question):
        payload = _compose_situation_payload(situation(focus, name=name), "en")
>       assert _payload_fact_defect("The window is in normal state.", payload, question.format(name=name)) == "missing_fact"
E       AssertionError: assert '' == 'missing_fact'
E         
E         - missing_fact

tests\test_c03_window_focus_coverage.py:18: AssertionError
_____ test_ambiguous_conjunction_does_not_establish_explicit_focus_answer _____

    def test_ambiguous_conjunction_does_not_establish_explicit_focus_answer():
        payload = _compose_situation_payload(situation(True), "en")
        reply = "No, the Atlas window is not active and configured to stay always on top."
>       assert _payload_fact_defect(reply, payload, "Is Atlas active and always on top?") == "missing_fact"
E       AssertionError: assert '' == 'missing_fact'
E         
E         - missing_fact

tests\test_c03_window_focus_coverage.py:45: AssertionError
__ test_compositor_missing_feedback_does_not_invent_a_rejected_boolean_claim __

    def test_compositor_missing_feedback_does_not_invent_a_rejected_boolean_claim():
        import json
        first = "Atlas is not configured to stay always on top."
        good = "Atlas is active, but not configured to stay always on top."
        client = Recorder([first, good, good])
        facts = situation(True)
        facts["observed"]["windows"][0]["alwaysOnTop"] = False
>       assert client.compose_user_message("Is Atlas active and always on top?", "status", {"situation":facts}) == good
E       AssertionError: assert 'Atlas is not...lways on top.' == 'Atlas is act...lways on top.'
E         
E         - Atlas is active, but not configured to stay always on top.
E         ?         ------------
E         + Atlas is not configured to stay always on top.

tests\test_c03_window_focus_coverage.py:55: AssertionError
=========================== short test summary info ===========================
FAILED tests/test_c03_window_focus_coverage.py::test_requested_focus_cannot_disappear[Is the {name} window active and configured to stay always on top?-True-Atlas]
FAILED tests/test_c03_window_focus_coverage.py::test_requested_focus_cannot_disappear[Is the {name} window active and configured to stay always on top?-True-Br\xfajula 7]
FAILED tests/test_c03_window_focus_coverage.py::test_requested_focus_cannot_disappear[Is the {name} window active and configured to stay always on top?-True-Nimbus 41]
FAILED tests/test_c03_window_focus_coverage.py::test_requested_focus_cannot_disappear[Is the {name} window active and configured to stay always on top?-True-Is Active]
FAILED tests/test_c03_window_focus_coverage.py::test_requested_focus_cannot_disappear[Is the {name} window active and configured to stay always on top?-False-Atlas]
FAILED tests/test_c03_window_focus_coverage.py::test_requested_focus_cannot_disappear[Is the {name} window active and configured to stay always on top?-False-Br\xfajula 7]
FAILED tests/test_c03_window_focus_coverage.py::test_requested_focus_cannot_disappear[Is the {name} window active and configured to stay always on top?-False-Nimbus 41]
FAILED tests/test_c03_window_focus_coverage.py::test_requested_focus_cannot_disappear[Is the {name} window active and configured to stay always on top?-False-Is Active]
FAILED tests/test_c03_window_focus_coverage.py::test_requested_focus_cannot_disappear[\xbfLa ventana {name} est\xe1 activa y se mantiene siempre encima?-True-Atlas]
FAILED tests/test_c03_window_focus_coverage.py::test_requested_focus_cannot_disappear[\xbfLa ventana {name} est\xe1 activa y se mantiene siempre encima?-True-Br\xfajula 7]
FAILED tests/test_c03_window_focus_coverage.py::test_requested_focus_cannot_disappear[\xbfLa ventana {name} est\xe1 activa y se mantiene siempre encima?-True-Nimbus 41]
FAILED tests/test_c03_window_focus_coverage.py::test_requested_focus_cannot_disappear[\xbfLa ventana {name} est\xe1 activa y se mantiene siempre encima?-True-Is Active]
FAILED tests/test_c03_window_focus_coverage.py::test_requested_focus_cannot_disappear[\xbfLa ventana {name} est\xe1 activa y se mantiene siempre encima?-False-Atlas]
FAILED tests/test_c03_window_focus_coverage.py::test_requested_focus_cannot_disappear[\xbfLa ventana {name} est\xe1 activa y se mantiene siempre encima?-False-Br\xfajula 7]
FAILED tests/test_c03_window_focus_coverage.py::test_requested_focus_cannot_disappear[\xbfLa ventana {name} est\xe1 activa y se mantiene siempre encima?-False-Nimbus 41]
FAILED tests/test_c03_window_focus_coverage.py::test_requested_focus_cannot_disappear[\xbfLa ventana {name} est\xe1 activa y se mantiene siempre encima?-False-Is Active]
FAILED tests/test_c03_window_focus_coverage.py::test_requested_focus_cannot_disappear[Is {name} active?-True-Atlas]
FAILED tests/test_c03_window_focus_coverage.py::test_requested_focus_cannot_disappear[Is {name} active?-True-Br\xfajula 7]
FAILED tests/test_c03_window_focus_coverage.py::test_requested_focus_cannot_disappear[Is {name} active?-True-Nimbus 41]
FAILED tests/test_c03_window_focus_coverage.py::test_requested_focus_cannot_disappear[Is {name} active?-True-Is Active]
FAILED tests/test_c03_window_focus_coverage.py::test_requested_focus_cannot_disappear[Is {name} active?-False-Atlas]
FAILED tests/test_c03_window_focus_coverage.py::test_requested_focus_cannot_disappear[Is {name} active?-False-Br\xfajula 7]
FAILED tests/test_c03_window_focus_coverage.py::test_requested_focus_cannot_disappear[Is {name} active?-False-Nimbus 41]
FAILED tests/test_c03_window_focus_coverage.py::test_requested_focus_cannot_disappear[Is {name} active?-False-Is Active]
FAILED tests/test_c03_window_focus_coverage.py::test_requested_focus_cannot_disappear[\xbfEst\xe1 activa {name}?-True-Atlas]
FAILED tests/test_c03_window_focus_coverage.py::test_requested_focus_cannot_disappear[\xbfEst\xe1 activa {name}?-True-Br\xfajula 7]
FAILED tests/test_c03_window_focus_coverage.py::test_requested_focus_cannot_disappear[\xbfEst\xe1 activa {name}?-True-Nimbus 41]
FAILED tests/test_c03_window_focus_coverage.py::test_requested_focus_cannot_disappear[\xbfEst\xe1 activa {name}?-True-Is Active]
FAILED tests/test_c03_window_focus_coverage.py::test_requested_focus_cannot_disappear[\xbfEst\xe1 activa {name}?-False-Atlas]
FAILED tests/test_c03_window_focus_coverage.py::test_requested_focus_cannot_disappear[\xbfEst\xe1 activa {name}?-False-Br\xfajula 7]
FAILED tests/test_c03_window_focus_coverage.py::test_requested_focus_cannot_disappear[\xbfEst\xe1 activa {name}?-False-Nimbus 41]
FAILED tests/test_c03_window_focus_coverage.py::test_requested_focus_cannot_disappear[\xbfEst\xe1 activa {name}?-False-Is Active]
FAILED tests/test_c03_window_focus_coverage.py::test_requested_focus_cannot_disappear[Does {name} have focus?-True-Atlas]
FAILED tests/test_c03_window_focus_coverage.py::test_requested_focus_cannot_disappear[Does {name} have focus?-True-Br\xfajula 7]
FAILED tests/test_c03_window_focus_coverage.py::test_requested_focus_cannot_disappear[Does {name} have focus?-True-Nimbus 41]
FAILED tests/test_c03_window_focus_coverage.py::test_requested_focus_cannot_disappear[Does {name} have focus?-True-Is Active]
FAILED tests/test_c03_window_focus_coverage.py::test_requested_focus_cannot_disappear[Does {name} have focus?-False-Atlas]
FAILED tests/test_c03_window_focus_coverage.py::test_requested_focus_cannot_disappear[Does {name} have focus?-False-Br\xfajula 7]
FAILED tests/test_c03_window_focus_coverage.py::test_requested_focus_cannot_disappear[Does {name} have focus?-False-Nimbus 41]
FAILED tests/test_c03_window_focus_coverage.py::test_requested_focus_cannot_disappear[Does {name} have focus?-False-Is Active]
FAILED tests/test_c03_window_focus_coverage.py::test_requested_focus_cannot_disappear[\xbfTiene {name} el foco?-True-Atlas]
FAILED tests/test_c03_window_focus_coverage.py::test_requested_focus_cannot_disappear[\xbfTiene {name} el foco?-True-Br\xfajula 7]
FAILED tests/test_c03_window_focus_coverage.py::test_requested_focus_cannot_disappear[\xbfTiene {name} el foco?-True-Nimbus 41]
FAILED tests/test_c03_window_focus_coverage.py::test_requested_focus_cannot_disappear[\xbfTiene {name} el foco?-True-Is Active]
FAILED tests/test_c03_window_focus_coverage.py::test_requested_focus_cannot_disappear[\xbfTiene {name} el foco?-False-Atlas]
FAILED tests/test_c03_window_focus_coverage.py::test_requested_focus_cannot_disappear[\xbfTiene {name} el foco?-False-Br\xfajula 7]
FAILED tests/test_c03_window_focus_coverage.py::test_requested_focus_cannot_disappear[\xbfTiene {name} el foco?-False-Nimbus 41]
FAILED tests/test_c03_window_focus_coverage.py::test_requested_focus_cannot_disappear[\xbfTiene {name} el foco?-False-Is Active]
FAILED tests/test_c03_window_focus_coverage.py::test_ambiguous_conjunction_does_not_establish_explicit_focus_answer
FAILED tests/test_c03_window_focus_coverage.py::test_compositor_missing_feedback_does_not_invent_a_rejected_boolean_claim
50 failed, 14 passed in 1.04s
