........................................................................ [  2%]
........................................................................ [  5%]
........................................................................ [  8%]
........................................................................ [ 11%]
........................................................................ [ 14%]
........................................................................ [ 16%]
........................................................................ [ 19%]
........................................................................ [ 22%]
........................................................................ [ 25%]
........................................................................ [ 28%]
........................................................................ [ 30%]
........................................................................ [ 33%]
........................................................................ [ 36%]
................................................................................................................... [ 40%]
............................................................................................................................ [ 45%]
........................................................................ [ 48%]
........................................................................ [ 51%]
........................................................................ [ 54%]
........................................................................ [ 57%]
........................................................................ [ 59%]
........................................................................ [ 62%]
........................................................................ [ 65%]
........................................................................ [ 68%]
........................................................................ [ 71%]
........................................................................ [ 73%]
........................................................................ [ 76%]
........................................................................ [ 79%]
........................................................................ [ 82%]
........................................................................ [ 85%]
........................................................................ [ 87%]
........................................................................ [ 90%]
........................................................................ [ 93%]
........................................................................ [ 96%]
........................................................................ [ 99%]
.......................                                                  [100%]
2566 passed, 121 subtests passed in 25.18s
