  Determinando los proyectos que se van a restaurar...
  Todos los proyectos están actualizados para la restauración.
  Baxy.Contracts -> D:\Perfil\Escritorio\ETC\Programacion\BAXY DEFINITIVO\src\Baxy.Contracts\bin\Release\net10.0\Baxy.Contracts.dll
  Baxy.Security.Windows -> D:\Perfil\Escritorio\ETC\Programacion\BAXY DEFINITIVO\src\Baxy.Security.Windows\bin\Release\net10.0-windows10.0.19041.0\Baxy.Security.Windows.dll
  Baxy.Kernel -> D:\Perfil\Escritorio\ETC\Programacion\BAXY DEFINITIVO\src\Baxy.Kernel\bin\Release\net10.0\Baxy.Kernel.dll
  Baxy.Providers.Windows -> D:\Perfil\Escritorio\ETC\Programacion\BAXY DEFINITIVO\src\Baxy.Providers.Windows\bin\Release\net10.0-windows10.0.19041.0\Baxy.Providers.Windows.dll
  Baxy.Core -> D:\Perfil\Escritorio\ETC\Programacion\BAXY DEFINITIVO\src\Baxy.Core\bin\Release\net10.0-windows10.0.19041.0\baxy-core.dll
  Baxy.App -> D:\Perfil\Escritorio\ETC\Programacion\BAXY DEFINITIVO\src\Baxy.App\bin\Release\net10.0-windows10.0.19041.0\Baxy.dll
  Baxy.Integration.Tests -> D:\Perfil\Escritorio\ETC\Programacion\BAXY DEFINITIVO\tests\Baxy.Integration.Tests\bin\Release\net10.0-windows10.0.19041.0\Baxy.Integration.Tests.dll
Serie de pruebas para D:\Perfil\Escritorio\ETC\Programacion\BAXY DEFINITIVO\tests\Baxy.Integration.Tests\bin\Release\net10.0-windows10.0.19041.0\Baxy.Integration.Tests.dll (.NETCoreApp,Version=v10.0)
1 archivos de prueba en total coincidieron con el patrón especificado.
  Con error SupersedingConfirmationResolvesDurableIdentityOnlyBeforeAnyPossibleEffect(False,False) [64 ms]
  Mensaje de error:
     Assert.That(PendingOperationConfirmation.TryCreate(
                response, prepared, TimeProvider.System, out PendingOperationConfirmation? confirmation), Is.True)
  Expected: True
  But was:  False

  Seguimiento de la pila:
     at Baxy.Integration.Tests.MindPlanSessionTests.SupersedingConfirmationResolvesDurableIdentityOnlyBeforeAnyPossibleEffect(Boolean reconciliationRequired, Boolean uncertainEffect) in D:\Perfil\Escritorio\ETC\Programacion\BAXY DEFINITIVO\tests\Baxy.Integration.Tests\MindPlanSessionTests.cs:line 54

1)    at Baxy.Integration.Tests.MindPlanSessionTests.SupersedingConfirmationResolvesDurableIdentityOnlyBeforeAnyPossibleEffect(Boolean reconciliationRequired, Boolean uncertainEffect) in D:\Perfil\Escritorio\ETC\Programacion\BAXY DEFINITIVO\tests\Baxy.Integration.Tests\MindPlanSessionTests.cs:line 54


  Con error SupersedingConfirmationResolvesDurableIdentityOnlyBeforeAnyPossibleEffect(True,False) [15 ms]
  Mensaje de error:
     Assert.That(PendingOperationConfirmation.TryCreate(
                response, prepared, TimeProvider.System, out PendingOperationConfirmation? confirmation), Is.True)
  Expected: True
  But was:  False

  Seguimiento de la pila:
     at Baxy.Integration.Tests.MindPlanSessionTests.SupersedingConfirmationResolvesDurableIdentityOnlyBeforeAnyPossibleEffect(Boolean reconciliationRequired, Boolean uncertainEffect) in D:\Perfil\Escritorio\ETC\Programacion\BAXY DEFINITIVO\tests\Baxy.Integration.Tests\MindPlanSessionTests.cs:line 54
   at InvokeStub_MindPlanSessionTests.SupersedingConfirmationResolvesDurableIdentityOnlyBeforeAnyPossibleEffect(Object, Span`1)

1)    at Baxy.Integration.Tests.MindPlanSessionTests.SupersedingConfirmationResolvesDurableIdentityOnlyBeforeAnyPossibleEffect(Boolean reconciliationRequired, Boolean uncertainEffect) in D:\Perfil\Escritorio\ETC\Programacion\BAXY DEFINITIVO\tests\Baxy.Integration.Tests\MindPlanSessionTests.cs:line 54
   at InvokeStub_MindPlanSessionTests.SupersedingConfirmationResolvesDurableIdentityOnlyBeforeAnyPossibleEffect(Object, Span`1)


  Con error SupersedingConfirmationResolvesDurableIdentityOnlyBeforeAnyPossibleEffect(False,True) [14 ms]
  Mensaje de error:
     Assert.That(PendingOperationConfirmation.TryCreate(
                response, prepared, TimeProvider.System, out PendingOperationConfirmation? confirmation), Is.True)
  Expected: True
  But was:  False

  Seguimiento de la pila:
     at Baxy.Integration.Tests.MindPlanSessionTests.SupersedingConfirmationResolvesDurableIdentityOnlyBeforeAnyPossibleEffect(Boolean reconciliationRequired, Boolean uncertainEffect) in D:\Perfil\Escritorio\ETC\Programacion\BAXY DEFINITIVO\tests\Baxy.Integration.Tests\MindPlanSessionTests.cs:line 54
   at InvokeStub_MindPlanSessionTests.SupersedingConfirmationResolvesDurableIdentityOnlyBeforeAnyPossibleEffect(Object, Span`1)

1)    at Baxy.Integration.Tests.MindPlanSessionTests.SupersedingConfirmationResolvesDurableIdentityOnlyBeforeAnyPossibleEffect(Boolean reconciliationRequired, Boolean uncertainEffect) in D:\Perfil\Escritorio\ETC\Programacion\BAXY DEFINITIVO\tests\Baxy.Integration.Tests\MindPlanSessionTests.cs:line 54
   at InvokeStub_MindPlanSessionTests.SupersedingConfirmationResolvesDurableIdentityOnlyBeforeAnyPossibleEffect(Object, Span`1)


  Con error SupersedingConfirmationResolvesDurableIdentityOnlyBeforeAnyPossibleEffect(True,True) [16 ms]
  Mensaje de error:
     Assert.That(PendingOperationConfirmation.TryCreate(
                response, prepared, TimeProvider.System, out PendingOperationConfirmation? confirmation), Is.True)
  Expected: True
  But was:  False

  Seguimiento de la pila:
     at Baxy.Integration.Tests.MindPlanSessionTests.SupersedingConfirmationResolvesDurableIdentityOnlyBeforeAnyPossibleEffect(Boolean reconciliationRequired, Boolean uncertainEffect) in D:\Perfil\Escritorio\ETC\Programacion\BAXY DEFINITIVO\tests\Baxy.Integration.Tests\MindPlanSessionTests.cs:line 54
   at InvokeStub_MindPlanSessionTests.SupersedingConfirmationResolvesDurableIdentityOnlyBeforeAnyPossibleEffect(Object, Span`1)

1)    at Baxy.Integration.Tests.MindPlanSessionTests.SupersedingConfirmationResolvesDurableIdentityOnlyBeforeAnyPossibleEffect(Boolean reconciliationRequired, Boolean uncertainEffect) in D:\Perfil\Escritorio\ETC\Programacion\BAXY DEFINITIVO\tests\Baxy.Integration.Tests\MindPlanSessionTests.cs:line 54
   at InvokeStub_MindPlanSessionTests.SupersedingConfirmationResolvesDurableIdentityOnlyBeforeAnyPossibleEffect(Object, Span`1)



Con error! - Con error:     4, Superado:   188, Omitido:     0, Total:   192, Duración: 5 m 20 s - Baxy.Integration.Tests.dll (net10.0)
