...................F...F...F...F...F...F...F...F.......................  [100%]
================================== FAILURES ===================================
_ test_identity_word_order_conserves_the_same_observed_boolean[True-La ventana con enfoque es "{name}".-Informe.txt - Editor] _

name = 'Informe.txt - Editor', template = 'La ventana con enfoque es "{name}".'
focus = True

    @pytest.mark.parametrize("name", ["Atlas", "Órbita 29", "Is Active", "Informe.txt - Editor"])
    @pytest.mark.parametrize("template", [
        'La ventana con enfoque es "{name}".',
        'La ventana con foco es "{name}".',
        'Ahora está activa la ventana de "{name}".',
        'Actualmente tiene focus "{name}".',
    ])
    @pytest.mark.parametrize("focus", [True, False])
    def test_identity_word_order_conserves_the_same_observed_boolean(name, template, focus):
        payload = _compose_situation_payload(situation(focus, name=name), "es")
>       assert _payload_fact_defect(template.format(name=name), payload, "Which window is active?") == ("" if focus else "reversed_result")
E       AssertionError: assert 'missing_fact' == ''
E         
E         + missing_fact

tests\test_c03_window_identity_answers.py:28: AssertionError
_ test_identity_word_order_conserves_the_same_observed_boolean[True-La ventana con foco es "{name}".-Informe.txt - Editor] _

name = 'Informe.txt - Editor', template = 'La ventana con foco es "{name}".'
focus = True

    @pytest.mark.parametrize("name", ["Atlas", "Órbita 29", "Is Active", "Informe.txt - Editor"])
    @pytest.mark.parametrize("template", [
        'La ventana con enfoque es "{name}".',
        'La ventana con foco es "{name}".',
        'Ahora está activa la ventana de "{name}".',
        'Actualmente tiene focus "{name}".',
    ])
    @pytest.mark.parametrize("focus", [True, False])
    def test_identity_word_order_conserves_the_same_observed_boolean(name, template, focus):
        payload = _compose_situation_payload(situation(focus, name=name), "es")
>       assert _payload_fact_defect(template.format(name=name), payload, "Which window is active?") == ("" if focus else "reversed_result")
E       AssertionError: assert 'missing_fact' == ''
E         
E         + missing_fact

tests\test_c03_window_identity_answers.py:28: AssertionError
_ test_identity_word_order_conserves_the_same_observed_boolean[True-Ahora est\xe1 activa la ventana de "{name}".-Informe.txt - Editor] _

name = 'Informe.txt - Editor'
template = 'Ahora está activa la ventana de "{name}".', focus = True

    @pytest.mark.parametrize("name", ["Atlas", "Órbita 29", "Is Active", "Informe.txt - Editor"])
    @pytest.mark.parametrize("template", [
        'La ventana con enfoque es "{name}".',
        'La ventana con foco es "{name}".',
        'Ahora está activa la ventana de "{name}".',
        'Actualmente tiene focus "{name}".',
    ])
    @pytest.mark.parametrize("focus", [True, False])
    def test_identity_word_order_conserves_the_same_observed_boolean(name, template, focus):
        payload = _compose_situation_payload(situation(focus, name=name), "es")
>       assert _payload_fact_defect(template.format(name=name), payload, "Which window is active?") == ("" if focus else "reversed_result")
E       AssertionError: assert 'missing_fact' == ''
E         
E         + missing_fact

tests\test_c03_window_identity_answers.py:28: AssertionError
_ test_identity_word_order_conserves_the_same_observed_boolean[True-Actualmente tiene focus "{name}".-Informe.txt - Editor] _

name = 'Informe.txt - Editor', template = 'Actualmente tiene focus "{name}".'
focus = True

    @pytest.mark.parametrize("name", ["Atlas", "Órbita 29", "Is Active", "Informe.txt - Editor"])
    @pytest.mark.parametrize("template", [
        'La ventana con enfoque es "{name}".',
        'La ventana con foco es "{name}".',
        'Ahora está activa la ventana de "{name}".',
        'Actualmente tiene focus "{name}".',
    ])
    @pytest.mark.parametrize("focus", [True, False])
    def test_identity_word_order_conserves_the_same_observed_boolean(name, template, focus):
        payload = _compose_situation_payload(situation(focus, name=name), "es")
>       assert _payload_fact_defect(template.format(name=name), payload, "Which window is active?") == ("" if focus else "reversed_result")
E       AssertionError: assert 'missing_fact' == ''
E         
E         + missing_fact

tests\test_c03_window_identity_answers.py:28: AssertionError
_ test_identity_word_order_conserves_the_same_observed_boolean[False-La ventana con enfoque es "{name}".-Informe.txt - Editor] _

name = 'Informe.txt - Editor', template = 'La ventana con enfoque es "{name}".'
focus = False

    @pytest.mark.parametrize("name", ["Atlas", "Órbita 29", "Is Active", "Informe.txt - Editor"])
    @pytest.mark.parametrize("template", [
        'La ventana con enfoque es "{name}".',
        'La ventana con foco es "{name}".',
        'Ahora está activa la ventana de "{name}".',
        'Actualmente tiene focus "{name}".',
    ])
    @pytest.mark.parametrize("focus", [True, False])
    def test_identity_word_order_conserves_the_same_observed_boolean(name, template, focus):
        payload = _compose_situation_payload(situation(focus, name=name), "es")
>       assert _payload_fact_defect(template.format(name=name), payload, "Which window is active?") == ("" if focus else "reversed_result")
E       AssertionError: assert 'missing_fact' == 'reversed_result'
E         
E         - reversed_result
E         + missing_fact

tests\test_c03_window_identity_answers.py:28: AssertionError
_ test_identity_word_order_conserves_the_same_observed_boolean[False-La ventana con foco es "{name}".-Informe.txt - Editor] _

name = 'Informe.txt - Editor', template = 'La ventana con foco es "{name}".'
focus = False

    @pytest.mark.parametrize("name", ["Atlas", "Órbita 29", "Is Active", "Informe.txt - Editor"])
    @pytest.mark.parametrize("template", [
        'La ventana con enfoque es "{name}".',
        'La ventana con foco es "{name}".',
        'Ahora está activa la ventana de "{name}".',
        'Actualmente tiene focus "{name}".',
    ])
    @pytest.mark.parametrize("focus", [True, False])
    def test_identity_word_order_conserves_the_same_observed_boolean(name, template, focus):
        payload = _compose_situation_payload(situation(focus, name=name), "es")
>       assert _payload_fact_defect(template.format(name=name), payload, "Which window is active?") == ("" if focus else "reversed_result")
E       AssertionError: assert 'missing_fact' == 'reversed_result'
E         
E         - reversed_result
E         + missing_fact

tests\test_c03_window_identity_answers.py:28: AssertionError
_ test_identity_word_order_conserves_the_same_observed_boolean[False-Ahora est\xe1 activa la ventana de "{name}".-Informe.txt - Editor] _

name = 'Informe.txt - Editor'
template = 'Ahora está activa la ventana de "{name}".', focus = False

    @pytest.mark.parametrize("name", ["Atlas", "Órbita 29", "Is Active", "Informe.txt - Editor"])
    @pytest.mark.parametrize("template", [
        'La ventana con enfoque es "{name}".',
        'La ventana con foco es "{name}".',
        'Ahora está activa la ventana de "{name}".',
        'Actualmente tiene focus "{name}".',
    ])
    @pytest.mark.parametrize("focus", [True, False])
    def test_identity_word_order_conserves_the_same_observed_boolean(name, template, focus):
        payload = _compose_situation_payload(situation(focus, name=name), "es")
>       assert _payload_fact_defect(template.format(name=name), payload, "Which window is active?") == ("" if focus else "reversed_result")
E       AssertionError: assert 'missing_fact' == 'reversed_result'
E         
E         - reversed_result
E         + missing_fact

tests\test_c03_window_identity_answers.py:28: AssertionError
_ test_identity_word_order_conserves_the_same_observed_boolean[False-Actualmente tiene focus "{name}".-Informe.txt - Editor] _

name = 'Informe.txt - Editor', template = 'Actualmente tiene focus "{name}".'
focus = False

    @pytest.mark.parametrize("name", ["Atlas", "Órbita 29", "Is Active", "Informe.txt - Editor"])
    @pytest.mark.parametrize("template", [
        'La ventana con enfoque es "{name}".',
        'La ventana con foco es "{name}".',
        'Ahora está activa la ventana de "{name}".',
        'Actualmente tiene focus "{name}".',
    ])
    @pytest.mark.parametrize("focus", [True, False])
    def test_identity_word_order_conserves_the_same_observed_boolean(name, template, focus):
        payload = _compose_situation_payload(situation(focus, name=name), "es")
>       assert _payload_fact_defect(template.format(name=name), payload, "Which window is active?") == ("" if focus else "reversed_result")
E       AssertionError: assert 'missing_fact' == 'reversed_result'
E         
E         - reversed_result
E         + missing_fact

tests\test_c03_window_identity_answers.py:28: AssertionError
=========================== short test summary info ===========================
FAILED tests/test_c03_window_identity_answers.py::test_identity_word_order_conserves_the_same_observed_boolean[True-La ventana con enfoque es "{name}".-Informe.txt - Editor]
FAILED tests/test_c03_window_identity_answers.py::test_identity_word_order_conserves_the_same_observed_boolean[True-La ventana con foco es "{name}".-Informe.txt - Editor]
FAILED tests/test_c03_window_identity_answers.py::test_identity_word_order_conserves_the_same_observed_boolean[True-Ahora est\xe1 activa la ventana de "{name}".-Informe.txt - Editor]
FAILED tests/test_c03_window_identity_answers.py::test_identity_word_order_conserves_the_same_observed_boolean[True-Actualmente tiene focus "{name}".-Informe.txt - Editor]
FAILED tests/test_c03_window_identity_answers.py::test_identity_word_order_conserves_the_same_observed_boolean[False-La ventana con enfoque es "{name}".-Informe.txt - Editor]
FAILED tests/test_c03_window_identity_answers.py::test_identity_word_order_conserves_the_same_observed_boolean[False-La ventana con foco es "{name}".-Informe.txt - Editor]
FAILED tests/test_c03_window_identity_answers.py::test_identity_word_order_conserves_the_same_observed_boolean[False-Ahora est\xe1 activa la ventana de "{name}".-Informe.txt - Editor]
FAILED tests/test_c03_window_identity_answers.py::test_identity_word_order_conserves_the_same_observed_boolean[False-Actualmente tiene focus "{name}".-Informe.txt - Editor]
8 failed, 63 passed in 0.61s
