........................................................................ [  3%]
........................................................................ [  6%]
........................................................................ [ 10%]
........................................................................ [ 13%]
........................................................................ [ 16%]
........................................................................ [ 20%]
........................................................................ [ 23%]
........................................................................ [ 26%]
........................................................................ [ 30%]
........................................................................ [ 33%]
........................................................................ [ 36%]
........................................................................ [ 40%]
........................................................................ [ 43%]
........................................................................ [ 46%]
........................................................................ [ 50%]
.............................................. [ 52%]
......................................................................................................................... [ 57%]
........................................................................ [ 61%]
........................................................................ [ 64%]
........................................................................ [ 67%]
........................................................................ [ 71%]
........................................................................ [ 74%]
........................................................................ [ 77%]
........................................................................ [ 81%]
........................................................................ [ 84%]
........................................................................ [ 87%]
........................................................................ [ 91%]
........................................................................ [ 94%]
........................................................................ [ 97%]
.............................................                            [100%]
2156 passed, 121 subtests passed in 10.53s
