........................................................................ [  3%]
........................................................................ [  7%]
........................................................................ [ 10%]
........................................................................ [ 14%]
........................................................................ [ 18%]
........................................................................ [ 21%]
........................................................................ [ 25%]
........................................................................ [ 28%]
........................................................................ [ 32%]
........................................................................ [ 36%]
........................................................................ [ 39%]
........................................................................ [ 43%]
........................................................................ [ 46%]
........................................................................ [ 50%]
................................................................................................................. [ 56%]
......................................................... [ 59%]
..................................................................... [ 62%]
........................................................................ [ 66%]
........................................................................ [ 69%]
........................................................................ [ 73%]
........................................................................ [ 77%]
........................................................................ [ 80%]
........................................................................ [ 84%]
........................................................................ [ 87%]
........................................................................ [ 91%]
........................................................................ [ 95%]
........................................................................ [ 98%]
..........................                                               [100%]
1993 passed, 121 subtests passed in 9.52s
