........................................................................ [  3%]
........................................................................ [  6%]
........................................................................ [  9%]
........................................................................ [ 13%]
........................................................................ [ 16%]
........................................................................ [ 19%]
........................................................................ [ 23%]
........................................................................ [ 26%]
........................................................................ [ 29%]
........................................................................ [ 33%]
........................................................................ [ 36%]
........................................................................ [ 39%]
........................................................................ [ 43%]
........................................................................ [ 46%]
........................................................................ [ 49%]
....................... [ 50%]
....................... [ 52%]
............................................................... [ 54%]
.......................................................... [ 57%]
........................................................................ [ 60%]
........................................................................ [ 64%]
........................................................................ [ 67%]
........................................................................ [ 70%]
........................................................................ [ 74%]
........................................................................ [ 77%]
........................................................................ [ 80%]
........................................................................ [ 84%]
........................................................................ [ 87%]
........................................................................ [ 90%]
........................................................................ [ 94%]
........................................................................ [ 97%]
......................................................                   [100%]
2165 passed, 121 subtests passed in 28.28s
