........................................................................ [  3%]
........................................................................ [  6%]
........................................................................ [  9%]
........................................................................ [ 12%]
........................................................................ [ 16%]
........................................................................ [ 19%]
........................................................................ [ 22%]
........................................................................ [ 25%]
........................................................................ [ 28%]
........................................................................ [ 32%]
........................................................................ [ 35%]
........................................................................ [ 38%]
........................................................................ [ 41%]
........................................................................ [ 45%]
........................................................................ [ 48%]
........................................................................ [ 51%]
............................................................................................................. [ 56%]
.......................................................... [ 58%]
........................................................................ [ 62%]
........................................................................ [ 65%]
........................................................................ [ 68%]
........................................................................ [ 71%]
........................................................................ [ 74%]
........................................................................ [ 78%]
........................................................................ [ 81%]
........................................................................ [ 84%]
........................................................................ [ 87%]
........................................................................ [ 91%]
........................................................................ [ 94%]
........................................................................ [ 97%]
.........................................................                [100%]
2240 passed, 121 subtests passed in 17.91s
