source_quality_toolchain: dotnet=10.0.100; python=3.12; ruff 0.15.22; eslint=v10.3.0; typescript=Version 6.0.3; runtime_locks=verified
source_quality_stage_started: powershell-source
source_quality_stage_passed: powershell-source
source_quality_stage_started: python-ruff
All checks passed!
source_quality_stage_passed: python-ruff
source_quality_stage_started: python-compileall
source_quality_stage_passed: python-compileall
source_quality_stage_started: field-ui-eslint
source_quality_stage_passed: field-ui-eslint
source_quality_stage_started: field-ui-tsc-app
source_quality_stage_passed: field-ui-tsc-app
source_quality_stage_started: field-ui-tsc-node
source_quality_stage_passed: field-ui-tsc-node
source_quality_stage_started: dotnet-format
source_quality_stage_passed: dotnet-format
source_quality_stage_started: dotnet-build-release
  Baxy.Contracts -> D:\BAXY\source\src\Baxy.Contracts\bin\Release\net10.0\Baxy.Contracts.dll
  Baxy.Security.Windows -> D:\BAXY\source\src\Baxy.Security.Windows\bin\Release\net10.0-windows10.0.19041.0\Baxy.Security.Windows.dll
  Baxy.Setup -> D:\BAXY\source\src\Baxy.Setup\bin\Release\net10.0-windows10.0.19041.0\win-x64\Baxy.Setup.dll
  Baxy.Kernel -> D:\BAXY\source\src\Baxy.Kernel\bin\Release\net10.0\Baxy.Kernel.dll
  Baxy.Contracts.Tests -> D:\BAXY\source\tests\Baxy.Contracts.Tests\bin\Release\net10.0\Baxy.Contracts.Tests.dll
  Baxy.Setup.Tests -> D:\BAXY\source\tests\Baxy.Setup.Tests\bin\Release\net10.0-windows10.0.19041.0\Baxy.Setup.Tests.dll
  Baxy.Providers.Windows -> D:\BAXY\source\src\Baxy.Providers.Windows\bin\Release\net10.0-windows10.0.19041.0\Baxy.Providers.Windows.dll
  Baxy.Kernel.Tests -> D:\BAXY\source\tests\Baxy.Kernel.Tests\bin\Release\net10.0\Baxy.Kernel.Tests.dll
  Baxy.Core -> D:\BAXY\source\src\Baxy.Core\bin\Release\net10.0-windows10.0.19041.0\baxy-core.dll
  Baxy.Providers.Windows.Tests -> D:\BAXY\source\tests\Baxy.Providers.Windows.Tests\bin\Release\net10.0-windows10.0.19041.0\Baxy.Providers.Windows.Tests.dll
  Baxy.App -> D:\BAXY\source\src\Baxy.App\bin\Release\net10.0-windows10.0.19041.0\Baxy.dll
  Baxy.Integration.Tests -> D:\BAXY\source\tests\Baxy.Integration.Tests\bin\Release\net10.0-windows10.0.19041.0\Baxy.Integration.Tests.dll

Build succeeded.
    0 Warning(s)
    0 Error(s)

Time Elapsed 00:00:03.75
source_quality_stage_passed: dotnet-build-release
source_quality_stage_started: dotnet-tests
Test run for D:\BAXY\source\tests\Baxy.Contracts.Tests\bin\Release\net10.0\Baxy.Contracts.Tests.dll (.NETCoreApp,Version=v10.0)
A total of 1 test files matched the specified pattern.

Passed!  - Failed:     0, Passed:    59, Skipped:     0, Total:    59, Duration: 270 ms - Baxy.Contracts.Tests.dll (net10.0)
Test run for D:\BAXY\source\tests\Baxy.Integration.Tests\bin\Release\net10.0-windows10.0.19041.0\Baxy.Integration.Tests.dll (.NETCoreApp,Version=v10.0)
A total of 1 test files matched the specified pattern.
  Skipped CompareLegacyAndCurrentJsonHotPaths [1 ms]
  Skipped CompareLegacyAndCurrentCoreJsonlTransport [< 1 ms]
  Skipped SequentialVersusOverlappedRuntimeVerificationAndCoreHello [< 1 ms]
  Skipped OptInRealRuntimeTraversesShellMindAndCoreUsingReadOnlyOperations [< 1 ms]
  Skipped HistoricalApplicationCommandOpensThroughTheRealPipelineUnderFourSeconds("abre Steam","Steam") [4 ms]
  Skipped ModelAuthoredNotepadAliasOpensThroughRealPipeline [4 ms]
  Skipped HistoricalApplicationCommandOpensThroughTheRealPipelineUnderFourSeconds("abre Bloc de notas","Bloc de notas") [4 ms]
  Skipped HistoricalApplicationCommandOpensThroughTheRealPipelineUnderFourSeconds("abre Discord si está instalado","Discord") [4 ms]
  Skipped HistoricalApplicationCommandOpensThroughTheRealPipelineUnderFourSeconds("abre Steam pero no maximices ni lances juegos","Steam") [4 ms]
shell_visible_indication_ms p50=0.125 p95=0.664 max=0.664
shell_published_text_ms_without_llm_composition p50=41.441 p95=48.286 max=48.286


Passed!  - Failed:     0, Passed:  2705, Skipped:     0, Total:  2705, Duration: 3 m 23 s - Baxy.Integration.Tests.dll (net10.0)
Test run for D:\BAXY\source\tests\Baxy.Kernel.Tests\bin\Release\net10.0\Baxy.Kernel.Tests.dll (.NETCoreApp,Version=v10.0)
A total of 1 test files matched the specified pattern.
  Skipped CompareMemoryStreamAndArrayBufferWriterImplementations [< 1 ms]

Passed!  - Failed:     0, Passed:   116, Skipped:     0, Total:   116, Duration: 1 s - Baxy.Kernel.Tests.dll (net10.0)
Test run for D:\BAXY\source\tests\Baxy.Providers.Windows.Tests\bin\Release\net10.0-windows10.0.19041.0\Baxy.Providers.Windows.Tests.dll (.NETCoreApp,Version=v10.0)
A total of 1 test files matched the specified pattern.
  Skipped NativeAotCoreAudioJsonlRoundTripReplaysWithoutAnotherEffectAndRestoresBaseline [1 ms]
  Skipped WifiStatusReadsActualWindowsStateTwice [< 1 ms]
  Skipped DxgiAndPdhProduceOneCoherentLocalSnapshot [< 1 ms]
  Skipped ActualIpListReturnsStableParseableAddressesWithoutInterfaceNames [< 1 ms]

Passed!  - Failed:     0, Passed:   442, Skipped:     0, Total:   442, Duration: 35 s - Baxy.Providers.Windows.Tests.dll (net10.0)
Test run for D:\BAXY\source\tests\Baxy.Setup.Tests\bin\Release\net10.0-windows10.0.19041.0\Baxy.Setup.Tests.dll (.NETCoreApp,Version=v10.0)
A total of 1 test files matched the specified pattern.
  Skipped InstallationMoveWorksWhileAnExecutableRunsFromTheRoot [< 1 ms]

Passed!  - Failed:     0, Passed:   477, Skipped:     0, Total:   477, Duration: 1 m 11 s - Baxy.Setup.Tests.dll (net10.0)
source_quality_stage_passed: dotnet-tests
source_quality_stage_started: python-tests
........................................................................ [  0%]
........................................................................ [  1%]
........................................................................ [  2%]
........................................................................ [  3%]
........................................................................ [  4%]
........................................................................ [  5%]
........................................................................ [  6%]
........................................................................ [  7%]
........................................................................ [  8%]
........................................................................ [  9%]
........................................................................ [  9%]
........................................................................ [ 10%]
........................................................................ [ 11%]
........................................................................ [ 12%]
........................................................................ [ 13%]
........................................................................ [ 14%]
........................................................................ [ 15%]
........................................................................ [ 16%]
........................................................................ [ 17%]
........................................................................ [ 18%]
........................................................................ [ 18%]
........................................................................ [ 19%]
........................................................................ [ 20%]
........................................................................ [ 21%]
........................................................................ [ 22%]
........................................................................ [ 23%]
........................................................................ [ 24%]
........................................................................ [ 25%]
........................................................................ [ 26%]
........................................................................ [ 27%]
........................................................................ [ 27%]
....................... [ 28%]
.......................................... [ 28%]
........................................................................ [ 29%]
........................................................................ [ 30%]
........................................................................ [ 31%]
........................................................................ [ 32%]
........................................................................ [ 33%]
........................................................................ [ 34%]
........................................................................ [ 35%]
........................................................................ [ 36%]
........................................................................ [ 36%]
........................................................................ [ 37%]
........................................................................ [ 38%]
........................................................................ [ 39%]
........................................................................ [ 40%]
........................................................................ [ 41%]
........................................................................ [ 42%]
........................................................................ [ 43%]
........................................................................ [ 44%]
........................................................................ [ 45%]
........................................................................ [ 45%]
........................................................................ [ 46%]
........................................................................ [ 47%]
........................................................................ [ 48%]
........................................................................ [ 49%]
........................................................................ [ 50%]
........................................................................ [ 51%]
........................................................................ [ 52%]
........................................................................ [ 53%]
........................................................................ [ 54%]
........................................................................ [ 54%]
........................................................................ [ 55%]
........................................................................ [ 56%]
........................................................................ [ 57%]
........................................................................ [ 58%]
........................................................................ [ 59%]
........................................................................ [ 60%]
........................................................................ [ 61%]
........................................................................ [ 62%]
........................................................................ [ 63%]
........................................................................ [ 64%]
........................................................................ [ 64%]
........................................................................ [ 65%]
........................................................................ [ 66%]
........................................................................ [ 67%]
........................................................................ [ 68%]
........................................................................ [ 69%]
........................................................................ [ 70%]
........................................................................ [ 71%]
........................................................................ [ 72%]
........................................................................ [ 73%]
........................................................................ [ 73%]
........................................................................ [ 74%]
........................................................................ [ 75%]
.................................................................................................................................................... [ 77%]
....................................................................................................................................... [ 79%]
........................................................................ [ 80%]
.................................................................................................................................... [ 81%]
.......................................................................................................................... [ 83%]
............................................................ [ 84%]
.................................................................. [ 84%]
........................................................................ [ 85%]
........................................................................ [ 86%]
.......................................................................................................................... [ 88%]
........................................................................ [ 89%]
........................................................................ [ 90%]
........................................................................ [ 90%]
........................................................................ [ 91%]
........................................................................ [ 92%]
........................................................................ [ 93%]
........................................................................ [ 94%]
........................................................................ [ 95%]
........................................................................ [ 96%]
........................................................................ [ 97%]
........................................................................ [ 98%]
........................................................................ [ 99%]
......................................................................   [100%]
7976 passed, 446 subtests passed in 248.95s (0:04:08)
source_quality_stage_passed: python-tests
source_quality_gate_passed: mode=Full
