FFFFFFFFFFFFFFFFFFFFFFFFFFFFFF......................                     [100%]
=========================== short test summary info ===========================
FAILED tests/test_c03_machine_preposition_scope.py::test_local_battery_relation_reaches_exact_catalog_read[\xbfCu\xe1nta bater\xeda le queda a {target}?-la notebook]
FAILED tests/test_c03_machine_preposition_scope.py::test_local_battery_relation_reaches_exact_catalog_read[\xbfCu\xe1nta bater\xeda le queda a {target}?-mi notebook]
FAILED tests/test_c03_machine_preposition_scope.py::test_local_battery_relation_reaches_exact_catalog_read[\xbfCu\xe1nta bater\xeda le queda a {target}?-esta notebook]
FAILED tests/test_c03_machine_preposition_scope.py::test_local_battery_relation_reaches_exact_catalog_read[\xbfCu\xe1nta bater\xeda le queda a {target}?-la laptop]
FAILED tests/test_c03_machine_preposition_scope.py::test_local_battery_relation_reaches_exact_catalog_read[\xbfCu\xe1nta bater\xeda le queda a {target}?-mi laptop]
FAILED tests/test_c03_machine_preposition_scope.py::test_local_battery_relation_reaches_exact_catalog_read[\xbfCu\xe1nta bater\xeda le queda a {target}?-esta laptop]
FAILED tests/test_c03_machine_preposition_scope.py::test_local_battery_relation_reaches_exact_catalog_read[\xbfCu\xe1nta bater\xeda le queda a {target}?-la computadora]
FAILED tests/test_c03_machine_preposition_scope.py::test_local_battery_relation_reaches_exact_catalog_read[\xbfCu\xe1nta bater\xeda le queda a {target}?-mi computadora]
FAILED tests/test_c03_machine_preposition_scope.py::test_local_battery_relation_reaches_exact_catalog_read[\xbfCu\xe1nta bater\xeda le queda a {target}?-esta computadora]
FAILED tests/test_c03_machine_preposition_scope.py::test_local_battery_relation_reaches_exact_catalog_read[\xbfCu\xe1nta bater\xeda le queda a {target}?-este PC]
FAILED tests/test_c03_machine_preposition_scope.py::test_local_battery_relation_reaches_exact_catalog_read[Dime cu\xe1nta bater\xeda le queda a {target}.-la notebook]
FAILED tests/test_c03_machine_preposition_scope.py::test_local_battery_relation_reaches_exact_catalog_read[Dime cu\xe1nta bater\xeda le queda a {target}.-mi notebook]
FAILED tests/test_c03_machine_preposition_scope.py::test_local_battery_relation_reaches_exact_catalog_read[Dime cu\xe1nta bater\xeda le queda a {target}.-esta notebook]
FAILED tests/test_c03_machine_preposition_scope.py::test_local_battery_relation_reaches_exact_catalog_read[Dime cu\xe1nta bater\xeda le queda a {target}.-la laptop]
FAILED tests/test_c03_machine_preposition_scope.py::test_local_battery_relation_reaches_exact_catalog_read[Dime cu\xe1nta bater\xeda le queda a {target}.-mi laptop]
FAILED tests/test_c03_machine_preposition_scope.py::test_local_battery_relation_reaches_exact_catalog_read[Dime cu\xe1nta bater\xeda le queda a {target}.-esta laptop]
FAILED tests/test_c03_machine_preposition_scope.py::test_local_battery_relation_reaches_exact_catalog_read[Dime cu\xe1nta bater\xeda le queda a {target}.-la computadora]
FAILED tests/test_c03_machine_preposition_scope.py::test_local_battery_relation_reaches_exact_catalog_read[Dime cu\xe1nta bater\xeda le queda a {target}.-mi computadora]
FAILED tests/test_c03_machine_preposition_scope.py::test_local_battery_relation_reaches_exact_catalog_read[Dime cu\xe1nta bater\xeda le queda a {target}.-esta computadora]
FAILED tests/test_c03_machine_preposition_scope.py::test_local_battery_relation_reaches_exact_catalog_read[Dime cu\xe1nta bater\xeda le queda a {target}.-este PC]
FAILED tests/test_c03_machine_preposition_scope.py::test_local_battery_relation_reaches_exact_catalog_read[Baxy, comprueba cu\xe1nta bater\xeda le queda a {target}.-la notebook]
FAILED tests/test_c03_machine_preposition_scope.py::test_local_battery_relation_reaches_exact_catalog_read[Baxy, comprueba cu\xe1nta bater\xeda le queda a {target}.-mi notebook]
FAILED tests/test_c03_machine_preposition_scope.py::test_local_battery_relation_reaches_exact_catalog_read[Baxy, comprueba cu\xe1nta bater\xeda le queda a {target}.-esta notebook]
FAILED tests/test_c03_machine_preposition_scope.py::test_local_battery_relation_reaches_exact_catalog_read[Baxy, comprueba cu\xe1nta bater\xeda le queda a {target}.-la laptop]
FAILED tests/test_c03_machine_preposition_scope.py::test_local_battery_relation_reaches_exact_catalog_read[Baxy, comprueba cu\xe1nta bater\xeda le queda a {target}.-mi laptop]
FAILED tests/test_c03_machine_preposition_scope.py::test_local_battery_relation_reaches_exact_catalog_read[Baxy, comprueba cu\xe1nta bater\xeda le queda a {target}.-esta laptop]
FAILED tests/test_c03_machine_preposition_scope.py::test_local_battery_relation_reaches_exact_catalog_read[Baxy, comprueba cu\xe1nta bater\xeda le queda a {target}.-la computadora]
FAILED tests/test_c03_machine_preposition_scope.py::test_local_battery_relation_reaches_exact_catalog_read[Baxy, comprueba cu\xe1nta bater\xeda le queda a {target}.-mi computadora]
FAILED tests/test_c03_machine_preposition_scope.py::test_local_battery_relation_reaches_exact_catalog_read[Baxy, comprueba cu\xe1nta bater\xeda le queda a {target}.-esta computadora]
FAILED tests/test_c03_machine_preposition_scope.py::test_local_battery_relation_reaches_exact_catalog_read[Baxy, comprueba cu\xe1nta bater\xeda le queda a {target}.-este PC]
30 failed, 22 passed in 0.93s
