...............................................F.F...................... [  3%]
........................................................................ [  6%]
........................................................................ [ 10%]
........................................................................ [ 13%]
........................................................................ [ 17%]
........................................................................ [ 20%]
........................................................................ [ 24%]
........................................................................ [ 27%]
........................................................................ [ 30%]
........................................................................ [ 34%]
........................................................................ [ 37%]
........................................................................ [ 41%]
........................................................................ [ 44%]
........................................................................ [ 48%]
........................................................................ [ 51%]
........................................................................ [ 54%]
........................................................................ [ 58%]
........................................................................ [ 61%]
........................................................................ [ 65%]
........................................................................ [ 68%]
........................................................................ [ 72%]
........................................................................ [ 75%]
........................................................................ [ 79%]
........................................................................ [ 82%]
........................................................................ [ 85%]
........................................................................ [ 89%]
........................................................................ [ 92%]
........................................................................ [ 96%]
........................................................................ [ 99%]
........                                                                 [100%]
================================== FAILURES ===================================
_ test_preposition_does_not_authorize_negated_past_or_foreign_reads[\xbfCu\xe1nta bater\xeda le quedar\xeda a mi laptop?] _

text = '¿Cuánta batería le quedaría a mi laptop?'

    @pytest.mark.parametrize("text", [
        "No compruebes cuánta batería le queda a la notebook",
        "No me digas cuánta batería le queda a mi laptop",
        "¿Cuánta batería le quedaba ayer a la notebook?",
        "¿Cuánta batería le quedaría a mi laptop?",
        "Dime cuánta batería le queda a mi celular",
        "¿Cuánta batería le queda a la notebook de otra persona?",
        "Traduce: cuánta batería le queda a la notebook",
        "Explica por qué le queda poca batería a mi laptop",
    ])
    def test_preposition_does_not_authorize_negated_past_or_foreign_reads(text):
>       assert effect_intent.resolve_explicit_effects(text, {"system.status"}) is None
E       AssertionError: assert EffectIntent(operations=('system.status',), evidence=('cuanta bateria le quedaria a mi laptop?',)) is None
E        +  where EffectIntent(operations=('system.status',), evidence=('cuanta bateria le quedaria a mi laptop?',)) = <function resolve_explicit_effects at 0x0000029A6541FB00>('¿Cuánta batería le quedaría a mi laptop?', {'system.status'})
E        +    where <function resolve_explicit_effects at 0x0000029A6541FB00> = effect_intent.resolve_explicit_effects

tests\test_c03_machine_preposition_scope.py:61: AssertionError
_ test_preposition_does_not_authorize_negated_past_or_foreign_reads[\xbfCu\xe1nta bater\xeda le queda a la notebook de otra persona?] _

text = '¿Cuánta batería le queda a la notebook de otra persona?'

    @pytest.mark.parametrize("text", [
        "No compruebes cuánta batería le queda a la notebook",
        "No me digas cuánta batería le queda a mi laptop",
        "¿Cuánta batería le quedaba ayer a la notebook?",
        "¿Cuánta batería le quedaría a mi laptop?",
        "Dime cuánta batería le queda a mi celular",
        "¿Cuánta batería le queda a la notebook de otra persona?",
        "Traduce: cuánta batería le queda a la notebook",
        "Explica por qué le queda poca batería a mi laptop",
    ])
    def test_preposition_does_not_authorize_negated_past_or_foreign_reads(text):
>       assert effect_intent.resolve_explicit_effects(text, {"system.status"}) is None
E       AssertionError: assert EffectIntent(operations=('system.status',), evidence=('cuanta bateria le queda a la notebook de otra persona?',)) is None
E        +  where EffectIntent(operations=('system.status',), evidence=('cuanta bateria le queda a la notebook de otra persona?',)) = <function resolve_explicit_effects at 0x0000029A6541FB00>('¿Cuánta batería le queda a la notebook de otra persona?', {'system.status'})
E        +    where <function resolve_explicit_effects at 0x0000029A6541FB00> = effect_intent.resolve_explicit_effects

tests\test_c03_machine_preposition_scope.py:61: AssertionError
=========================== short test summary info ===========================
FAILED tests/test_c03_machine_preposition_scope.py::test_preposition_does_not_authorize_negated_past_or_foreign_reads[\xbfCu\xe1nta bater\xeda le quedar\xeda a mi laptop?]
FAILED tests/test_c03_machine_preposition_scope.py::test_preposition_does_not_authorize_negated_past_or_foreign_reads[\xbfCu\xe1nta bater\xeda le queda a la notebook de otra persona?]
2 failed, 2094 passed in 57.35s
