........................................................................ [  9%]
........................................................................ [ 19%]
........................................................................ [ 29%]
........................................................................ [ 39%]
........................................................................ [ 48%]
.........FFFFFFF........................................................ [ 58%]
........................................................................ [ 68%]
.............................................F.......................... [ 78%]
........................................................................ [ 88%]
........................................................................ [ 97%]
................                                                         [100%]
================================== FAILURES ===================================
_ test_unknown_chronology_and_page_positions_are_not_recency_claims[Esta p\xe1gina muestra dos ventanas. No s\xe9 cu\xe1les son las m\xe1s recientes.] _

reply = 'Esta página muestra dos ventanas. No sé cuáles son las más recientes.'

    @pytest.mark.parametrize("reply", [
        "Esta página muestra dos ventanas. No sé cuáles son las más recientes.",
        "Esta página muestra dos ventanas. No puedo determinar su orden cronológico.",
        "This page lists two windows. I cannot tell which are the newest.",
        "This page lists two windows. Their opening order is unknown.",
        "Esta página muestra dos ventanas; el orden cronológico no está comprobado.",
        "This page lists two windows. These are the first two entries of the inventory.",
        "Esta página contiene las primeras dos entradas del inventario.",
    ])
    def test_unknown_chronology_and_page_positions_are_not_recency_claims(reply):
        payload = _compose_situation_payload(observation(), "en", "List the windows.")
>       assert not _payload_fact_defect(reply, payload, "List the windows.")
E       AssertionError: assert not 'missing_fact'
E        +  where 'missing_fact' = _payload_fact_defect('Esta página muestra dos ventanas. No sé cuáles son las más recientes.', {'seen': {'windows': [{'title': 'Órbita 0', 'processName': 'Viewer0'}, {'title': 'Órbita 1', 'processName': 'Viewer1'}], 'count': 2, 'observedCount': 7, 'offset': 0, ...}, 'operation': 'window.resolve'}, 'List the windows.')

tests\test_c03_inventory_semantic_projection.py:153: AssertionError
_ test_unknown_chronology_and_page_positions_are_not_recency_claims[Esta p\xe1gina muestra dos ventanas. No puedo determinar su orden cronol\xf3gico.] _

reply = 'Esta página muestra dos ventanas. No puedo determinar su orden cronológico.'

    @pytest.mark.parametrize("reply", [
        "Esta página muestra dos ventanas. No sé cuáles son las más recientes.",
        "Esta página muestra dos ventanas. No puedo determinar su orden cronológico.",
        "This page lists two windows. I cannot tell which are the newest.",
        "This page lists two windows. Their opening order is unknown.",
        "Esta página muestra dos ventanas; el orden cronológico no está comprobado.",
        "This page lists two windows. These are the first two entries of the inventory.",
        "Esta página contiene las primeras dos entradas del inventario.",
    ])
    def test_unknown_chronology_and_page_positions_are_not_recency_claims(reply):
        payload = _compose_situation_payload(observation(), "en", "List the windows.")
>       assert not _payload_fact_defect(reply, payload, "List the windows.")
E       AssertionError: assert not 'missing_fact'
E        +  where 'missing_fact' = _payload_fact_defect('Esta página muestra dos ventanas. No puedo determinar su orden cronológico.', {'seen': {'windows': [{'title': 'Órbita 0', 'processName': 'Viewer0'}, {'title': 'Órbita 1', 'processName': 'Viewer1'}], 'count': 2, 'observedCount': 7, 'offset': 0, ...}, 'operation': 'window.resolve'}, 'List the windows.')

tests\test_c03_inventory_semantic_projection.py:153: AssertionError
_ test_unknown_chronology_and_page_positions_are_not_recency_claims[This page lists two windows. I cannot tell which are the newest.] _

reply = 'This page lists two windows. I cannot tell which are the newest.'

    @pytest.mark.parametrize("reply", [
        "Esta página muestra dos ventanas. No sé cuáles son las más recientes.",
        "Esta página muestra dos ventanas. No puedo determinar su orden cronológico.",
        "This page lists two windows. I cannot tell which are the newest.",
        "This page lists two windows. Their opening order is unknown.",
        "Esta página muestra dos ventanas; el orden cronológico no está comprobado.",
        "This page lists two windows. These are the first two entries of the inventory.",
        "Esta página contiene las primeras dos entradas del inventario.",
    ])
    def test_unknown_chronology_and_page_positions_are_not_recency_claims(reply):
        payload = _compose_situation_payload(observation(), "en", "List the windows.")
>       assert not _payload_fact_defect(reply, payload, "List the windows.")
E       AssertionError: assert not 'missing_fact'
E        +  where 'missing_fact' = _payload_fact_defect('This page lists two windows. I cannot tell which are the newest.', {'seen': {'windows': [{'title': 'Órbita 0', 'processName': 'Viewer0'}, {'title': 'Órbita 1', 'processName': 'Viewer1'}], 'count': 2, 'observedCount': 7, 'offset': 0, ...}, 'operation': 'window.resolve'}, 'List the windows.')

tests\test_c03_inventory_semantic_projection.py:153: AssertionError
_ test_unknown_chronology_and_page_positions_are_not_recency_claims[This page lists two windows. Their opening order is unknown.] _

reply = 'This page lists two windows. Their opening order is unknown.'

    @pytest.mark.parametrize("reply", [
        "Esta página muestra dos ventanas. No sé cuáles son las más recientes.",
        "Esta página muestra dos ventanas. No puedo determinar su orden cronológico.",
        "This page lists two windows. I cannot tell which are the newest.",
        "This page lists two windows. Their opening order is unknown.",
        "Esta página muestra dos ventanas; el orden cronológico no está comprobado.",
        "This page lists two windows. These are the first two entries of the inventory.",
        "Esta página contiene las primeras dos entradas del inventario.",
    ])
    def test_unknown_chronology_and_page_positions_are_not_recency_claims(reply):
        payload = _compose_situation_payload(observation(), "en", "List the windows.")
>       assert not _payload_fact_defect(reply, payload, "List the windows.")
E       AssertionError: assert not 'missing_fact'
E        +  where 'missing_fact' = _payload_fact_defect('This page lists two windows. Their opening order is unknown.', {'seen': {'windows': [{'title': 'Órbita 0', 'processName': 'Viewer0'}, {'title': 'Órbita 1', 'processName': 'Viewer1'}], 'count': 2, 'observedCount': 7, 'offset': 0, ...}, 'operation': 'window.resolve'}, 'List the windows.')

tests\test_c03_inventory_semantic_projection.py:153: AssertionError
_ test_unknown_chronology_and_page_positions_are_not_recency_claims[Esta p\xe1gina muestra dos ventanas; el orden cronol\xf3gico no est\xe1 comprobado.] _

reply = 'Esta página muestra dos ventanas; el orden cronológico no está comprobado.'

    @pytest.mark.parametrize("reply", [
        "Esta página muestra dos ventanas. No sé cuáles son las más recientes.",
        "Esta página muestra dos ventanas. No puedo determinar su orden cronológico.",
        "This page lists two windows. I cannot tell which are the newest.",
        "This page lists two windows. Their opening order is unknown.",
        "Esta página muestra dos ventanas; el orden cronológico no está comprobado.",
        "This page lists two windows. These are the first two entries of the inventory.",
        "Esta página contiene las primeras dos entradas del inventario.",
    ])
    def test_unknown_chronology_and_page_positions_are_not_recency_claims(reply):
        payload = _compose_situation_payload(observation(), "en", "List the windows.")
>       assert not _payload_fact_defect(reply, payload, "List the windows.")
E       AssertionError: assert not 'missing_fact'
E        +  where 'missing_fact' = _payload_fact_defect('Esta página muestra dos ventanas; el orden cronológico no está comprobado.', {'seen': {'windows': [{'title': 'Órbita 0', 'processName': 'Viewer0'}, {'title': 'Órbita 1', 'processName': 'Viewer1'}], 'count': 2, 'observedCount': 7, 'offset': 0, ...}, 'operation': 'window.resolve'}, 'List the windows.')

tests\test_c03_inventory_semantic_projection.py:153: AssertionError
_ test_unknown_chronology_and_page_positions_are_not_recency_claims[This page lists two windows. These are the first two entries of the inventory.] _

reply = 'This page lists two windows. These are the first two entries of the inventory.'

    @pytest.mark.parametrize("reply", [
        "Esta página muestra dos ventanas. No sé cuáles son las más recientes.",
        "Esta página muestra dos ventanas. No puedo determinar su orden cronológico.",
        "This page lists two windows. I cannot tell which are the newest.",
        "This page lists two windows. Their opening order is unknown.",
        "Esta página muestra dos ventanas; el orden cronológico no está comprobado.",
        "This page lists two windows. These are the first two entries of the inventory.",
        "Esta página contiene las primeras dos entradas del inventario.",
    ])
    def test_unknown_chronology_and_page_positions_are_not_recency_claims(reply):
        payload = _compose_situation_payload(observation(), "en", "List the windows.")
>       assert not _payload_fact_defect(reply, payload, "List the windows.")
E       AssertionError: assert not 'missing_fact'
E        +  where 'missing_fact' = _payload_fact_defect('This page lists two windows. These are the first two entries of the inventory.', {'seen': {'windows': [{'title': 'Órbita 0', 'processName': 'Viewer0'}, {'title': 'Órbita 1', 'processName': 'Viewer1'}], 'count': 2, 'observedCount': 7, 'offset': 0, ...}, 'operation': 'window.resolve'}, 'List the windows.')

tests\test_c03_inventory_semantic_projection.py:153: AssertionError
_ test_unknown_chronology_and_page_positions_are_not_recency_claims[Esta p\xe1gina contiene las primeras dos entradas del inventario.] _

reply = 'Esta página contiene las primeras dos entradas del inventario.'

    @pytest.mark.parametrize("reply", [
        "Esta página muestra dos ventanas. No sé cuáles son las más recientes.",
        "Esta página muestra dos ventanas. No puedo determinar su orden cronológico.",
        "This page lists two windows. I cannot tell which are the newest.",
        "This page lists two windows. Their opening order is unknown.",
        "Esta página muestra dos ventanas; el orden cronológico no está comprobado.",
        "This page lists two windows. These are the first two entries of the inventory.",
        "Esta página contiene las primeras dos entradas del inventario.",
    ])
    def test_unknown_chronology_and_page_positions_are_not_recency_claims(reply):
        payload = _compose_situation_payload(observation(), "en", "List the windows.")
>       assert not _payload_fact_defect(reply, payload, "List the windows.")
E       AssertionError: assert not 'missing_fact'
E        +  where 'missing_fact' = _payload_fact_defect('Esta página contiene las primeras dos entradas del inventario.', {'seen': {'windows': [{'title': 'Órbita 0', 'processName': 'Viewer0'}, {'title': 'Órbita 1', 'processName': 'Viewer1'}], 'count': 2, 'observedCount': 7, 'offset': 0, ...}, 'operation': 'window.resolve'}, 'List the windows.')

tests\test_c03_inventory_semantic_projection.py:153: AssertionError
_ test_inventory_claims_preserve_page_total_and_uncertainty[Esta p\xe1gina muestra dos ventanas; no comprob\xe9 los procesos en segundo plano.-False-True] _

reply = 'Esta página muestra dos ventanas; no comprobé los procesos en segundo plano.'
complete = False, valid = True

    @pytest.mark.parametrize("reply,complete,valid", [
        ("Hay siete ventanas en total; en esta página muestro dos ventanas: Atlas, Vega.", True, True),
        ("There are seven windows in total; this page shows two windows: Atlas, Vega.", True, True),
        ("Hay dos ventanas abiertas en total: Atlas y Vega.", True, False),
        ("There are two open windows in total: Atlas and Vega.", True, False),
        ("Hay siete ventanas en total; la lista es parcial.", False, False),
        ("There are seven windows in total; this is a partial list.", False, False),
        ("He observado al menos siete ventanas; esta página incluye Atlas y Vega.", False, True),
        ("At least seven windows were observed; this page includes Atlas and Vega.", False, True),
        ("Esta página contiene tres ventanas: Atlas y Vega.", True, False),
        ("This page contains three windows: Atlas and Vega.", False, False),
        ("Estas son todas las ventanas: Atlas y Vega.", True, False),
        ("These are all the windows: Atlas and Vega.", False, False),
        ("Atlas y Vega.", False, False),
        ("Atlas and Vega.", True, False),
        ("No hay ventanas visibles.", False, False),
        ("There are no visible windows.", True, False),
        ("This page shows two windows; Example is running in the background.", True, False),
        ("Esta página muestra dos ventanas; no comprobé los procesos en segundo plano.", False, True),
    ])
    def test_inventory_claims_preserve_page_total_and_uncertainty(reply, complete, valid):
        payload = _compose_situation_payload(situation(complete=complete), "en")
>       assert (not _payload_fact_defect(reply, payload, "List the windows.")) is valid
E       AssertionError: assert not 'missing_fact' is True
E        +  where 'missing_fact' = _payload_fact_defect('Esta página muestra dos ventanas; no comprobé los procesos en segundo plano.', {'seen': {'windows': [{'title': 'Atlas', 'processName': 'Example', 'is_current_window_for_user_interaction': False}, {...for_user_interaction': False}], 'count': 2, 'observedCount': 7, 'complete': False, ...}, 'operation': 'window.resolve'}, 'List the windows.')

tests\test_c03_window_inventory.py:164: AssertionError
=========================== short test summary info ===========================
FAILED tests/test_c03_inventory_semantic_projection.py::test_unknown_chronology_and_page_positions_are_not_recency_claims[Esta p\xe1gina muestra dos ventanas. No s\xe9 cu\xe1les son las m\xe1s recientes.]
FAILED tests/test_c03_inventory_semantic_projection.py::test_unknown_chronology_and_page_positions_are_not_recency_claims[Esta p\xe1gina muestra dos ventanas. No puedo determinar su orden cronol\xf3gico.]
FAILED tests/test_c03_inventory_semantic_projection.py::test_unknown_chronology_and_page_positions_are_not_recency_claims[This page lists two windows. I cannot tell which are the newest.]
FAILED tests/test_c03_inventory_semantic_projection.py::test_unknown_chronology_and_page_positions_are_not_recency_claims[This page lists two windows. Their opening order is unknown.]
FAILED tests/test_c03_inventory_semantic_projection.py::test_unknown_chronology_and_page_positions_are_not_recency_claims[Esta p\xe1gina muestra dos ventanas; el orden cronol\xf3gico no est\xe1 comprobado.]
FAILED tests/test_c03_inventory_semantic_projection.py::test_unknown_chronology_and_page_positions_are_not_recency_claims[This page lists two windows. These are the first two entries of the inventory.]
FAILED tests/test_c03_inventory_semantic_projection.py::test_unknown_chronology_and_page_positions_are_not_recency_claims[Esta p\xe1gina contiene las primeras dos entradas del inventario.]
FAILED tests/test_c03_window_inventory.py::test_inventory_claims_preserve_page_total_and_uncertainty[Esta p\xe1gina muestra dos ventanas; no comprob\xe9 los procesos en segundo plano.-False-True]
8 failed, 728 passed in 5.02s
