{"stage": "preregistered", "cases": 50, "only_change": "enable_thinking=False", "post_unchanged": 50}
{"stage": "template_verified", "pairs": 50, "only_added_thinking_close": true}
{"case": "facts-01", "seconds": 2.9069999999992433, "finish_reason": "stop", "error": null, "content_characters": 306}
{"case": "facts-02", "seconds": 2.3430000000007567, "finish_reason": "stop", "error": null, "content_characters": 248}
{"case": "facts-03", "seconds": 6.5789999999979045, "finish_reason": "stop", "error": null, "content_characters": 717}
{"case": "facts-04", "seconds": 41.28100000000268, "finish_reason": "stop", "error": null, "content_characters": 5700}
{"case": "facts-05", "seconds": 10.046999999998661, "finish_reason": "stop", "error": null, "content_characters": 1542}
{"case": "facts-06", "seconds": 5.10899999999674, "finish_reason": "stop", "error": null, "content_characters": 713}
{"case": "facts-07", "seconds": 6.484000000004016, "finish_reason": "stop", "error": null, "content_characters": 984}
{"case": "facts-08", "seconds": 10.264999999999418, "finish_reason": "stop", "error": null, "content_characters": 1345}
{"case": "facts-09", "seconds": 129.20300000000134, "finish_reason": "length", "error": null, "content_characters": 21236}
{"case": "facts-10", "seconds": 18.437999999994645, "finish_reason": "stop", "error": null, "content_characters": 2044}
{"case": "facts-11", "seconds": 1.5780000000013388, "finish_reason": "stop", "error": null, "content_characters": 123}
{"case": "facts-12", "seconds": 1.2660000000032596, "finish_reason": "stop", "error": null, "content_characters": 125}
{"case": "facts-13", "seconds": 2.0469999999986612, "finish_reason": "stop", "error": null, "content_characters": 177}
{"case": "facts-14", "seconds": 1.9839999999967404, "finish_reason": "stop", "error": null, "content_characters": 334}
{"case": "facts-15", "seconds": 13.014999999999418, "finish_reason": "stop", "error": null, "content_characters": 2407}
{"case": "facts-16", "seconds": 0.9850000000005821, "finish_reason": "stop", "error": null, "content_characters": 71}
{"case": "facts-17", "seconds": 3.9210000000020955, "finish_reason": "stop", "error": null, "content_characters": 521}
{"case": "facts-18", "seconds": 6.5939999999973224, "finish_reason": "stop", "error": null, "content_characters": 1137}
{"case": "facts-19", "seconds": 5.328000000001339, "finish_reason": "stop", "error": null, "content_characters": 641}
{"case": "facts-20", "seconds": 1.5939999999973224, "finish_reason": "stop", "error": null, "content_characters": 122}
{"case": "knowledge-01", "seconds": 32.79699999999866, "finish_reason": "stop", "error": null, "content_characters": 4649}
{"case": "knowledge-02", "seconds": 1.4369999999980791, "finish_reason": "stop", "error": null, "content_characters": 146}
{"case": "knowledge-03", "seconds": 4.234000000004016, "finish_reason": "stop", "error": null, "content_characters": 512}
{"case": "knowledge-04", "seconds": 22.937999999994645, "finish_reason": "stop", "error": null, "content_characters": 2459}
{"case": "knowledge-05", "seconds": 123.81200000000536, "finish_reason": "length", "error": null, "content_characters": 8959}
{"case": "knowledge-06", "seconds": 17.781999999999243, "finish_reason": "stop", "error": null, "content_characters": 2504}
{"case": "knowledge-07", "seconds": 18.23399999999674, "finish_reason": "stop", "error": null, "content_characters": 3472}
{"case": "knowledge-08", "seconds": 121.01600000000326, "finish_reason": "length", "error": null, "content_characters": 17592}
{"case": "knowledge-09", "seconds": 1.625, "finish_reason": "stop", "error": null, "content_characters": 138}
{"case": "knowledge-10", "seconds": 2.3439999999973224, "finish_reason": "stop", "error": null, "content_characters": 311}
{"case": "instruction-01", "seconds": 1.3590000000040163, "finish_reason": "stop", "error": null, "content_characters": 151}
{"case": "instruction-02", "seconds": 1.687999999994645, "finish_reason": "stop", "error": null, "content_characters": 225}
{"case": "instruction-03", "seconds": 0.5310000000026776, "finish_reason": "stop", "error": null, "content_characters": 12}
{"case": "instruction-04", "seconds": 0.5, "finish_reason": "stop", "error": null, "content_characters": 27}
{"case": "instruction-05", "seconds": 0.5, "finish_reason": "stop", "error": null, "content_characters": 5}
{"case": "instruction-06", "seconds": 3.6089999999967404, "finish_reason": "stop", "error": null, "content_characters": 286}
{"case": "instruction-07", "seconds": 0.46899999999732245, "finish_reason": "stop", "error": null, "content_characters": 32}
{"case": "instruction-08", "seconds": 14.01600000000326, "finish_reason": "stop", "error": null, "content_characters": 1816}
{"case": "instruction-09", "seconds": 0.3280000000013388, "finish_reason": "stop", "error": null, "content_characters": 2}
{"case": "instruction-10", "seconds": 0.5149999999994179, "finish_reason": "stop", "error": null, "content_characters": 22}
{"case": "context-01", "seconds": 0.7350000000005821, "finish_reason": "stop", "error": null, "content_characters": 29}
{"case": "context-02", "seconds": 3.3280000000013388, "finish_reason": "stop", "error": null, "content_characters": 383}
{"case": "context-03", "seconds": 0.3899999999994179, "finish_reason": "stop", "error": null, "content_characters": 2}
{"case": "context-04", "seconds": 0.8909999999959837, "finish_reason": "stop", "error": null, "content_characters": 88}
{"case": "context-05", "seconds": 0.5, "finish_reason": "stop", "error": null, "content_characters": 14}
{"case": "context-06", "seconds": 0.4219999999986612, "finish_reason": "stop", "error": null, "content_characters": 12}
{"case": "context-07", "seconds": 0.7180000000007567, "finish_reason": "stop", "error": null, "content_characters": 52}
{"case": "context-08", "seconds": 0.9069999999992433, "finish_reason": "stop", "error": null, "content_characters": 67}
{"case": "context-09", "seconds": 0.625, "finish_reason": "stop", "error": null, "content_characters": 57}
{"case": "context-10", "seconds": 1.2339999999967404, "finish_reason": "stop", "error": null, "content_characters": 175}
