  Determinando los proyectos que se van a restaurar...
  Todos los proyectos están actualizados para la restauración.
  Baxy.Integration.Tests -> D:\Perfil\Escritorio\ETC\Programacion\BAXY DEFINITIVO\tests\Baxy.Integration.Tests\bin\Release\net10.0-windows10.0.19041.0\Baxy.Integration.Tests.dll
Serie de pruebas para D:\Perfil\Escritorio\ETC\Programacion\BAXY DEFINITIVO\tests\Baxy.Integration.Tests\bin\Release\net10.0-windows10.0.19041.0\Baxy.Integration.Tests.dll (.NETCoreApp,Version=v10.0)
1 archivos de prueba en total coincidieron con el patrón especificado.
  Con error ConversationCompositionPreservesUserNounsWithoutNarratingTheRequest("quien soy","Tú eres el usuario que está hablando conmigo.") [108 ms]
  Mensaje de error:
   Multiple failures or warnings in test:
  1)   Assert.That(result.Text, Is.EqualTo(reply))
  Expected: "Tú eres el usuario que está hablando conmigo."
  But was:  null

  2)   Assert.That(result.Failure, Is.Null)
  Expected: null
  But was:  "internal_code;recovery:internal_code"

  3)   Assert.That(attempts, Is.EqualTo(1))
  Expected: 1
  But was:  2


  Seguimiento de la pila:
     at Baxy.Integration.Tests.PlannerAppBoundaryTests.ConversationCompositionPreservesUserNounsWithoutNarratingTheRequest(String userText, String reply) in D:\Perfil\Escritorio\ETC\Programacion\BAXY DEFINITIVO\tests\Baxy.Integration.Tests\PlannerAppBoundaryTests.cs:line 1122
   at NUnit.Framework.Internal.TaskAwaitAdapter.GenericAdapter`1.GetResult()
   at NUnit.Framework.Internal.AsyncToSyncAdapter.Await[TResult](Func`1 invoke)
   at NUnit.Framework.Internal.AsyncToSyncAdapter.Await(Func`1 invoke)
   at NUnit.Framework.Internal.Commands.TestMethodCommand.RunTestMethod(TestExecutionContext context)
   at NUnit.Framework.Internal.Commands.TestMethodCommand.Execute(TestExecutionContext context)
   at NUnit.Framework.Internal.Execution.SimpleWorkItem.<>c__DisplayClass3_0.<PerformWork>b__0()
   at NUnit.Framework.Internal.ContextUtils.<>c__DisplayClass1_0`1.<DoIsolated>b__0(Object _)

1)    at Baxy.Integration.Tests.PlannerAppBoundaryTests.<>c__DisplayClass32_0.<ConversationCompositionPreservesUserNounsWithoutNarratingTheRequest>b__0() in D:\Perfil\Escritorio\ETC\Programacion\BAXY DEFINITIVO\tests\Baxy.Integration.Tests\PlannerAppBoundaryTests.cs:line 1124
   at NUnit.Framework.Assert.Multiple(TestDelegate testDelegate)
   at Baxy.Integration.Tests.PlannerAppBoundaryTests.ConversationCompositionPreservesUserNounsWithoutNarratingTheRequest(String userText, String reply) in D:\Perfil\Escritorio\ETC\Programacion\BAXY DEFINITIVO\tests\Baxy.Integration.Tests\PlannerAppBoundaryTests.cs:line 1122
   at System.Runtime.CompilerServices.AsyncMethodBuilderCore.Start[TStateMachine](TStateMachine& stateMachine)
   at Baxy.Integration.Tests.PlannerAppBoundaryTests.ConversationCompositionPreservesUserNounsWithoutNarratingTheRequest(String userText, String reply)

2)    at Baxy.Integration.Tests.PlannerAppBoundaryTests.<>c__DisplayClass32_0.<ConversationCompositionPreservesUserNounsWithoutNarratingTheRequest>b__0() in D:\Perfil\Escritorio\ETC\Programacion\BAXY DEFINITIVO\tests\Baxy.Integration.Tests\PlannerAppBoundaryTests.cs:line 1125
   at NUnit.Framework.Assert.Multiple(TestDelegate testDelegate)
   at Baxy.Integration.Tests.PlannerAppBoundaryTests.ConversationCompositionPreservesUserNounsWithoutNarratingTheRequest(String userText, String reply) in D:\Perfil\Escritorio\ETC\Programacion\BAXY DEFINITIVO\tests\Baxy.Integration.Tests\PlannerAppBoundaryTests.cs:line 1122
   at System.Runtime.CompilerServices.AsyncMethodBuilderCore.Start[TStateMachine](TStateMachine& stateMachine)
   at Baxy.Integration.Tests.PlannerAppBoundaryTests.ConversationCompositionPreservesUserNounsWithoutNarratingTheRequest(String userText, String reply)

3)    at Baxy.Integration.Tests.PlannerAppBoundaryTests.<>c__DisplayClass32_0.<ConversationCompositionPreservesUserNounsWithoutNarratingTheRequest>b__0() in D:\Perfil\Escritorio\ETC\Programacion\BAXY DEFINITIVO\tests\Baxy.Integration.Tests\PlannerAppBoundaryTests.cs:line 1126
   at NUnit.Framework.Assert.Multiple(TestDelegate testDelegate)
   at Baxy.Integration.Tests.PlannerAppBoundaryTests.ConversationCompositionPreservesUserNounsWithoutNarratingTheRequest(String userText, String reply) in D:\Perfil\Escritorio\ETC\Programacion\BAXY DEFINITIVO\tests\Baxy.Integration.Tests\PlannerAppBoundaryTests.cs:line 1122
   at System.Runtime.CompilerServices.AsyncMethodBuilderCore.Start[TStateMachine](TStateMachine& stateMachine)
   at Baxy.Integration.Tests.PlannerAppBoundaryTests.ConversationCompositionPreservesUserNounsWithoutNarratingTheRequest(String userText, String reply)


  Con error ConversationCompositionPreservesUserNounsWithoutNarratingTheRequest("who am I","You are the user speaking with me.") [1 ms]
  Mensaje de error:
   Multiple failures or warnings in test:
  1)   Assert.That(result.Text, Is.EqualTo(reply))
  Expected: "You are the user speaking with me."
  But was:  null

  2)   Assert.That(result.Failure, Is.Null)
  Expected: null
  But was:  "internal_code;recovery:internal_code"

  3)   Assert.That(attempts, Is.EqualTo(1))
  Expected: 1
  But was:  2


  Seguimiento de la pila:
     at Baxy.Integration.Tests.PlannerAppBoundaryTests.ConversationCompositionPreservesUserNounsWithoutNarratingTheRequest(String userText, String reply) in D:\Perfil\Escritorio\ETC\Programacion\BAXY DEFINITIVO\tests\Baxy.Integration.Tests\PlannerAppBoundaryTests.cs:line 1122
   at NUnit.Framework.Internal.TaskAwaitAdapter.GenericAdapter`1.GetResult()
   at NUnit.Framework.Internal.AsyncToSyncAdapter.Await[TResult](Func`1 invoke)
   at NUnit.Framework.Internal.AsyncToSyncAdapter.Await(Func`1 invoke)
   at NUnit.Framework.Internal.Commands.TestMethodCommand.RunTestMethod(TestExecutionContext context)
   at NUnit.Framework.Internal.Commands.TestMethodCommand.Execute(TestExecutionContext context)
   at NUnit.Framework.Internal.Execution.SimpleWorkItem.<>c__DisplayClass3_0.<PerformWork>b__0()
   at NUnit.Framework.Internal.ContextUtils.<>c__DisplayClass1_0`1.<DoIsolated>b__0(Object _)

1)    at Baxy.Integration.Tests.PlannerAppBoundaryTests.<>c__DisplayClass32_0.<ConversationCompositionPreservesUserNounsWithoutNarratingTheRequest>b__0() in D:\Perfil\Escritorio\ETC\Programacion\BAXY DEFINITIVO\tests\Baxy.Integration.Tests\PlannerAppBoundaryTests.cs:line 1124
   at NUnit.Framework.Assert.Multiple(TestDelegate testDelegate)
   at Baxy.Integration.Tests.PlannerAppBoundaryTests.ConversationCompositionPreservesUserNounsWithoutNarratingTheRequest(String userText, String reply) in D:\Perfil\Escritorio\ETC\Programacion\BAXY DEFINITIVO\tests\Baxy.Integration.Tests\PlannerAppBoundaryTests.cs:line 1122
   at System.Runtime.CompilerServices.AsyncMethodBuilderCore.Start[TStateMachine](TStateMachine& stateMachine)
   at Baxy.Integration.Tests.PlannerAppBoundaryTests.ConversationCompositionPreservesUserNounsWithoutNarratingTheRequest(String userText, String reply)
   at InvokeStub_PlannerAppBoundaryTests.ConversationCompositionPreservesUserNounsWithoutNarratingTheRequest(Object, Span`1)

2)    at Baxy.Integration.Tests.PlannerAppBoundaryTests.<>c__DisplayClass32_0.<ConversationCompositionPreservesUserNounsWithoutNarratingTheRequest>b__0() in D:\Perfil\Escritorio\ETC\Programacion\BAXY DEFINITIVO\tests\Baxy.Integration.Tests\PlannerAppBoundaryTests.cs:line 1125
   at NUnit.Framework.Assert.Multiple(TestDelegate testDelegate)
   at Baxy.Integration.Tests.PlannerAppBoundaryTests.ConversationCompositionPreservesUserNounsWithoutNarratingTheRequest(String userText, String reply) in D:\Perfil\Escritorio\ETC\Programacion\BAXY DEFINITIVO\tests\Baxy.Integration.Tests\PlannerAppBoundaryTests.cs:line 1122
   at System.Runtime.CompilerServices.AsyncMethodBuilderCore.Start[TStateMachine](TStateMachine& stateMachine)
   at Baxy.Integration.Tests.PlannerAppBoundaryTests.ConversationCompositionPreservesUserNounsWithoutNarratingTheRequest(String userText, String reply)
   at InvokeStub_PlannerAppBoundaryTests.ConversationCompositionPreservesUserNounsWithoutNarratingTheRequest(Object, Span`1)

3)    at Baxy.Integration.Tests.PlannerAppBoundaryTests.<>c__DisplayClass32_0.<ConversationCompositionPreservesUserNounsWithoutNarratingTheRequest>b__0() in D:\Perfil\Escritorio\ETC\Programacion\BAXY DEFINITIVO\tests\Baxy.Integration.Tests\PlannerAppBoundaryTests.cs:line 1126
   at NUnit.Framework.Assert.Multiple(TestDelegate testDelegate)
   at Baxy.Integration.Tests.PlannerAppBoundaryTests.ConversationCompositionPreservesUserNounsWithoutNarratingTheRequest(String userText, String reply) in D:\Perfil\Escritorio\ETC\Programacion\BAXY DEFINITIVO\tests\Baxy.Integration.Tests\PlannerAppBoundaryTests.cs:line 1122
   at System.Runtime.CompilerServices.AsyncMethodBuilderCore.Start[TStateMachine](TStateMachine& stateMachine)
   at Baxy.Integration.Tests.PlannerAppBoundaryTests.ConversationCompositionPreservesUserNounsWithoutNarratingTheRequest(String userText, String reply)
   at InvokeStub_PlannerAppBoundaryTests.ConversationCompositionPreservesUserNounsWithoutNarratingTheRequest(Object, Span`1)


  Con error ConversationCompositionPreservesUserNounsWithoutNarratingTheRequest("explica las cuentas invitadas","El usuario invitado tiene permisos limitados.") [< 1 ms]
  Mensaje de error:
   Multiple failures or warnings in test:
  1)   Assert.That(result.Text, Is.EqualTo(reply))
  Expected: "El usuario invitado tiene permisos limitados."
  But was:  null

  2)   Assert.That(result.Failure, Is.Null)
  Expected: null
  But was:  "internal_code;recovery:internal_code"

  3)   Assert.That(attempts, Is.EqualTo(1))
  Expected: 1
  But was:  2


  Seguimiento de la pila:
     at Baxy.Integration.Tests.PlannerAppBoundaryTests.ConversationCompositionPreservesUserNounsWithoutNarratingTheRequest(String userText, String reply) in D:\Perfil\Escritorio\ETC\Programacion\BAXY DEFINITIVO\tests\Baxy.Integration.Tests\PlannerAppBoundaryTests.cs:line 1122
   at NUnit.Framework.Internal.TaskAwaitAdapter.GenericAdapter`1.GetResult()
   at NUnit.Framework.Internal.AsyncToSyncAdapter.Await[TResult](Func`1 invoke)
   at NUnit.Framework.Internal.AsyncToSyncAdapter.Await(Func`1 invoke)
   at NUnit.Framework.Internal.Commands.TestMethodCommand.RunTestMethod(TestExecutionContext context)
   at NUnit.Framework.Internal.Commands.TestMethodCommand.Execute(TestExecutionContext context)
   at NUnit.Framework.Internal.Execution.SimpleWorkItem.<>c__DisplayClass3_0.<PerformWork>b__0()
   at NUnit.Framework.Internal.ContextUtils.<>c__DisplayClass1_0`1.<DoIsolated>b__0(Object _)

1)    at Baxy.Integration.Tests.PlannerAppBoundaryTests.<>c__DisplayClass32_0.<ConversationCompositionPreservesUserNounsWithoutNarratingTheRequest>b__0() in D:\Perfil\Escritorio\ETC\Programacion\BAXY DEFINITIVO\tests\Baxy.Integration.Tests\PlannerAppBoundaryTests.cs:line 1124
   at NUnit.Framework.Assert.Multiple(TestDelegate testDelegate)
   at Baxy.Integration.Tests.PlannerAppBoundaryTests.ConversationCompositionPreservesUserNounsWithoutNarratingTheRequest(String userText, String reply) in D:\Perfil\Escritorio\ETC\Programacion\BAXY DEFINITIVO\tests\Baxy.Integration.Tests\PlannerAppBoundaryTests.cs:line 1122
   at System.Runtime.CompilerServices.AsyncMethodBuilderCore.Start[TStateMachine](TStateMachine& stateMachine)
   at Baxy.Integration.Tests.PlannerAppBoundaryTests.ConversationCompositionPreservesUserNounsWithoutNarratingTheRequest(String userText, String reply)
   at InvokeStub_PlannerAppBoundaryTests.ConversationCompositionPreservesUserNounsWithoutNarratingTheRequest(Object, Span`1)

2)    at Baxy.Integration.Tests.PlannerAppBoundaryTests.<>c__DisplayClass32_0.<ConversationCompositionPreservesUserNounsWithoutNarratingTheRequest>b__0() in D:\Perfil\Escritorio\ETC\Programacion\BAXY DEFINITIVO\tests\Baxy.Integration.Tests\PlannerAppBoundaryTests.cs:line 1125
   at NUnit.Framework.Assert.Multiple(TestDelegate testDelegate)
   at Baxy.Integration.Tests.PlannerAppBoundaryTests.ConversationCompositionPreservesUserNounsWithoutNarratingTheRequest(String userText, String reply) in D:\Perfil\Escritorio\ETC\Programacion\BAXY DEFINITIVO\tests\Baxy.Integration.Tests\PlannerAppBoundaryTests.cs:line 1122
   at System.Runtime.CompilerServices.AsyncMethodBuilderCore.Start[TStateMachine](TStateMachine& stateMachine)
   at Baxy.Integration.Tests.PlannerAppBoundaryTests.ConversationCompositionPreservesUserNounsWithoutNarratingTheRequest(String userText, String reply)
   at InvokeStub_PlannerAppBoundaryTests.ConversationCompositionPreservesUserNounsWithoutNarratingTheRequest(Object, Span`1)

3)    at Baxy.Integration.Tests.PlannerAppBoundaryTests.<>c__DisplayClass32_0.<ConversationCompositionPreservesUserNounsWithoutNarratingTheRequest>b__0() in D:\Perfil\Escritorio\ETC\Programacion\BAXY DEFINITIVO\tests\Baxy.Integration.Tests\PlannerAppBoundaryTests.cs:line 1126
   at NUnit.Framework.Assert.Multiple(TestDelegate testDelegate)
   at Baxy.Integration.Tests.PlannerAppBoundaryTests.ConversationCompositionPreservesUserNounsWithoutNarratingTheRequest(String userText, String reply) in D:\Perfil\Escritorio\ETC\Programacion\BAXY DEFINITIVO\tests\Baxy.Integration.Tests\PlannerAppBoundaryTests.cs:line 1122
   at System.Runtime.CompilerServices.AsyncMethodBuilderCore.Start[TStateMachine](TStateMachine& stateMachine)
   at Baxy.Integration.Tests.PlannerAppBoundaryTests.ConversationCompositionPreservesUserNounsWithoutNarratingTheRequest(String userText, String reply)
   at InvokeStub_PlannerAppBoundaryTests.ConversationCompositionPreservesUserNounsWithoutNarratingTheRequest(Object, Span`1)


  Con error ConversationCompositionPreservesUserNounsWithoutNarratingTheRequest("explain guest accounts","The user account has limited permissions.") [< 1 ms]
  Mensaje de error:
   Multiple failures or warnings in test:
  1)   Assert.That(result.Text, Is.EqualTo(reply))
  Expected: "The user account has limited permissions."
  But was:  null

  2)   Assert.That(result.Failure, Is.Null)
  Expected: null
  But was:  "internal_code;recovery:internal_code"

  3)   Assert.That(attempts, Is.EqualTo(1))
  Expected: 1
  But was:  2


  Seguimiento de la pila:
     at Baxy.Integration.Tests.PlannerAppBoundaryTests.ConversationCompositionPreservesUserNounsWithoutNarratingTheRequest(String userText, String reply) in D:\Perfil\Escritorio\ETC\Programacion\BAXY DEFINITIVO\tests\Baxy.Integration.Tests\PlannerAppBoundaryTests.cs:line 1122
   at NUnit.Framework.Internal.TaskAwaitAdapter.GenericAdapter`1.GetResult()
   at NUnit.Framework.Internal.AsyncToSyncAdapter.Await[TResult](Func`1 invoke)
   at NUnit.Framework.Internal.AsyncToSyncAdapter.Await(Func`1 invoke)
   at NUnit.Framework.Internal.Commands.TestMethodCommand.RunTestMethod(TestExecutionContext context)
   at NUnit.Framework.Internal.Commands.TestMethodCommand.Execute(TestExecutionContext context)
   at NUnit.Framework.Internal.Execution.SimpleWorkItem.<>c__DisplayClass3_0.<PerformWork>b__0()
   at NUnit.Framework.Internal.ContextUtils.<>c__DisplayClass1_0`1.<DoIsolated>b__0(Object _)

1)    at Baxy.Integration.Tests.PlannerAppBoundaryTests.<>c__DisplayClass32_0.<ConversationCompositionPreservesUserNounsWithoutNarratingTheRequest>b__0() in D:\Perfil\Escritorio\ETC\Programacion\BAXY DEFINITIVO\tests\Baxy.Integration.Tests\PlannerAppBoundaryTests.cs:line 1124
   at NUnit.Framework.Assert.Multiple(TestDelegate testDelegate)
   at Baxy.Integration.Tests.PlannerAppBoundaryTests.ConversationCompositionPreservesUserNounsWithoutNarratingTheRequest(String userText, String reply) in D:\Perfil\Escritorio\ETC\Programacion\BAXY DEFINITIVO\tests\Baxy.Integration.Tests\PlannerAppBoundaryTests.cs:line 1122
   at System.Runtime.CompilerServices.AsyncMethodBuilderCore.Start[TStateMachine](TStateMachine& stateMachine)
   at Baxy.Integration.Tests.PlannerAppBoundaryTests.ConversationCompositionPreservesUserNounsWithoutNarratingTheRequest(String userText, String reply)
   at InvokeStub_PlannerAppBoundaryTests.ConversationCompositionPreservesUserNounsWithoutNarratingTheRequest(Object, Span`1)

2)    at Baxy.Integration.Tests.PlannerAppBoundaryTests.<>c__DisplayClass32_0.<ConversationCompositionPreservesUserNounsWithoutNarratingTheRequest>b__0() in D:\Perfil\Escritorio\ETC\Programacion\BAXY DEFINITIVO\tests\Baxy.Integration.Tests\PlannerAppBoundaryTests.cs:line 1125
   at NUnit.Framework.Assert.Multiple(TestDelegate testDelegate)
   at Baxy.Integration.Tests.PlannerAppBoundaryTests.ConversationCompositionPreservesUserNounsWithoutNarratingTheRequest(String userText, String reply) in D:\Perfil\Escritorio\ETC\Programacion\BAXY DEFINITIVO\tests\Baxy.Integration.Tests\PlannerAppBoundaryTests.cs:line 1122
   at System.Runtime.CompilerServices.AsyncMethodBuilderCore.Start[TStateMachine](TStateMachine& stateMachine)
   at Baxy.Integration.Tests.PlannerAppBoundaryTests.ConversationCompositionPreservesUserNounsWithoutNarratingTheRequest(String userText, String reply)
   at InvokeStub_PlannerAppBoundaryTests.ConversationCompositionPreservesUserNounsWithoutNarratingTheRequest(Object, Span`1)

3)    at Baxy.Integration.Tests.PlannerAppBoundaryTests.<>c__DisplayClass32_0.<ConversationCompositionPreservesUserNounsWithoutNarratingTheRequest>b__0() in D:\Perfil\Escritorio\ETC\Programacion\BAXY DEFINITIVO\tests\Baxy.Integration.Tests\PlannerAppBoundaryTests.cs:line 1126
   at NUnit.Framework.Assert.Multiple(TestDelegate testDelegate)
   at Baxy.Integration.Tests.PlannerAppBoundaryTests.ConversationCompositionPreservesUserNounsWithoutNarratingTheRequest(String userText, String reply) in D:\Perfil\Escritorio\ETC\Programacion\BAXY DEFINITIVO\tests\Baxy.Integration.Tests\PlannerAppBoundaryTests.cs:line 1122
   at System.Runtime.CompilerServices.AsyncMethodBuilderCore.Start[TStateMachine](TStateMachine& stateMachine)
   at Baxy.Integration.Tests.PlannerAppBoundaryTests.ConversationCompositionPreservesUserNounsWithoutNarratingTheRequest(String userText, String reply)
   at InvokeStub_PlannerAppBoundaryTests.ConversationCompositionPreservesUserNounsWithoutNarratingTheRequest(Object, Span`1)


  Con error ConversationCompositionPreservesUserNounsWithoutNarratingTheRequest("explica las cuentas","Los usuarios pueden tener permisos diferentes.") [< 1 ms]
  Mensaje de error:
   Multiple failures or warnings in test:
  1)   Assert.That(result.Text, Is.EqualTo(reply))
  Expected: "Los usuarios pueden tener permisos diferentes."
  But was:  null

  2)   Assert.That(result.Failure, Is.Null)
  Expected: null
  But was:  "internal_code;recovery:internal_code"

  3)   Assert.That(attempts, Is.EqualTo(1))
  Expected: 1
  But was:  2


  Seguimiento de la pila:
     at Baxy.Integration.Tests.PlannerAppBoundaryTests.ConversationCompositionPreservesUserNounsWithoutNarratingTheRequest(String userText, String reply) in D:\Perfil\Escritorio\ETC\Programacion\BAXY DEFINITIVO\tests\Baxy.Integration.Tests\PlannerAppBoundaryTests.cs:line 1122
   at NUnit.Framework.Internal.TaskAwaitAdapter.GenericAdapter`1.GetResult()
   at NUnit.Framework.Internal.AsyncToSyncAdapter.Await[TResult](Func`1 invoke)
   at NUnit.Framework.Internal.AsyncToSyncAdapter.Await(Func`1 invoke)
   at NUnit.Framework.Internal.Commands.TestMethodCommand.RunTestMethod(TestExecutionContext context)
   at NUnit.Framework.Internal.Commands.TestMethodCommand.Execute(TestExecutionContext context)
   at NUnit.Framework.Internal.Execution.SimpleWorkItem.<>c__DisplayClass3_0.<PerformWork>b__0()
   at NUnit.Framework.Internal.ContextUtils.<>c__DisplayClass1_0`1.<DoIsolated>b__0(Object _)

1)    at Baxy.Integration.Tests.PlannerAppBoundaryTests.<>c__DisplayClass32_0.<ConversationCompositionPreservesUserNounsWithoutNarratingTheRequest>b__0() in D:\Perfil\Escritorio\ETC\Programacion\BAXY DEFINITIVO\tests\Baxy.Integration.Tests\PlannerAppBoundaryTests.cs:line 1124
   at NUnit.Framework.Assert.Multiple(TestDelegate testDelegate)
   at Baxy.Integration.Tests.PlannerAppBoundaryTests.ConversationCompositionPreservesUserNounsWithoutNarratingTheRequest(String userText, String reply) in D:\Perfil\Escritorio\ETC\Programacion\BAXY DEFINITIVO\tests\Baxy.Integration.Tests\PlannerAppBoundaryTests.cs:line 1122
   at System.Runtime.CompilerServices.AsyncMethodBuilderCore.Start[TStateMachine](TStateMachine& stateMachine)
   at Baxy.Integration.Tests.PlannerAppBoundaryTests.ConversationCompositionPreservesUserNounsWithoutNarratingTheRequest(String userText, String reply)
   at InvokeStub_PlannerAppBoundaryTests.ConversationCompositionPreservesUserNounsWithoutNarratingTheRequest(Object, Span`1)

2)    at Baxy.Integration.Tests.PlannerAppBoundaryTests.<>c__DisplayClass32_0.<ConversationCompositionPreservesUserNounsWithoutNarratingTheRequest>b__0() in D:\Perfil\Escritorio\ETC\Programacion\BAXY DEFINITIVO\tests\Baxy.Integration.Tests\PlannerAppBoundaryTests.cs:line 1125
   at NUnit.Framework.Assert.Multiple(TestDelegate testDelegate)
   at Baxy.Integration.Tests.PlannerAppBoundaryTests.ConversationCompositionPreservesUserNounsWithoutNarratingTheRequest(String userText, String reply) in D:\Perfil\Escritorio\ETC\Programacion\BAXY DEFINITIVO\tests\Baxy.Integration.Tests\PlannerAppBoundaryTests.cs:line 1122
   at System.Runtime.CompilerServices.AsyncMethodBuilderCore.Start[TStateMachine](TStateMachine& stateMachine)
   at Baxy.Integration.Tests.PlannerAppBoundaryTests.ConversationCompositionPreservesUserNounsWithoutNarratingTheRequest(String userText, String reply)
   at InvokeStub_PlannerAppBoundaryTests.ConversationCompositionPreservesUserNounsWithoutNarratingTheRequest(Object, Span`1)

3)    at Baxy.Integration.Tests.PlannerAppBoundaryTests.<>c__DisplayClass32_0.<ConversationCompositionPreservesUserNounsWithoutNarratingTheRequest>b__0() in D:\Perfil\Escritorio\ETC\Programacion\BAXY DEFINITIVO\tests\Baxy.Integration.Tests\PlannerAppBoundaryTests.cs:line 1126
   at NUnit.Framework.Assert.Multiple(TestDelegate testDelegate)
   at Baxy.Integration.Tests.PlannerAppBoundaryTests.ConversationCompositionPreservesUserNounsWithoutNarratingTheRequest(String userText, String reply) in D:\Perfil\Escritorio\ETC\Programacion\BAXY DEFINITIVO\tests\Baxy.Integration.Tests\PlannerAppBoundaryTests.cs:line 1122
   at System.Runtime.CompilerServices.AsyncMethodBuilderCore.Start[TStateMachine](TStateMachine& stateMachine)
   at Baxy.Integration.Tests.PlannerAppBoundaryTests.ConversationCompositionPreservesUserNounsWithoutNarratingTheRequest(String userText, String reply)
   at InvokeStub_PlannerAppBoundaryTests.ConversationCompositionPreservesUserNounsWithoutNarratingTheRequest(Object, Span`1)


  Con error ConversationCompositionPreservesUserNounsWithoutNarratingTheRequest("explain this setting","This setting controls the user account permissions.") [< 1 ms]
  Mensaje de error:
   Multiple failures or warnings in test:
  1)   Assert.That(result.Text, Is.EqualTo(reply))
  Expected: "This setting controls the user account permissions."
  But was:  null

  2)   Assert.That(result.Failure, Is.Null)
  Expected: null
  But was:  "internal_code;recovery:internal_code"

  3)   Assert.That(attempts, Is.EqualTo(1))
  Expected: 1
  But was:  2


  Seguimiento de la pila:
     at Baxy.Integration.Tests.PlannerAppBoundaryTests.ConversationCompositionPreservesUserNounsWithoutNarratingTheRequest(String userText, String reply) in D:\Perfil\Escritorio\ETC\Programacion\BAXY DEFINITIVO\tests\Baxy.Integration.Tests\PlannerAppBoundaryTests.cs:line 1122
   at NUnit.Framework.Internal.TaskAwaitAdapter.GenericAdapter`1.GetResult()
   at NUnit.Framework.Internal.AsyncToSyncAdapter.Await[TResult](Func`1 invoke)
   at NUnit.Framework.Internal.AsyncToSyncAdapter.Await(Func`1 invoke)
   at NUnit.Framework.Internal.Commands.TestMethodCommand.RunTestMethod(TestExecutionContext context)
   at NUnit.Framework.Internal.Commands.TestMethodCommand.Execute(TestExecutionContext context)
   at NUnit.Framework.Internal.Execution.SimpleWorkItem.<>c__DisplayClass3_0.<PerformWork>b__0()
   at NUnit.Framework.Internal.ContextUtils.<>c__DisplayClass1_0`1.<DoIsolated>b__0(Object _)

1)    at Baxy.Integration.Tests.PlannerAppBoundaryTests.<>c__DisplayClass32_0.<ConversationCompositionPreservesUserNounsWithoutNarratingTheRequest>b__0() in D:\Perfil\Escritorio\ETC\Programacion\BAXY DEFINITIVO\tests\Baxy.Integration.Tests\PlannerAppBoundaryTests.cs:line 1124
   at NUnit.Framework.Assert.Multiple(TestDelegate testDelegate)
   at Baxy.Integration.Tests.PlannerAppBoundaryTests.ConversationCompositionPreservesUserNounsWithoutNarratingTheRequest(String userText, String reply) in D:\Perfil\Escritorio\ETC\Programacion\BAXY DEFINITIVO\tests\Baxy.Integration.Tests\PlannerAppBoundaryTests.cs:line 1122
   at System.Runtime.CompilerServices.AsyncMethodBuilderCore.Start[TStateMachine](TStateMachine& stateMachine)
   at Baxy.Integration.Tests.PlannerAppBoundaryTests.ConversationCompositionPreservesUserNounsWithoutNarratingTheRequest(String userText, String reply)
   at InvokeStub_PlannerAppBoundaryTests.ConversationCompositionPreservesUserNounsWithoutNarratingTheRequest(Object, Span`1)

2)    at Baxy.Integration.Tests.PlannerAppBoundaryTests.<>c__DisplayClass32_0.<ConversationCompositionPreservesUserNounsWithoutNarratingTheRequest>b__0() in D:\Perfil\Escritorio\ETC\Programacion\BAXY DEFINITIVO\tests\Baxy.Integration.Tests\PlannerAppBoundaryTests.cs:line 1125
   at NUnit.Framework.Assert.Multiple(TestDelegate testDelegate)
   at Baxy.Integration.Tests.PlannerAppBoundaryTests.ConversationCompositionPreservesUserNounsWithoutNarratingTheRequest(String userText, String reply) in D:\Perfil\Escritorio\ETC\Programacion\BAXY DEFINITIVO\tests\Baxy.Integration.Tests\PlannerAppBoundaryTests.cs:line 1122
   at System.Runtime.CompilerServices.AsyncMethodBuilderCore.Start[TStateMachine](TStateMachine& stateMachine)
   at Baxy.Integration.Tests.PlannerAppBoundaryTests.ConversationCompositionPreservesUserNounsWithoutNarratingTheRequest(String userText, String reply)
   at InvokeStub_PlannerAppBoundaryTests.ConversationCompositionPreservesUserNounsWithoutNarratingTheRequest(Object, Span`1)

3)    at Baxy.Integration.Tests.PlannerAppBoundaryTests.<>c__DisplayClass32_0.<ConversationCompositionPreservesUserNounsWithoutNarratingTheRequest>b__0() in D:\Perfil\Escritorio\ETC\Programacion\BAXY DEFINITIVO\tests\Baxy.Integration.Tests\PlannerAppBoundaryTests.cs:line 1126
   at NUnit.Framework.Assert.Multiple(TestDelegate testDelegate)
   at Baxy.Integration.Tests.PlannerAppBoundaryTests.ConversationCompositionPreservesUserNounsWithoutNarratingTheRequest(String userText, String reply) in D:\Perfil\Escritorio\ETC\Programacion\BAXY DEFINITIVO\tests\Baxy.Integration.Tests\PlannerAppBoundaryTests.cs:line 1122
   at System.Runtime.CompilerServices.AsyncMethodBuilderCore.Start[TStateMachine](TStateMachine& stateMachine)
   at Baxy.Integration.Tests.PlannerAppBoundaryTests.ConversationCompositionPreservesUserNounsWithoutNarratingTheRequest(String userText, String reply)
   at InvokeStub_PlannerAppBoundaryTests.ConversationCompositionPreservesUserNounsWithoutNarratingTheRequest(Object, Span`1)


  Con error ConversationReplyRejectsEmbeddedNarrationOfThePersonsRequest("I think the user wants help.") [84 ms]
  Mensaje de error:
     Assert.That(UserMessagePolicy.ConversationReplyRejectionReason("una frase", reply), Is.EqualTo("person_metadiscourse"))
  Expected string length 20 but was 28. Strings differ at index 20.
  Expected: "person_metadiscourse"
  But was:  "person_metadiscourse_literal"
  -------------------------------^

  Seguimiento de la pila:
     at Baxy.Integration.Tests.PlannerAppBoundaryTests.ConversationReplyRejectsEmbeddedNarrationOfThePersonsRequest(String reply) in D:\Perfil\Escritorio\ETC\Programacion\BAXY DEFINITIVO\tests\Baxy.Integration.Tests\PlannerAppBoundaryTests.cs:line 1135
   at InvokeStub_PlannerAppBoundaryTests.ConversationReplyRejectsEmbeddedNarrationOfThePersonsRequest(Object, Span`1)

1)    at Baxy.Integration.Tests.PlannerAppBoundaryTests.ConversationReplyRejectsEmbeddedNarrationOfThePersonsRequest(String reply) in D:\Perfil\Escritorio\ETC\Programacion\BAXY DEFINITIVO\tests\Baxy.Integration.Tests\PlannerAppBoundaryTests.cs:line 1135
   at InvokeStub_PlannerAppBoundaryTests.ConversationReplyRejectsEmbeddedNarrationOfThePersonsRequest(Object, Span`1)



Con error! - Con error:     7, Superado:     2, Omitido:     0, Total:     9, Duración: 431 ms - Baxy.Integration.Tests.dll (net10.0)
