FFFFFF....................                                               [100%]
================================== FAILURES ===================================
_ test_contextual_missing_volume_level_preserves_current_request[Ponle volumen al pc-Al 100, pero desmutealo-operations0] _
tests\test_effect_intent.py:7015: in test_contextual_missing_volume_level_preserves_current_request
    assert intent is not None and intent.operations == operations
E   assert (None is not None)
_ test_contextual_missing_volume_level_preserves_current_request[Set the volume of the computer-37-operations1] _
tests\test_effect_intent.py:7015: in test_contextual_missing_volume_level_preserves_current_request
    assert intent is not None and intent.operations == operations
E   assert (None is not None)
_ test_contextual_missing_volume_level_preserves_current_request[Ajusta el volumen-Al 24 por ciento-operations2] _
tests\test_effect_intent.py:7015: in test_contextual_missing_volume_level_preserves_current_request
    assert intent is not None and intent.operations == operations
E   assert (None is not None)
_ test_contextual_missing_volume_level_preserves_current_request[Set the volume-To 42 but tell me the time-operations3] _
tests\test_effect_intent.py:7015: in test_contextual_missing_volume_level_preserves_current_request
    assert intent is not None and intent.operations == operations
E   assert (None is not None)
_ test_contextual_missing_volume_level_preserves_current_request[Pon el volumen-Al 37 pero no quites el silencio-operations4] _
tests\test_effect_intent.py:7015: in test_contextual_missing_volume_level_preserves_current_request
    assert intent is not None and intent.operations == operations
E   assert (None is not None)
_ test_contextual_missing_volume_level_preserves_current_request[Set the volume-37 but don't unmute the audio-operations5] _
tests\test_effect_intent.py:7015: in test_contextual_missing_volume_level_preserves_current_request
    assert intent is not None and intent.operations == operations
E   assert (None is not None)
=========================== short test summary info ===========================
FAILED tests/test_effect_intent.py::test_contextual_missing_volume_level_preserves_current_request[Ponle volumen al pc-Al 100, pero desmutealo-operations0]
FAILED tests/test_effect_intent.py::test_contextual_missing_volume_level_preserves_current_request[Set the volume of the computer-37-operations1]
FAILED tests/test_effect_intent.py::test_contextual_missing_volume_level_preserves_current_request[Ajusta el volumen-Al 24 por ciento-operations2]
FAILED tests/test_effect_intent.py::test_contextual_missing_volume_level_preserves_current_request[Set the volume-To 42 but tell me the time-operations3]
FAILED tests/test_effect_intent.py::test_contextual_missing_volume_level_preserves_current_request[Pon el volumen-Al 37 pero no quites el silencio-operations4]
FAILED tests/test_effect_intent.py::test_contextual_missing_volume_level_preserves_current_request[Set the volume-37 but don't unmute the audio-operations5]
6 failed, 20 passed, 1784 deselected in 1.61s
