...FFFFFFFFFFF.                                                          [100%]
================================== FAILURES ===================================
_ test_memory_clarification_does_not_require_unrelated_capability_words[What can you do? Remember my name.-What is your name?] _
tests\test_compose_contract.py:330: in test_memory_clarification_does_not_require_unrelated_capability_words
    assert compose_visible_defect(reply, "clarification", user_text, facts) == ""
E   AssertionError: assert 'knowledge_question' == ''
E     
E     + knowledge_question
_ test_typed_event_does_not_inherit_conversational_capability_requirements[what can you do on this PC-clarification] _
tests\test_compose_contract.py:343: in test_typed_event_does_not_inherit_conversational_capability_requirements
    assert "can" not in payload
E   AssertionError: assert 'can' not in {'kind': 'clarification', 'can': ['open and close apps', 'read and set the audio', 'read the clock and the PC state']}
_ test_typed_event_does_not_inherit_conversational_capability_requirements[what can you do on this PC-confirmation] _
tests\test_compose_contract.py:343: in test_typed_event_does_not_inherit_conversational_capability_requirements
    assert "can" not in payload
E   AssertionError: assert 'can' not in {'kind': 'confirmation', 'can': ['open and close apps', 'read and set the audio', 'read the clock and the PC state']}
_ test_typed_event_does_not_inherit_conversational_capability_requirements[what can you do on this PC-status] _
tests\test_compose_contract.py:343: in test_typed_event_does_not_inherit_conversational_capability_requirements
    assert "can" not in payload
E   AssertionError: assert 'can' not in {'kind': 'status', 'can': ['open and close apps', 'read and set the audio', 'read the clock and the PC state']}
_ test_typed_event_does_not_inherit_conversational_capability_requirements[what can you do on this PC-failure] _
tests\test_compose_contract.py:343: in test_typed_event_does_not_inherit_conversational_capability_requirements
    assert "can" not in payload
E   AssertionError: assert 'can' not in {'can': ['open and close apps', 'read and set the audio', 'read the clock and the PC state']}
_ test_typed_event_does_not_inherit_conversational_capability_requirements[what can you do on this PC-operation] _
tests\test_compose_contract.py:343: in test_typed_event_does_not_inherit_conversational_capability_requirements
    assert "can" not in payload
E   AssertionError: assert 'can' not in {'can': ['open and close apps', 'read and set the audio', 'read the clock and the PC state']}
_ test_typed_event_does_not_inherit_conversational_capability_requirements[what will you never do on this PC-clarification] _
tests\test_compose_contract.py:344: in test_typed_event_does_not_inherit_conversational_capability_requirements
    assert "beyond" not in payload
E   AssertionError: assert 'beyond' not in {'kind': 'clarification', 'beyond': 'none'}
_ test_typed_event_does_not_inherit_conversational_capability_requirements[what will you never do on this PC-confirmation] _
tests\test_compose_contract.py:344: in test_typed_event_does_not_inherit_conversational_capability_requirements
    assert "beyond" not in payload
E   AssertionError: assert 'beyond' not in {'kind': 'confirmation', 'beyond': 'none'}
_ test_typed_event_does_not_inherit_conversational_capability_requirements[what will you never do on this PC-status] _
tests\test_compose_contract.py:344: in test_typed_event_does_not_inherit_conversational_capability_requirements
    assert "beyond" not in payload
E   AssertionError: assert 'beyond' not in {'kind': 'status', 'beyond': 'none'}
_ test_typed_event_does_not_inherit_conversational_capability_requirements[what will you never do on this PC-failure] _
tests\test_compose_contract.py:344: in test_typed_event_does_not_inherit_conversational_capability_requirements
    assert "beyond" not in payload
E   AssertionError: assert 'beyond' not in {'beyond': 'none'}
_ test_typed_event_does_not_inherit_conversational_capability_requirements[what will you never do on this PC-operation] _
tests\test_compose_contract.py:344: in test_typed_event_does_not_inherit_conversational_capability_requirements
    assert "beyond" not in payload
E   AssertionError: assert 'beyond' not in {'beyond': 'none'}
=========================== short test summary info ===========================
FAILED tests/test_compose_contract.py::test_memory_clarification_does_not_require_unrelated_capability_words[What can you do? Remember my name.-What is your name?]
FAILED tests/test_compose_contract.py::test_typed_event_does_not_inherit_conversational_capability_requirements[what can you do on this PC-clarification]
FAILED tests/test_compose_contract.py::test_typed_event_does_not_inherit_conversational_capability_requirements[what can you do on this PC-confirmation]
FAILED tests/test_compose_contract.py::test_typed_event_does_not_inherit_conversational_capability_requirements[what can you do on this PC-status]
FAILED tests/test_compose_contract.py::test_typed_event_does_not_inherit_conversational_capability_requirements[what can you do on this PC-failure]
FAILED tests/test_compose_contract.py::test_typed_event_does_not_inherit_conversational_capability_requirements[what can you do on this PC-operation]
FAILED tests/test_compose_contract.py::test_typed_event_does_not_inherit_conversational_capability_requirements[what will you never do on this PC-clarification]
FAILED tests/test_compose_contract.py::test_typed_event_does_not_inherit_conversational_capability_requirements[what will you never do on this PC-confirmation]
FAILED tests/test_compose_contract.py::test_typed_event_does_not_inherit_conversational_capability_requirements[what will you never do on this PC-status]
FAILED tests/test_compose_contract.py::test_typed_event_does_not_inherit_conversational_capability_requirements[what will you never do on this PC-failure]
FAILED tests/test_compose_contract.py::test_typed_event_does_not_inherit_conversational_capability_requirements[what will you never do on this PC-operation]
11 failed, 4 passed, 60 deselected in 0.63s
