WARNING: pip lock is currently an experimental command. It may be removed/changed in a future release without prior warning.
Looking in links: d:\Perfil\Escritorio\ETC\Programacion\BAXY DEFINITIVO\runtime_wheels
Collecting numpy==1.26.4 (from -r D:\Perfil\Escritorio\ETC\Programacion\BAXY DEFINITIVO\requirements-runtime-win-x64.in (line 5))
  Using cached numpy-1.26.4-cp312-cp312-win_amd64.whl.metadata (61 kB)
Collecting scipy==1.17.1 (from -r D:\Perfil\Escritorio\ETC\Programacion\BAXY DEFINITIVO\requirements-runtime-win-x64.in (line 6))
  Using cached scipy-1.17.1-cp312-cp312-win_amd64.whl.metadata (60 kB)
Collecting sentence-transformers==5.6.0 (from -r D:\Perfil\Escritorio\ETC\Programacion\BAXY DEFINITIVO\requirements-runtime-win-x64.in (line 7))
  Using cached sentence_transformers-5.6.0-py3-none-any.whl.metadata (18 kB)
Collecting huggingface-hub==1.24.0 (from -r D:\Perfil\Escritorio\ETC\Programacion\BAXY DEFINITIVO\requirements-runtime-win-x64.in (line 8))
  Using cached huggingface_hub-1.24.0-py3-none-any.whl.metadata (16 kB)
Collecting torch==2.13.0 (from -r D:\Perfil\Escritorio\ETC\Programacion\BAXY DEFINITIVO\requirements-runtime-win-x64.in (line 9))
  Using cached torch-2.13.0-cp312-cp312-win_amd64.whl.metadata (39 kB)
Collecting torchaudio==2.11.0 (from -r D:\Perfil\Escritorio\ETC\Programacion\BAXY DEFINITIVO\requirements-runtime-win-x64.in (line 10))
  Using cached torchaudio-2.11.0-cp312-cp312-win_amd64.whl.metadata (6.9 kB)
Collecting onnxruntime==1.27.0 (from -r D:\Perfil\Escritorio\ETC\Programacion\BAXY DEFINITIVO\requirements-runtime-win-x64.in (line 11))
  Using cached onnxruntime-1.27.0-cp312-cp312-win_amd64.whl.metadata (5.6 kB)
Collecting jellyfish==1.2.1 (from -r D:\Perfil\Escritorio\ETC\Programacion\BAXY DEFINITIVO\requirements-runtime-win-x64.in (line 12))
  Using cached jellyfish-1.2.1-cp312-cp312-win_amd64.whl.metadata (642 bytes)
Collecting RapidFuzz==3.14.5 (from -r D:\Perfil\Escritorio\ETC\Programacion\BAXY DEFINITIVO\requirements-runtime-win-x64.in (line 13))
  Using cached rapidfuzz-3.14.5-cp312-cp312-win_amd64.whl.metadata (12 kB)
Collecting psutil==7.2.2 (from -r D:\Perfil\Escritorio\ETC\Programacion\BAXY DEFINITIVO\requirements-runtime-win-x64.in (line 14))
  Using cached psutil-7.2.2-cp37-abi3-win_amd64.whl.metadata (22 kB)
Collecting comtypes==1.4.16 (from -r D:\Perfil\Escritorio\ETC\Programacion\BAXY DEFINITIVO\requirements-runtime-win-x64.in (line 15))
  Using cached comtypes-1.4.16-py3-none-any.whl.metadata (7.8 kB)
Processing .\runtime_wheels\sherpa_onnx-1.13.4+baxy.1-cp312-cp312-win_amd64.whl (from -r D:\Perfil\Escritorio\ETC\Programacion\BAXY DEFINITIVO\src\baxy_mind\requirements-voice.txt (line 3))
Collecting livekit-wakeword==0.2.1 (from -r D:\Perfil\Escritorio\ETC\Programacion\BAXY DEFINITIVO\src\baxy_mind\requirements-voice.txt (line 4))
  Using cached livekit_wakeword-0.2.1-py3-none-any.whl.metadata (20 kB)
Collecting silero-vad==6.2.1 (from -r D:\Perfil\Escritorio\ETC\Programacion\BAXY DEFINITIVO\src\baxy_mind\requirements-voice.txt (line 5))
  Using cached silero_vad-6.2.1-py3-none-any.whl.metadata (9.5 kB)
Collecting sounddevice==0.5.5 (from -r D:\Perfil\Escritorio\ETC\Programacion\BAXY DEFINITIVO\src\baxy_mind\requirements-voice.txt (line 6))
  Using cached sounddevice-0.5.5-py3-none-win_amd64.whl.metadata (1.4 kB)
Collecting pywin32==311 (from -r D:\Perfil\Escritorio\ETC\Programacion\BAXY DEFINITIVO\src\baxy_mind\requirements-voice.txt (line 7))
  Using cached pywin32-311-cp312-cp312-win_amd64.whl.metadata (10 kB)
Collecting PyAudioWPatch==0.2.12.8 (from -r D:\Perfil\Escritorio\ETC\Programacion\BAXY DEFINITIVO\src\baxy_mind\requirements-voice.txt (line 8))
  Using cached pyaudiowpatch-0.2.12.8-cp312-cp312-win_amd64.whl.metadata (9.9 kB)
Collecting pycaw==20251023 (from -r D:\Perfil\Escritorio\ETC\Programacion\BAXY DEFINITIVO\src\baxy_mind\requirements-voice.txt (line 9))
  Using cached pycaw-20251023-py3-none-any.whl.metadata (2.3 kB)
Collecting transformers<6.0.0,>=4.41.0 (from sentence-transformers==5.6.0->-r D:\Perfil\Escritorio\ETC\Programacion\BAXY DEFINITIVO\requirements-runtime-win-x64.in (line 7))
  Using cached transformers-5.14.1-py3-none-any.whl.metadata (32 kB)
Collecting scikit-learn>=0.22.0 (from sentence-transformers==5.6.0->-r D:\Perfil\Escritorio\ETC\Programacion\BAXY DEFINITIVO\requirements-runtime-win-x64.in (line 7))
  Using cached scikit_learn-1.9.0-cp312-cp312-win_amd64.whl.metadata (11 kB)
Collecting typing_extensions>=4.5.0 (from sentence-transformers==5.6.0->-r D:\Perfil\Escritorio\ETC\Programacion\BAXY DEFINITIVO\requirements-runtime-win-x64.in (line 7))
  Using cached typing_extensions-4.16.0-py3-none-any.whl.metadata (3.3 kB)
Collecting tqdm>=4.0.0 (from sentence-transformers==5.6.0->-r D:\Perfil\Escritorio\ETC\Programacion\BAXY DEFINITIVO\requirements-runtime-win-x64.in (line 7))
  Using cached tqdm-4.69.0-py3-none-any.whl.metadata (57 kB)
Collecting click<9.0.0,>=8.4.2 (from huggingface-hub==1.24.0->-r D:\Perfil\Escritorio\ETC\Programacion\BAXY DEFINITIVO\requirements-runtime-win-x64.in (line 8))
  Using cached click-8.4.2-py3-none-any.whl.metadata (2.6 kB)
Collecting filelock>=3.10.0 (from huggingface-hub==1.24.0->-r D:\Perfil\Escritorio\ETC\Programacion\BAXY DEFINITIVO\requirements-runtime-win-x64.in (line 8))
  Using cached filelock-3.31.0-py3-none-any.whl.metadata (2.0 kB)
Collecting fsspec>=2023.5.0 (from huggingface-hub==1.24.0->-r D:\Perfil\Escritorio\ETC\Programacion\BAXY DEFINITIVO\requirements-runtime-win-x64.in (line 8))
  Using cached fsspec-2026.6.0-py3-none-any.whl.metadata (10 kB)
Collecting hf-xet<2.0.0,>=1.5.1 (from huggingface-hub==1.24.0->-r D:\Perfil\Escritorio\ETC\Programacion\BAXY DEFINITIVO\requirements-runtime-win-x64.in (line 8))
  Using cached hf_xet-1.5.2-cp38-abi3-win_amd64.whl.metadata (4.9 kB)
Collecting httpx<1,>=0.23.0 (from huggingface-hub==1.24.0->-r D:\Perfil\Escritorio\ETC\Programacion\BAXY DEFINITIVO\requirements-runtime-win-x64.in (line 8))
  Using cached httpx-0.28.1-py3-none-any.whl.metadata (7.1 kB)
Collecting packaging>=20.9 (from huggingface-hub==1.24.0->-r D:\Perfil\Escritorio\ETC\Programacion\BAXY DEFINITIVO\requirements-runtime-win-x64.in (line 8))
  Using cached packaging-26.2-py3-none-any.whl.metadata (3.5 kB)
Collecting pyyaml>=5.1 (from huggingface-hub==1.24.0->-r D:\Perfil\Escritorio\ETC\Programacion\BAXY DEFINITIVO\requirements-runtime-win-x64.in (line 8))
  Using cached pyyaml-6.0.3-cp312-cp312-win_amd64.whl.metadata (2.4 kB)
Collecting setuptools>=77.0.3 (from torch==2.13.0->-r D:\Perfil\Escritorio\ETC\Programacion\BAXY DEFINITIVO\requirements-runtime-win-x64.in (line 9))
  Using cached setuptools-83.0.0-py3-none-any.whl.metadata (6.6 kB)
Collecting sympy>=1.13.3 (from torch==2.13.0->-r D:\Perfil\Escritorio\ETC\Programacion\BAXY DEFINITIVO\requirements-runtime-win-x64.in (line 9))
  Using cached sympy-1.14.0-py3-none-any.whl.metadata (12 kB)
Collecting networkx>=2.5.1 (from torch==2.13.0->-r D:\Perfil\Escritorio\ETC\Programacion\BAXY DEFINITIVO\requirements-runtime-win-x64.in (line 9))
  Using cached networkx-3.6.1-py3-none-any.whl.metadata (6.8 kB)
Collecting jinja2 (from torch==2.13.0->-r D:\Perfil\Escritorio\ETC\Programacion\BAXY DEFINITIVO\requirements-runtime-win-x64.in (line 9))
  Using cached jinja2-3.1.6-py3-none-any.whl.metadata (2.9 kB)
Collecting flatbuffers (from onnxruntime==1.27.0->-r D:\Perfil\Escritorio\ETC\Programacion\BAXY DEFINITIVO\requirements-runtime-win-x64.in (line 11))
  Using cached flatbuffers-25.12.19-py2.py3-none-any.whl.metadata (1.0 kB)
Collecting protobuf>=4.25.8 (from onnxruntime==1.27.0->-r D:\Perfil\Escritorio\ETC\Programacion\BAXY DEFINITIVO\requirements-runtime-win-x64.in (line 11))
  Using cached protobuf-7.35.1-cp310-abi3-win_amd64.whl.metadata (595 bytes)
Collecting sherpa-onnx-core==1.13.4 (from sherpa-onnx==1.13.4+baxy.1->-r D:\Perfil\Escritorio\ETC\Programacion\BAXY DEFINITIVO\src\baxy_mind\requirements-voice.txt (line 3))
  Using cached sherpa_onnx_core-1.13.4-py3-none-win_amd64.whl.metadata (532 bytes)
Collecting cffi (from sounddevice==0.5.5->-r D:\Perfil\Escritorio\ETC\Programacion\BAXY DEFINITIVO\src\baxy_mind\requirements-voice.txt (line 6))
  Using cached cffi-2.1.0-cp312-cp312-win_amd64.whl.metadata (2.6 kB)
Collecting colorama (from click<9.0.0,>=8.4.2->huggingface-hub==1.24.0->-r D:\Perfil\Escritorio\ETC\Programacion\BAXY DEFINITIVO\requirements-runtime-win-x64.in (line 8))
  Using cached colorama-0.4.6-py2.py3-none-any.whl.metadata (17 kB)
Collecting anyio (from httpx<1,>=0.23.0->huggingface-hub==1.24.0->-r D:\Perfil\Escritorio\ETC\Programacion\BAXY DEFINITIVO\requirements-runtime-win-x64.in (line 8))
  Using cached anyio-4.14.2-py3-none-any.whl.metadata (4.6 kB)
Collecting certifi (from httpx<1,>=0.23.0->huggingface-hub==1.24.0->-r D:\Perfil\Escritorio\ETC\Programacion\BAXY DEFINITIVO\requirements-runtime-win-x64.in (line 8))
  Using cached certifi-2026.6.17-py3-none-any.whl.metadata (2.5 kB)
Collecting httpcore==1.* (from httpx<1,>=0.23.0->huggingface-hub==1.24.0->-r D:\Perfil\Escritorio\ETC\Programacion\BAXY DEFINITIVO\requirements-runtime-win-x64.in (line 8))
  Using cached httpcore-1.0.9-py3-none-any.whl.metadata (21 kB)
Collecting idna (from httpx<1,>=0.23.0->huggingface-hub==1.24.0->-r D:\Perfil\Escritorio\ETC\Programacion\BAXY DEFINITIVO\requirements-runtime-win-x64.in (line 8))
  Using cached idna-3.18-py3-none-any.whl.metadata (6.1 kB)
Collecting h11>=0.16 (from httpcore==1.*->httpx<1,>=0.23.0->huggingface-hub==1.24.0->-r D:\Perfil\Escritorio\ETC\Programacion\BAXY DEFINITIVO\requirements-runtime-win-x64.in (line 8))
  Using cached h11-0.16.0-py3-none-any.whl.metadata (8.3 kB)
Collecting regex>=2025.10.22 (from transformers<6.0.0,>=4.41.0->sentence-transformers==5.6.0->-r D:\Perfil\Escritorio\ETC\Programacion\BAXY DEFINITIVO\requirements-runtime-win-x64.in (line 7))
  Using cached regex-2026.7.19-cp312-cp312-win_amd64.whl.metadata (41 kB)
Collecting tokenizers<=0.23.0,>=0.22.0 (from transformers<6.0.0,>=4.41.0->sentence-transformers==5.6.0->-r D:\Perfil\Escritorio\ETC\Programacion\BAXY DEFINITIVO\requirements-runtime-win-x64.in (line 7))
  Using cached tokenizers-0.22.2-cp39-abi3-win_amd64.whl.metadata (7.4 kB)
Collecting typer (from transformers<6.0.0,>=4.41.0->sentence-transformers==5.6.0->-r D:\Perfil\Escritorio\ETC\Programacion\BAXY DEFINITIVO\requirements-runtime-win-x64.in (line 7))
  Using cached typer-0.27.0-py3-none-any.whl.metadata (15 kB)
Collecting safetensors>=0.8.0 (from transformers<6.0.0,>=4.41.0->sentence-transformers==5.6.0->-r D:\Perfil\Escritorio\ETC\Programacion\BAXY DEFINITIVO\requirements-runtime-win-x64.in (line 7))
  Using cached safetensors-0.8.0-cp310-abi3-win_amd64.whl.metadata (4.2 kB)
Collecting joblib>=1.4.0 (from scikit-learn>=0.22.0->sentence-transformers==5.6.0->-r D:\Perfil\Escritorio\ETC\Programacion\BAXY DEFINITIVO\requirements-runtime-win-x64.in (line 7))
  Using cached joblib-1.5.3-py3-none-any.whl.metadata (5.5 kB)
Collecting narwhals>=2.0.1 (from scikit-learn>=0.22.0->sentence-transformers==5.6.0->-r D:\Perfil\Escritorio\ETC\Programacion\BAXY DEFINITIVO\requirements-runtime-win-x64.in (line 7))
  Using cached narwhals-2.24.0-py3-none-any.whl.metadata (15 kB)
Collecting threadpoolctl>=3.5.0 (from scikit-learn>=0.22.0->sentence-transformers==5.6.0->-r D:\Perfil\Escritorio\ETC\Programacion\BAXY DEFINITIVO\requirements-runtime-win-x64.in (line 7))
  Using cached threadpoolctl-3.6.0-py3-none-any.whl.metadata (13 kB)
Collecting mpmath<1.4,>=1.1.0 (from sympy>=1.13.3->torch==2.13.0->-r D:\Perfil\Escritorio\ETC\Programacion\BAXY DEFINITIVO\requirements-runtime-win-x64.in (line 9))
  Using cached mpmath-1.3.0-py3-none-any.whl.metadata (8.6 kB)
Collecting pycparser (from cffi->sounddevice==0.5.5->-r D:\Perfil\Escritorio\ETC\Programacion\BAXY DEFINITIVO\src\baxy_mind\requirements-voice.txt (line 6))
  Using cached pycparser-3.0-py3-none-any.whl.metadata (8.2 kB)
Collecting MarkupSafe>=2.0 (from jinja2->torch==2.13.0->-r D:\Perfil\Escritorio\ETC\Programacion\BAXY DEFINITIVO\requirements-runtime-win-x64.in (line 9))
  Using cached markupsafe-3.0.3-cp312-cp312-win_amd64.whl.metadata (2.8 kB)
Collecting shellingham>=1.3.0 (from typer->transformers<6.0.0,>=4.41.0->sentence-transformers==5.6.0->-r D:\Perfil\Escritorio\ETC\Programacion\BAXY DEFINITIVO\requirements-runtime-win-x64.in (line 7))
  Using cached shellingham-1.5.4-py2.py3-none-any.whl.metadata (3.5 kB)
Collecting rich>=13.8.0 (from typer->transformers<6.0.0,>=4.41.0->sentence-transformers==5.6.0->-r D:\Perfil\Escritorio\ETC\Programacion\BAXY DEFINITIVO\requirements-runtime-win-x64.in (line 7))
  Using cached rich-15.0.0-py3-none-any.whl.metadata (18 kB)
Collecting annotated-doc>=0.0.2 (from typer->transformers<6.0.0,>=4.41.0->sentence-transformers==5.6.0->-r D:\Perfil\Escritorio\ETC\Programacion\BAXY DEFINITIVO\requirements-runtime-win-x64.in (line 7))
  Using cached annotated_doc-0.0.4-py3-none-any.whl.metadata (6.6 kB)
Collecting markdown-it-py>=2.2.0 (from rich>=13.8.0->typer->transformers<6.0.0,>=4.41.0->sentence-transformers==5.6.0->-r D:\Perfil\Escritorio\ETC\Programacion\BAXY DEFINITIVO\requirements-runtime-win-x64.in (line 7))
  Using cached markdown_it_py-4.2.0-py3-none-any.whl.metadata (7.4 kB)
Collecting pygments<3.0.0,>=2.13.0 (from rich>=13.8.0->typer->transformers<6.0.0,>=4.41.0->sentence-transformers==5.6.0->-r D:\Perfil\Escritorio\ETC\Programacion\BAXY DEFINITIVO\requirements-runtime-win-x64.in (line 7))
  Using cached pygments-2.20.0-py3-none-any.whl.metadata (2.5 kB)
Collecting mdurl~=0.1 (from markdown-it-py>=2.2.0->rich>=13.8.0->typer->transformers<6.0.0,>=4.41.0->sentence-transformers==5.6.0->-r D:\Perfil\Escritorio\ETC\Programacion\BAXY DEFINITIVO\requirements-runtime-win-x64.in (line 7))
  Using cached mdurl-0.1.2-py3-none-any.whl.metadata (1.6 kB)
python_dependency_lock_current: profile=Runtime
