source_quality_toolchain: dotnet=10.0.100; python=3.12; ruff 0.15.22; eslint=v10.3.0; typescript=Version 6.0.3; runtime_locks=not-required
source_quality_stage_started: powershell-source
source_quality_stage_passed: powershell-source
source_quality_stage_started: python-ruff
All checks passed!
source_quality_stage_passed: python-ruff
source_quality_stage_started: python-compileall
source_quality_stage_passed: python-compileall
source_quality_stage_started: field-ui-eslint
source_quality_stage_passed: field-ui-eslint
source_quality_stage_started: field-ui-tsc-app
source_quality_stage_passed: field-ui-tsc-app
source_quality_stage_started: field-ui-tsc-node
source_quality_stage_passed: field-ui-tsc-node
source_quality_stage_started: dotnet-format
D:\Perfil\Escritorio\ETC\Programacion\BAXY DEFINITIVO\tests\Baxy.Integration.Tests\ObservedProcessVocabularyTests.cs(12,32): error WHITESPACE: Corrija el formato de espacio en blanco. Reemplazar 1 caracteres por "\n\s\s\s\s\s\s\s\s". [D:\Perfil\Escritorio\ETC\Programacion\BAXY DEFINITIVO\tests\Baxy.Integration.Tests\Baxy.Integration.Tests.csproj]
D:\Perfil\Escritorio\ETC\Programacion\BAXY DEFINITIVO\tests\Baxy.Integration.Tests\ObservedProcessVocabularyTests.cs(13,34): error WHITESPACE: Corrija el formato de espacio en blanco. Reemplazar 1 caracteres por "\n\s\s\s\s\s\s\s\s". [D:\Perfil\Escritorio\ETC\Programacion\BAXY DEFINITIVO\tests\Baxy.Integration.Tests\Baxy.Integration.Tests.csproj]
D:\Perfil\Escritorio\ETC\Programacion\BAXY DEFINITIVO\tests\Baxy.Integration.Tests\ObservedProcessVocabularyTests.cs(13,55): error WHITESPACE: Corrija el formato de espacio en blanco. Reemplazar 1 caracteres por "\n\s\s\s\s\s\s\s\s". [D:\Perfil\Escritorio\ETC\Programacion\BAXY DEFINITIVO\tests\Baxy.Integration.Tests\Baxy.Integration.Tests.csproj]
D:\Perfil\Escritorio\ETC\Programacion\BAXY DEFINITIVO\tests\Baxy.Integration.Tests\ObservedProcessVocabularyTests.cs(16,30): error WHITESPACE: Corrija el formato de espacio en blanco. Reemplazar 1 caracteres por "\n\s\s\s\s\s\s\s\s\s\s\s\s". [D:\Perfil\Escritorio\ETC\Programacion\BAXY DEFINITIVO\tests\Baxy.Integration.Tests\Baxy.Integration.Tests.csproj]
D:\Perfil\Escritorio\ETC\Programacion\BAXY DEFINITIVO\tests\Baxy.Integration.Tests\ObservedProcessVocabularyTests.cs(16,61): error WHITESPACE: Corrija el formato de espacio en blanco. Reemplazar 1 caracteres por "\n\s\s\s\s\s\s\s\s\s\s\s\s". [D:\Perfil\Escritorio\ETC\Programacion\BAXY DEFINITIVO\tests\Baxy.Integration.Tests\Baxy.Integration.Tests.csproj]
D:\Perfil\Escritorio\ETC\Programacion\BAXY DEFINITIVO\tests\Baxy.Integration.Tests\ObservedProcessVocabularyTests.cs(20,37): error WHITESPACE: Corrija el formato de espacio en blanco. Reemplazar 1 caracteres por "\n\s\s\s\s\s\s\s\s\s\s\s\s\s\s\s\s". [D:\Perfil\Escritorio\ETC\Programacion\BAXY DEFINITIVO\tests\Baxy.Integration.Tests\Baxy.Integration.Tests.csproj]
D:\Perfil\Escritorio\ETC\Programacion\BAXY DEFINITIVO\tests\Baxy.Integration.Tests\ObservedProcessVocabularyTests.cs(21,43): error WHITESPACE: Corrija el formato de espacio en blanco. Reemplazar 1 caracteres por "\n\s\s\s\s\s\s\s\s\s\s\s\s\s\s\s\s". [D:\Perfil\Escritorio\ETC\Programacion\BAXY DEFINITIVO\tests\Baxy.Integration.Tests\Baxy.Integration.Tests.csproj]
