FFFFFFFFFFFFFFFFFFFFF....................                                [100%]
================================== FAILURES ===================================
_ test_affirmative_preface_preserves_the_independent_request[abre steam-operations0-Si, ] _
tests\test_effect_intent.py:48: in test_affirmative_preface_preserves_the_independent_request
    assert observed is not None and observed.operations == expected.operations
E   assert (None is not None)
_ test_affirmative_preface_preserves_the_independent_request[abre steam-operations0-S\xed, ] _
tests\test_effect_intent.py:48: in test_affirmative_preface_preserves_the_independent_request
    assert observed is not None and observed.operations == expected.operations
E   assert (None is not None)
_ test_affirmative_preface_preserves_the_independent_request[abre steam-operations0-Yes, ] _
tests\test_effect_intent.py:48: in test_affirmative_preface_preserves_the_independent_request
    assert observed is not None and observed.operations == expected.operations
E   assert (None is not None)
_ test_affirmative_preface_preserves_the_independent_request[abre steam-operations0-Okay, ] _
tests\test_effect_intent.py:48: in test_affirmative_preface_preserves_the_independent_request
    assert observed is not None and observed.operations == expected.operations
E   assert (None is not None)
_ test_affirmative_preface_preserves_the_independent_request[open Orion-operations1-Si, ] _
tests\test_effect_intent.py:48: in test_affirmative_preface_preserves_the_independent_request
    assert observed is not None and observed.operations == expected.operations
E   assert (None is not None)
_ test_affirmative_preface_preserves_the_independent_request[open Orion-operations1-S\xed, ] _
tests\test_effect_intent.py:48: in test_affirmative_preface_preserves_the_independent_request
    assert observed is not None and observed.operations == expected.operations
E   assert (None is not None)
_ test_affirmative_preface_preserves_the_independent_request[open Orion-operations1-Yes, ] _
tests\test_effect_intent.py:48: in test_affirmative_preface_preserves_the_independent_request
    assert observed is not None and observed.operations == expected.operations
E   assert (None is not None)
_ test_affirmative_preface_preserves_the_independent_request[open Orion-operations1-Okay, ] _
tests\test_effect_intent.py:48: in test_affirmative_preface_preserves_the_independent_request
    assert observed is not None and observed.operations == expected.operations
E   assert (None is not None)
_ test_affirmative_preface_preserves_the_independent_request[dime la hora-operations2-Si, ] _
tests\test_effect_intent.py:48: in test_affirmative_preface_preserves_the_independent_request
    assert observed is not None and observed.operations == expected.operations
E   assert (None is not None)
_ test_affirmative_preface_preserves_the_independent_request[dime la hora-operations2-S\xed, ] _
tests\test_effect_intent.py:48: in test_affirmative_preface_preserves_the_independent_request
    assert observed is not None and observed.operations == expected.operations
E   assert (None is not None)
_ test_affirmative_preface_preserves_the_independent_request[dime la hora-operations2-Yes, ] _
tests\test_effect_intent.py:48: in test_affirmative_preface_preserves_the_independent_request
    assert observed is not None and observed.operations == expected.operations
E   assert (None is not None)
_ test_affirmative_preface_preserves_the_independent_request[dime la hora-operations2-Okay, ] _
tests\test_effect_intent.py:48: in test_affirmative_preface_preserves_the_independent_request
    assert observed is not None and observed.operations == expected.operations
E   assert (None is not None)
_ test_affirmative_preface_preserves_mixed_positive_and_negative_constraints[Si, ] _
tests\test_effect_intent.py:66: in test_affirmative_preface_preserves_mixed_positive_and_negative_constraints
    assert unresolved_compound_contract(prefix + user_text, available, apps) == expected
E   AssertionError: assert CompoundEffectContract(minimum_effects=1, required_clause_sequences=(), clause_requirements=()) == None
E    +  where CompoundEffectContract(minimum_effects=1, required_clause_sequences=(), clause_requirements=()) = unresolved_compound_contract(('Si, ' + 'no abras Steam y abre Orion'), ('app.open', 'system.time'), ('Steam', 'Orion'))
_ test_affirmative_preface_preserves_mixed_positive_and_negative_constraints[S\xed, ] _
tests\test_effect_intent.py:66: in test_affirmative_preface_preserves_mixed_positive_and_negative_constraints
    assert unresolved_compound_contract(prefix + user_text, available, apps) == expected
E   AssertionError: assert CompoundEffectContract(minimum_effects=1, required_clause_sequences=(), clause_requirements=()) == None
E    +  where CompoundEffectContract(minimum_effects=1, required_clause_sequences=(), clause_requirements=()) = unresolved_compound_contract(('Sí, ' + 'no abras Steam y abre Orion'), ('app.open', 'system.time'), ('Steam', 'Orion'))
_ test_affirmative_preface_preserves_mixed_positive_and_negative_constraints[Yes, ] _
tests\test_effect_intent.py:66: in test_affirmative_preface_preserves_mixed_positive_and_negative_constraints
    assert unresolved_compound_contract(prefix + user_text, available, apps) == expected
E   AssertionError: assert CompoundEffectContract(minimum_effects=1, required_clause_sequences=(), clause_requirements=()) == None
E    +  where CompoundEffectContract(minimum_effects=1, required_clause_sequences=(), clause_requirements=()) = unresolved_compound_contract(('Yes, ' + 'no abras Steam y abre Orion'), ('app.open', 'system.time'), ('Steam', 'Orion'))
_ test_affirmative_preface_preserves_mixed_positive_and_negative_constraints[Okay, ] _
tests\test_effect_intent.py:66: in test_affirmative_preface_preserves_mixed_positive_and_negative_constraints
    assert unresolved_compound_contract(prefix + user_text, available, apps) == expected
E   AssertionError: assert CompoundEffectContract(minimum_effects=1, required_clause_sequences=(), clause_requirements=()) == None
E    +  where CompoundEffectContract(minimum_effects=1, required_clause_sequences=(), clause_requirements=()) = unresolved_compound_contract(('Okay, ' + 'no abras Steam y abre Orion'), ('app.open', 'system.time'), ('Steam', 'Orion'))
___ test_authenticated_app_argument_uses_the_shared_request_envelope[Si, ] ____
tests\test_effect_intent.py:71: in test_authenticated_app_argument_uses_the_shared_request_envelope
    assert resolve_application_catalog_app_id(prefix + "open Orion", ("Orion",)) == "Orion"
E   AssertionError: assert None == 'Orion'
E    +  where None = resolve_application_catalog_app_id(('Si, ' + 'open Orion'), ('Orion',))
__ test_authenticated_app_argument_uses_the_shared_request_envelope[S\xed, ] __
tests\test_effect_intent.py:71: in test_authenticated_app_argument_uses_the_shared_request_envelope
    assert resolve_application_catalog_app_id(prefix + "open Orion", ("Orion",)) == "Orion"
E   AssertionError: assert None == 'Orion'
E    +  where None = resolve_application_catalog_app_id(('Sí, ' + 'open Orion'), ('Orion',))
___ test_authenticated_app_argument_uses_the_shared_request_envelope[Yes, ] ___
tests\test_effect_intent.py:71: in test_authenticated_app_argument_uses_the_shared_request_envelope
    assert resolve_application_catalog_app_id(prefix + "open Orion", ("Orion",)) == "Orion"
E   AssertionError: assert None == 'Orion'
E    +  where None = resolve_application_catalog_app_id(('Yes, ' + 'open Orion'), ('Orion',))
__ test_authenticated_app_argument_uses_the_shared_request_envelope[Okay, ] ___
tests\test_effect_intent.py:71: in test_authenticated_app_argument_uses_the_shared_request_envelope
    assert resolve_application_catalog_app_id(prefix + "open Orion", ("Orion",)) == "Orion"
E   AssertionError: assert None == 'Orion'
E    +  where None = resolve_application_catalog_app_id(('Okay, ' + 'open Orion'), ('Orion',))
__ test_authenticated_app_argument_uses_the_shared_request_envelope[Hola, ] ___
tests\test_effect_intent.py:71: in test_authenticated_app_argument_uses_the_shared_request_envelope
    assert resolve_application_catalog_app_id(prefix + "open Orion", ("Orion",)) == "Orion"
E   AssertionError: assert None == 'Orion'
E    +  where None = resolve_application_catalog_app_id(('Hola, ' + 'open Orion'), ('Orion',))
=========================== short test summary info ===========================
FAILED tests/test_effect_intent.py::test_affirmative_preface_preserves_the_independent_request[abre steam-operations0-Si, ]
FAILED tests/test_effect_intent.py::test_affirmative_preface_preserves_the_independent_request[abre steam-operations0-S\xed, ]
FAILED tests/test_effect_intent.py::test_affirmative_preface_preserves_the_independent_request[abre steam-operations0-Yes, ]
FAILED tests/test_effect_intent.py::test_affirmative_preface_preserves_the_independent_request[abre steam-operations0-Okay, ]
FAILED tests/test_effect_intent.py::test_affirmative_preface_preserves_the_independent_request[open Orion-operations1-Si, ]
FAILED tests/test_effect_intent.py::test_affirmative_preface_preserves_the_independent_request[open Orion-operations1-S\xed, ]
FAILED tests/test_effect_intent.py::test_affirmative_preface_preserves_the_independent_request[open Orion-operations1-Yes, ]
FAILED tests/test_effect_intent.py::test_affirmative_preface_preserves_the_independent_request[open Orion-operations1-Okay, ]
FAILED tests/test_effect_intent.py::test_affirmative_preface_preserves_the_independent_request[dime la hora-operations2-Si, ]
FAILED tests/test_effect_intent.py::test_affirmative_preface_preserves_the_independent_request[dime la hora-operations2-S\xed, ]
FAILED tests/test_effect_intent.py::test_affirmative_preface_preserves_the_independent_request[dime la hora-operations2-Yes, ]
FAILED tests/test_effect_intent.py::test_affirmative_preface_preserves_the_independent_request[dime la hora-operations2-Okay, ]
FAILED tests/test_effect_intent.py::test_affirmative_preface_preserves_mixed_positive_and_negative_constraints[Si, ]
FAILED tests/test_effect_intent.py::test_affirmative_preface_preserves_mixed_positive_and_negative_constraints[S\xed, ]
FAILED tests/test_effect_intent.py::test_affirmative_preface_preserves_mixed_positive_and_negative_constraints[Yes, ]
FAILED tests/test_effect_intent.py::test_affirmative_preface_preserves_mixed_positive_and_negative_constraints[Okay, ]
FAILED tests/test_effect_intent.py::test_authenticated_app_argument_uses_the_shared_request_envelope[Si, ]
FAILED tests/test_effect_intent.py::test_authenticated_app_argument_uses_the_shared_request_envelope[S\xed, ]
FAILED tests/test_effect_intent.py::test_authenticated_app_argument_uses_the_shared_request_envelope[Yes, ]
FAILED tests/test_effect_intent.py::test_authenticated_app_argument_uses_the_shared_request_envelope[Okay, ]
FAILED tests/test_effect_intent.py::test_authenticated_app_argument_uses_the_shared_request_envelope[Hola, ]
21 failed, 20 passed, 1624 deselected in 1.80s
