........................................................................ [  2%]
........................................................................ [  5%]
........................................................................ [  8%]
........................................................................ [ 11%]
........................................................................ [ 13%]
........................................................................ [ 16%]
........................................................................ [ 19%]
........................................................................ [ 22%]
........................................................................ [ 24%]
........................................................................ [ 27%]
........................................................................ [ 30%]
........................................................................ [ 33%]
........................................................................ [ 36%]
........................................................................ [ 38%]
........................................................................ [ 41%]
........................................................................ [ 44%]
........................................................................ [ 47%]
........................................................................ [ 49%]
........................................................................ [ 52%]
........................................................................ [ 55%]
........................................................................ [ 58%]
........................................................................ [ 60%]
........................................................................ [ 63%]
........................................................................ [ 66%]
........................................................................ [ 69%]
........................................................................ [ 72%]
........................................................................ [ 74%]
............F........................................................... [ 77%]
........................................................................ [ 80%]
........................................................................ [ 83%]
........................................................................ [ 85%]
........................................................................ [ 88%]
........................................................................ [ 91%]
........................................................................ [ 94%]
........................................................................ [ 97%]
........................................................................ [ 99%]
.....                                                                    [100%]
================================== FAILURES ===================================
_ test_explicit_stable_no_effect_turns_keep_zero_action_authority[S\xed, s\xed, te oigo-social-es] _
tests\test_turn_policy.py:1364: in test_explicit_stable_no_effect_turns_keep_zero_action_authority
    assert decision is not None
E   assert None is not None
=========================== short test summary info ===========================
FAILED tests/test_turn_policy.py::test_explicit_stable_no_effect_turns_keep_zero_action_authority[S\xed, s\xed, te oigo-social-es]
1 failed, 2596 passed in 57.85s
