................................................F....................... [  2%]
........................................................................ [  5%]
........................................................................ [  8%]
........................................................................ [ 10%]
........................................................................ [ 13%]
........................................................................ [ 16%]
........................................................................ [ 18%]
........................................................................ [ 21%]
........................................................................ [ 24%]
........................................................................ [ 26%]
........................................................................ [ 29%]
........................................................................ [ 32%]
........................................................................ [ 35%]
........................................................................ [ 37%]
........................................................................ [ 40%]
........................................................................ [ 43%]
........................................................................ [ 45%]
........................................................................ [ 48%]
........................................................................ [ 51%]
........................................................................ [ 53%]
........................................................................ [ 56%]
........................................................................ [ 59%]
........................................................................ [ 62%]
........................................................................ [ 64%]
........................................................................ [ 67%]
........................................................................ [ 70%]
........................................................................ [ 72%]
........................................................................ [ 75%]
........................................................................ [ 78%]
........................................................................ [ 80%]
........................................................................ [ 83%]
........................................................................ [ 86%]
........................................................................ [ 88%]
........................................................................ [ 91%]
........................................................................ [ 94%]
........................................................................ [ 97%]
........................................................................ [ 99%]
......                                                                   [100%]
================================== FAILURES ===================================
_ test_topic_order_language_and_courtesy_preserve_operation_and_arguments[9-GPU-GPU-qu\xe9 modelo est\xe1 instalado-which model is installed-gpu_identity] _

es = 'GPU', en = 'GPU', query_es = 'qué modelo está instalado'
query_en = 'which model is installed', scope = 'gpu_identity', form = 9

    @pytest.mark.parametrize("es,en,query_es,query_en,scope", SCOPES)
    @pytest.mark.parametrize("form", range(10))
    def test_topic_order_language_and_courtesy_preserve_operation_and_arguments(
        es: str, en: str, query_es: str, query_en: str, scope: str, form: int,
    ) -> None:
        text = [
            f"Sobre mi {es}, dime {query_es}.",
            f"Respecto a {es}, comprueba {query_es}.",
            f"En cuanto a {es}, muéstrame {query_es}.",
            f"Baxy, por favor: sobre {es}, dime {query_es}.",
            f"About my {en}, tell me {query_en}.",
            f"Regarding the {en}; show me {query_en}.",
            f"As for this {en}, check {query_en}.",
            f"Sobre mi {es}, tell me {query_en}.",
            f"About the {en}, dime {query_es}.",
            f"Comprueba {query_es} en mi {es}.",
        ][form]
        result = resolve_explicit_effects(text, {"system.status"})
        assert result is not None
        assert result.operations == ("system.status",)
        assert operation_domain_is_grounded(text, "system.status") is True
        assert _ground_explicit_arguments("system.status", text, STATUS_SCHEMA) == {"scope": scope}
>       assert _ground_explicit_arguments(
            "system.status", result.evidence[0], STATUS_SCHEMA,
        ) == {"scope": scope}
E       AssertionError: assert None == {'scope': 'gpu_identity'}
E        +  where None = _ground_explicit_arguments('system.status', 'gpu.', {'type': 'object', 'properties': {'scope': {'type': 'string', 'enum': ['battery', 'cpu', 'cpu_memory', 'disk', 'gpu_identity', 'gpu_usage', ...]}}, 'required': [], 'additionalProperties': False})

tests\test_c03_fronted_machine_status.py:47: AssertionError
=========================== short test summary info ===========================
FAILED tests/test_c03_fronted_machine_status.py::test_topic_order_language_and_courtesy_preserve_operation_and_arguments[9-GPU-GPU-qu\xe9 modelo est\xe1 instalado-which model is installed-gpu_identity]
1 failed, 2669 passed in 59.77s
