FF.FFFFF.FFFFF.FFFFF.FFFFF.FFFFF.FFFFF.FFFFF.FFFFF.FFFFF.FFFFF.FFFFF.FFF [ 32%]
FF.FFFFF.FFFFF.FFFFF.FFFFF.FFFFF.FFFFF.FFFFF.FFFFF.FFFFF.FFFFF.FFFFF.FFF [ 65%]
FFFFFFFFFFFFFFFFFFFFFFFFFFFFFFFFFFFF..F..F..F..F..F..F..F..FFFFFFFFFFFFF [ 98%]
FFF                                                                      [100%]
=========================== short test summary info ===========================
FAILED tests/test_c03_window_focus_apposition.py::test_same_verified_subject_and_focus_across_word_orders[Activa est\xe1 la ventana de {label} ({process}).-normal-True-Cuaderno-NoteShell]
FAILED tests/test_c03_window_focus_apposition.py::test_same_verified_subject_and_focus_across_word_orders[Activa est\xe1 la ventana de {label} ({process}).-normal-True-\xd3rbita 29-EditorX]
FAILED tests/test_c03_window_focus_apposition.py::test_same_verified_subject_and_focus_across_word_orders[Activa est\xe1 la ventana de {label} ({process}).-normal-False-Cuaderno-NoteShell]
FAILED tests/test_c03_window_focus_apposition.py::test_same_verified_subject_and_focus_across_word_orders[Activa est\xe1 la ventana de {label} ({process}).-normal-False-\xd3rbita 29-EditorX]
FAILED tests/test_c03_window_focus_apposition.py::test_same_verified_subject_and_focus_across_word_orders[Activa est\xe1 la ventana de {label} ({process}).-normal-False-Panel azul-Is Active]
FAILED tests/test_c03_window_focus_apposition.py::test_same_verified_subject_and_focus_across_word_orders[Activa est\xe1 la ventana de {label} ({process}).-maximized-True-Cuaderno-NoteShell]
FAILED tests/test_c03_window_focus_apposition.py::test_same_verified_subject_and_focus_across_word_orders[Activa est\xe1 la ventana de {label} ({process}).-maximized-True-\xd3rbita 29-EditorX]
FAILED tests/test_c03_window_focus_apposition.py::test_same_verified_subject_and_focus_across_word_orders[Activa est\xe1 la ventana de {label} ({process}).-maximized-False-Cuaderno-NoteShell]
FAILED tests/test_c03_window_focus_apposition.py::test_same_verified_subject_and_focus_across_word_orders[Activa est\xe1 la ventana de {label} ({process}).-maximized-False-\xd3rbita 29-EditorX]
FAILED tests/test_c03_window_focus_apposition.py::test_same_verified_subject_and_focus_across_word_orders[Activa est\xe1 la ventana de {label} ({process}).-maximized-False-Panel azul-Is Active]
FAILED tests/test_c03_window_focus_apposition.py::test_same_verified_subject_and_focus_across_word_orders[Activa est\xe1 la ventana de {label} ({process}).-minimized-True-Cuaderno-NoteShell]
FAILED tests/test_c03_window_focus_apposition.py::test_same_verified_subject_and_focus_across_word_orders[Activa est\xe1 la ventana de {label} ({process}).-minimized-True-\xd3rbita 29-EditorX]
FAILED tests/test_c03_window_focus_apposition.py::test_same_verified_subject_and_focus_across_word_orders[Activa est\xe1 la ventana de {label} ({process}).-minimized-False-Cuaderno-NoteShell]
FAILED tests/test_c03_window_focus_apposition.py::test_same_verified_subject_and_focus_across_word_orders[Activa est\xe1 la ventana de {label} ({process}).-minimized-False-\xd3rbita 29-EditorX]
FAILED tests/test_c03_window_focus_apposition.py::test_same_verified_subject_and_focus_across_word_orders[Activa est\xe1 la ventana de {label} ({process}).-minimized-False-Panel azul-Is Active]
FAILED tests/test_c03_window_focus_apposition.py::test_same_verified_subject_and_focus_across_word_orders[Est\xe1 activa la ventana de {label} ({process}).-normal-True-Cuaderno-NoteShell]
FAILED tests/test_c03_window_focus_apposition.py::test_same_verified_subject_and_focus_across_word_orders[Est\xe1 activa la ventana de {label} ({process}).-normal-True-\xd3rbita 29-EditorX]
FAILED tests/test_c03_window_focus_apposition.py::test_same_verified_subject_and_focus_across_word_orders[Est\xe1 activa la ventana de {label} ({process}).-normal-False-Cuaderno-NoteShell]
FAILED tests/test_c03_window_focus_apposition.py::test_same_verified_subject_and_focus_across_word_orders[Est\xe1 activa la ventana de {label} ({process}).-normal-False-\xd3rbita 29-EditorX]
FAILED tests/test_c03_window_focus_apposition.py::test_same_verified_subject_and_focus_across_word_orders[Est\xe1 activa la ventana de {label} ({process}).-normal-False-Panel azul-Is Active]
FAILED tests/test_c03_window_focus_apposition.py::test_same_verified_subject_and_focus_across_word_orders[Est\xe1 activa la ventana de {label} ({process}).-maximized-True-Cuaderno-NoteShell]
FAILED tests/test_c03_window_focus_apposition.py::test_same_verified_subject_and_focus_across_word_orders[Est\xe1 activa la ventana de {label} ({process}).-maximized-True-\xd3rbita 29-EditorX]
FAILED tests/test_c03_window_focus_apposition.py::test_same_verified_subject_and_focus_across_word_orders[Est\xe1 activa la ventana de {label} ({process}).-maximized-False-Cuaderno-NoteShell]
FAILED tests/test_c03_window_focus_apposition.py::test_same_verified_subject_and_focus_across_word_orders[Est\xe1 activa la ventana de {label} ({process}).-maximized-False-\xd3rbita 29-EditorX]
FAILED tests/test_c03_window_focus_apposition.py::test_same_verified_subject_and_focus_across_word_orders[Est\xe1 activa la ventana de {label} ({process}).-maximized-False-Panel azul-Is Active]
FAILED tests/test_c03_window_focus_apposition.py::test_same_verified_subject_and_focus_across_word_orders[Est\xe1 activa la ventana de {label} ({process}).-minimized-True-Cuaderno-NoteShell]
FAILED tests/test_c03_window_focus_apposition.py::test_same_verified_subject_and_focus_across_word_orders[Est\xe1 activa la ventana de {label} ({process}).-minimized-True-\xd3rbita 29-EditorX]
FAILED tests/test_c03_window_focus_apposition.py::test_same_verified_subject_and_focus_across_word_orders[Est\xe1 activa la ventana de {label} ({process}).-minimized-False-Cuaderno-NoteShell]
FAILED tests/test_c03_window_focus_apposition.py::test_same_verified_subject_and_focus_across_word_orders[Est\xe1 activa la ventana de {label} ({process}).-minimized-False-\xd3rbita 29-EditorX]
FAILED tests/test_c03_window_focus_apposition.py::test_same_verified_subject_and_focus_across_word_orders[Est\xe1 activa la ventana de {label} ({process}).-minimized-False-Panel azul-Is Active]
FAILED tests/test_c03_window_focus_apposition.py::test_same_verified_subject_and_focus_across_word_orders[En primer plano est\xe1 la ventana de {label} ({process}).-normal-True-Cuaderno-NoteShell]
FAILED tests/test_c03_window_focus_apposition.py::test_same_verified_subject_and_focus_across_word_orders[En primer plano est\xe1 la ventana de {label} ({process}).-normal-True-\xd3rbita 29-EditorX]
FAILED tests/test_c03_window_focus_apposition.py::test_same_verified_subject_and_focus_across_word_orders[En primer plano est\xe1 la ventana de {label} ({process}).-normal-False-Cuaderno-NoteShell]
FAILED tests/test_c03_window_focus_apposition.py::test_same_verified_subject_and_focus_across_word_orders[En primer plano est\xe1 la ventana de {label} ({process}).-normal-False-\xd3rbita 29-EditorX]
FAILED tests/test_c03_window_focus_apposition.py::test_same_verified_subject_and_focus_across_word_orders[En primer plano est\xe1 la ventana de {label} ({process}).-normal-False-Panel azul-Is Active]
FAILED tests/test_c03_window_focus_apposition.py::test_same_verified_subject_and_focus_across_word_orders[En primer plano est\xe1 la ventana de {label} ({process}).-maximized-True-Cuaderno-NoteShell]
FAILED tests/test_c03_window_focus_apposition.py::test_same_verified_subject_and_focus_across_word_orders[En primer plano est\xe1 la ventana de {label} ({process}).-maximized-True-\xd3rbita 29-EditorX]
FAILED tests/test_c03_window_focus_apposition.py::test_same_verified_subject_and_focus_across_word_orders[En primer plano est\xe1 la ventana de {label} ({process}).-maximized-False-Cuaderno-NoteShell]
FAILED tests/test_c03_window_focus_apposition.py::test_same_verified_subject_and_focus_across_word_orders[En primer plano est\xe1 la ventana de {label} ({process}).-maximized-False-\xd3rbita 29-EditorX]
FAILED tests/test_c03_window_focus_apposition.py::test_same_verified_subject_and_focus_across_word_orders[En primer plano est\xe1 la ventana de {label} ({process}).-maximized-False-Panel azul-Is Active]
FAILED tests/test_c03_window_focus_apposition.py::test_same_verified_subject_and_focus_across_word_orders[En primer plano est\xe1 la ventana de {label} ({process}).-minimized-True-Cuaderno-NoteShell]
FAILED tests/test_c03_window_focus_apposition.py::test_same_verified_subject_and_focus_across_word_orders[En primer plano est\xe1 la ventana de {label} ({process}).-minimized-True-\xd3rbita 29-EditorX]
FAILED tests/test_c03_window_focus_apposition.py::test_same_verified_subject_and_focus_across_word_orders[En primer plano est\xe1 la ventana de {label} ({process}).-minimized-False-Cuaderno-NoteShell]
FAILED tests/test_c03_window_focus_apposition.py::test_same_verified_subject_and_focus_across_word_orders[En primer plano est\xe1 la ventana de {label} ({process}).-minimized-False-\xd3rbita 29-EditorX]
FAILED tests/test_c03_window_focus_apposition.py::test_same_verified_subject_and_focus_across_word_orders[En primer plano est\xe1 la ventana de {label} ({process}).-minimized-False-Panel azul-Is Active]
FAILED tests/test_c03_window_focus_apposition.py::test_same_verified_subject_and_focus_across_word_orders[Est\xe1 en primer plano la ventana de {label} ({process}).-normal-True-Cuaderno-NoteShell]
FAILED tests/test_c03_window_focus_apposition.py::test_same_verified_subject_and_focus_across_word_orders[Est\xe1 en primer plano la ventana de {label} ({process}).-normal-True-\xd3rbita 29-EditorX]
FAILED tests/test_c03_window_focus_apposition.py::test_same_verified_subject_and_focus_across_word_orders[Est\xe1 en primer plano la ventana de {label} ({process}).-normal-False-Cuaderno-NoteShell]
FAILED tests/test_c03_window_focus_apposition.py::test_same_verified_subject_and_focus_across_word_orders[Est\xe1 en primer plano la ventana de {label} ({process}).-normal-False-\xd3rbita 29-EditorX]
FAILED tests/test_c03_window_focus_apposition.py::test_same_verified_subject_and_focus_across_word_orders[Est\xe1 en primer plano la ventana de {label} ({process}).-normal-False-Panel azul-Is Active]
FAILED tests/test_c03_window_focus_apposition.py::test_same_verified_subject_and_focus_across_word_orders[Est\xe1 en primer plano la ventana de {label} ({process}).-maximized-True-Cuaderno-NoteShell]
FAILED tests/test_c03_window_focus_apposition.py::test_same_verified_subject_and_focus_across_word_orders[Est\xe1 en primer plano la ventana de {label} ({process}).-maximized-True-\xd3rbita 29-EditorX]
FAILED tests/test_c03_window_focus_apposition.py::test_same_verified_subject_and_focus_across_word_orders[Est\xe1 en primer plano la ventana de {label} ({process}).-maximized-False-Cuaderno-NoteShell]
FAILED tests/test_c03_window_focus_apposition.py::test_same_verified_subject_and_focus_across_word_orders[Est\xe1 en primer plano la ventana de {label} ({process}).-maximized-False-\xd3rbita 29-EditorX]
FAILED tests/test_c03_window_focus_apposition.py::test_same_verified_subject_and_focus_across_word_orders[Est\xe1 en primer plano la ventana de {label} ({process}).-maximized-False-Panel azul-Is Active]
FAILED tests/test_c03_window_focus_apposition.py::test_same_verified_subject_and_focus_across_word_orders[Est\xe1 en primer plano la ventana de {label} ({process}).-minimized-True-Cuaderno-NoteShell]
FAILED tests/test_c03_window_focus_apposition.py::test_same_verified_subject_and_focus_across_word_orders[Est\xe1 en primer plano la ventana de {label} ({process}).-minimized-True-\xd3rbita 29-EditorX]
FAILED tests/test_c03_window_focus_apposition.py::test_same_verified_subject_and_focus_across_word_orders[Est\xe1 en primer plano la ventana de {label} ({process}).-minimized-False-Cuaderno-NoteShell]
FAILED tests/test_c03_window_focus_apposition.py::test_same_verified_subject_and_focus_across_word_orders[Est\xe1 en primer plano la ventana de {label} ({process}).-minimized-False-\xd3rbita 29-EditorX]
FAILED tests/test_c03_window_focus_apposition.py::test_same_verified_subject_and_focus_across_word_orders[Est\xe1 en primer plano la ventana de {label} ({process}).-minimized-False-Panel azul-Is Active]
FAILED tests/test_c03_window_focus_apposition.py::test_same_verified_subject_and_focus_across_word_orders[La ventana de {label} ({process}) est\xe1 activa.-normal-True-Cuaderno-NoteShell]
FAILED tests/test_c03_window_focus_apposition.py::test_same_verified_subject_and_focus_across_word_orders[La ventana de {label} ({process}) est\xe1 activa.-normal-True-\xd3rbita 29-EditorX]
FAILED tests/test_c03_window_focus_apposition.py::test_same_verified_subject_and_focus_across_word_orders[La ventana de {label} ({process}) est\xe1 activa.-normal-False-Cuaderno-NoteShell]
FAILED tests/test_c03_window_focus_apposition.py::test_same_verified_subject_and_focus_across_word_orders[La ventana de {label} ({process}) est\xe1 activa.-normal-False-\xd3rbita 29-EditorX]
FAILED tests/test_c03_window_focus_apposition.py::test_same_verified_subject_and_focus_across_word_orders[La ventana de {label} ({process}) est\xe1 activa.-normal-False-Panel azul-Is Active]
FAILED tests/test_c03_window_focus_apposition.py::test_same_verified_subject_and_focus_across_word_orders[La ventana de {label} ({process}) est\xe1 activa.-maximized-True-Cuaderno-NoteShell]
FAILED tests/test_c03_window_focus_apposition.py::test_same_verified_subject_and_focus_across_word_orders[La ventana de {label} ({process}) est\xe1 activa.-maximized-True-\xd3rbita 29-EditorX]
FAILED tests/test_c03_window_focus_apposition.py::test_same_verified_subject_and_focus_across_word_orders[La ventana de {label} ({process}) est\xe1 activa.-maximized-False-Cuaderno-NoteShell]
FAILED tests/test_c03_window_focus_apposition.py::test_same_verified_subject_and_focus_across_word_orders[La ventana de {label} ({process}) est\xe1 activa.-maximized-False-\xd3rbita 29-EditorX]
FAILED tests/test_c03_window_focus_apposition.py::test_same_verified_subject_and_focus_across_word_orders[La ventana de {label} ({process}) est\xe1 activa.-maximized-False-Panel azul-Is Active]
FAILED tests/test_c03_window_focus_apposition.py::test_same_verified_subject_and_focus_across_word_orders[La ventana de {label} ({process}) est\xe1 activa.-minimized-True-Cuaderno-NoteShell]
FAILED tests/test_c03_window_focus_apposition.py::test_same_verified_subject_and_focus_across_word_orders[La ventana de {label} ({process}) est\xe1 activa.-minimized-True-\xd3rbita 29-EditorX]
FAILED tests/test_c03_window_focus_apposition.py::test_same_verified_subject_and_focus_across_word_orders[La ventana de {label} ({process}) est\xe1 activa.-minimized-False-Cuaderno-NoteShell]
FAILED tests/test_c03_window_focus_apposition.py::test_same_verified_subject_and_focus_across_word_orders[La ventana de {label} ({process}) est\xe1 activa.-minimized-False-\xd3rbita 29-EditorX]
FAILED tests/test_c03_window_focus_apposition.py::test_same_verified_subject_and_focus_across_word_orders[La ventana de {label} ({process}) est\xe1 activa.-minimized-False-Panel azul-Is Active]
FAILED tests/test_c03_window_focus_apposition.py::test_same_verified_subject_and_focus_across_word_orders[The window of {label} ({process}) is active.-normal-True-Cuaderno-NoteShell]
FAILED tests/test_c03_window_focus_apposition.py::test_same_verified_subject_and_focus_across_word_orders[The window of {label} ({process}) is active.-normal-True-\xd3rbita 29-EditorX]
FAILED tests/test_c03_window_focus_apposition.py::test_same_verified_subject_and_focus_across_word_orders[The window of {label} ({process}) is active.-normal-False-Cuaderno-NoteShell]
FAILED tests/test_c03_window_focus_apposition.py::test_same_verified_subject_and_focus_across_word_orders[The window of {label} ({process}) is active.-normal-False-\xd3rbita 29-EditorX]
FAILED tests/test_c03_window_focus_apposition.py::test_same_verified_subject_and_focus_across_word_orders[The window of {label} ({process}) is active.-normal-False-Panel azul-Is Active]
FAILED tests/test_c03_window_focus_apposition.py::test_same_verified_subject_and_focus_across_word_orders[The window of {label} ({process}) is active.-maximized-True-Cuaderno-NoteShell]
FAILED tests/test_c03_window_focus_apposition.py::test_same_verified_subject_and_focus_across_word_orders[The window of {label} ({process}) is active.-maximized-True-\xd3rbita 29-EditorX]
FAILED tests/test_c03_window_focus_apposition.py::test_same_verified_subject_and_focus_across_word_orders[The window of {label} ({process}) is active.-maximized-False-Cuaderno-NoteShell]
FAILED tests/test_c03_window_focus_apposition.py::test_same_verified_subject_and_focus_across_word_orders[The window of {label} ({process}) is active.-maximized-False-\xd3rbita 29-EditorX]
FAILED tests/test_c03_window_focus_apposition.py::test_same_verified_subject_and_focus_across_word_orders[The window of {label} ({process}) is active.-maximized-False-Panel azul-Is Active]
FAILED tests/test_c03_window_focus_apposition.py::test_same_verified_subject_and_focus_across_word_orders[The window of {label} ({process}) is active.-minimized-True-Cuaderno-NoteShell]
FAILED tests/test_c03_window_focus_apposition.py::test_same_verified_subject_and_focus_across_word_orders[The window of {label} ({process}) is active.-minimized-True-\xd3rbita 29-EditorX]
FAILED tests/test_c03_window_focus_apposition.py::test_same_verified_subject_and_focus_across_word_orders[The window of {label} ({process}) is active.-minimized-False-Cuaderno-NoteShell]
FAILED tests/test_c03_window_focus_apposition.py::test_same_verified_subject_and_focus_across_word_orders[The window of {label} ({process}) is active.-minimized-False-\xd3rbita 29-EditorX]
FAILED tests/test_c03_window_focus_apposition.py::test_same_verified_subject_and_focus_across_word_orders[The window of {label} ({process}) is active.-minimized-False-Panel azul-Is Active]
FAILED tests/test_c03_window_focus_apposition.py::test_same_verified_subject_and_focus_across_word_orders[In the foreground is the window of {label} ({process}).-normal-True-Cuaderno-NoteShell]
FAILED tests/test_c03_window_focus_apposition.py::test_same_verified_subject_and_focus_across_word_orders[In the foreground is the window of {label} ({process}).-normal-True-\xd3rbita 29-EditorX]
FAILED tests/test_c03_window_focus_apposition.py::test_same_verified_subject_and_focus_across_word_orders[In the foreground is the window of {label} ({process}).-normal-False-Cuaderno-NoteShell]
FAILED tests/test_c03_window_focus_apposition.py::test_same_verified_subject_and_focus_across_word_orders[In the foreground is the window of {label} ({process}).-normal-False-\xd3rbita 29-EditorX]
FAILED tests/test_c03_window_focus_apposition.py::test_same_verified_subject_and_focus_across_word_orders[In the foreground is the window of {label} ({process}).-normal-False-Panel azul-Is Active]
FAILED tests/test_c03_window_focus_apposition.py::test_same_verified_subject_and_focus_across_word_orders[In the foreground is the window of {label} ({process}).-maximized-True-Cuaderno-NoteShell]
FAILED tests/test_c03_window_focus_apposition.py::test_same_verified_subject_and_focus_across_word_orders[In the foreground is the window of {label} ({process}).-maximized-True-\xd3rbita 29-EditorX]
FAILED tests/test_c03_window_focus_apposition.py::test_same_verified_subject_and_focus_across_word_orders[In the foreground is the window of {label} ({process}).-maximized-False-Cuaderno-NoteShell]
FAILED tests/test_c03_window_focus_apposition.py::test_same_verified_subject_and_focus_across_word_orders[In the foreground is the window of {label} ({process}).-maximized-False-\xd3rbita 29-EditorX]
FAILED tests/test_c03_window_focus_apposition.py::test_same_verified_subject_and_focus_across_word_orders[In the foreground is the window of {label} ({process}).-maximized-False-Panel azul-Is Active]
FAILED tests/test_c03_window_focus_apposition.py::test_same_verified_subject_and_focus_across_word_orders[In the foreground is the window of {label} ({process}).-minimized-True-Cuaderno-NoteShell]
FAILED tests/test_c03_window_focus_apposition.py::test_same_verified_subject_and_focus_across_word_orders[In the foreground is the window of {label} ({process}).-minimized-True-\xd3rbita 29-EditorX]
FAILED tests/test_c03_window_focus_apposition.py::test_same_verified_subject_and_focus_across_word_orders[In the foreground is the window of {label} ({process}).-minimized-False-Cuaderno-NoteShell]
FAILED tests/test_c03_window_focus_apposition.py::test_same_verified_subject_and_focus_across_word_orders[In the foreground is the window of {label} ({process}).-minimized-False-\xd3rbita 29-EditorX]
FAILED tests/test_c03_window_focus_apposition.py::test_same_verified_subject_and_focus_across_word_orders[In the foreground is the window of {label} ({process}).-minimized-False-Panel azul-Is Active]
FAILED tests/test_c03_window_focus_apposition.py::test_same_verified_subject_and_focus_across_word_orders[The {label} ({process}) window is in the foreground.-normal-True-Cuaderno-NoteShell]
FAILED tests/test_c03_window_focus_apposition.py::test_same_verified_subject_and_focus_across_word_orders[The {label} ({process}) window is in the foreground.-normal-True-\xd3rbita 29-EditorX]
FAILED tests/test_c03_window_focus_apposition.py::test_same_verified_subject_and_focus_across_word_orders[The {label} ({process}) window is in the foreground.-normal-False-Cuaderno-NoteShell]
FAILED tests/test_c03_window_focus_apposition.py::test_same_verified_subject_and_focus_across_word_orders[The {label} ({process}) window is in the foreground.-normal-False-\xd3rbita 29-EditorX]
FAILED tests/test_c03_window_focus_apposition.py::test_same_verified_subject_and_focus_across_word_orders[The {label} ({process}) window is in the foreground.-normal-False-Panel azul-Is Active]
FAILED tests/test_c03_window_focus_apposition.py::test_same_verified_subject_and_focus_across_word_orders[The {label} ({process}) window is in the foreground.-maximized-True-Cuaderno-NoteShell]
FAILED tests/test_c03_window_focus_apposition.py::test_same_verified_subject_and_focus_across_word_orders[The {label} ({process}) window is in the foreground.-maximized-True-\xd3rbita 29-EditorX]
FAILED tests/test_c03_window_focus_apposition.py::test_same_verified_subject_and_focus_across_word_orders[The {label} ({process}) window is in the foreground.-maximized-False-Cuaderno-NoteShell]
FAILED tests/test_c03_window_focus_apposition.py::test_same_verified_subject_and_focus_across_word_orders[The {label} ({process}) window is in the foreground.-maximized-False-\xd3rbita 29-EditorX]
FAILED tests/test_c03_window_focus_apposition.py::test_same_verified_subject_and_focus_across_word_orders[The {label} ({process}) window is in the foreground.-maximized-False-Panel azul-Is Active]
FAILED tests/test_c03_window_focus_apposition.py::test_same_verified_subject_and_focus_across_word_orders[The {label} ({process}) window is in the foreground.-minimized-True-Cuaderno-NoteShell]
FAILED tests/test_c03_window_focus_apposition.py::test_same_verified_subject_and_focus_across_word_orders[The {label} ({process}) window is in the foreground.-minimized-True-\xd3rbita 29-EditorX]
FAILED tests/test_c03_window_focus_apposition.py::test_same_verified_subject_and_focus_across_word_orders[The {label} ({process}) window is in the foreground.-minimized-False-Cuaderno-NoteShell]
FAILED tests/test_c03_window_focus_apposition.py::test_same_verified_subject_and_focus_across_word_orders[The {label} ({process}) window is in the foreground.-minimized-False-\xd3rbita 29-EditorX]
FAILED tests/test_c03_window_focus_apposition.py::test_same_verified_subject_and_focus_across_word_orders[The {label} ({process}) window is in the foreground.-minimized-False-Panel azul-Is Active]
FAILED tests/test_c03_window_focus_apposition.py::test_apposition_preserves_negative_polarity[Inactiva est\xe1 la ventana de {label} ({process}).-True-Cuaderno-NoteShell]
FAILED tests/test_c03_window_focus_apposition.py::test_apposition_preserves_negative_polarity[Inactiva est\xe1 la ventana de {label} ({process}).-True-\xd3rbita 29-EditorX]
FAILED tests/test_c03_window_focus_apposition.py::test_apposition_preserves_negative_polarity[Inactiva est\xe1 la ventana de {label} ({process}).-True-Panel azul-Is Active]
FAILED tests/test_c03_window_focus_apposition.py::test_apposition_preserves_negative_polarity[Inactiva est\xe1 la ventana de {label} ({process}).-False-Cuaderno-NoteShell]
FAILED tests/test_c03_window_focus_apposition.py::test_apposition_preserves_negative_polarity[Inactiva est\xe1 la ventana de {label} ({process}).-False-\xd3rbita 29-EditorX]
FAILED tests/test_c03_window_focus_apposition.py::test_apposition_preserves_negative_polarity[Inactiva est\xe1 la ventana de {label} ({process}).-False-Panel azul-Is Active]
FAILED tests/test_c03_window_focus_apposition.py::test_apposition_preserves_negative_polarity[Activa no est\xe1 la ventana de {label} ({process}).-True-Cuaderno-NoteShell]
FAILED tests/test_c03_window_focus_apposition.py::test_apposition_preserves_negative_polarity[Activa no est\xe1 la ventana de {label} ({process}).-True-\xd3rbita 29-EditorX]
FAILED tests/test_c03_window_focus_apposition.py::test_apposition_preserves_negative_polarity[Activa no est\xe1 la ventana de {label} ({process}).-True-Panel azul-Is Active]
FAILED tests/test_c03_window_focus_apposition.py::test_apposition_preserves_negative_polarity[Activa no est\xe1 la ventana de {label} ({process}).-False-Cuaderno-NoteShell]
FAILED tests/test_c03_window_focus_apposition.py::test_apposition_preserves_negative_polarity[Activa no est\xe1 la ventana de {label} ({process}).-False-\xd3rbita 29-EditorX]
FAILED tests/test_c03_window_focus_apposition.py::test_apposition_preserves_negative_polarity[Activa no est\xe1 la ventana de {label} ({process}).-False-Panel azul-Is Active]
FAILED tests/test_c03_window_focus_apposition.py::test_apposition_preserves_negative_polarity[En primer plano no est\xe1 la ventana de {label} ({process}).-True-Cuaderno-NoteShell]
FAILED tests/test_c03_window_focus_apposition.py::test_apposition_preserves_negative_polarity[En primer plano no est\xe1 la ventana de {label} ({process}).-True-\xd3rbita 29-EditorX]
FAILED tests/test_c03_window_focus_apposition.py::test_apposition_preserves_negative_polarity[En primer plano no est\xe1 la ventana de {label} ({process}).-True-Panel azul-Is Active]
FAILED tests/test_c03_window_focus_apposition.py::test_apposition_preserves_negative_polarity[En primer plano no est\xe1 la ventana de {label} ({process}).-False-Cuaderno-NoteShell]
FAILED tests/test_c03_window_focus_apposition.py::test_apposition_preserves_negative_polarity[En primer plano no est\xe1 la ventana de {label} ({process}).-False-\xd3rbita 29-EditorX]
FAILED tests/test_c03_window_focus_apposition.py::test_apposition_preserves_negative_polarity[En primer plano no est\xe1 la ventana de {label} ({process}).-False-Panel azul-Is Active]
FAILED tests/test_c03_window_focus_apposition.py::test_apposition_preserves_negative_polarity[In the foreground isn't the window of {label} ({process}).-True-Cuaderno-NoteShell]
FAILED tests/test_c03_window_focus_apposition.py::test_apposition_preserves_negative_polarity[In the foreground isn't the window of {label} ({process}).-True-\xd3rbita 29-EditorX]
FAILED tests/test_c03_window_focus_apposition.py::test_apposition_preserves_negative_polarity[In the foreground isn't the window of {label} ({process}).-True-Panel azul-Is Active]
FAILED tests/test_c03_window_focus_apposition.py::test_apposition_preserves_negative_polarity[In the foreground isn't the window of {label} ({process}).-False-Cuaderno-NoteShell]
FAILED tests/test_c03_window_focus_apposition.py::test_apposition_preserves_negative_polarity[In the foreground isn't the window of {label} ({process}).-False-\xd3rbita 29-EditorX]
FAILED tests/test_c03_window_focus_apposition.py::test_apposition_preserves_negative_polarity[In the foreground isn't the window of {label} ({process}).-False-Panel azul-Is Active]
FAILED tests/test_c03_window_focus_apposition.py::test_apposition_preserves_negative_polarity[The window of {label} ({process}) is not active.-True-Cuaderno-NoteShell]
FAILED tests/test_c03_window_focus_apposition.py::test_apposition_preserves_negative_polarity[The window of {label} ({process}) is not active.-True-\xd3rbita 29-EditorX]
FAILED tests/test_c03_window_focus_apposition.py::test_apposition_preserves_negative_polarity[The window of {label} ({process}) is not active.-True-Panel azul-Is Active]
FAILED tests/test_c03_window_focus_apposition.py::test_apposition_preserves_negative_polarity[The window of {label} ({process}) is not active.-False-Cuaderno-NoteShell]
FAILED tests/test_c03_window_focus_apposition.py::test_apposition_preserves_negative_polarity[The window of {label} ({process}) is not active.-False-\xd3rbita 29-EditorX]
FAILED tests/test_c03_window_focus_apposition.py::test_apposition_preserves_negative_polarity[The window of {label} ({process}) is not active.-False-Panel azul-Is Active]
FAILED tests/test_c03_window_focus_apposition.py::test_apposition_preserves_negative_polarity[La ventana de {label} ({process}) no tiene el foco.-True-Cuaderno-NoteShell]
FAILED tests/test_c03_window_focus_apposition.py::test_apposition_preserves_negative_polarity[La ventana de {label} ({process}) no tiene el foco.-True-\xd3rbita 29-EditorX]
FAILED tests/test_c03_window_focus_apposition.py::test_apposition_preserves_negative_polarity[La ventana de {label} ({process}) no tiene el foco.-True-Panel azul-Is Active]
FAILED tests/test_c03_window_focus_apposition.py::test_apposition_preserves_negative_polarity[La ventana de {label} ({process}) no tiene el foco.-False-Cuaderno-NoteShell]
FAILED tests/test_c03_window_focus_apposition.py::test_apposition_preserves_negative_polarity[La ventana de {label} ({process}) no tiene el foco.-False-\xd3rbita 29-EditorX]
FAILED tests/test_c03_window_focus_apposition.py::test_apposition_preserves_negative_polarity[La ventana de {label} ({process}) no tiene el foco.-False-Panel azul-Is Active]
FAILED tests/test_c03_window_focus_apposition.py::test_unknown_alias_or_nonassertion_cannot_answer_identity[Activa est\xe1 la ventana de Otra aplicaci\xf3n ({process}).-Panel azul-Is Active]
FAILED tests/test_c03_window_focus_apposition.py::test_unknown_alias_or_nonassertion_cannot_answer_identity[Est\xe1 activa la ventana de {label} (OtherProcess).-Panel azul-Is Active]
FAILED tests/test_c03_window_focus_apposition.py::test_unknown_alias_or_nonassertion_cannot_answer_identity[La ventana de Otra aplicaci\xf3n ({process}) est\xe1 activa.-Panel azul-Is Active]
FAILED tests/test_c03_window_focus_apposition.py::test_unknown_alias_or_nonassertion_cannot_answer_identity[The window of Other application ({process}) is active.-Panel azul-Is Active]
FAILED tests/test_c03_window_focus_apposition.py::test_unknown_alias_or_nonassertion_cannot_answer_identity[If the window of {label} ({process}) is active, it receives input.-Panel azul-Is Active]
FAILED tests/test_c03_window_focus_apposition.py::test_unknown_alias_or_nonassertion_cannot_answer_identity[Si activa est\xe1 la ventana de {label} ({process}), recibe la entrada.-Panel azul-Is Active]
FAILED tests/test_c03_window_focus_apposition.py::test_unknown_alias_or_nonassertion_cannot_answer_identity[\xbfActiva est\xe1 la ventana de {label} ({process})?-Panel azul-Is Active]
FAILED tests/test_c03_window_focus_apposition.py::test_unknown_alias_or_nonassertion_cannot_answer_identity[No puedo confirmar si activa est\xe1 la ventana de {label} ({process}).-Panel azul-Is Active]
FAILED tests/test_c03_window_focus_apposition.py::test_correct_apposition_publishes_without_another_inference[Cuaderno-NoteShell]
FAILED tests/test_c03_window_focus_apposition.py::test_correct_apposition_publishes_without_another_inference[\xd3rbita 29-EditorX]
FAILED tests/test_c03_window_focus_apposition.py::test_correct_apposition_publishes_without_another_inference[Panel azul-Is Active]
FAILED tests/test_c03_window_focus_apposition.py::test_inverted_predicate_also_accepts_a_plain_observed_identity[Activa est\xe1 {name}.-True-Atlas]
FAILED tests/test_c03_window_focus_apposition.py::test_inverted_predicate_also_accepts_a_plain_observed_identity[Activa est\xe1 {name}.-True-\xd3rbita 29]
FAILED tests/test_c03_window_focus_apposition.py::test_inverted_predicate_also_accepts_a_plain_observed_identity[Activa est\xe1 {name}.-True-Informe.txt - Editor]
FAILED tests/test_c03_window_focus_apposition.py::test_inverted_predicate_also_accepts_a_plain_observed_identity[Activa est\xe1 {name}.-False-Atlas]
FAILED tests/test_c03_window_focus_apposition.py::test_inverted_predicate_also_accepts_a_plain_observed_identity[Activa est\xe1 {name}.-False-\xd3rbita 29]
FAILED tests/test_c03_window_focus_apposition.py::test_inverted_predicate_also_accepts_a_plain_observed_identity[Activa est\xe1 {name}.-False-Informe.txt - Editor]
FAILED tests/test_c03_window_focus_apposition.py::test_inverted_predicate_also_accepts_a_plain_observed_identity[In the foreground is {name}.-True-Atlas]
FAILED tests/test_c03_window_focus_apposition.py::test_inverted_predicate_also_accepts_a_plain_observed_identity[In the foreground is {name}.-True-\xd3rbita 29]
FAILED tests/test_c03_window_focus_apposition.py::test_inverted_predicate_also_accepts_a_plain_observed_identity[In the foreground is {name}.-True-Informe.txt - Editor]
FAILED tests/test_c03_window_focus_apposition.py::test_inverted_predicate_also_accepts_a_plain_observed_identity[In the foreground is {name}.-False-Atlas]
FAILED tests/test_c03_window_focus_apposition.py::test_inverted_predicate_also_accepts_a_plain_observed_identity[In the foreground is {name}.-False-\xd3rbita 29]
FAILED tests/test_c03_window_focus_apposition.py::test_inverted_predicate_also_accepts_a_plain_observed_identity[In the foreground is {name}.-False-Informe.txt - Editor]
179 failed, 40 passed in 1.35s
