.................................F................................. [100%]
================================== FAILURES ===================================
________ test_dispatch_crash_exits_while_redirected_stdin_remains_open ________

    def test_dispatch_crash_exits_while_redirected_stdin_remains_open() -> None:
        source_root = Path(__file__).resolve().parents[1] / "src"
        script = """
    import os
    import sys
    import threading
    import time
    from baxy_mind import __main__ as sidecar
    from baxy_mind import protocol
    
    receiver_entered = threading.Event()
    bounded_reader = protocol._BoundedFileDescriptorLineReader
    
    def observed_reader(descriptor):
        reads = 0
    
        def observed_os_read(descriptor, limit):
            nonlocal reads
            reads += 1
            # First read receives the explicit crash request; the second must stay
            # blocked while the dispatcher fails and the process tears down.
            if reads >= 2:
                receiver_entered.set()
            return os.read(descriptor, limit)
    
        return bounded_reader(
            descriptor,
            read=observed_os_read,
        )
    
    def crash_dispatch(
        lifecycle,
        *,
        read_message,
        write_message,
        request_finished,
    ):
        write_message({"type": "hello", "protocol": "test"})
        if read_message() != {"type": "crash"}:
            raise RuntimeError("unexpected_crash_request")
        if not receiver_entered.wait(timeout=2.0):
            raise RuntimeError("receiver_did_not_enter")
        time.sleep(0.1)
        raise RuntimeError("forced_dispatch_crash")
    
    protocol._BoundedFileDescriptorLineReader = observed_reader
    sidecar._run_sidecar = crash_dispatch
    sys.exit(sidecar.main())
    """
        environment = os.environ.copy()
        environment["PYTHONPATH"] = str(source_root)
        process = subprocess.Popen(
            [sys.executable, "-c", script],
            stdin=subprocess.PIPE,
            stdout=subprocess.PIPE,
            stderr=subprocess.PIPE,
            env=environment,
        )
        greetings: queue.Queue[bytes] = queue.Queue(maxsize=1)
    
        def read_greeting() -> None:
            assert process.stdout is not None
            greetings.put(process.stdout.readline(4096))
    
        greeting_reader = threading.Thread(target=read_greeting, daemon=True)
        greeting_reader.start()
        try:
            # Cold native DSP has its existing 10-second startup probe below. Start
            # the 3-second failure-exit clock only once the dispatcher is reachable.
            greeting = greetings.get(timeout=10.0)
            assert b'"type":"hello"' in greeting
            assert process.stdin is not None
            started_at = time.monotonic()
            process.stdin.write(b'{"type":"crash"}\n')
            process.stdin.flush()
>           return_code = process.wait(timeout=3.0)
                          ^^^^^^^^^^^^^^^^^^^^^^^^^

tests\test_sidecar_lifecycle.py:219: 
_ _ _ _ _ _ _ _ _ _ _ _ _ _ _ _ _ _ _ _ _ _ _ _ _ _ _ _ _ _ _ _ _ _ _ _ _ _ _ _
C:\Users\emman\AppData\Local\Programs\Python\Python312\Lib\subprocess.py:1264: in wait
    return self._wait(timeout=timeout)
           ^^^^^^^^^^^^^^^^^^^^^^^^^^^
_ _ _ _ _ _ _ _ _ _ _ _ _ _ _ _ _ _ _ _ _ _ _ _ _ _ _ _ _ _ _ _ _ _ _ _ _ _ _ _

self = <Popen: returncode: 1 args: ['C:\\Users\\emman\\AppData\\Local\\BAXYRuntime\...>
timeout = 3.0

    def _wait(self, timeout):
        """Internal implementation of wait() on Windows."""
        if timeout is None:
            timeout_millis = _winapi.INFINITE
        elif timeout <= 0:
            timeout_millis = 0
        else:
            timeout_millis = int(timeout * 1000)
        if self.returncode is None:
            # API note: Returns immediately if timeout_millis == 0.
            result = _winapi.WaitForSingleObject(self._handle,
                                                 timeout_millis)
            if result == _winapi.WAIT_TIMEOUT:
>               raise TimeoutExpired(self.args, timeout)
E               subprocess.TimeoutExpired: Command '['C:\\Users\\emman\\AppData\\Local\\BAXYRuntime\\python\\mind-runtime-v1\\Scripts\\python.exe', '-c', '\nimport os\nimport sys\nimport threading\nimport time\nfrom baxy_mind import __main__ as sidecar\nfrom baxy_mind import protocol\n\nreceiver_entered = threading.Event()\nbounded_reader = protocol._BoundedFileDescriptorLineReader\n\ndef observed_reader(descriptor):\n    reads = 0\n\n    def observed_os_read(descriptor, limit):\n        nonlocal reads\n        reads += 1\n        # First read receives the explicit crash request; the second must stay\n        # blocked while the dispatcher fails and the process tears down.\n        if reads >= 2:\n            receiver_entered.set()\n        return os.read(descriptor, limit)\n\n    return bounded_reader(\n        descriptor,\n        read=observed_os_read,\n    )\n\ndef crash_dispatch(\n    lifecycle,\n    *,\n    read_message,\n    write_message,\n    request_finished,\n):\n    write_message({"type": "hello", "protocol": "test"})\n    if read_message() != {"type": "crash"}:\n        raise RuntimeError("unexpected_crash_request")\n    if not receiver_entered.wait(timeout=2.0):\n        raise RuntimeError("receiver_did_not_enter")\n    time.sleep(0.1)\n    raise RuntimeError("forced_dispatch_crash")\n\nprotocol._BoundedFileDescriptorLineReader = observed_reader\nsidecar._run_sidecar = crash_dispatch\nsys.exit(sidecar.main())\n']' timed out after 3.0 seconds

C:\Users\emman\AppData\Local\Programs\Python\Python312\Lib\subprocess.py:1593: TimeoutExpired

During handling of the above exception, another exception occurred:

    def test_dispatch_crash_exits_while_redirected_stdin_remains_open() -> None:
        source_root = Path(__file__).resolve().parents[1] / "src"
        script = """
    import os
    import sys
    import threading
    import time
    from baxy_mind import __main__ as sidecar
    from baxy_mind import protocol
    
    receiver_entered = threading.Event()
    bounded_reader = protocol._BoundedFileDescriptorLineReader
    
    def observed_reader(descriptor):
        reads = 0
    
        def observed_os_read(descriptor, limit):
            nonlocal reads
            reads += 1
            # First read receives the explicit crash request; the second must stay
            # blocked while the dispatcher fails and the process tears down.
            if reads >= 2:
                receiver_entered.set()
            return os.read(descriptor, limit)
    
        return bounded_reader(
            descriptor,
            read=observed_os_read,
        )
    
    def crash_dispatch(
        lifecycle,
        *,
        read_message,
        write_message,
        request_finished,
    ):
        write_message({"type": "hello", "protocol": "test"})
        if read_message() != {"type": "crash"}:
            raise RuntimeError("unexpected_crash_request")
        if not receiver_entered.wait(timeout=2.0):
            raise RuntimeError("receiver_did_not_enter")
        time.sleep(0.1)
        raise RuntimeError("forced_dispatch_crash")
    
    protocol._BoundedFileDescriptorLineReader = observed_reader
    sidecar._run_sidecar = crash_dispatch
    sys.exit(sidecar.main())
    """
        environment = os.environ.copy()
        environment["PYTHONPATH"] = str(source_root)
        process = subprocess.Popen(
            [sys.executable, "-c", script],
            stdin=subprocess.PIPE,
            stdout=subprocess.PIPE,
            stderr=subprocess.PIPE,
            env=environment,
        )
        greetings: queue.Queue[bytes] = queue.Queue(maxsize=1)
    
        def read_greeting() -> None:
            assert process.stdout is not None
            greetings.put(process.stdout.readline(4096))
    
        greeting_reader = threading.Thread(target=read_greeting, daemon=True)
        greeting_reader.start()
        try:
            # Cold native DSP has its existing 10-second startup probe below. Start
            # the 3-second failure-exit clock only once the dispatcher is reachable.
            greeting = greetings.get(timeout=10.0)
            assert b'"type":"hello"' in greeting
            assert process.stdin is not None
            started_at = time.monotonic()
            process.stdin.write(b'{"type":"crash"}\n')
            process.stdin.flush()
            return_code = process.wait(timeout=3.0)
        except queue.Empty:
            process.kill()
            process.wait(timeout=3.0)
            pytest.fail("sidecar did not emit hello within its startup deadline")
        except subprocess.TimeoutExpired:
            process.kill()
            process.wait(timeout=3.0)
>           pytest.fail("sidecar did not exit after its dispatcher failed")
E           Failed: sidecar did not exit after its dispatcher failed

tests\test_sidecar_lifecycle.py:227: Failed
=========================== short test summary info ===========================
FAILED tests/test_sidecar_lifecycle.py::test_dispatch_crash_exits_while_redirected_stdin_remains_open
1 failed, 66 passed, 5 subtests passed in 322.55s (0:05:22)
