{"profile": "original", "case": "test_dispatch_crash_exits_while_redirected_stdin_remains_open", "deadline_seconds": 3.0, "elapsed_seconds": 3.0159999999959837, "timed_out": true, "code": 1, "pass": false, "hello_seen": false, "stack_exit_code": 0}
{"profile": "original", "case": "test_cold_voice_dsp_responds_while_redirected_stdin_remains_open", "deadline_seconds": 10.0, "elapsed_seconds": 6.093000000000757, "timed_out": false, "code": 0, "pass": true, "hello_seen": true, "stack_exit_code": null}
{"profile": "deferred_warmup_only", "case": "test_dispatch_crash_exits_while_redirected_stdin_remains_open", "deadline_seconds": 3.0, "elapsed_seconds": 3.0160000000032596, "timed_out": true, "code": 1, "pass": false, "hello_seen": true, "stack_exit_code": 1}
Traceback (most recent call last):
  File "D:\Perfil\Escritorio\ETC\Programacion\BAXY DEFINITIVO\scratchpad\c03-cold-dsp-probe719.py", line 64, in <module>
    code = process.wait(timeout=deadline)
           ^^^^^^^^^^^^^^^^^^^^^^^^^^^^^^
  File "C:\Users\emman\AppData\Local\Programs\Python\Python312\Lib\subprocess.py", line 1264, in wait
    return self._wait(timeout=timeout)
           ^^^^^^^^^^^^^^^^^^^^^^^^^^^
  File "C:\Users\emman\AppData\Local\Programs\Python\Python312\Lib\subprocess.py", line 1593, in _wait
    raise TimeoutExpired(self.args, timeout)
subprocess.TimeoutExpired: Command '['C:\\Users\\emman\\AppData\\Local\\BAXYRuntime\\python\\mind-runtime-v1\\Scripts\\python.exe', '-c', '\nimport sys\nfrom baxy_mind import __main__ as sidecar\nfrom baxy_mind.voice_aec import _resample\nimport numpy as np\n\ndef probe_dispatch(lifecycle, *, read_message, write_message, request_finished):\n    write_message({"type": "hello", "protocol": "test"})\n    assert read_message()["type"] == "probe"\n    # This is intentionally the first DSP request in a fresh process. Require\n    # SciPy itself so a missing dependency cannot pass through interpolation.\n    assert \'scipy.signal\' not in sys.modules\n    from scipy.signal import resample_poly\n    assert callable(resample_poly)\n    audio = _resample(np.zeros(1536, dtype=np.int16), 48000)\n    assert audio.shape == (512,)\n    write_message({"type": "probe.done"})\n    return 0\n\nsidecar._run_sidecar = probe_dispatch\nsidecar.prepare_resampler = lambda: None\nsys.exit(sidecar.main())\n']' timed out after 10.0 seconds

During handling of the above exception, another exception occurred:

Traceback (most recent call last):
  File "C:\Users\emman\AppData\Local\BAXYRuntime\python\mind-runtime-v1\Lib\site-packages\psutil\_pswindows.py", line 874, in wait
    exit_code = cext.proc_wait(self.pid, cext_timeout)
                ^^^^^^^^^^^^^^^^^^^^^^^^^^^^^^^^^^^^^^
_psutil_windows.TimeoutExpired: WaitForSingleObject() returned WAIT_TIMEOUT

The above exception was the direct cause of the following exception:

Traceback (most recent call last):
  File "C:\Users\emman\AppData\Local\BAXYRuntime\python\mind-runtime-v1\Lib\site-packages\psutil\__init__.py", line 1374, in wait
    self._exitcode = self._proc.wait(timeout)
                     ^^^^^^^^^^^^^^^^^^^^^^^^
  File "C:\Users\emman\AppData\Local\BAXYRuntime\python\mind-runtime-v1\Lib\site-packages\psutil\_pswindows.py", line 666, in wrapper
    return fun(self, *args, **kwargs)
           ^^^^^^^^^^^^^^^^^^^^^^^^^^
  File "C:\Users\emman\AppData\Local\BAXYRuntime\python\mind-runtime-v1\Lib\site-packages\psutil\_pswindows.py", line 877, in wait
    raise TimeoutExpired(timeout, self.pid, self._name) from err
psutil.TimeoutExpired: timeout after 3 seconds (pid=35784)

The above exception was the direct cause of the following exception:

Traceback (most recent call last):
  File "D:\Perfil\Escritorio\ETC\Programacion\BAXY DEFINITIVO\scratchpad\c03-cold-dsp-probe719.py", line 82, in <module>
    child.wait(timeout=3)
  File "C:\Users\emman\AppData\Local\BAXYRuntime\python\mind-runtime-v1\Lib\site-packages\psutil\__init__.py", line 1377, in wait
    raise exc from err
psutil.TimeoutExpired: timeout after 3 seconds (pid=35784)
