........................................................................ [  5%]
........................................................................ [ 10%]
........................................................................ [ 15%]
........................................................................ [ 20%]
........................................................................ [ 25%]
........................................................................ [ 31%]
........................................................................ [ 36%]
........................................................................ [ 41%]
........................................................................ [ 46%]
........................................................................ [ 51%]
........................................................................ [ 56%]
........................................................................ [ 62%]
........................................................................ [ 67%]
........................................................................ [ 72%]
...................................... [ 75%]
.................................................................................................................................... [ 84%]
..................................................................... [ 89%]
........................................................................ [ 94%]
...............................................................s........ [ 99%]
.                                                                        [100%]
1391 passed, 1 skipped, 121 subtests passed in 9.44s
