.........................................................FFF............ [ 69%]
...............................                                          [100%]
================================== FAILURES ===================================
_ test_typed_installation_visibility_and_process_scope[The process is active.-False-Spotify] _

name = 'Spotify', reply = 'The process is active.', valid = False

    @pytest.mark.parametrize("name", ["Spotify", "Orbit 23", "Running"])
    @pytest.mark.parametrize("reply, valid", [
        ("{name} is installed and running, but no window is currently visible.", False),
        ("{name} is installed but has no visible window.", True),
        ("{name} has two visible windows.", False),
        ("{name} is not installed.", False),
        ("{name} is not running.", False),
        ("{name} is installed with no visible window; background processes were not checked.", True),
        ("{name} está instalado, pero no tiene ventanas visibles.", True),
        ("{name} tiene tres ventanas visibles.", False),
        ("{name} no está instalado.", False),
        ("{name} está ejecutándose en segundo plano.", False),
        ("{name} está instalado y no tiene ventanas visibles; no comprobé sus procesos.", True),
        ("I cannot tell whether {name} is running from this observation.", True),
        ("No sé si {name} sigue ejecutándose; sólo comprobé sus ventanas visibles.", True),
        ("I cannot tell whether {name} is running; it is running in the background.", False),
        ("No sé si {name} está ejecutándose, pero está ejecutándose en segundo plano.", False),
        ("{name} is installed and it's running in the background.", False),
        ("{name} is installed and it’s not running.", False),
        ("{name} is installed; I can't confirm whether it's running.", True),
        ("{name} is installed; I can’t tell whether it’s running.", True),
        ("The process is active.", False),
        ("El proceso está detenido.", False),
    ])
    def test_typed_installation_visibility_and_process_scope(name, reply, valid):
        payload = _compose_situation_payload(situation(name), "en", "Is it open?")
>       assert (not _payload_fact_defect(reply.format(name=name), payload)) is valid
E       AssertionError: assert not '' is False
E        +  where '' = _payload_fact_defect('The process is active.', {'seen': {'requestedName': 'Spotify', 'displayName': 'Spotify', 'installed': True, 'hasVisibleWindow': False, ...}, 'operation': 'window.application.status'})
E        +    where 'The process is active.' = <built-in method format of str object at 0x000001F47EFFEC70>(name='Spotify')
E        +      where <built-in method format of str object at 0x000001F47EFFEC70> = 'The process is active.'.format

tests\test_c03_window_facts.py:52: AssertionError
_ test_typed_installation_visibility_and_process_scope[The process is active.-False-Orbit 23] _

name = 'Orbit 23', reply = 'The process is active.', valid = False

    @pytest.mark.parametrize("name", ["Spotify", "Orbit 23", "Running"])
    @pytest.mark.parametrize("reply, valid", [
        ("{name} is installed and running, but no window is currently visible.", False),
        ("{name} is installed but has no visible window.", True),
        ("{name} has two visible windows.", False),
        ("{name} is not installed.", False),
        ("{name} is not running.", False),
        ("{name} is installed with no visible window; background processes were not checked.", True),
        ("{name} está instalado, pero no tiene ventanas visibles.", True),
        ("{name} tiene tres ventanas visibles.", False),
        ("{name} no está instalado.", False),
        ("{name} está ejecutándose en segundo plano.", False),
        ("{name} está instalado y no tiene ventanas visibles; no comprobé sus procesos.", True),
        ("I cannot tell whether {name} is running from this observation.", True),
        ("No sé si {name} sigue ejecutándose; sólo comprobé sus ventanas visibles.", True),
        ("I cannot tell whether {name} is running; it is running in the background.", False),
        ("No sé si {name} está ejecutándose, pero está ejecutándose en segundo plano.", False),
        ("{name} is installed and it's running in the background.", False),
        ("{name} is installed and it’s not running.", False),
        ("{name} is installed; I can't confirm whether it's running.", True),
        ("{name} is installed; I can’t tell whether it’s running.", True),
        ("The process is active.", False),
        ("El proceso está detenido.", False),
    ])
    def test_typed_installation_visibility_and_process_scope(name, reply, valid):
        payload = _compose_situation_payload(situation(name), "en", "Is it open?")
>       assert (not _payload_fact_defect(reply.format(name=name), payload)) is valid
E       AssertionError: assert not '' is False
E        +  where '' = _payload_fact_defect('The process is active.', {'seen': {'requestedName': 'Orbit 23', 'displayName': 'Orbit 23', 'installed': True, 'hasVisibleWindow': False, ...}, 'operation': 'window.application.status'})
E        +    where 'The process is active.' = <built-in method format of str object at 0x000001F47EFFEC70>(name='Orbit 23')
E        +      where <built-in method format of str object at 0x000001F47EFFEC70> = 'The process is active.'.format

tests\test_c03_window_facts.py:52: AssertionError
_ test_typed_installation_visibility_and_process_scope[The process is active.-False-Running] _

name = 'Running', reply = 'The process is active.', valid = False

    @pytest.mark.parametrize("name", ["Spotify", "Orbit 23", "Running"])
    @pytest.mark.parametrize("reply, valid", [
        ("{name} is installed and running, but no window is currently visible.", False),
        ("{name} is installed but has no visible window.", True),
        ("{name} has two visible windows.", False),
        ("{name} is not installed.", False),
        ("{name} is not running.", False),
        ("{name} is installed with no visible window; background processes were not checked.", True),
        ("{name} está instalado, pero no tiene ventanas visibles.", True),
        ("{name} tiene tres ventanas visibles.", False),
        ("{name} no está instalado.", False),
        ("{name} está ejecutándose en segundo plano.", False),
        ("{name} está instalado y no tiene ventanas visibles; no comprobé sus procesos.", True),
        ("I cannot tell whether {name} is running from this observation.", True),
        ("No sé si {name} sigue ejecutándose; sólo comprobé sus ventanas visibles.", True),
        ("I cannot tell whether {name} is running; it is running in the background.", False),
        ("No sé si {name} está ejecutándose, pero está ejecutándose en segundo plano.", False),
        ("{name} is installed and it's running in the background.", False),
        ("{name} is installed and it’s not running.", False),
        ("{name} is installed; I can't confirm whether it's running.", True),
        ("{name} is installed; I can’t tell whether it’s running.", True),
        ("The process is active.", False),
        ("El proceso está detenido.", False),
    ])
    def test_typed_installation_visibility_and_process_scope(name, reply, valid):
        payload = _compose_situation_payload(situation(name), "en", "Is it open?")
>       assert (not _payload_fact_defect(reply.format(name=name), payload)) is valid
E       AssertionError: assert not '' is False
E        +  where '' = _payload_fact_defect('The process is active.', {'seen': {'requestedName': 'Running', 'displayName': 'Running', 'installed': True, 'hasVisibleWindow': False, ...}, 'operation': 'window.application.status'})
E        +    where 'The process is active.' = <built-in method format of str object at 0x000001F47EFFEC70>(name='Running')
E        +      where <built-in method format of str object at 0x000001F47EFFEC70> = 'The process is active.'.format

tests\test_c03_window_facts.py:52: AssertionError
=========================== short test summary info ===========================
FAILED tests/test_c03_window_facts.py::test_typed_installation_visibility_and_process_scope[The process is active.-False-Spotify]
FAILED tests/test_c03_window_facts.py::test_typed_installation_visibility_and_process_scope[The process is active.-False-Orbit 23]
FAILED tests/test_c03_window_facts.py::test_typed_installation_visibility_and_process_scope[The process is active.-False-Running]
3 failed, 100 passed in 0.80s
