.............................................FFFFFF......FFFFFF......... [ 69%]
.................FFFF..........                                          [100%]
================================== FAILURES ===================================
_ test_typed_installation_visibility_and_process_scope[{name} is installed and it's running in the background.-False-Spotify] _

name = 'Spotify'
reply = "{name} is installed and it's running in the background.", valid = False

    @pytest.mark.parametrize("name", ["Spotify", "Orbit 23", "Running"])
    @pytest.mark.parametrize("reply, valid", [
        ("{name} is installed and running, but no window is currently visible.", False),
        ("{name} is installed but has no visible window.", True),
        ("{name} has two visible windows.", False),
        ("{name} is not installed.", False),
        ("{name} is not running.", False),
        ("{name} is installed with no visible window; background processes were not checked.", True),
        ("{name} está instalado, pero no tiene ventanas visibles.", True),
        ("{name} tiene tres ventanas visibles.", False),
        ("{name} no está instalado.", False),
        ("{name} está ejecutándose en segundo plano.", False),
        ("{name} está instalado y no tiene ventanas visibles; no comprobé sus procesos.", True),
        ("I cannot tell whether {name} is running from this observation.", True),
        ("No sé si {name} sigue ejecutándose; sólo comprobé sus ventanas visibles.", True),
        ("I cannot tell whether {name} is running; it is running in the background.", False),
        ("No sé si {name} está ejecutándose, pero está ejecutándose en segundo plano.", False),
        ("{name} is installed and it's running in the background.", False),
        ("{name} is installed and it’s not running.", False),
        ("{name} is installed; I can't confirm whether it's running.", True),
        ("{name} is installed; I can’t tell whether it’s running.", True),
        ("The process is active.", False),
        ("El proceso está detenido.", False),
    ])
    def test_typed_installation_visibility_and_process_scope(name, reply, valid):
        payload = _compose_situation_payload(situation(name), "en", "Is it open?")
>       assert (not _payload_fact_defect(reply.format(name=name), payload)) is valid
E       assert not '' is False
E        +  where '' = _payload_fact_defect("Spotify is installed and it's running in the background.", {'seen': {'requestedName': 'Spotify', 'displayName': 'Spotify', 'installed': True, 'hasVisibleWindow': False, ...}, 'operation': 'window.application.status'})
E        +    where "Spotify is installed and it's running in the background." = <built-in method format of str object at 0x000001F1DBFC3E10>(name='Spotify')
E        +      where <built-in method format of str object at 0x000001F1DBFC3E10> = "{name} is installed and it's running in the background.".format

tests\test_c03_window_facts.py:52: AssertionError
_ test_typed_installation_visibility_and_process_scope[{name} is installed and it's running in the background.-False-Orbit 23] _

name = 'Orbit 23'
reply = "{name} is installed and it's running in the background.", valid = False

    @pytest.mark.parametrize("name", ["Spotify", "Orbit 23", "Running"])
    @pytest.mark.parametrize("reply, valid", [
        ("{name} is installed and running, but no window is currently visible.", False),
        ("{name} is installed but has no visible window.", True),
        ("{name} has two visible windows.", False),
        ("{name} is not installed.", False),
        ("{name} is not running.", False),
        ("{name} is installed with no visible window; background processes were not checked.", True),
        ("{name} está instalado, pero no tiene ventanas visibles.", True),
        ("{name} tiene tres ventanas visibles.", False),
        ("{name} no está instalado.", False),
        ("{name} está ejecutándose en segundo plano.", False),
        ("{name} está instalado y no tiene ventanas visibles; no comprobé sus procesos.", True),
        ("I cannot tell whether {name} is running from this observation.", True),
        ("No sé si {name} sigue ejecutándose; sólo comprobé sus ventanas visibles.", True),
        ("I cannot tell whether {name} is running; it is running in the background.", False),
        ("No sé si {name} está ejecutándose, pero está ejecutándose en segundo plano.", False),
        ("{name} is installed and it's running in the background.", False),
        ("{name} is installed and it’s not running.", False),
        ("{name} is installed; I can't confirm whether it's running.", True),
        ("{name} is installed; I can’t tell whether it’s running.", True),
        ("The process is active.", False),
        ("El proceso está detenido.", False),
    ])
    def test_typed_installation_visibility_and_process_scope(name, reply, valid):
        payload = _compose_situation_payload(situation(name), "en", "Is it open?")
>       assert (not _payload_fact_defect(reply.format(name=name), payload)) is valid
E       assert not '' is False
E        +  where '' = _payload_fact_defect("Orbit 23 is installed and it's running in the background.", {'seen': {'requestedName': 'Orbit 23', 'displayName': 'Orbit 23', 'installed': True, 'hasVisibleWindow': False, ...}, 'operation': 'window.application.status'})
E        +    where "Orbit 23 is installed and it's running in the background." = <built-in method format of str object at 0x000001F1DBFC3E10>(name='Orbit 23')
E        +      where <built-in method format of str object at 0x000001F1DBFC3E10> = "{name} is installed and it's running in the background.".format

tests\test_c03_window_facts.py:52: AssertionError
_ test_typed_installation_visibility_and_process_scope[{name} is installed and it's running in the background.-False-Running] _

name = 'Running'
reply = "{name} is installed and it's running in the background.", valid = False

    @pytest.mark.parametrize("name", ["Spotify", "Orbit 23", "Running"])
    @pytest.mark.parametrize("reply, valid", [
        ("{name} is installed and running, but no window is currently visible.", False),
        ("{name} is installed but has no visible window.", True),
        ("{name} has two visible windows.", False),
        ("{name} is not installed.", False),
        ("{name} is not running.", False),
        ("{name} is installed with no visible window; background processes were not checked.", True),
        ("{name} está instalado, pero no tiene ventanas visibles.", True),
        ("{name} tiene tres ventanas visibles.", False),
        ("{name} no está instalado.", False),
        ("{name} está ejecutándose en segundo plano.", False),
        ("{name} está instalado y no tiene ventanas visibles; no comprobé sus procesos.", True),
        ("I cannot tell whether {name} is running from this observation.", True),
        ("No sé si {name} sigue ejecutándose; sólo comprobé sus ventanas visibles.", True),
        ("I cannot tell whether {name} is running; it is running in the background.", False),
        ("No sé si {name} está ejecutándose, pero está ejecutándose en segundo plano.", False),
        ("{name} is installed and it's running in the background.", False),
        ("{name} is installed and it’s not running.", False),
        ("{name} is installed; I can't confirm whether it's running.", True),
        ("{name} is installed; I can’t tell whether it’s running.", True),
        ("The process is active.", False),
        ("El proceso está detenido.", False),
    ])
    def test_typed_installation_visibility_and_process_scope(name, reply, valid):
        payload = _compose_situation_payload(situation(name), "en", "Is it open?")
>       assert (not _payload_fact_defect(reply.format(name=name), payload)) is valid
E       assert not '' is False
E        +  where '' = _payload_fact_defect("Running is installed and it's running in the background.", {'seen': {'requestedName': 'Running', 'displayName': 'Running', 'installed': True, 'hasVisibleWindow': False, ...}, 'operation': 'window.application.status'})
E        +    where "Running is installed and it's running in the background." = <built-in method format of str object at 0x000001F1DBFC3E10>(name='Running')
E        +      where <built-in method format of str object at 0x000001F1DBFC3E10> = "{name} is installed and it's running in the background.".format

tests\test_c03_window_facts.py:52: AssertionError
_ test_typed_installation_visibility_and_process_scope[{name} is installed and it\u2019s not running.-False-Spotify] _

name = 'Spotify', reply = '{name} is installed and it’s not running.'
valid = False

    @pytest.mark.parametrize("name", ["Spotify", "Orbit 23", "Running"])
    @pytest.mark.parametrize("reply, valid", [
        ("{name} is installed and running, but no window is currently visible.", False),
        ("{name} is installed but has no visible window.", True),
        ("{name} has two visible windows.", False),
        ("{name} is not installed.", False),
        ("{name} is not running.", False),
        ("{name} is installed with no visible window; background processes were not checked.", True),
        ("{name} está instalado, pero no tiene ventanas visibles.", True),
        ("{name} tiene tres ventanas visibles.", False),
        ("{name} no está instalado.", False),
        ("{name} está ejecutándose en segundo plano.", False),
        ("{name} está instalado y no tiene ventanas visibles; no comprobé sus procesos.", True),
        ("I cannot tell whether {name} is running from this observation.", True),
        ("No sé si {name} sigue ejecutándose; sólo comprobé sus ventanas visibles.", True),
        ("I cannot tell whether {name} is running; it is running in the background.", False),
        ("No sé si {name} está ejecutándose, pero está ejecutándose en segundo plano.", False),
        ("{name} is installed and it's running in the background.", False),
        ("{name} is installed and it’s not running.", False),
        ("{name} is installed; I can't confirm whether it's running.", True),
        ("{name} is installed; I can’t tell whether it’s running.", True),
        ("The process is active.", False),
        ("El proceso está detenido.", False),
    ])
    def test_typed_installation_visibility_and_process_scope(name, reply, valid):
        payload = _compose_situation_payload(situation(name), "en", "Is it open?")
>       assert (not _payload_fact_defect(reply.format(name=name), payload)) is valid
E       AssertionError: assert not '' is False
E        +  where '' = _payload_fact_defect('Spotify is installed and it’s not running.', {'seen': {'requestedName': 'Spotify', 'displayName': 'Spotify', 'installed': True, 'hasVisibleWindow': False, ...}, 'operation': 'window.application.status'})
E        +    where 'Spotify is installed and it’s not running.' = <built-in method format of str object at 0x000001F1DCA92CA0>(name='Spotify')
E        +      where <built-in method format of str object at 0x000001F1DCA92CA0> = '{name} is installed and it’s not running.'.format

tests\test_c03_window_facts.py:52: AssertionError
_ test_typed_installation_visibility_and_process_scope[{name} is installed and it\u2019s not running.-False-Orbit 23] _

name = 'Orbit 23', reply = '{name} is installed and it’s not running.'
valid = False

    @pytest.mark.parametrize("name", ["Spotify", "Orbit 23", "Running"])
    @pytest.mark.parametrize("reply, valid", [
        ("{name} is installed and running, but no window is currently visible.", False),
        ("{name} is installed but has no visible window.", True),
        ("{name} has two visible windows.", False),
        ("{name} is not installed.", False),
        ("{name} is not running.", False),
        ("{name} is installed with no visible window; background processes were not checked.", True),
        ("{name} está instalado, pero no tiene ventanas visibles.", True),
        ("{name} tiene tres ventanas visibles.", False),
        ("{name} no está instalado.", False),
        ("{name} está ejecutándose en segundo plano.", False),
        ("{name} está instalado y no tiene ventanas visibles; no comprobé sus procesos.", True),
        ("I cannot tell whether {name} is running from this observation.", True),
        ("No sé si {name} sigue ejecutándose; sólo comprobé sus ventanas visibles.", True),
        ("I cannot tell whether {name} is running; it is running in the background.", False),
        ("No sé si {name} está ejecutándose, pero está ejecutándose en segundo plano.", False),
        ("{name} is installed and it's running in the background.", False),
        ("{name} is installed and it’s not running.", False),
        ("{name} is installed; I can't confirm whether it's running.", True),
        ("{name} is installed; I can’t tell whether it’s running.", True),
        ("The process is active.", False),
        ("El proceso está detenido.", False),
    ])
    def test_typed_installation_visibility_and_process_scope(name, reply, valid):
        payload = _compose_situation_payload(situation(name), "en", "Is it open?")
>       assert (not _payload_fact_defect(reply.format(name=name), payload)) is valid
E       AssertionError: assert not '' is False
E        +  where '' = _payload_fact_defect('Orbit 23 is installed and it’s not running.', {'seen': {'requestedName': 'Orbit 23', 'displayName': 'Orbit 23', 'installed': True, 'hasVisibleWindow': False, ...}, 'operation': 'window.application.status'})
E        +    where 'Orbit 23 is installed and it’s not running.' = <built-in method format of str object at 0x000001F1DCA92CA0>(name='Orbit 23')
E        +      where <built-in method format of str object at 0x000001F1DCA92CA0> = '{name} is installed and it’s not running.'.format

tests\test_c03_window_facts.py:52: AssertionError
_ test_typed_installation_visibility_and_process_scope[{name} is installed and it\u2019s not running.-False-Running] _

name = 'Running', reply = '{name} is installed and it’s not running.'
valid = False

    @pytest.mark.parametrize("name", ["Spotify", "Orbit 23", "Running"])
    @pytest.mark.parametrize("reply, valid", [
        ("{name} is installed and running, but no window is currently visible.", False),
        ("{name} is installed but has no visible window.", True),
        ("{name} has two visible windows.", False),
        ("{name} is not installed.", False),
        ("{name} is not running.", False),
        ("{name} is installed with no visible window; background processes were not checked.", True),
        ("{name} está instalado, pero no tiene ventanas visibles.", True),
        ("{name} tiene tres ventanas visibles.", False),
        ("{name} no está instalado.", False),
        ("{name} está ejecutándose en segundo plano.", False),
        ("{name} está instalado y no tiene ventanas visibles; no comprobé sus procesos.", True),
        ("I cannot tell whether {name} is running from this observation.", True),
        ("No sé si {name} sigue ejecutándose; sólo comprobé sus ventanas visibles.", True),
        ("I cannot tell whether {name} is running; it is running in the background.", False),
        ("No sé si {name} está ejecutándose, pero está ejecutándose en segundo plano.", False),
        ("{name} is installed and it's running in the background.", False),
        ("{name} is installed and it’s not running.", False),
        ("{name} is installed; I can't confirm whether it's running.", True),
        ("{name} is installed; I can’t tell whether it’s running.", True),
        ("The process is active.", False),
        ("El proceso está detenido.", False),
    ])
    def test_typed_installation_visibility_and_process_scope(name, reply, valid):
        payload = _compose_situation_payload(situation(name), "en", "Is it open?")
>       assert (not _payload_fact_defect(reply.format(name=name), payload)) is valid
E       AssertionError: assert not '' is False
E        +  where '' = _payload_fact_defect('Running is installed and it’s not running.', {'seen': {'requestedName': 'Running', 'displayName': 'Running', 'installed': True, 'hasVisibleWindow': False, ...}, 'operation': 'window.application.status'})
E        +    where 'Running is installed and it’s not running.' = <built-in method format of str object at 0x000001F1DCA92CA0>(name='Running')
E        +      where <built-in method format of str object at 0x000001F1DCA92CA0> = '{name} is installed and it’s not running.'.format

tests\test_c03_window_facts.py:52: AssertionError
_ test_typed_installation_visibility_and_process_scope[The process is active.-False-Spotify] _

name = 'Spotify', reply = 'The process is active.', valid = False

    @pytest.mark.parametrize("name", ["Spotify", "Orbit 23", "Running"])
    @pytest.mark.parametrize("reply, valid", [
        ("{name} is installed and running, but no window is currently visible.", False),
        ("{name} is installed but has no visible window.", True),
        ("{name} has two visible windows.", False),
        ("{name} is not installed.", False),
        ("{name} is not running.", False),
        ("{name} is installed with no visible window; background processes were not checked.", True),
        ("{name} está instalado, pero no tiene ventanas visibles.", True),
        ("{name} tiene tres ventanas visibles.", False),
        ("{name} no está instalado.", False),
        ("{name} está ejecutándose en segundo plano.", False),
        ("{name} está instalado y no tiene ventanas visibles; no comprobé sus procesos.", True),
        ("I cannot tell whether {name} is running from this observation.", True),
        ("No sé si {name} sigue ejecutándose; sólo comprobé sus ventanas visibles.", True),
        ("I cannot tell whether {name} is running; it is running in the background.", False),
        ("No sé si {name} está ejecutándose, pero está ejecutándose en segundo plano.", False),
        ("{name} is installed and it's running in the background.", False),
        ("{name} is installed and it’s not running.", False),
        ("{name} is installed; I can't confirm whether it's running.", True),
        ("{name} is installed; I can’t tell whether it’s running.", True),
        ("The process is active.", False),
        ("El proceso está detenido.", False),
    ])
    def test_typed_installation_visibility_and_process_scope(name, reply, valid):
        payload = _compose_situation_payload(situation(name), "en", "Is it open?")
>       assert (not _payload_fact_defect(reply.format(name=name), payload)) is valid
E       AssertionError: assert not '' is False
E        +  where '' = _payload_fact_defect('The process is active.', {'seen': {'requestedName': 'Spotify', 'displayName': 'Spotify', 'installed': True, 'hasVisibleWindow': False, ...}, 'operation': 'window.application.status'})
E        +    where 'The process is active.' = <built-in method format of str object at 0x000001F1DCAB2CF0>(name='Spotify')
E        +      where <built-in method format of str object at 0x000001F1DCAB2CF0> = 'The process is active.'.format

tests\test_c03_window_facts.py:52: AssertionError
_ test_typed_installation_visibility_and_process_scope[The process is active.-False-Orbit 23] _

name = 'Orbit 23', reply = 'The process is active.', valid = False

    @pytest.mark.parametrize("name", ["Spotify", "Orbit 23", "Running"])
    @pytest.mark.parametrize("reply, valid", [
        ("{name} is installed and running, but no window is currently visible.", False),
        ("{name} is installed but has no visible window.", True),
        ("{name} has two visible windows.", False),
        ("{name} is not installed.", False),
        ("{name} is not running.", False),
        ("{name} is installed with no visible window; background processes were not checked.", True),
        ("{name} está instalado, pero no tiene ventanas visibles.", True),
        ("{name} tiene tres ventanas visibles.", False),
        ("{name} no está instalado.", False),
        ("{name} está ejecutándose en segundo plano.", False),
        ("{name} está instalado y no tiene ventanas visibles; no comprobé sus procesos.", True),
        ("I cannot tell whether {name} is running from this observation.", True),
        ("No sé si {name} sigue ejecutándose; sólo comprobé sus ventanas visibles.", True),
        ("I cannot tell whether {name} is running; it is running in the background.", False),
        ("No sé si {name} está ejecutándose, pero está ejecutándose en segundo plano.", False),
        ("{name} is installed and it's running in the background.", False),
        ("{name} is installed and it’s not running.", False),
        ("{name} is installed; I can't confirm whether it's running.", True),
        ("{name} is installed; I can’t tell whether it’s running.", True),
        ("The process is active.", False),
        ("El proceso está detenido.", False),
    ])
    def test_typed_installation_visibility_and_process_scope(name, reply, valid):
        payload = _compose_situation_payload(situation(name), "en", "Is it open?")
>       assert (not _payload_fact_defect(reply.format(name=name), payload)) is valid
E       AssertionError: assert not '' is False
E        +  where '' = _payload_fact_defect('The process is active.', {'seen': {'requestedName': 'Orbit 23', 'displayName': 'Orbit 23', 'installed': True, 'hasVisibleWindow': False, ...}, 'operation': 'window.application.status'})
E        +    where 'The process is active.' = <built-in method format of str object at 0x000001F1DCAB2CF0>(name='Orbit 23')
E        +      where <built-in method format of str object at 0x000001F1DCAB2CF0> = 'The process is active.'.format

tests\test_c03_window_facts.py:52: AssertionError
_ test_typed_installation_visibility_and_process_scope[The process is active.-False-Running] _

name = 'Running', reply = 'The process is active.', valid = False

    @pytest.mark.parametrize("name", ["Spotify", "Orbit 23", "Running"])
    @pytest.mark.parametrize("reply, valid", [
        ("{name} is installed and running, but no window is currently visible.", False),
        ("{name} is installed but has no visible window.", True),
        ("{name} has two visible windows.", False),
        ("{name} is not installed.", False),
        ("{name} is not running.", False),
        ("{name} is installed with no visible window; background processes were not checked.", True),
        ("{name} está instalado, pero no tiene ventanas visibles.", True),
        ("{name} tiene tres ventanas visibles.", False),
        ("{name} no está instalado.", False),
        ("{name} está ejecutándose en segundo plano.", False),
        ("{name} está instalado y no tiene ventanas visibles; no comprobé sus procesos.", True),
        ("I cannot tell whether {name} is running from this observation.", True),
        ("No sé si {name} sigue ejecutándose; sólo comprobé sus ventanas visibles.", True),
        ("I cannot tell whether {name} is running; it is running in the background.", False),
        ("No sé si {name} está ejecutándose, pero está ejecutándose en segundo plano.", False),
        ("{name} is installed and it's running in the background.", False),
        ("{name} is installed and it’s not running.", False),
        ("{name} is installed; I can't confirm whether it's running.", True),
        ("{name} is installed; I can’t tell whether it’s running.", True),
        ("The process is active.", False),
        ("El proceso está detenido.", False),
    ])
    def test_typed_installation_visibility_and_process_scope(name, reply, valid):
        payload = _compose_situation_payload(situation(name), "en", "Is it open?")
>       assert (not _payload_fact_defect(reply.format(name=name), payload)) is valid
E       AssertionError: assert not '' is False
E        +  where '' = _payload_fact_defect('The process is active.', {'seen': {'requestedName': 'Running', 'displayName': 'Running', 'installed': True, 'hasVisibleWindow': False, ...}, 'operation': 'window.application.status'})
E        +    where 'The process is active.' = <built-in method format of str object at 0x000001F1DCAB2CF0>(name='Running')
E        +      where <built-in method format of str object at 0x000001F1DCAB2CF0> = 'The process is active.'.format

tests\test_c03_window_facts.py:52: AssertionError
_ test_typed_installation_visibility_and_process_scope[El proceso est\xe1 detenido.-False-Spotify] _

name = 'Spotify', reply = 'El proceso está detenido.', valid = False

    @pytest.mark.parametrize("name", ["Spotify", "Orbit 23", "Running"])
    @pytest.mark.parametrize("reply, valid", [
        ("{name} is installed and running, but no window is currently visible.", False),
        ("{name} is installed but has no visible window.", True),
        ("{name} has two visible windows.", False),
        ("{name} is not installed.", False),
        ("{name} is not running.", False),
        ("{name} is installed with no visible window; background processes were not checked.", True),
        ("{name} está instalado, pero no tiene ventanas visibles.", True),
        ("{name} tiene tres ventanas visibles.", False),
        ("{name} no está instalado.", False),
        ("{name} está ejecutándose en segundo plano.", False),
        ("{name} está instalado y no tiene ventanas visibles; no comprobé sus procesos.", True),
        ("I cannot tell whether {name} is running from this observation.", True),
        ("No sé si {name} sigue ejecutándose; sólo comprobé sus ventanas visibles.", True),
        ("I cannot tell whether {name} is running; it is running in the background.", False),
        ("No sé si {name} está ejecutándose, pero está ejecutándose en segundo plano.", False),
        ("{name} is installed and it's running in the background.", False),
        ("{name} is installed and it’s not running.", False),
        ("{name} is installed; I can't confirm whether it's running.", True),
        ("{name} is installed; I can’t tell whether it’s running.", True),
        ("The process is active.", False),
        ("El proceso está detenido.", False),
    ])
    def test_typed_installation_visibility_and_process_scope(name, reply, valid):
        payload = _compose_situation_payload(situation(name), "en", "Is it open?")
>       assert (not _payload_fact_defect(reply.format(name=name), payload)) is valid
E       AssertionError: assert not '' is False
E        +  where '' = _payload_fact_defect('El proceso está detenido.', {'seen': {'requestedName': 'Spotify', 'displayName': 'Spotify', 'installed': True, 'hasVisibleWindow': False, ...}, 'operation': 'window.application.status'})
E        +    where 'El proceso está detenido.' = <built-in method format of str object at 0x000001F1DBFC3D50>(name='Spotify')
E        +      where <built-in method format of str object at 0x000001F1DBFC3D50> = 'El proceso está detenido.'.format

tests\test_c03_window_facts.py:52: AssertionError
_ test_typed_installation_visibility_and_process_scope[El proceso est\xe1 detenido.-False-Orbit 23] _

name = 'Orbit 23', reply = 'El proceso está detenido.', valid = False

    @pytest.mark.parametrize("name", ["Spotify", "Orbit 23", "Running"])
    @pytest.mark.parametrize("reply, valid", [
        ("{name} is installed and running, but no window is currently visible.", False),
        ("{name} is installed but has no visible window.", True),
        ("{name} has two visible windows.", False),
        ("{name} is not installed.", False),
        ("{name} is not running.", False),
        ("{name} is installed with no visible window; background processes were not checked.", True),
        ("{name} está instalado, pero no tiene ventanas visibles.", True),
        ("{name} tiene tres ventanas visibles.", False),
        ("{name} no está instalado.", False),
        ("{name} está ejecutándose en segundo plano.", False),
        ("{name} está instalado y no tiene ventanas visibles; no comprobé sus procesos.", True),
        ("I cannot tell whether {name} is running from this observation.", True),
        ("No sé si {name} sigue ejecutándose; sólo comprobé sus ventanas visibles.", True),
        ("I cannot tell whether {name} is running; it is running in the background.", False),
        ("No sé si {name} está ejecutándose, pero está ejecutándose en segundo plano.", False),
        ("{name} is installed and it's running in the background.", False),
        ("{name} is installed and it’s not running.", False),
        ("{name} is installed; I can't confirm whether it's running.", True),
        ("{name} is installed; I can’t tell whether it’s running.", True),
        ("The process is active.", False),
        ("El proceso está detenido.", False),
    ])
    def test_typed_installation_visibility_and_process_scope(name, reply, valid):
        payload = _compose_situation_payload(situation(name), "en", "Is it open?")
>       assert (not _payload_fact_defect(reply.format(name=name), payload)) is valid
E       AssertionError: assert not '' is False
E        +  where '' = _payload_fact_defect('El proceso está detenido.', {'seen': {'requestedName': 'Orbit 23', 'displayName': 'Orbit 23', 'installed': True, 'hasVisibleWindow': False, ...}, 'operation': 'window.application.status'})
E        +    where 'El proceso está detenido.' = <built-in method format of str object at 0x000001F1DBFC3D50>(name='Orbit 23')
E        +      where <built-in method format of str object at 0x000001F1DBFC3D50> = 'El proceso está detenido.'.format

tests\test_c03_window_facts.py:52: AssertionError
_ test_typed_installation_visibility_and_process_scope[El proceso est\xe1 detenido.-False-Running] _

name = 'Running', reply = 'El proceso está detenido.', valid = False

    @pytest.mark.parametrize("name", ["Spotify", "Orbit 23", "Running"])
    @pytest.mark.parametrize("reply, valid", [
        ("{name} is installed and running, but no window is currently visible.", False),
        ("{name} is installed but has no visible window.", True),
        ("{name} has two visible windows.", False),
        ("{name} is not installed.", False),
        ("{name} is not running.", False),
        ("{name} is installed with no visible window; background processes were not checked.", True),
        ("{name} está instalado, pero no tiene ventanas visibles.", True),
        ("{name} tiene tres ventanas visibles.", False),
        ("{name} no está instalado.", False),
        ("{name} está ejecutándose en segundo plano.", False),
        ("{name} está instalado y no tiene ventanas visibles; no comprobé sus procesos.", True),
        ("I cannot tell whether {name} is running from this observation.", True),
        ("No sé si {name} sigue ejecutándose; sólo comprobé sus ventanas visibles.", True),
        ("I cannot tell whether {name} is running; it is running in the background.", False),
        ("No sé si {name} está ejecutándose, pero está ejecutándose en segundo plano.", False),
        ("{name} is installed and it's running in the background.", False),
        ("{name} is installed and it’s not running.", False),
        ("{name} is installed; I can't confirm whether it's running.", True),
        ("{name} is installed; I can’t tell whether it’s running.", True),
        ("The process is active.", False),
        ("El proceso está detenido.", False),
    ])
    def test_typed_installation_visibility_and_process_scope(name, reply, valid):
        payload = _compose_situation_payload(situation(name), "en", "Is it open?")
>       assert (not _payload_fact_defect(reply.format(name=name), payload)) is valid
E       AssertionError: assert not '' is False
E        +  where '' = _payload_fact_defect('El proceso está detenido.', {'seen': {'requestedName': 'Running', 'displayName': 'Running', 'installed': True, 'hasVisibleWindow': False, ...}, 'operation': 'window.application.status'})
E        +    where 'El proceso está detenido.' = <built-in method format of str object at 0x000001F1DBFC3D50>(name='Running')
E        +      where <built-in method format of str object at 0x000001F1DBFC3D50> = 'El proceso está detenido.'.format

tests\test_c03_window_facts.py:52: AssertionError
_ test_installation_polarity_is_observed_not_assumed[False-Br\xfajula hasn't been installed.-True] _

installed = False, reply = "Brújula hasn't been installed.", valid = True

    @pytest.mark.parametrize("installed, reply, valid", [
        (False, "Brújula no está instalada.", True),
        (False, "Brújula está instalada.", False),
        (False, "Brújula is not installed.", True),
        (False, "Brújula is installed.", False),
        (True, "Brújula isn't installed.", False),
        (False, "Brújula isn't installed.", True),
        (False, "Brújula hasn't been installed.", True),
        (True, "Brújula hasn't been installed.", False),
        (False, "Brújula no se encuentra instalada.", True),
        (True, "Brújula no se encuentra instalada.", False),
    ])
    def test_installation_polarity_is_observed_not_assumed(installed, reply, valid):
>       assert (not _payload_fact_defect(reply, _compose_situation_payload(situation("Brújula", installed), "en"))) is valid
E       assert not 'reversed_result' is True
E        +  where 'reversed_result' = _payload_fact_defect("Brújula hasn't been installed.", {'seen': {'requestedName': 'Brújula', 'displayName': None, 'installed': False, 'hasVisibleWindow': False, ...}, 'operation': 'window.application.status'})
E        +    where {'seen': {'requestedName': 'Brújula', 'displayName': None, 'installed': False, 'hasVisibleWindow': False, ...}, 'operation': 'window.application.status'} = _compose_situation_payload({'kind': 'operation', 'operation': 'window.application.status', 'polarity': 'success', 'verified': True, ...}, 'en')
E        +      where {'kind': 'operation', 'operation': 'window.application.status', 'polarity': 'success', 'verified': True, ...} = situation('Brújula', False)

tests\test_c03_window_facts.py:95: AssertionError
_ test_installation_polarity_is_observed_not_assumed[True-Br\xfajula hasn't been installed.-False] _

installed = True, reply = "Brújula hasn't been installed.", valid = False

    @pytest.mark.parametrize("installed, reply, valid", [
        (False, "Brújula no está instalada.", True),
        (False, "Brújula está instalada.", False),
        (False, "Brújula is not installed.", True),
        (False, "Brújula is installed.", False),
        (True, "Brújula isn't installed.", False),
        (False, "Brújula isn't installed.", True),
        (False, "Brújula hasn't been installed.", True),
        (True, "Brújula hasn't been installed.", False),
        (False, "Brújula no se encuentra instalada.", True),
        (True, "Brújula no se encuentra instalada.", False),
    ])
    def test_installation_polarity_is_observed_not_assumed(installed, reply, valid):
>       assert (not _payload_fact_defect(reply, _compose_situation_payload(situation("Brújula", installed), "en"))) is valid
E       assert not '' is False
E        +  where '' = _payload_fact_defect("Brújula hasn't been installed.", {'seen': {'requestedName': 'Brújula', 'displayName': 'Brújula', 'installed': True, 'hasVisibleWindow': False, ...}, 'operation': 'window.application.status'})
E        +    where {'seen': {'requestedName': 'Brújula', 'displayName': 'Brújula', 'installed': True, 'hasVisibleWindow': False, ...}, 'operation': 'window.application.status'} = _compose_situation_payload({'kind': 'operation', 'operation': 'window.application.status', 'polarity': 'success', 'verified': True, ...}, 'en')
E        +      where {'kind': 'operation', 'operation': 'window.application.status', 'polarity': 'success', 'verified': True, ...} = situation('Brújula', True)

tests\test_c03_window_facts.py:95: AssertionError
_ test_installation_polarity_is_observed_not_assumed[False-Br\xfajula no se encuentra instalada.-True] _

installed = False, reply = 'Brújula no se encuentra instalada.', valid = True

    @pytest.mark.parametrize("installed, reply, valid", [
        (False, "Brújula no está instalada.", True),
        (False, "Brújula está instalada.", False),
        (False, "Brújula is not installed.", True),
        (False, "Brújula is installed.", False),
        (True, "Brújula isn't installed.", False),
        (False, "Brújula isn't installed.", True),
        (False, "Brújula hasn't been installed.", True),
        (True, "Brújula hasn't been installed.", False),
        (False, "Brújula no se encuentra instalada.", True),
        (True, "Brújula no se encuentra instalada.", False),
    ])
    def test_installation_polarity_is_observed_not_assumed(installed, reply, valid):
>       assert (not _payload_fact_defect(reply, _compose_situation_payload(situation("Brújula", installed), "en"))) is valid
E       AssertionError: assert not 'reversed_result' is True
E        +  where 'reversed_result' = _payload_fact_defect('Brújula no se encuentra instalada.', {'seen': {'requestedName': 'Brújula', 'displayName': None, 'installed': False, 'hasVisibleWindow': False, ...}, 'operation': 'window.application.status'})
E        +    where {'seen': {'requestedName': 'Brújula', 'displayName': None, 'installed': False, 'hasVisibleWindow': False, ...}, 'operation': 'window.application.status'} = _compose_situation_payload({'kind': 'operation', 'operation': 'window.application.status', 'polarity': 'success', 'verified': True, ...}, 'en')
E        +      where {'kind': 'operation', 'operation': 'window.application.status', 'polarity': 'success', 'verified': True, ...} = situation('Brújula', False)

tests\test_c03_window_facts.py:95: AssertionError
_ test_installation_polarity_is_observed_not_assumed[True-Br\xfajula no se encuentra instalada.-False] _

installed = True, reply = 'Brújula no se encuentra instalada.', valid = False

    @pytest.mark.parametrize("installed, reply, valid", [
        (False, "Brújula no está instalada.", True),
        (False, "Brújula está instalada.", False),
        (False, "Brújula is not installed.", True),
        (False, "Brújula is installed.", False),
        (True, "Brújula isn't installed.", False),
        (False, "Brújula isn't installed.", True),
        (False, "Brújula hasn't been installed.", True),
        (True, "Brújula hasn't been installed.", False),
        (False, "Brújula no se encuentra instalada.", True),
        (True, "Brújula no se encuentra instalada.", False),
    ])
    def test_installation_polarity_is_observed_not_assumed(installed, reply, valid):
>       assert (not _payload_fact_defect(reply, _compose_situation_payload(situation("Brújula", installed), "en"))) is valid
E       AssertionError: assert not '' is False
E        +  where '' = _payload_fact_defect('Brújula no se encuentra instalada.', {'seen': {'requestedName': 'Brújula', 'displayName': 'Brújula', 'installed': True, 'hasVisibleWindow': False, ...}, 'operation': 'window.application.status'})
E        +    where {'seen': {'requestedName': 'Brújula', 'displayName': 'Brújula', 'installed': True, 'hasVisibleWindow': False, ...}, 'operation': 'window.application.status'} = _compose_situation_payload({'kind': 'operation', 'operation': 'window.application.status', 'polarity': 'success', 'verified': True, ...}, 'en')
E        +      where {'kind': 'operation', 'operation': 'window.application.status', 'polarity': 'success', 'verified': True, ...} = situation('Brújula', True)

tests\test_c03_window_facts.py:95: AssertionError
=========================== short test summary info ===========================
FAILED tests/test_c03_window_facts.py::test_typed_installation_visibility_and_process_scope[{name} is installed and it's running in the background.-False-Spotify]
FAILED tests/test_c03_window_facts.py::test_typed_installation_visibility_and_process_scope[{name} is installed and it's running in the background.-False-Orbit 23]
FAILED tests/test_c03_window_facts.py::test_typed_installation_visibility_and_process_scope[{name} is installed and it's running in the background.-False-Running]
FAILED tests/test_c03_window_facts.py::test_typed_installation_visibility_and_process_scope[{name} is installed and it\u2019s not running.-False-Spotify]
FAILED tests/test_c03_window_facts.py::test_typed_installation_visibility_and_process_scope[{name} is installed and it\u2019s not running.-False-Orbit 23]
FAILED tests/test_c03_window_facts.py::test_typed_installation_visibility_and_process_scope[{name} is installed and it\u2019s not running.-False-Running]
FAILED tests/test_c03_window_facts.py::test_typed_installation_visibility_and_process_scope[The process is active.-False-Spotify]
FAILED tests/test_c03_window_facts.py::test_typed_installation_visibility_and_process_scope[The process is active.-False-Orbit 23]
FAILED tests/test_c03_window_facts.py::test_typed_installation_visibility_and_process_scope[The process is active.-False-Running]
FAILED tests/test_c03_window_facts.py::test_typed_installation_visibility_and_process_scope[El proceso est\xe1 detenido.-False-Spotify]
FAILED tests/test_c03_window_facts.py::test_typed_installation_visibility_and_process_scope[El proceso est\xe1 detenido.-False-Orbit 23]
FAILED tests/test_c03_window_facts.py::test_typed_installation_visibility_and_process_scope[El proceso est\xe1 detenido.-False-Running]
FAILED tests/test_c03_window_facts.py::test_installation_polarity_is_observed_not_assumed[False-Br\xfajula hasn't been installed.-True]
FAILED tests/test_c03_window_facts.py::test_installation_polarity_is_observed_not_assumed[True-Br\xfajula hasn't been installed.-False]
FAILED tests/test_c03_window_facts.py::test_installation_polarity_is_observed_not_assumed[False-Br\xfajula no se encuentra instalada.-True]
FAILED tests/test_c03_window_facts.py::test_installation_polarity_is_observed_not_assumed[True-Br\xfajula no se encuentra instalada.-False]
16 failed, 87 passed in 0.89s
