........................................................................ [  5%]
........................................................................ [ 10%]
............................................................................... [ 15%]
.................................... [ 18%]
.............................................................. [ 22%]
.............................................................. [ 27%]
........................................................................ [ 32%]
........................................................................ [ 37%]
........................................................................ [ 42%]
........................................................................ [ 47%]
........................................................................ [ 52%]
........................................................................ [ 57%]
........................................................................ [ 63%]
........................................................................ [ 68%]
........................................................................ [ 73%]
........................................................................ [ 78%]
........................................................................ [ 83%]
........................................................................ [ 88%]
........................................................................ [ 93%]
........................................................................ [ 98%]
................                                                         [100%]
1407 passed, 121 subtests passed in 13.37s
