........................................................................ [  1%]
........................................................................ [  3%]
........................................................................ [  5%]
........................................................................ [  7%]
........................................................................ [  9%]
........................................................................ [ 11%]
........................................................................ [ 13%]
........................................................................ [ 15%]
........................................................................ [ 17%]
........................................................................ [ 19%]
........................................................................ [ 21%]
........................................................................ [ 23%]
........................................................................ [ 25%]
...........................................F............................ [ 27%]
........................................................................ [ 29%]
........................................................................ [ 31%]
........................................................................ [ 33%]
........................................................................ [ 35%]
........................................................................ [ 36%]
........................................................................ [ 38%]
........................................................................ [ 40%]
........................................................................ [ 42%]
........................................................................ [ 44%]
........................................................................ [ 46%]
........................................................................ [ 48%]
........................................................................ [ 50%]
........................................................................ [ 52%]
........................................................................ [ 54%]
........................................................................ [ 56%]
........................................................................ [ 58%]
........................................................................ [ 60%]
........................................................................ [ 62%]
........................................................................ [ 64%]
........................................................................ [ 66%]
........................................................................ [ 68%]
........................................................................ [ 70%]
........................................................................ [ 72%]
........................................................................ [ 73%]
........................................................................ [ 75%]
........................................................................ [ 77%]
........................................................................ [ 79%]
........................................................................ [ 81%]
........................................................................ [ 83%]
........................................................................ [ 85%]
........................................................................ [ 87%]
........................................................................ [ 89%]
........................................................................ [ 91%]
........................................................................ [ 93%]
........................................................................ [ 95%]
....................................................................................................................................................................... [ 99%]
....                                                                     [100%]
================================== FAILURES ===================================
_ test_resource_identity_stays_with_machine_status[Qu\xe9 Windows tengo y cu\xe1nta RAM tiene esta m\xe1quina] _
tests\test_effect_intent.py:3993: in test_resource_identity_stays_with_machine_status
    assert result.operations == ("system.status",)
E   AssertionError: assert ('system.stat...ystem.status') == ('system.status',)
E     
E     Left contains one more item: 'system.status'
E     Use -v to get more diff
=========================== short test summary info ===========================
FAILED tests/test_effect_intent.py::test_resource_identity_stays_with_machine_status[Qu\xe9 Windows tengo y cu\xe1nta RAM tiene esta m\xe1quina]
1 failed, 3698 passed, 121 subtests passed in 56.21s
