  Determinando los proyectos que se van a restaurar...
  Se ha restaurado D:\Perfil\Escritorio\ETC\Programacion\BAXY DEFINITIVO\src\Baxy.Contracts\Baxy.Contracts.csproj (en 191 ms).
  Se ha restaurado D:\Perfil\Escritorio\ETC\Programacion\BAXY DEFINITIVO\src\Baxy.Security.Windows\Baxy.Security.Windows.csproj (en 191 ms).
  Se ha restaurado D:\Perfil\Escritorio\ETC\Programacion\BAXY DEFINITIVO\src\Baxy.Kernel\Baxy.Kernel.csproj (en 191 ms).
  Se ha restaurado D:\Perfil\Escritorio\ETC\Programacion\BAXY DEFINITIVO\src\Baxy.Providers.Windows\Baxy.Providers.Windows.csproj (en 191 ms).
  Se ha restaurado D:\Perfil\Escritorio\ETC\Programacion\BAXY DEFINITIVO\src\Baxy.Core\Baxy.Core.csproj (en 191 ms).
  Se ha restaurado D:\Perfil\Escritorio\ETC\Programacion\BAXY DEFINITIVO\src\Baxy.App\Baxy.App.csproj (en 191 ms).
  1 de 7 proyectos están actualizados para la restauración.
  Baxy.Security.Windows -> D:\Perfil\Escritorio\ETC\Programacion\BAXY DEFINITIVO\src\Baxy.Security.Windows\bin\Release\net10.0-windows10.0.19041.0\Baxy.Security.Windows.dll
  Baxy.Contracts -> D:\Perfil\Escritorio\ETC\Programacion\BAXY DEFINITIVO\src\Baxy.Contracts\bin\Release\net10.0\Baxy.Contracts.dll
  Baxy.Kernel -> D:\Perfil\Escritorio\ETC\Programacion\BAXY DEFINITIVO\src\Baxy.Kernel\bin\Release\net10.0\Baxy.Kernel.dll
  Baxy.Providers.Windows -> D:\Perfil\Escritorio\ETC\Programacion\BAXY DEFINITIVO\src\Baxy.Providers.Windows\bin\Release\net10.0-windows10.0.19041.0\Baxy.Providers.Windows.dll
  Baxy.Core -> D:\Perfil\Escritorio\ETC\Programacion\BAXY DEFINITIVO\src\Baxy.Core\bin\Release\net10.0-windows10.0.19041.0\baxy-core.dll
  Baxy.App -> D:\Perfil\Escritorio\ETC\Programacion\BAXY DEFINITIVO\src\Baxy.App\bin\Release\net10.0-windows10.0.19041.0\Baxy.dll
  Baxy.Integration.Tests -> D:\Perfil\Escritorio\ETC\Programacion\BAXY DEFINITIVO\tests\Baxy.Integration.Tests\bin\Release\net10.0-windows10.0.19041.0\Baxy.Integration.Tests.dll
Serie de pruebas para D:\Perfil\Escritorio\ETC\Programacion\BAXY DEFINITIVO\tests\Baxy.Integration.Tests\bin\Release\net10.0-windows10.0.19041.0\Baxy.Integration.Tests.dll (.NETCoreApp,Version=v10.0)
1 archivos de prueba en total coincidieron con el patrón especificado.
  Con error ExplicitPrivateMemoryRequestSupersedesMindClarification("What name have you saved in private memory?","memory.recall") [8 s]
  Mensaje de error:
   System.IO.IOException : The process cannot access the file 'C:\Users\emman\AppData\Local\BAXY\mind-shell-contract-8cafda8cc4354d81ab04e31ecda0e64d\journal\missions.jsonl' because it is being used by another process.

Multiple failures or warnings in test:
  1)   The typed private route must not be reclassified as a public slot reply.
Assert.That(ReadTrace(tracePath).Count(entry => Property(entry, "type") == "turn.decide"), Is.EqualTo(decisionsBefore))
  Expected: 1
  But was:  3

  2)   Assert.That(new FileInfo(journalPath).Length, Is.GreaterThan(before))
  Expected: greater than 2347
  But was:  2347


  Seguimiento de la pila:
     at Microsoft.Win32.SafeHandles.SafeFileHandle.CreateFile(String fullPath, FileMode mode, FileAccess access, FileShare share, FileOptions options)
   at System.IO.Strategies.OSFileStreamStrategy..ctor(String path, FileMode mode, FileAccess access, FileShare share, FileOptions options, Int64 preallocationSize, Nullable`1 unixCreateMode)
   at System.IO.StreamReader.ValidateArgsAndOpenPath(String path, Int32 bufferSize)
   at System.IO.File.ReadAllText(String path, Encoding encoding)
   at Baxy.Integration.Tests.MindShellEndToEndTests.<>c__DisplayClass21_1.<ExplicitPrivateMemoryRequestSupersedesMindClarification>b__2() in D:\Perfil\Escritorio\ETC\Programacion\BAXY DEFINITIVO\tests\Baxy.Integration.Tests\MindShellEndToEndTests.cs:line 536
   at NUnit.Framework.Assert.Multiple(TestDelegate testDelegate)
   at Baxy.Integration.Tests.MindShellEndToEndTests.<>c__DisplayClass21_0.<<ExplicitPrivateMemoryRequestSupersedesMindClarification>b__0>d.MoveNext() in D:\Perfil\Escritorio\ETC\Programacion\BAXY DEFINITIVO\tests\Baxy.Integration.Tests\MindShellEndToEndTests.cs:line 531
--- End of stack trace from previous location ---
   at Baxy.Integration.Tests.MindShellEndToEndTests.WithContractMindAsync(Func`4 body) in D:\Perfil\Escritorio\ETC\Programacion\BAXY DEFINITIVO\tests\Baxy.Integration.Tests\MindShellEndToEndTests.cs:line 963
   at Baxy.Integration.Tests.MindShellEndToEndTests.WithContractMindAsync(Func`4 body) in D:\Perfil\Escritorio\ETC\Programacion\BAXY DEFINITIVO\tests\Baxy.Integration.Tests\MindShellEndToEndTests.cs:line 963
   at Baxy.Integration.Tests.MindShellEndToEndTests.ExplicitPrivateMemoryRequestSupersedesMindClarification(String request, String operation) in D:\Perfil\Escritorio\ETC\Programacion\BAXY DEFINITIVO\tests\Baxy.Integration.Tests\MindShellEndToEndTests.cs:line 521
   at NUnit.Framework.Internal.TaskAwaitAdapter.GenericAdapter`1.BlockUntilCompleted()
   at NUnit.Framework.Internal.MessagePumpStrategy.NoMessagePumpStrategy.WaitForCompletion(AwaitAdapter awaiter)
   at NUnit.Framework.Internal.AsyncToSyncAdapter.Await[TResult](Func`1 invoke)
   at NUnit.Framework.Internal.AsyncToSyncAdapter.Await(Func`1 invoke)
   at NUnit.Framework.Internal.Commands.TestMethodCommand.RunTestMethod(TestExecutionContext context)
   at NUnit.Framework.Internal.Commands.TestMethodCommand.Execute(TestExecutionContext context)
   at NUnit.Framework.Internal.Execution.SimpleWorkItem.<>c__DisplayClass3_0.<PerformWork>b__0()
   at NUnit.Framework.Internal.ContextUtils.<>c__DisplayClass1_0`1.<DoIsolated>b__0(Object _)
   at System.Threading.ExecutionContext.RunInternal(ExecutionContext executionContext, ContextCallback callback, Object state)
--- End of stack trace from previous location ---
   at System.Threading.ExecutionContext.RunInternal(ExecutionContext executionContext, ContextCallback callback, Object state)
   at NUnit.Framework.Internal.ContextUtils.DoIsolated(ContextCallback callback, Object state)
   at NUnit.Framework.Internal.ContextUtils.DoIsolated[T](Func`1 func)
   at NUnit.Framework.Internal.Execution.SimpleWorkItem.PerformWork()
1)    at Baxy.Integration.Tests.MindShellEndToEndTests.<>c__DisplayClass21_1.<ExplicitPrivateMemoryRequestSupersedesMindClarification>b__2() in D:\Perfil\Escritorio\ETC\Programacion\BAXY DEFINITIVO\tests\Baxy.Integration.Tests\MindShellEndToEndTests.cs:line 533
   at NUnit.Framework.Assert.Multiple(TestDelegate testDelegate)
   at Baxy.Integration.Tests.MindShellEndToEndTests.<>c__DisplayClass21_0.<<ExplicitPrivateMemoryRequestSupersedesMindClarification>b__0>d.MoveNext() in D:\Perfil\Escritorio\ETC\Programacion\BAXY DEFINITIVO\tests\Baxy.Integration.Tests\MindShellEndToEndTests.cs:line 531
   at System.Runtime.CompilerServices.AsyncTaskMethodBuilder`1.AsyncStateMachineBox`1.ExecutionContextCallback(Object s)

2)    at Baxy.Integration.Tests.MindShellEndToEndTests.<>c__DisplayClass21_1.<ExplicitPrivateMemoryRequestSupersedesMindClarification>b__2() in D:\Perfil\Escritorio\ETC\Programacion\BAXY DEFINITIVO\tests\Baxy.Integration.Tests\MindShellEndToEndTests.cs:line 535
   at NUnit.Framework.Assert.Multiple(TestDelegate testDelegate)
   at Baxy.Integration.Tests.MindShellEndToEndTests.<>c__DisplayClass21_0.<<ExplicitPrivateMemoryRequestSupersedesMindClarification>b__0>d.MoveNext() in D:\Perfil\Escritorio\ETC\Programacion\BAXY DEFINITIVO\tests\Baxy.Integration.Tests\MindShellEndToEndTests.cs:line 531
   at System.Runtime.CompilerServices.AsyncTaskMethodBuilder`1.AsyncStateMachineBox`1.ExecutionContextCallback(Object s)

3)    at Microsoft.Win32.SafeHandles.SafeFileHandle.CreateFile(String fullPath, FileMode mode, FileAccess access, FileShare share, FileOptions options)
   at System.IO.Strategies.OSFileStreamStrategy..ctor(String path, FileMode mode, FileAccess access, FileShare share, FileOptions options, Int64 preallocationSize, Nullable`1 unixCreateMode)
   at System.IO.StreamReader.ValidateArgsAndOpenPath(String path, Int32 bufferSize)
   at System.IO.File.ReadAllText(String path, Encoding encoding)
   at Baxy.Integration.Tests.MindShellEndToEndTests.<>c__DisplayClass21_1.<ExplicitPrivateMemoryRequestSupersedesMindClarification>b__2() in D:\Perfil\Escritorio\ETC\Programacion\BAXY DEFINITIVO\tests\Baxy.Integration.Tests\MindShellEndToEndTests.cs:line 536
   at NUnit.Framework.Assert.Multiple(TestDelegate testDelegate)
   at Baxy.Integration.Tests.MindShellEndToEndTests.<>c__DisplayClass21_0.<<ExplicitPrivateMemoryRequestSupersedesMindClarification>b__0>d.MoveNext() in D:\Perfil\Escritorio\ETC\Programacion\BAXY DEFINITIVO\tests\Baxy.Integration.Tests\MindShellEndToEndTests.cs:line 531
--- End of stack trace from previous location ---
   at Baxy.Integration.Tests.MindShellEndToEndTests.WithContractMindAsync(Func`4 body) in D:\Perfil\Escritorio\ETC\Programacion\BAXY DEFINITIVO\tests\Baxy.Integration.Tests\MindShellEndToEndTests.cs:line 963
   at Baxy.Integration.Tests.MindShellEndToEndTests.WithContractMindAsync(Func`4 body) in D:\Perfil\Escritorio\ETC\Programacion\BAXY DEFINITIVO\tests\Baxy.Integration.Tests\MindShellEndToEndTests.cs:line 963
   at Baxy.Integration.Tests.MindShellEndToEndTests.ExplicitPrivateMemoryRequestSupersedesMindClarification(String request, String operation) in D:\Perfil\Escritorio\ETC\Programacion\BAXY DEFINITIVO\tests\Baxy.Integration.Tests\MindShellEndToEndTests.cs:line 521
   at NUnit.Framework.Internal.TaskAwaitAdapter.GenericAdapter`1.BlockUntilCompleted()
   at NUnit.Framework.Internal.MessagePumpStrategy.NoMessagePumpStrategy.WaitForCompletion(AwaitAdapter awaiter)
   at NUnit.Framework.Internal.AsyncToSyncAdapter.Await[TResult](Func`1 invoke)
   at NUnit.Framework.Internal.AsyncToSyncAdapter.Await(Func`1 invoke)
   at NUnit.Framework.Internal.Commands.TestMethodCommand.RunTestMethod(TestExecutionContext context)
   at NUnit.Framework.Internal.Commands.TestMethodCommand.Execute(TestExecutionContext context)
   at NUnit.Framework.Internal.Execution.SimpleWorkItem.<>c__DisplayClass3_0.<PerformWork>b__0()
   at NUnit.Framework.Internal.ContextUtils.<>c__DisplayClass1_0`1.<DoIsolated>b__0(Object _)
   at System.Threading.ExecutionContext.RunInternal(ExecutionContext executionContext, ContextCallback callback, Object state)
--- End of stack trace from previous location ---
   at System.Threading.ExecutionContext.RunInternal(ExecutionContext executionContext, ContextCallback callback, Object state)
   at NUnit.Framework.Internal.ContextUtils.DoIsolated(ContextCallback callback, Object state)
   at NUnit.Framework.Internal.ContextUtils.DoIsolated[T](Func`1 func)
   at NUnit.Framework.Internal.Execution.SimpleWorkItem.PerformWork()

  Con error ExplicitPrivateMemoryRequestSupersedesMindClarification("¿Qué nombre tienes guardado en tu memoria privada?","memory.recall") [4 s]
  Mensaje de error:
   System.IO.IOException : The process cannot access the file 'C:\Users\emman\AppData\Local\BAXY\mind-shell-contract-ec8db874c93f4280beb6b15acaa74d49\journal\missions.jsonl' because it is being used by another process.

Multiple failures or warnings in test:
  1)   The typed private route must not be reclassified as a public slot reply.
Assert.That(ReadTrace(tracePath).Count(entry => Property(entry, "type") == "turn.decide"), Is.EqualTo(decisionsBefore))
  Expected: 1
  But was:  3

  2)   Assert.That(new FileInfo(journalPath).Length, Is.GreaterThan(before))
  Expected: greater than 2357
  But was:  2357


  Seguimiento de la pila:
     at Microsoft.Win32.SafeHandles.SafeFileHandle.CreateFile(String fullPath, FileMode mode, FileAccess access, FileShare share, FileOptions options)
   at System.IO.Strategies.OSFileStreamStrategy..ctor(String path, FileMode mode, FileAccess access, FileShare share, FileOptions options, Int64 preallocationSize, Nullable`1 unixCreateMode)
   at System.IO.StreamReader.ValidateArgsAndOpenPath(String path, Int32 bufferSize)
   at System.IO.File.ReadAllText(String path, Encoding encoding)
   at Baxy.Integration.Tests.MindShellEndToEndTests.<>c__DisplayClass21_1.<ExplicitPrivateMemoryRequestSupersedesMindClarification>b__2() in D:\Perfil\Escritorio\ETC\Programacion\BAXY DEFINITIVO\tests\Baxy.Integration.Tests\MindShellEndToEndTests.cs:line 536
   at NUnit.Framework.Assert.Multiple(TestDelegate testDelegate)
   at Baxy.Integration.Tests.MindShellEndToEndTests.<>c__DisplayClass21_0.<<ExplicitPrivateMemoryRequestSupersedesMindClarification>b__0>d.MoveNext() in D:\Perfil\Escritorio\ETC\Programacion\BAXY DEFINITIVO\tests\Baxy.Integration.Tests\MindShellEndToEndTests.cs:line 531
--- End of stack trace from previous location ---
   at Baxy.Integration.Tests.MindShellEndToEndTests.WithContractMindAsync(Func`4 body) in D:\Perfil\Escritorio\ETC\Programacion\BAXY DEFINITIVO\tests\Baxy.Integration.Tests\MindShellEndToEndTests.cs:line 963
   at Baxy.Integration.Tests.MindShellEndToEndTests.WithContractMindAsync(Func`4 body) in D:\Perfil\Escritorio\ETC\Programacion\BAXY DEFINITIVO\tests\Baxy.Integration.Tests\MindShellEndToEndTests.cs:line 963
   at Baxy.Integration.Tests.MindShellEndToEndTests.ExplicitPrivateMemoryRequestSupersedesMindClarification(String request, String operation) in D:\Perfil\Escritorio\ETC\Programacion\BAXY DEFINITIVO\tests\Baxy.Integration.Tests\MindShellEndToEndTests.cs:line 521
   at NUnit.Framework.Internal.TaskAwaitAdapter.GenericAdapter`1.BlockUntilCompleted()
   at NUnit.Framework.Internal.MessagePumpStrategy.NoMessagePumpStrategy.WaitForCompletion(AwaitAdapter awaiter)
   at NUnit.Framework.Internal.AsyncToSyncAdapter.Await[TResult](Func`1 invoke)
   at NUnit.Framework.Internal.AsyncToSyncAdapter.Await(Func`1 invoke)
   at NUnit.Framework.Internal.Commands.TestMethodCommand.RunTestMethod(TestExecutionContext context)
   at NUnit.Framework.Internal.Commands.TestMethodCommand.Execute(TestExecutionContext context)
   at NUnit.Framework.Internal.Execution.SimpleWorkItem.<>c__DisplayClass3_0.<PerformWork>b__0()
   at NUnit.Framework.Internal.ContextUtils.<>c__DisplayClass1_0`1.<DoIsolated>b__0(Object _)
   at System.Threading.ExecutionContext.RunInternal(ExecutionContext executionContext, ContextCallback callback, Object state)
--- End of stack trace from previous location ---
   at System.Threading.ExecutionContext.RunInternal(ExecutionContext executionContext, ContextCallback callback, Object state)
   at NUnit.Framework.Internal.ContextUtils.DoIsolated(ContextCallback callback, Object state)
   at NUnit.Framework.Internal.ContextUtils.DoIsolated[T](Func`1 func)
   at NUnit.Framework.Internal.Execution.SimpleWorkItem.PerformWork()
1)    at Baxy.Integration.Tests.MindShellEndToEndTests.<>c__DisplayClass21_1.<ExplicitPrivateMemoryRequestSupersedesMindClarification>b__2() in D:\Perfil\Escritorio\ETC\Programacion\BAXY DEFINITIVO\tests\Baxy.Integration.Tests\MindShellEndToEndTests.cs:line 533
   at NUnit.Framework.Assert.Multiple(TestDelegate testDelegate)
   at Baxy.Integration.Tests.MindShellEndToEndTests.<>c__DisplayClass21_0.<<ExplicitPrivateMemoryRequestSupersedesMindClarification>b__0>d.MoveNext() in D:\Perfil\Escritorio\ETC\Programacion\BAXY DEFINITIVO\tests\Baxy.Integration.Tests\MindShellEndToEndTests.cs:line 531
   at System.Runtime.CompilerServices.AsyncTaskMethodBuilder`1.AsyncStateMachineBox`1.ExecutionContextCallback(Object s)

2)    at Baxy.Integration.Tests.MindShellEndToEndTests.<>c__DisplayClass21_1.<ExplicitPrivateMemoryRequestSupersedesMindClarification>b__2() in D:\Perfil\Escritorio\ETC\Programacion\BAXY DEFINITIVO\tests\Baxy.Integration.Tests\MindShellEndToEndTests.cs:line 535
   at NUnit.Framework.Assert.Multiple(TestDelegate testDelegate)
   at Baxy.Integration.Tests.MindShellEndToEndTests.<>c__DisplayClass21_0.<<ExplicitPrivateMemoryRequestSupersedesMindClarification>b__0>d.MoveNext() in D:\Perfil\Escritorio\ETC\Programacion\BAXY DEFINITIVO\tests\Baxy.Integration.Tests\MindShellEndToEndTests.cs:line 531
   at System.Runtime.CompilerServices.AsyncTaskMethodBuilder`1.AsyncStateMachineBox`1.ExecutionContextCallback(Object s)

3)    at Microsoft.Win32.SafeHandles.SafeFileHandle.CreateFile(String fullPath, FileMode mode, FileAccess access, FileShare share, FileOptions options)
   at System.IO.Strategies.OSFileStreamStrategy..ctor(String path, FileMode mode, FileAccess access, FileShare share, FileOptions options, Int64 preallocationSize, Nullable`1 unixCreateMode)
   at System.IO.StreamReader.ValidateArgsAndOpenPath(String path, Int32 bufferSize)
   at System.IO.File.ReadAllText(String path, Encoding encoding)
   at Baxy.Integration.Tests.MindShellEndToEndTests.<>c__DisplayClass21_1.<ExplicitPrivateMemoryRequestSupersedesMindClarification>b__2() in D:\Perfil\Escritorio\ETC\Programacion\BAXY DEFINITIVO\tests\Baxy.Integration.Tests\MindShellEndToEndTests.cs:line 536
   at NUnit.Framework.Assert.Multiple(TestDelegate testDelegate)
   at Baxy.Integration.Tests.MindShellEndToEndTests.<>c__DisplayClass21_0.<<ExplicitPrivateMemoryRequestSupersedesMindClarification>b__0>d.MoveNext() in D:\Perfil\Escritorio\ETC\Programacion\BAXY DEFINITIVO\tests\Baxy.Integration.Tests\MindShellEndToEndTests.cs:line 531
--- End of stack trace from previous location ---
   at Baxy.Integration.Tests.MindShellEndToEndTests.WithContractMindAsync(Func`4 body) in D:\Perfil\Escritorio\ETC\Programacion\BAXY DEFINITIVO\tests\Baxy.Integration.Tests\MindShellEndToEndTests.cs:line 963
   at Baxy.Integration.Tests.MindShellEndToEndTests.WithContractMindAsync(Func`4 body) in D:\Perfil\Escritorio\ETC\Programacion\BAXY DEFINITIVO\tests\Baxy.Integration.Tests\MindShellEndToEndTests.cs:line 963
   at Baxy.Integration.Tests.MindShellEndToEndTests.ExplicitPrivateMemoryRequestSupersedesMindClarification(String request, String operation) in D:\Perfil\Escritorio\ETC\Programacion\BAXY DEFINITIVO\tests\Baxy.Integration.Tests\MindShellEndToEndTests.cs:line 521
   at NUnit.Framework.Internal.TaskAwaitAdapter.GenericAdapter`1.BlockUntilCompleted()
   at NUnit.Framework.Internal.MessagePumpStrategy.NoMessagePumpStrategy.WaitForCompletion(AwaitAdapter awaiter)
   at NUnit.Framework.Internal.AsyncToSyncAdapter.Await[TResult](Func`1 invoke)
   at NUnit.Framework.Internal.AsyncToSyncAdapter.Await(Func`1 invoke)
   at NUnit.Framework.Internal.Commands.TestMethodCommand.RunTestMethod(TestExecutionContext context)
   at NUnit.Framework.Internal.Commands.TestMethodCommand.Execute(TestExecutionContext context)
   at NUnit.Framework.Internal.Execution.SimpleWorkItem.<>c__DisplayClass3_0.<PerformWork>b__0()
   at NUnit.Framework.Internal.ContextUtils.<>c__DisplayClass1_0`1.<DoIsolated>b__0(Object _)
   at System.Threading.ExecutionContext.RunInternal(ExecutionContext executionContext, ContextCallback callback, Object state)
--- End of stack trace from previous location ---
   at System.Threading.ExecutionContext.RunInternal(ExecutionContext executionContext, ContextCallback callback, Object state)
   at NUnit.Framework.Internal.ContextUtils.DoIsolated(ContextCallback callback, Object state)
   at NUnit.Framework.Internal.ContextUtils.DoIsolated[T](Func`1 func)
   at NUnit.Framework.Internal.Execution.SimpleWorkItem.PerformWork()

  Con error ExplicitPrivateMemoryRequestSupersedesMindClarification("do you have memory","memory.status") [4 s]
  Mensaje de error:
   System.IO.IOException : The process cannot access the file 'C:\Users\emman\AppData\Local\BAXY\mind-shell-contract-7d8b77bdd8ba49cd822a8b6bc8ee9f2b\journal\missions.jsonl' because it is being used by another process.

Multiple failures or warnings in test:
  1)   The typed private route must not be reclassified as a public slot reply.
Assert.That(ReadTrace(tracePath).Count(entry => Property(entry, "type") == "turn.decide"), Is.EqualTo(decisionsBefore))
  Expected: 1
  But was:  3

  2)   Assert.That(new FileInfo(journalPath).Length, Is.GreaterThan(before))
  Expected: greater than 2357
  But was:  2357


  Seguimiento de la pila:
     at System.IO.Strategies.OSFileStreamStrategy..ctor(String path, FileMode mode, FileAccess access, FileShare share, FileOptions options, Int64 preallocationSize, Nullable`1 unixCreateMode)
   at System.IO.StreamReader.ValidateArgsAndOpenPath(String path, Int32 bufferSize)
   at System.IO.File.ReadAllText(String path, Encoding encoding)
   at Baxy.Integration.Tests.MindShellEndToEndTests.<>c__DisplayClass21_1.<ExplicitPrivateMemoryRequestSupersedesMindClarification>b__2() in D:\Perfil\Escritorio\ETC\Programacion\BAXY DEFINITIVO\tests\Baxy.Integration.Tests\MindShellEndToEndTests.cs:line 536
   at NUnit.Framework.Assert.Multiple(TestDelegate testDelegate)
   at Baxy.Integration.Tests.MindShellEndToEndTests.<>c__DisplayClass21_0.<<ExplicitPrivateMemoryRequestSupersedesMindClarification>b__0>d.MoveNext() in D:\Perfil\Escritorio\ETC\Programacion\BAXY DEFINITIVO\tests\Baxy.Integration.Tests\MindShellEndToEndTests.cs:line 531
--- End of stack trace from previous location ---
   at Baxy.Integration.Tests.MindShellEndToEndTests.WithContractMindAsync(Func`4 body) in D:\Perfil\Escritorio\ETC\Programacion\BAXY DEFINITIVO\tests\Baxy.Integration.Tests\MindShellEndToEndTests.cs:line 963
   at Baxy.Integration.Tests.MindShellEndToEndTests.WithContractMindAsync(Func`4 body) in D:\Perfil\Escritorio\ETC\Programacion\BAXY DEFINITIVO\tests\Baxy.Integration.Tests\MindShellEndToEndTests.cs:line 963
   at Baxy.Integration.Tests.MindShellEndToEndTests.ExplicitPrivateMemoryRequestSupersedesMindClarification(String request, String operation) in D:\Perfil\Escritorio\ETC\Programacion\BAXY DEFINITIVO\tests\Baxy.Integration.Tests\MindShellEndToEndTests.cs:line 521
   at NUnit.Framework.Internal.TaskAwaitAdapter.GenericAdapter`1.BlockUntilCompleted()
   at NUnit.Framework.Internal.MessagePumpStrategy.NoMessagePumpStrategy.WaitForCompletion(AwaitAdapter awaiter)
   at NUnit.Framework.Internal.AsyncToSyncAdapter.Await[TResult](Func`1 invoke)
   at NUnit.Framework.Internal.AsyncToSyncAdapter.Await(Func`1 invoke)
   at NUnit.Framework.Internal.Commands.TestMethodCommand.RunTestMethod(TestExecutionContext context)
   at NUnit.Framework.Internal.Commands.TestMethodCommand.Execute(TestExecutionContext context)
   at NUnit.Framework.Internal.Execution.SimpleWorkItem.<>c__DisplayClass3_0.<PerformWork>b__0()
   at NUnit.Framework.Internal.ContextUtils.<>c__DisplayClass1_0`1.<DoIsolated>b__0(Object _)
   at System.Threading.ExecutionContext.RunInternal(ExecutionContext executionContext, ContextCallback callback, Object state)
--- End of stack trace from previous location ---
   at System.Threading.ExecutionContext.RunInternal(ExecutionContext executionContext, ContextCallback callback, Object state)
   at NUnit.Framework.Internal.ContextUtils.DoIsolated(ContextCallback callback, Object state)
   at NUnit.Framework.Internal.ContextUtils.DoIsolated[T](Func`1 func)
   at NUnit.Framework.Internal.Execution.SimpleWorkItem.PerformWork()
1)    at Baxy.Integration.Tests.MindShellEndToEndTests.<>c__DisplayClass21_1.<ExplicitPrivateMemoryRequestSupersedesMindClarification>b__2() in D:\Perfil\Escritorio\ETC\Programacion\BAXY DEFINITIVO\tests\Baxy.Integration.Tests\MindShellEndToEndTests.cs:line 533
   at NUnit.Framework.Assert.Multiple(TestDelegate testDelegate)
   at Baxy.Integration.Tests.MindShellEndToEndTests.<>c__DisplayClass21_0.<<ExplicitPrivateMemoryRequestSupersedesMindClarification>b__0>d.MoveNext() in D:\Perfil\Escritorio\ETC\Programacion\BAXY DEFINITIVO\tests\Baxy.Integration.Tests\MindShellEndToEndTests.cs:line 531
   at System.Runtime.CompilerServices.AsyncTaskMethodBuilder`1.AsyncStateMachineBox`1.ExecutionContextCallback(Object s)

2)    at Baxy.Integration.Tests.MindShellEndToEndTests.<>c__DisplayClass21_1.<ExplicitPrivateMemoryRequestSupersedesMindClarification>b__2() in D:\Perfil\Escritorio\ETC\Programacion\BAXY DEFINITIVO\tests\Baxy.Integration.Tests\MindShellEndToEndTests.cs:line 535
   at NUnit.Framework.Assert.Multiple(TestDelegate testDelegate)
   at Baxy.Integration.Tests.MindShellEndToEndTests.<>c__DisplayClass21_0.<<ExplicitPrivateMemoryRequestSupersedesMindClarification>b__0>d.MoveNext() in D:\Perfil\Escritorio\ETC\Programacion\BAXY DEFINITIVO\tests\Baxy.Integration.Tests\MindShellEndToEndTests.cs:line 531
   at System.Runtime.CompilerServices.AsyncTaskMethodBuilder`1.AsyncStateMachineBox`1.ExecutionContextCallback(Object s)

3)    at System.IO.Strategies.OSFileStreamStrategy..ctor(String path, FileMode mode, FileAccess access, FileShare share, FileOptions options, Int64 preallocationSize, Nullable`1 unixCreateMode)
   at System.IO.StreamReader.ValidateArgsAndOpenPath(String path, Int32 bufferSize)
   at System.IO.File.ReadAllText(String path, Encoding encoding)
   at Baxy.Integration.Tests.MindShellEndToEndTests.<>c__DisplayClass21_1.<ExplicitPrivateMemoryRequestSupersedesMindClarification>b__2() in D:\Perfil\Escritorio\ETC\Programacion\BAXY DEFINITIVO\tests\Baxy.Integration.Tests\MindShellEndToEndTests.cs:line 536
   at NUnit.Framework.Assert.Multiple(TestDelegate testDelegate)
   at Baxy.Integration.Tests.MindShellEndToEndTests.<>c__DisplayClass21_0.<<ExplicitPrivateMemoryRequestSupersedesMindClarification>b__0>d.MoveNext() in D:\Perfil\Escritorio\ETC\Programacion\BAXY DEFINITIVO\tests\Baxy.Integration.Tests\MindShellEndToEndTests.cs:line 531
--- End of stack trace from previous location ---
   at Baxy.Integration.Tests.MindShellEndToEndTests.WithContractMindAsync(Func`4 body) in D:\Perfil\Escritorio\ETC\Programacion\BAXY DEFINITIVO\tests\Baxy.Integration.Tests\MindShellEndToEndTests.cs:line 963
   at Baxy.Integration.Tests.MindShellEndToEndTests.WithContractMindAsync(Func`4 body) in D:\Perfil\Escritorio\ETC\Programacion\BAXY DEFINITIVO\tests\Baxy.Integration.Tests\MindShellEndToEndTests.cs:line 963
   at Baxy.Integration.Tests.MindShellEndToEndTests.ExplicitPrivateMemoryRequestSupersedesMindClarification(String request, String operation) in D:\Perfil\Escritorio\ETC\Programacion\BAXY DEFINITIVO\tests\Baxy.Integration.Tests\MindShellEndToEndTests.cs:line 521
   at NUnit.Framework.Internal.TaskAwaitAdapter.GenericAdapter`1.BlockUntilCompleted()
   at NUnit.Framework.Internal.MessagePumpStrategy.NoMessagePumpStrategy.WaitForCompletion(AwaitAdapter awaiter)
   at NUnit.Framework.Internal.AsyncToSyncAdapter.Await[TResult](Func`1 invoke)
   at NUnit.Framework.Internal.AsyncToSyncAdapter.Await(Func`1 invoke)
   at NUnit.Framework.Internal.Commands.TestMethodCommand.RunTestMethod(TestExecutionContext context)
   at NUnit.Framework.Internal.Commands.TestMethodCommand.Execute(TestExecutionContext context)
   at NUnit.Framework.Internal.Execution.SimpleWorkItem.<>c__DisplayClass3_0.<PerformWork>b__0()
   at NUnit.Framework.Internal.ContextUtils.<>c__DisplayClass1_0`1.<DoIsolated>b__0(Object _)
   at System.Threading.ExecutionContext.RunInternal(ExecutionContext executionContext, ContextCallback callback, Object state)
--- End of stack trace from previous location ---
   at System.Threading.ExecutionContext.RunInternal(ExecutionContext executionContext, ContextCallback callback, Object state)
   at NUnit.Framework.Internal.ContextUtils.DoIsolated(ContextCallback callback, Object state)
   at NUnit.Framework.Internal.ContextUtils.DoIsolated[T](Func`1 func)
   at NUnit.Framework.Internal.Execution.SimpleWorkItem.PerformWork()

  Con error ExplicitPrivateMemoryRequestSupersedesMindClarification("tienes memoria","memory.status") [4 s]
  Mensaje de error:
   System.IO.IOException : The process cannot access the file 'C:\Users\emman\AppData\Local\BAXY\mind-shell-contract-137a839f9201489e8edfbe7a42f98b91\journal\missions.jsonl' because it is being used by another process.

Multiple failures or warnings in test:
  1)   The typed private route must not be reclassified as a public slot reply.
Assert.That(ReadTrace(tracePath).Count(entry => Property(entry, "type") == "turn.decide"), Is.EqualTo(decisionsBefore))
  Expected: 1
  But was:  3

  2)   Assert.That(new FileInfo(journalPath).Length, Is.GreaterThan(before))
  Expected: greater than 2341
  But was:  2341


  Seguimiento de la pila:
     at System.IO.Strategies.OSFileStreamStrategy..ctor(String path, FileMode mode, FileAccess access, FileShare share, FileOptions options, Int64 preallocationSize, Nullable`1 unixCreateMode)
   at System.IO.StreamReader.ValidateArgsAndOpenPath(String path, Int32 bufferSize)
   at System.IO.File.ReadAllText(String path, Encoding encoding)
   at Baxy.Integration.Tests.MindShellEndToEndTests.<>c__DisplayClass21_1.<ExplicitPrivateMemoryRequestSupersedesMindClarification>b__2() in D:\Perfil\Escritorio\ETC\Programacion\BAXY DEFINITIVO\tests\Baxy.Integration.Tests\MindShellEndToEndTests.cs:line 536
   at NUnit.Framework.Assert.Multiple(TestDelegate testDelegate)
   at Baxy.Integration.Tests.MindShellEndToEndTests.<>c__DisplayClass21_0.<<ExplicitPrivateMemoryRequestSupersedesMindClarification>b__0>d.MoveNext() in D:\Perfil\Escritorio\ETC\Programacion\BAXY DEFINITIVO\tests\Baxy.Integration.Tests\MindShellEndToEndTests.cs:line 531
--- End of stack trace from previous location ---
   at Baxy.Integration.Tests.MindShellEndToEndTests.WithContractMindAsync(Func`4 body) in D:\Perfil\Escritorio\ETC\Programacion\BAXY DEFINITIVO\tests\Baxy.Integration.Tests\MindShellEndToEndTests.cs:line 963
   at Baxy.Integration.Tests.MindShellEndToEndTests.WithContractMindAsync(Func`4 body) in D:\Perfil\Escritorio\ETC\Programacion\BAXY DEFINITIVO\tests\Baxy.Integration.Tests\MindShellEndToEndTests.cs:line 963
   at Baxy.Integration.Tests.MindShellEndToEndTests.ExplicitPrivateMemoryRequestSupersedesMindClarification(String request, String operation) in D:\Perfil\Escritorio\ETC\Programacion\BAXY DEFINITIVO\tests\Baxy.Integration.Tests\MindShellEndToEndTests.cs:line 521
   at NUnit.Framework.Internal.TaskAwaitAdapter.GenericAdapter`1.BlockUntilCompleted()
   at NUnit.Framework.Internal.MessagePumpStrategy.NoMessagePumpStrategy.WaitForCompletion(AwaitAdapter awaiter)
   at NUnit.Framework.Internal.AsyncToSyncAdapter.Await[TResult](Func`1 invoke)
   at NUnit.Framework.Internal.AsyncToSyncAdapter.Await(Func`1 invoke)
   at NUnit.Framework.Internal.Commands.TestMethodCommand.RunTestMethod(TestExecutionContext context)
   at NUnit.Framework.Internal.Commands.TestMethodCommand.Execute(TestExecutionContext context)
   at NUnit.Framework.Internal.Execution.SimpleWorkItem.<>c__DisplayClass3_0.<PerformWork>b__0()
   at NUnit.Framework.Internal.ContextUtils.<>c__DisplayClass1_0`1.<DoIsolated>b__0(Object _)
   at System.Threading.ExecutionContext.RunInternal(ExecutionContext executionContext, ContextCallback callback, Object state)
--- End of stack trace from previous location ---
   at System.Threading.ExecutionContext.RunInternal(ExecutionContext executionContext, ContextCallback callback, Object state)
   at NUnit.Framework.Internal.ContextUtils.DoIsolated(ContextCallback callback, Object state)
   at NUnit.Framework.Internal.ContextUtils.DoIsolated[T](Func`1 func)
   at NUnit.Framework.Internal.Execution.SimpleWorkItem.PerformWork()
1)    at Baxy.Integration.Tests.MindShellEndToEndTests.<>c__DisplayClass21_1.<ExplicitPrivateMemoryRequestSupersedesMindClarification>b__2() in D:\Perfil\Escritorio\ETC\Programacion\BAXY DEFINITIVO\tests\Baxy.Integration.Tests\MindShellEndToEndTests.cs:line 533
   at NUnit.Framework.Assert.Multiple(TestDelegate testDelegate)
   at Baxy.Integration.Tests.MindShellEndToEndTests.<>c__DisplayClass21_0.<<ExplicitPrivateMemoryRequestSupersedesMindClarification>b__0>d.MoveNext() in D:\Perfil\Escritorio\ETC\Programacion\BAXY DEFINITIVO\tests\Baxy.Integration.Tests\MindShellEndToEndTests.cs:line 531
   at System.Runtime.CompilerServices.AsyncTaskMethodBuilder`1.AsyncStateMachineBox`1.ExecutionContextCallback(Object s)

2)    at Baxy.Integration.Tests.MindShellEndToEndTests.<>c__DisplayClass21_1.<ExplicitPrivateMemoryRequestSupersedesMindClarification>b__2() in D:\Perfil\Escritorio\ETC\Programacion\BAXY DEFINITIVO\tests\Baxy.Integration.Tests\MindShellEndToEndTests.cs:line 535
   at NUnit.Framework.Assert.Multiple(TestDelegate testDelegate)
   at Baxy.Integration.Tests.MindShellEndToEndTests.<>c__DisplayClass21_0.<<ExplicitPrivateMemoryRequestSupersedesMindClarification>b__0>d.MoveNext() in D:\Perfil\Escritorio\ETC\Programacion\BAXY DEFINITIVO\tests\Baxy.Integration.Tests\MindShellEndToEndTests.cs:line 531
   at System.Runtime.CompilerServices.AsyncTaskMethodBuilder`1.AsyncStateMachineBox`1.ExecutionContextCallback(Object s)

3)    at System.IO.Strategies.OSFileStreamStrategy..ctor(String path, FileMode mode, FileAccess access, FileShare share, FileOptions options, Int64 preallocationSize, Nullable`1 unixCreateMode)
   at System.IO.StreamReader.ValidateArgsAndOpenPath(String path, Int32 bufferSize)
   at System.IO.File.ReadAllText(String path, Encoding encoding)
   at Baxy.Integration.Tests.MindShellEndToEndTests.<>c__DisplayClass21_1.<ExplicitPrivateMemoryRequestSupersedesMindClarification>b__2() in D:\Perfil\Escritorio\ETC\Programacion\BAXY DEFINITIVO\tests\Baxy.Integration.Tests\MindShellEndToEndTests.cs:line 536
   at NUnit.Framework.Assert.Multiple(TestDelegate testDelegate)
   at Baxy.Integration.Tests.MindShellEndToEndTests.<>c__DisplayClass21_0.<<ExplicitPrivateMemoryRequestSupersedesMindClarification>b__0>d.MoveNext() in D:\Perfil\Escritorio\ETC\Programacion\BAXY DEFINITIVO\tests\Baxy.Integration.Tests\MindShellEndToEndTests.cs:line 531
--- End of stack trace from previous location ---
   at Baxy.Integration.Tests.MindShellEndToEndTests.WithContractMindAsync(Func`4 body) in D:\Perfil\Escritorio\ETC\Programacion\BAXY DEFINITIVO\tests\Baxy.Integration.Tests\MindShellEndToEndTests.cs:line 963
   at Baxy.Integration.Tests.MindShellEndToEndTests.WithContractMindAsync(Func`4 body) in D:\Perfil\Escritorio\ETC\Programacion\BAXY DEFINITIVO\tests\Baxy.Integration.Tests\MindShellEndToEndTests.cs:line 963
   at Baxy.Integration.Tests.MindShellEndToEndTests.ExplicitPrivateMemoryRequestSupersedesMindClarification(String request, String operation) in D:\Perfil\Escritorio\ETC\Programacion\BAXY DEFINITIVO\tests\Baxy.Integration.Tests\MindShellEndToEndTests.cs:line 521
   at NUnit.Framework.Internal.TaskAwaitAdapter.GenericAdapter`1.BlockUntilCompleted()
   at NUnit.Framework.Internal.MessagePumpStrategy.NoMessagePumpStrategy.WaitForCompletion(AwaitAdapter awaiter)
   at NUnit.Framework.Internal.AsyncToSyncAdapter.Await[TResult](Func`1 invoke)
   at NUnit.Framework.Internal.AsyncToSyncAdapter.Await(Func`1 invoke)
   at NUnit.Framework.Internal.Commands.TestMethodCommand.RunTestMethod(TestExecutionContext context)
   at NUnit.Framework.Internal.Commands.TestMethodCommand.Execute(TestExecutionContext context)
   at NUnit.Framework.Internal.Execution.SimpleWorkItem.<>c__DisplayClass3_0.<PerformWork>b__0()
   at NUnit.Framework.Internal.ContextUtils.<>c__DisplayClass1_0`1.<DoIsolated>b__0(Object _)
   at System.Threading.ExecutionContext.RunInternal(ExecutionContext executionContext, ContextCallback callback, Object state)
--- End of stack trace from previous location ---
   at System.Threading.ExecutionContext.RunInternal(ExecutionContext executionContext, ContextCallback callback, Object state)
   at NUnit.Framework.Internal.ContextUtils.DoIsolated(ContextCallback callback, Object state)
   at NUnit.Framework.Internal.ContextUtils.DoIsolated[T](Func`1 func)
   at NUnit.Framework.Internal.Execution.SimpleWorkItem.PerformWork()


Con error! - Con error:     4, Superado:     0, Omitido:     0, Total:     4, Duración: 21 s - Baxy.Integration.Tests.dll (net10.0)
