source_quality_toolchain: dotnet=10.0.100; python=3.12; ruff 0.15.22; eslint=v10.3.0; typescript=Version 6.0.3; runtime_locks=verified
source_quality_stage_started: powershell-source
source_quality_stage_passed: powershell-source
source_quality_stage_started: python-ruff
All checks passed!
source_quality_stage_passed: python-ruff
source_quality_stage_started: python-compileall
source_quality_stage_passed: python-compileall
source_quality_stage_started: field-ui-eslint
source_quality_stage_passed: field-ui-eslint
source_quality_stage_started: field-ui-tsc-app
source_quality_stage_passed: field-ui-tsc-app
source_quality_stage_started: field-ui-tsc-node
source_quality_stage_passed: field-ui-tsc-node
source_quality_stage_started: dotnet-format
source_quality_stage_passed: dotnet-format
source_quality_stage_started: dotnet-build-release
  Baxy.Contracts -> C:\Users\emman\AppData\Local\Temp\baxy-sprints-review-20260904\BAXY Definitivo\src\Baxy.Contracts\bin\Release\net10.0\Baxy.Contracts.dll
  Baxy.Security.Windows -> C:\Users\emman\AppData\Local\Temp\baxy-sprints-review-20260904\BAXY Definitivo\src\Baxy.Security.Windows\bin\Release\net10.0-windows10.0.19041.0\Baxy.Security.Windows.dll
  Baxy.Contracts.Tests -> C:\Users\emman\AppData\Local\Temp\baxy-sprints-review-20260904\BAXY Definitivo\tests\Baxy.Contracts.Tests\bin\Release\net10.0\Baxy.Contracts.Tests.dll
  Baxy.Kernel -> C:\Users\emman\AppData\Local\Temp\baxy-sprints-review-20260904\BAXY Definitivo\src\Baxy.Kernel\bin\Release\net10.0\Baxy.Kernel.dll
  Baxy.Kernel.Tests -> C:\Users\emman\AppData\Local\Temp\baxy-sprints-review-20260904\BAXY Definitivo\tests\Baxy.Kernel.Tests\bin\Release\net10.0\Baxy.Kernel.Tests.dll
  Baxy.Setup -> C:\Users\emman\AppData\Local\Temp\baxy-sprints-review-20260904\BAXY Definitivo\src\Baxy.Setup\bin\Release\net10.0-windows10.0.19041.0\win-x64\Baxy.Setup.dll
  Baxy.Setup.Tests -> C:\Users\emman\AppData\Local\Temp\baxy-sprints-review-20260904\BAXY Definitivo\tests\Baxy.Setup.Tests\bin\Release\net10.0-windows10.0.19041.0\Baxy.Setup.Tests.dll
  Baxy.Providers.Windows -> C:\Users\emman\AppData\Local\Temp\baxy-sprints-review-20260904\BAXY Definitivo\src\Baxy.Providers.Windows\bin\Release\net10.0-windows10.0.19041.0\Baxy.Providers.Windows.dll
  Baxy.Providers.Windows.Tests -> C:\Users\emman\AppData\Local\Temp\baxy-sprints-review-20260904\BAXY Definitivo\tests\Baxy.Providers.Windows.Tests\bin\Release\net10.0-windows10.0.19041.0\Baxy.Providers.Windows.Tests.dll
  Baxy.Core -> C:\Users\emman\AppData\Local\Temp\baxy-sprints-review-20260904\BAXY Definitivo\src\Baxy.Core\bin\Release\net10.0-windows10.0.19041.0\baxy-core.dll
  Baxy.App -> C:\Users\emman\AppData\Local\Temp\baxy-sprints-review-20260904\BAXY Definitivo\src\Baxy.App\bin\Release\net10.0-windows10.0.19041.0\Baxy.dll
  Baxy.Integration.Tests -> C:\Users\emman\AppData\Local\Temp\baxy-sprints-review-20260904\BAXY Definitivo\tests\Baxy.Integration.Tests\bin\Release\net10.0-windows10.0.19041.0\Baxy.Integration.Tests.dll

Compilación correcta.
    0 Advertencia(s)
    0 Errores

Tiempo transcurrido 00:00:46.31
source_quality_stage_passed: dotnet-build-release
source_quality_stage_started: dotnet-tests
Serie de pruebas para C:\Users\emman\AppData\Local\Temp\baxy-sprints-review-20260904\BAXY Definitivo\tests\Baxy.Contracts.Tests\bin\Release\net10.0\Baxy.Contracts.Tests.dll (.NETCoreApp,Version=v10.0)
1 archivos de prueba en total coincidieron con el patrón especificado.

Correctas! - Con error:     0, Superado:    60, Omitido:     0, Total:    60, Duración: 304 ms - Baxy.Contracts.Tests.dll (net10.0)
Serie de pruebas para C:\Users\emman\AppData\Local\Temp\baxy-sprints-review-20260904\BAXY Definitivo\tests\Baxy.Integration.Tests\bin\Release\net10.0-windows10.0.19041.0\Baxy.Integration.Tests.dll (.NETCoreApp,Version=v10.0)
1 archivos de prueba en total coincidieron con el patrón especificado.
  Omitidas CompareLegacyAndCurrentJsonHotPaths [1 ms]
  Omitidas CompareLegacyAndCurrentCoreJsonlTransport [< 1 ms]
  Omitidas EveryExactRuntimeMessageIsAuditedByTheRealGuiInputPipeline [20 ms]
  Omitidas SequentialVersusOverlappedRuntimeVerificationAndCoreHello [< 1 ms]
  Omitidas OptInRealRuntimeTraversesShellMindAndCoreUsingReadOnlyOperations [< 1 ms]
  Omitidas HistoricalApplicationCommandOpensThroughTheRealPipelineUnderFourSeconds("abre Steam","Steam") [< 1 ms]
  Omitidas ModelAuthoredNotepadAliasOpensThroughRealPipeline [< 1 ms]
  Omitidas HistoricalApplicationCommandOpensThroughTheRealPipelineUnderFourSeconds("abre Bloc de notas","Bloc de notas") [< 1 ms]
  Omitidas HistoricalApplicationCommandOpensThroughTheRealPipelineUnderFourSeconds("abre Discord si está instalado","Discord") [< 1 ms]
  Omitidas HistoricalApplicationCommandOpensThroughTheRealPipelineUnderFourSeconds("abre Steam pero no maximices ni lances juegos","Steam") [< 1 ms]
shell_visible_indication_ms p50=0.126 p95=0.426 max=0.426
shell_published_text_ms_without_llm_composition p50=38.959 p95=47.031 max=47.031


Correctas! - Con error:     0, Superado:  2907, Omitido:     1, Total:  2908, Duración: 4 m 7 s - Baxy.Integration.Tests.dll (net10.0)
Serie de pruebas para C:\Users\emman\AppData\Local\Temp\baxy-sprints-review-20260904\BAXY Definitivo\tests\Baxy.Kernel.Tests\bin\Release\net10.0\Baxy.Kernel.Tests.dll (.NETCoreApp,Version=v10.0)
1 archivos de prueba en total coincidieron con el patrón especificado.
  Omitidas CompareMemoryStreamAndArrayBufferWriterImplementations [< 1 ms]

Correctas! - Con error:     0, Superado:   138, Omitido:     0, Total:   138, Duración: 1 s - Baxy.Kernel.Tests.dll (net10.0)
Serie de pruebas para C:\Users\emman\AppData\Local\Temp\baxy-sprints-review-20260904\BAXY Definitivo\tests\Baxy.Providers.Windows.Tests\bin\Release\net10.0-windows10.0.19041.0\Baxy.Providers.Windows.Tests.dll (.NETCoreApp,Version=v10.0)
1 archivos de prueba en total coincidieron con el patrón especificado.
  Omitidas NativeAotCoreAudioJsonlRoundTripReplaysWithoutAnotherEffectAndRestoresBaseline [1 ms]
  Omitidas WifiStatusReadsActualWindowsStateTwice [< 1 ms]
  Omitidas DxgiAndPdhProduceOneCoherentLocalSnapshot [< 1 ms]
  Omitidas ActualIpListReturnsStableParseableAddressesWithoutInterfaceNames [< 1 ms]

Correctas! - Con error:     0, Superado:   451, Omitido:     0, Total:   451, Duración: 52 s - Baxy.Providers.Windows.Tests.dll (net10.0)
Serie de pruebas para C:\Users\emman\AppData\Local\Temp\baxy-sprints-review-20260904\BAXY Definitivo\tests\Baxy.Setup.Tests\bin\Release\net10.0-windows10.0.19041.0\Baxy.Setup.Tests.dll (.NETCoreApp,Version=v10.0)
1 archivos de prueba en total coincidieron con el patrón especificado.
  Omitidas InstallationMoveWorksWhileAnExecutableRunsFromTheRoot [< 1 ms]

Correctas! - Con error:     0, Superado:   477, Omitido:     0, Total:   477, Duración: 1 m 18 s - Baxy.Setup.Tests.dll (net10.0)
source_quality_stage_passed: dotnet-tests
source_quality_stage_started: python-tests
.........................................s........................ss.... [  0%]
........................................................................ [  1%]
........................................................................ [  2%]
........................................................................ [  3%]
........................................................................ [  4%]
........................................................................ [  4%]
........................................................................ [  5%]
........................................................................ [  6%]
........................................................................ [  7%]
........................................................................ [  8%]
........................................................................ [  8%]
........................................................................ [  9%]
........................................................................ [ 10%]
........................................................................ [ 11%]
........................................................................ [ 12%]
........................................................................ [ 13%]
........................................................................ [ 13%]
........................................................................ [ 14%]
........................................................................ [ 15%]
........................................................................ [ 16%]
........................................................................ [ 17%]
........................................................................ [ 17%]
........................................................................ [ 18%]
........................................................................ [ 19%]
........................................................................ [ 20%]
........................................................................ [ 21%]
........................................................................ [ 22%]
........................................................................ [ 22%]
........................................................................ [ 23%]
........................................................................ [ 24%]
........................................................................ [ 25%]
........................................................................ [ 26%]
........................................................................ [ 26%]
........................................................................ [ 27%]
........................................................................ [ 28%]
.............. [ 28%]
................................................... [ 29%]
........................................................................ [ 30%]
........................................................................ [ 31%]
........................................................................ [ 31%]
........................................................................ [ 32%]
........................................................................ [ 33%]
........................................................................ [ 34%]
........................................................................ [ 35%]
........................................................................ [ 35%]
........................................................................ [ 36%]
........................................................................ [ 37%]
........................................................................ [ 38%]
........................................................................ [ 39%]
........................................................................ [ 40%]
........................................................................ [ 40%]
........................................................................ [ 41%]
........................................................................ [ 42%]
........................................................................ [ 43%]
........................................................................ [ 44%]
........................................................................ [ 44%]
........................................................................ [ 45%]
........................................................................ [ 46%]
........................................................................ [ 47%]
........................................................................ [ 48%]
........................................................................ [ 49%]
........................................................................ [ 49%]
........................................................................ [ 50%]
........................................................................ [ 51%]
........................................................................ [ 52%]
........................................................................ [ 53%]
........................................................................ [ 53%]
........................................................................ [ 54%]
........................................................................ [ 55%]
........................................................................ [ 56%]
........................................................................ [ 57%]
........................................................................ [ 58%]
........................................................................ [ 58%]
........................................................................ [ 59%]
........................................................................ [ 60%]
........................................................................ [ 61%]
........................................................................ [ 62%]
........................................................................ [ 62%]
........................................................................ [ 63%]
........................................................................ [ 64%]
........................................................................ [ 65%]
........................................................................ [ 66%]
........................................................................ [ 67%]
........................................................................ [ 67%]
........................................................................ [ 68%]
........................................................................ [ 69%]
........................................................................ [ 70%]
........................................................................ [ 71%]
........................................................................ [ 71%]
........................................................................ [ 72%]
........................................................................ [ 73%]
.......................................................FFFFF.F.F.F.................................s............................................................. [ 75%]
........................................................................ [ 76%]
............................................................... [ 76%]
........................................................................ [ 77%]
........................................................................ [ 78%]
............................................................... [ 79%]
............................................................... [ 79%]
............................................................. [ 80%]
........................................................................ [ 81%]
................................................................... [ 82%]
.ss.................................................s....... [ 82%]
.................................................................. [ 83%]
........................................................................ [ 84%]
........................................................................ [ 85%]
s............................................................s............................................................ [ 86%]
........................................................................ [ 87%]
........................................................................ [ 88%]
........................................................................ [ 89%]
........................................................................ [ 89%]
........................................................................ [ 90%]
........................................................................ [ 91%]
........................................................................ [ 92%]
........................................................................ [ 93%]
........................................................................ [ 94%]
........................................................................ [ 94%]
........................................................................ [ 95%]
........................................................................ [ 96%]
........................................................................ [ 97%]
........................................................................ [ 98%]
......................................................ss................ [ 98%]
........................................................................ [ 99%]
..................                                                       [100%]
================================== FAILURES ===================================
___________ test_every_pending_goal_embeds_the_full_grok46_contract ___________

    def test_every_pending_goal_embeds_the_full_grok46_contract() -> None:
        assert len(PENDING) == 28
        required = (
            GROK46_CONTRACT_MARK,
            "## Contrato de goal",
            "## BAXY y fuentes de autoridad",
            "## Las cinco leyes",
            "## Los seis invariantes",
            "## Cómo trabajas aquí",
            "## Herencia 09.5",
            "## Contrato de sesión",
            "## Objetivo único",
            "## Criterios de cierre",
            "Grok 4.6",
            "HEAD == origin/main",
        )
        for name in PENDING:
            text = (SPRINTS / name).read_text(encoding="utf-8")
            for item in required:
>               assert item in text, f"{name} missing {item}"
E               AssertionError: 10.7_CONVERSACION.md missing ## BAXY y fuentes de autoridad
E               assert '## BAXY y fuentes de autoridad' in '# Goal 10.7 — Conversación, aclaración y no-efecto\n\n> Grok 4.6 High, `/goal`, sesión nueva. Trabaja sólo la partici...point, criterios y evidencia permiten\n      reanudar sin el chat. No se confunde fin de sesión con cierre del goal.\n'

tests\test_goal10_autonomous_campaign_docs.py:64: AssertionError
_______ test_pending_prompts_preserve_goal_01_09_rules_and_prompt_shape _______

    def test_pending_prompts_preserve_goal_01_09_rules_and_prompt_shape() -> None:
        headings = (
            "## Contrato de goal",
            "## BAXY y fuentes de autoridad",
            "## Las cinco leyes",
            "## Los seis invariantes",
            "## Cómo trabajas aquí",
            "## Herencia 09.5",
            "## Contrato de sesión",
            "## Objetivo único",
            "## Criterios de cierre",
        )
        laws = (
            "Hereda primero",
            "Nada de sobreingeniería",
            "lo que bloquea",
            "más ligero",
            "Arquitectura modular",
        )
        invariants = (
            "catálogo tipado",
            "Nada se afirma sin verificarlo independientemente",
            "estados terminales dicen la verdad",
            "confirmación pertenece a la invocación exacta",
            "Cero respuestas visibles fijas",
            "Modelo local y privado",
        )
        forbidden_human_dependencies = (
            "pedidos espontáneos del dueño",
            "turnos reales del dueño",
            "esperando tus interacciones",
            "el dueño debe proporcionar",
            "pide al dueño que pruebe",
        )
    
        for name in PENDING:
            text = (SPRINTS / name).read_text(encoding="utf-8")
            assert text.count("grok46-goal-contract:begin") == 1, name
            assert text.count("grok46-goal-contract:end") == 1, name
>           assert all(text.count(heading) == 1 for heading in headings), name
E           AssertionError: 10.7_CONVERSACION.md
E           assert False
E            +  where False = all(<generator object test_pending_prompts_preserve_goal_01_09_rules_and_prompt_shape.<locals>.<genexpr> at 0x000002A48265F5A0>)

tests\test_goal10_autonomous_campaign_docs.py:106: AssertionError
_____ test_goal11_contract_uses_goal11_authority_and_cannot_redefer_debt ______

    def test_goal11_contract_uses_goal11_authority_and_cannot_redefer_debt() -> None:
        for name in PENDING:
            if not name.startswith("11."):
                continue
            text = (SPRINTS / name).read_text(encoding="utf-8")
            common = text.split("grok46-goal-contract:begin", 1)[1].split(
                "grok46-goal-contract:end", 1
            )[0]
>           assert "11_VALIDACION.md" in common, name
E           AssertionError: 11.1_COLA_DE_CIERRE.md
E           assert '11_VALIDACION.md' in ' -->\n## Contrato de goal\n\nEste prompt incorpora [00_PROTOCOLO_EJECUCION.md](00_PROTOCOLO_EJECUCION.md),\nIdentidad...o permite avanzar. Entrada pública C01,\noráculo independiente, aceptación reservada y Full según el protocolo.\n<!-- '

tests\test_goal10_autonomous_campaign_docs.py:129: AssertionError
______ test_pending_launcher_contains_exact_sequence_and_no_closed_goal _______

    def test_pending_launcher_contains_exact_sequence_and_no_closed_goal() -> None:
        launcher = (SPRINTS / "00_LANZAR_DESDE_10_7.md").read_text(encoding="utf-8")
        links = tuple(
            target
            for target in re.findall(r"\]\(([^)#]+\.md)\)", launcher)
            if target.startswith(("10.", "11."))
        )
        assert links == PENDING
        assert not set(CLOSED_GOAL10).intersection(links)
        assert not set(RETIRED_PROMPTS).intersection(links)
>       assert "SIGUIENTE:" in launcher
E       AssertionError: assert 'SIGUIENTE:' in '# Lanzador vigente — C03 hasta producto final\n\nMapa operativo, **no se pega como goal**. Selecciona Grok 4.6 High y...26-09-04.md),\n[orden histórico](00_ORDEN_DESDE_09_5.md), [mapa 10](10_USO_DIARIO.md),\n[mapa 11](11_VALIDACION.md).\n'

tests\test_goal10_autonomous_campaign_docs.py:146: AssertionError
_______ test_pending_goal_chain_is_explicit_and_terminal_only_at_11_16 ________

    def test_pending_goal_chain_is_explicit_and_terminal_only_at_11_16() -> None:
        for current, following in zip(PENDING[:-1], PENDING[1:], strict=True):
            text = (SPRINTS / current).read_text(encoding="utf-8")
            assert f"Siguiente: `{following}`" in text, current
        final = (SPRINTS / PENDING[-1]).read_text(encoding="utf-8")
>       assert "Siguiente: `ninguno — BAXY listo para uso diario`" in final
E       AssertionError: assert 'Siguiente: `ninguno — BAXY listo para uso diario`' in '# Goal 11.16 — Full, documento de cierre y publicación\n\n> Grok 4.6 High, `/goal`, sesión nueva. No abre trabajo nue...point, criterios y evidencia permiten\n      reanudar sin el chat. No se confunde fin de sesión con cierre del goal.\n'

tests\test_goal10_autonomous_campaign_docs.py:156: AssertionError
___________ test_10_18_owns_agent_driven_public_entry_certification ___________

    def test_10_18_owns_agent_driven_public_entry_certification() -> None:
        text = (SPRINTS / "10.18_INTEGRACION.md").read_text(encoding="utf-8")
        for required in (
            "cuatro checkpoints",
            "200 en total",
            "entrada pública",
            "A/B/C/D = 50/50",
            "sin participación del dueño",
            "adjudicador independiente",
            "no acredita end-to-end",
        ):
>           assert required.casefold() in text.casefold(), required
E           AssertionError: no acredita end-to-end
E           assert 'no acredita end-to-end' in '# goal 10.18 — certificación autónoma e integración del goal 10\n\n> grok 4.6 high, `/goal`, sesión nueva. no impleme...point, criterios y evidencia permiten\n      reanudar sin el chat. no se confunde fin de sesión con cierre del goal.\n'
E            +  where 'no acredita end-to-end' = <built-in method casefold of str object at 0x000002A4264403B0>()
E            +    where <built-in method casefold of str object at 0x000002A4264403B0> = 'no acredita end-to-end'.casefold
E            +  and   '# goal 10.18 — certificación autónoma e integración del goal 10\n\n> grok 4.6 high, `/goal`, sesión nueva. no impleme...point, criterios y evidencia permiten\n      reanudar sin el chat. no se confunde fin de sesión con cierre del goal.\n' = <built-in method casefold of str object at 0x000002A467D93780>()
E            +    where <built-in method casefold of str object at 0x000002A467D93780> = '# Goal 10.18 — Certificación autónoma e integración del Goal 10\n\n> Grok 4.6 High, `/goal`, sesión nueva. No impleme...point, criterios y evidencia permiten\n      reanudar sin el chat. No se confunde fin de sesión con cierre del goal.\n'.casefold

tests\test_goal10_autonomous_campaign_docs.py:178: AssertionError
__________________ test_no_prompt_requires_a_human_relaunch ___________________

    def test_no_prompt_requires_a_human_relaunch() -> None:
        paths = [
            path
            for path in SPRINTS.iterdir()
            if path.is_file() and re.match(r"^(09\.5|10|11)", path.name)
        ]
        for path in paths:
            folded = path.read_text(encoding="utf-8").casefold()
            for forbidden in FORBIDDEN_RELAUNCHES:
                assert forbidden.casefold() not in folded, f"{path.name}: {forbidden}"
    
        for name in (
            "09.5_PROTOCOLO_GROK46.md",
            "10_PROTOCOLO_GROK46.md",
            "11_PROTOCOLO_GROK46.md",
        ):
            text = (SPRINTS / name).read_text(encoding="utf-8")
>           assert re.search(r"una\s+sola\s+vez", text, re.IGNORECASE), name
E           AssertionError: 10_PROTOCOLO_GROK46.md
E           assert None
E            +  where None = <function search at 0x000002A4374CD1C0>('una\\s+sola\\s+vez', '# Protocolo 10.x — Grok 4.6 High\n\nRevisado 2026-09-04. Los prompts incorporan el\n[contrato único de ejecución](00_...0_LANZAR_DESDE_10_7.md) para dependencias y la\n[revisión](REVISION_SPRINTS_2026-09-04.md) para evidencia y fuentes.\n', re.IGNORECASE)
E            +    where <function search at 0x000002A4374CD1C0> = re.search
E            +    and   re.IGNORECASE = re.IGNORECASE

tests\test_goal_launch_contracts.py:78: AssertionError
__________________ test_final_prompt_declares_product_ready ___________________

    def test_final_prompt_declares_product_ready() -> None:
        final_prompt = (SPRINTS / "11.16_FULL_Y_CIERRE.md").read_text(encoding="utf-8")
>       assert re.search(r"BAXY está\s+listo para uso diario", final_prompt)
E       AssertionError: assert None
E        +  where None = <function search at 0x000002A4374CD1C0>('BAXY está\\s+listo para uso diario', '# Goal 11.16 — Full, documento de cierre y publicación\n\n> Grok 4.6 High, `/goal`, sesión nueva. No abre trabajo nue...point, criterios y evidencia permiten\n      reanudar sin el chat. No se confunde fin de sesión con cierre del goal.\n')
E        +    where <function search at 0x000002A4374CD1C0> = re.search

tests\test_goal_launch_contracts.py:93: AssertionError
============================== warnings summary ===============================
tests/test_measure_multicluster_oos_recovery.py::test_duplicate_training_rows_do_not_create_empty_cluster_boundaries
  C:\Users\emman\AppData\Local\BAXYRuntime\python\mind-runtime-v1\Lib\site-packages\sklearn\base.py:1403: ConvergenceWarning: Number of distinct clusters (1) found smaller than n_clusters (2). Possibly due to duplicate points in X.
    return fit_method(estimator, *args, **kwargs)

tests/test_train_mdtc_phoneme_distillation_v2.py::test_frame_metrics_respects_explicit_causal_delay
  C:\Users\emman\AppData\Local\BAXYRuntime\python\mind-runtime-v1\Lib\site-packages\numpy\core\fromnumeric.py:3504: RuntimeWarning: Mean of empty slice.
    return _methods._mean(a, axis=axis, dtype=dtype,

tests/test_train_mdtc_phoneme_distillation_v2.py::test_frame_metrics_respects_explicit_causal_delay
  C:\Users\emman\AppData\Local\BAXYRuntime\python\mind-runtime-v1\Lib\site-packages\numpy\core\_methods.py:129: RuntimeWarning: invalid value encountered in scalar divide
    ret = ret.dtype.type(ret / rcount)

-- Docs: https://docs.pytest.org/en/stable/how-to/capture-warnings.html
=========================== short test summary info ===========================
FAILED tests/test_goal10_autonomous_campaign_docs.py::test_every_pending_goal_embeds_the_full_grok46_contract
FAILED tests/test_goal10_autonomous_campaign_docs.py::test_pending_prompts_preserve_goal_01_09_rules_and_prompt_shape
FAILED tests/test_goal10_autonomous_campaign_docs.py::test_goal11_contract_uses_goal11_authority_and_cannot_redefer_debt
FAILED tests/test_goal10_autonomous_campaign_docs.py::test_pending_launcher_contains_exact_sequence_and_no_closed_goal
FAILED tests/test_goal10_autonomous_campaign_docs.py::test_pending_goal_chain_is_explicit_and_terminal_only_at_11_16
FAILED tests/test_goal10_autonomous_campaign_docs.py::test_10_18_owns_agent_driven_public_entry_certification
FAILED tests/test_goal_launch_contracts.py::test_no_prompt_requires_a_human_relaunch
FAILED tests/test_goal_launch_contracts.py::test_final_prompt_declares_product_ready
8 failed, 8782 passed, 11 skipped, 3 warnings, 433 subtests passed in 542.52s (0:09:02)
