source_quality_toolchain: dotnet=10.0.100; python=3.12; ruff 0.15.22; eslint=v10.3.0; typescript=Version 6.0.3; runtime_locks=verified
source_quality_stage_started: powershell-source
source_quality_stage_passed: powershell-source
source_quality_stage_started: python-ruff
All checks passed!
source_quality_stage_passed: python-ruff
source_quality_stage_started: python-compileall
source_quality_stage_passed: python-compileall
source_quality_stage_started: field-ui-eslint
source_quality_stage_passed: field-ui-eslint
source_quality_stage_started: field-ui-tsc-app
source_quality_stage_passed: field-ui-tsc-app
source_quality_stage_started: field-ui-tsc-node
source_quality_stage_passed: field-ui-tsc-node
source_quality_stage_started: dotnet-format
source_quality_stage_passed: dotnet-format
source_quality_stage_started: dotnet-build-release
  Baxy.Contracts -> C:\Users\emman\AppData\Local\Temp\baxy-sprints-review-20260904\BAXY Definitivo\src\Baxy.Contracts\bin\Release\net10.0\Baxy.Contracts.dll
  Baxy.Security.Windows -> C:\Users\emman\AppData\Local\Temp\baxy-sprints-review-20260904\BAXY Definitivo\src\Baxy.Security.Windows\bin\Release\net10.0-windows10.0.19041.0\Baxy.Security.Windows.dll
  Baxy.Setup -> C:\Users\emman\AppData\Local\Temp\baxy-sprints-review-20260904\BAXY Definitivo\src\Baxy.Setup\bin\Release\net10.0-windows10.0.19041.0\win-x64\Baxy.Setup.dll
  Baxy.Kernel -> C:\Users\emman\AppData\Local\Temp\baxy-sprints-review-20260904\BAXY Definitivo\src\Baxy.Kernel\bin\Release\net10.0\Baxy.Kernel.dll
  Baxy.Contracts.Tests -> C:\Users\emman\AppData\Local\Temp\baxy-sprints-review-20260904\BAXY Definitivo\tests\Baxy.Contracts.Tests\bin\Release\net10.0\Baxy.Contracts.Tests.dll
  Baxy.Setup.Tests -> C:\Users\emman\AppData\Local\Temp\baxy-sprints-review-20260904\BAXY Definitivo\tests\Baxy.Setup.Tests\bin\Release\net10.0-windows10.0.19041.0\Baxy.Setup.Tests.dll
  Baxy.Providers.Windows -> C:\Users\emman\AppData\Local\Temp\baxy-sprints-review-20260904\BAXY Definitivo\src\Baxy.Providers.Windows\bin\Release\net10.0-windows10.0.19041.0\Baxy.Providers.Windows.dll
  Baxy.Kernel.Tests -> C:\Users\emman\AppData\Local\Temp\baxy-sprints-review-20260904\BAXY Definitivo\tests\Baxy.Kernel.Tests\bin\Release\net10.0\Baxy.Kernel.Tests.dll
  Baxy.Core -> C:\Users\emman\AppData\Local\Temp\baxy-sprints-review-20260904\BAXY Definitivo\src\Baxy.Core\bin\Release\net10.0-windows10.0.19041.0\baxy-core.dll
  Baxy.Providers.Windows.Tests -> C:\Users\emman\AppData\Local\Temp\baxy-sprints-review-20260904\BAXY Definitivo\tests\Baxy.Providers.Windows.Tests\bin\Release\net10.0-windows10.0.19041.0\Baxy.Providers.Windows.Tests.dll
  Baxy.App -> C:\Users\emman\AppData\Local\Temp\baxy-sprints-review-20260904\BAXY Definitivo\src\Baxy.App\bin\Release\net10.0-windows10.0.19041.0\Baxy.dll
  Baxy.Integration.Tests -> C:\Users\emman\AppData\Local\Temp\baxy-sprints-review-20260904\BAXY Definitivo\tests\Baxy.Integration.Tests\bin\Release\net10.0-windows10.0.19041.0\Baxy.Integration.Tests.dll

Compilación correcta.
    0 Advertencia(s)
    0 Errores

Tiempo transcurrido 00:00:03.19
source_quality_stage_passed: dotnet-build-release
source_quality_stage_started: dotnet-tests
Serie de pruebas para C:\Users\emman\AppData\Local\Temp\baxy-sprints-review-20260904\BAXY Definitivo\tests\Baxy.Contracts.Tests\bin\Release\net10.0\Baxy.Contracts.Tests.dll (.NETCoreApp,Version=v10.0)
1 archivos de prueba en total coincidieron con el patrón especificado.

Correctas! - Con error:     0, Superado:    60, Omitido:     0, Total:    60, Duración: 269 ms - Baxy.Contracts.Tests.dll (net10.0)
Serie de pruebas para C:\Users\emman\AppData\Local\Temp\baxy-sprints-review-20260904\BAXY Definitivo\tests\Baxy.Integration.Tests\bin\Release\net10.0-windows10.0.19041.0\Baxy.Integration.Tests.dll (.NETCoreApp,Version=v10.0)
1 archivos de prueba en total coincidieron con el patrón especificado.
  Omitidas CompareLegacyAndCurrentJsonHotPaths [1 ms]
  Omitidas CompareLegacyAndCurrentCoreJsonlTransport [< 1 ms]
  Omitidas EveryExactRuntimeMessageIsAuditedByTheRealGuiInputPipeline [24 ms]
  Omitidas SequentialVersusOverlappedRuntimeVerificationAndCoreHello [< 1 ms]
  Omitidas OptInRealRuntimeTraversesShellMindAndCoreUsingReadOnlyOperations [< 1 ms]
  Omitidas HistoricalApplicationCommandOpensThroughTheRealPipelineUnderFourSeconds("abre Steam","Steam") [< 1 ms]
  Omitidas ModelAuthoredNotepadAliasOpensThroughRealPipeline [< 1 ms]
  Omitidas HistoricalApplicationCommandOpensThroughTheRealPipelineUnderFourSeconds("abre Bloc de notas","Bloc de notas") [< 1 ms]
  Omitidas HistoricalApplicationCommandOpensThroughTheRealPipelineUnderFourSeconds("abre Discord si está instalado","Discord") [< 1 ms]
  Omitidas HistoricalApplicationCommandOpensThroughTheRealPipelineUnderFourSeconds("abre Steam pero no maximices ni lances juegos","Steam") [< 1 ms]
shell_visible_indication_ms p50=0.114 p95=0.315 max=0.315
shell_published_text_ms_without_llm_composition p50=35.527 p95=44.593 max=44.593


Correctas! - Con error:     0, Superado:  2907, Omitido:     1, Total:  2908, Duración: 3 m 37 s - Baxy.Integration.Tests.dll (net10.0)
Serie de pruebas para C:\Users\emman\AppData\Local\Temp\baxy-sprints-review-20260904\BAXY Definitivo\tests\Baxy.Kernel.Tests\bin\Release\net10.0\Baxy.Kernel.Tests.dll (.NETCoreApp,Version=v10.0)
1 archivos de prueba en total coincidieron con el patrón especificado.
  Omitidas CompareMemoryStreamAndArrayBufferWriterImplementations [< 1 ms]

Correctas! - Con error:     0, Superado:   138, Omitido:     0, Total:   138, Duración: 1 s - Baxy.Kernel.Tests.dll (net10.0)
Serie de pruebas para C:\Users\emman\AppData\Local\Temp\baxy-sprints-review-20260904\BAXY Definitivo\tests\Baxy.Providers.Windows.Tests\bin\Release\net10.0-windows10.0.19041.0\Baxy.Providers.Windows.Tests.dll (.NETCoreApp,Version=v10.0)
1 archivos de prueba en total coincidieron con el patrón especificado.
  Omitidas NativeAotCoreAudioJsonlRoundTripReplaysWithoutAnotherEffectAndRestoresBaseline [1 ms]
  Omitidas WifiStatusReadsActualWindowsStateTwice [< 1 ms]
  Omitidas DxgiAndPdhProduceOneCoherentLocalSnapshot [< 1 ms]
  Omitidas ActualIpListReturnsStableParseableAddressesWithoutInterfaceNames [< 1 ms]

Correctas! - Con error:     0, Superado:   451, Omitido:     0, Total:   451, Duración: 47 s - Baxy.Providers.Windows.Tests.dll (net10.0)
Serie de pruebas para C:\Users\emman\AppData\Local\Temp\baxy-sprints-review-20260904\BAXY Definitivo\tests\Baxy.Setup.Tests\bin\Release\net10.0-windows10.0.19041.0\Baxy.Setup.Tests.dll (.NETCoreApp,Version=v10.0)
1 archivos de prueba en total coincidieron con el patrón especificado.
  Omitidas InstallationMoveWorksWhileAnExecutableRunsFromTheRoot [< 1 ms]

Correctas! - Con error:     0, Superado:   477, Omitido:     0, Total:   477, Duración: 1 m 18 s - Baxy.Setup.Tests.dll (net10.0)
source_quality_stage_passed: dotnet-tests
source_quality_stage_started: python-tests
.........................................s........................ss.... [  0%]
........................................................................ [  1%]
........................................................................ [  2%]
........................................................................ [  3%]
........................................................................ [  4%]
........................................................................ [  4%]
........................................................................ [  5%]
........................................................................ [  6%]
........................................................................ [  7%]
........................................................................ [  8%]
........................................................................ [  8%]
........................................................................ [  9%]
........................................................................ [ 10%]
........................................................................ [ 11%]
........................................................................ [ 12%]
........................................................................ [ 13%]
........................................................................ [ 13%]
........................................................................ [ 14%]
........................................................................ [ 15%]
........................................................................ [ 16%]
........................................................................ [ 17%]
........................................................................ [ 17%]
........................................................................ [ 18%]
........................................................................ [ 19%]
........................................................................ [ 20%]
........................................................................ [ 21%]
........................................................................ [ 22%]
........................................................................ [ 22%]
........................................................................ [ 23%]
........................................................................ [ 24%]
........................................................................ [ 25%]
........................................................................ [ 26%]
........................................................................ [ 26%]
........................................................................ [ 27%]
........................................................................ [ 28%]
.............. [ 28%]
................................................... [ 29%]
........................................................................ [ 30%]
........................................................................ [ 31%]
........................................................................ [ 31%]
........................................................................ [ 32%]
........................................................................ [ 33%]
........................................................................ [ 34%]
........................................................................ [ 35%]
........................................................................ [ 35%]
........................................................................ [ 36%]
........................................................................ [ 37%]
........................................................................ [ 38%]
........................................................................ [ 39%]
........................................................................ [ 40%]
........................................................................ [ 40%]
........................................................................ [ 41%]
........................................................................ [ 42%]
........................................................................ [ 43%]
........................................................................ [ 44%]
........................................................................ [ 44%]
........................................................................ [ 45%]
........................................................................ [ 46%]
........................................................................ [ 47%]
........................................................................ [ 48%]
........................................................................ [ 49%]
........................................................................ [ 49%]
........................................................................ [ 50%]
........................................................................ [ 51%]
........................................................................ [ 52%]
........................................................................ [ 53%]
........................................................................ [ 53%]
........................................................................ [ 54%]
........................................................................ [ 55%]
........................................................................ [ 56%]
........................................................................ [ 57%]
........................................................................ [ 58%]
........................................................................ [ 58%]
........................................................................ [ 59%]
........................................................................ [ 60%]
........................................................................ [ 61%]
........................................................................ [ 62%]
........................................................................ [ 62%]
........................................................................ [ 63%]
........................................................................ [ 64%]
........................................................................ [ 65%]
........................................................................ [ 66%]
........................................................................ [ 67%]
........................................................................ [ 67%]
........................................................................ [ 68%]
........................................................................ [ 69%]
........................................................................ [ 70%]
........................................................................ [ 71%]
........................................................................ [ 71%]
........................................................................ [ 72%]
........................................................................ [ 73%]
...................................................................................................s............................................................. [ 75%]
........................................................................ [ 76%]
............................................................... [ 76%]
........................................................................ [ 77%]
........................................................................ [ 78%]
............................................................... [ 79%]
............................................................... [ 79%]
............................................................. [ 80%]
........................................................................ [ 81%]
................................................................... [ 82%]
.ss.................................................s....... [ 82%]
.................................................................. [ 83%]
........................................................................ [ 84%]
........................................................................ [ 85%]
s............................................................s............................................................ [ 86%]
........................................................................ [ 87%]
........................................................................ [ 88%]
........................................................................ [ 89%]
........................................................................ [ 89%]
........................................................................ [ 90%]
........................................................................ [ 91%]
........................................................................ [ 92%]
........................................................................ [ 93%]
........................................................................ [ 94%]
........................................................................ [ 94%]
........................................................................ [ 95%]
........................................................................ [ 96%]
........................................................................ [ 97%]
........................................................................ [ 98%]
......................................................ss................ [ 98%]
........................................................................ [ 99%]
..................                                                       [100%]
============================== warnings summary ===============================
tests/test_measure_multicluster_oos_recovery.py::test_duplicate_training_rows_do_not_create_empty_cluster_boundaries
  C:\Users\emman\AppData\Local\BAXYRuntime\python\mind-runtime-v1\Lib\site-packages\sklearn\base.py:1403: ConvergenceWarning: Number of distinct clusters (1) found smaller than n_clusters (2). Possibly due to duplicate points in X.
    return fit_method(estimator, *args, **kwargs)

tests/test_train_mdtc_phoneme_distillation_v2.py::test_frame_metrics_respects_explicit_causal_delay
  C:\Users\emman\AppData\Local\BAXYRuntime\python\mind-runtime-v1\Lib\site-packages\numpy\core\fromnumeric.py:3504: RuntimeWarning: Mean of empty slice.
    return _methods._mean(a, axis=axis, dtype=dtype,

tests/test_train_mdtc_phoneme_distillation_v2.py::test_frame_metrics_respects_explicit_causal_delay
  C:\Users\emman\AppData\Local\BAXYRuntime\python\mind-runtime-v1\Lib\site-packages\numpy\core\_methods.py:129: RuntimeWarning: invalid value encountered in scalar divide
    ret = ret.dtype.type(ret / rcount)

-- Docs: https://docs.pytest.org/en/stable/how-to/capture-warnings.html
=========================== short test summary info ===========================
SKIPPED [7] tests\local_evidence.py:34: environment: tests/data/turn_evidence_runtime.v1.jsonl is private local data that the tree excludes on purpose (TURN_EVIDENCE_DATA_NOTICE.md)
SKIPPED [1] tests\local_evidence.py:45: environment: the inherited repository FunctionGemma is not beside this one, so the historical corpus cannot be rebuilt here
SKIPPED [1] tests\test_reviewed_semantic_expectation.py:87: The local exhaustive runtime ledger is unavailable.
SKIPPED [1] tests\test_stt_quality_evaluators.py:122: environment: blind campaign inputs absent (6)
SKIPPED [1] tests\test_technology_tournament.py:523: environment: the official Round B WPF build tree is not on this machine
8790 passed, 11 skipped, 3 warnings, 433 subtests passed in 573.63s (0:09:33)
source_quality_stage_passed: python-tests
source_quality_gate_passed: mode=Full
