FFFFFFFFFFFFFFFFFFFFF...FFFFFFFFF...FFFFFFFFF...FFF...........F......... [ 90%]
F.FFFFFF                                                                 [100%]
=========================== short test summary info ===========================
FAILED tests/test_c03_local_clock_scope.py::test_local_clock_reads_share_selection_and_grounding[mostrame la hora-{}]
FAILED tests/test_c03_local_clock_scope.py::test_local_clock_reads_share_selection_and_grounding[mostrame la hora-Baxy, {}]
FAILED tests/test_c03_local_clock_scope.py::test_local_clock_reads_share_selection_and_grounding[mostrame la hora-Por favor, {}]
FAILED tests/test_c03_local_clock_scope.py::test_local_clock_reads_share_selection_and_grounding[mostrame la fecha-{}]
FAILED tests/test_c03_local_clock_scope.py::test_local_clock_reads_share_selection_and_grounding[mostrame la fecha-Baxy, {}]
FAILED tests/test_c03_local_clock_scope.py::test_local_clock_reads_share_selection_and_grounding[mostrame la fecha-Por favor, {}]
FAILED tests/test_c03_local_clock_scope.py::test_local_clock_reads_share_selection_and_grounding[pasame la hora-{}]
FAILED tests/test_c03_local_clock_scope.py::test_local_clock_reads_share_selection_and_grounding[pasame la hora-Baxy, {}]
FAILED tests/test_c03_local_clock_scope.py::test_local_clock_reads_share_selection_and_grounding[pasame la hora-Por favor, {}]
FAILED tests/test_c03_local_clock_scope.py::test_local_clock_reads_share_selection_and_grounding[mu\xe9strame la fecha actual-{}]
FAILED tests/test_c03_local_clock_scope.py::test_local_clock_reads_share_selection_and_grounding[mu\xe9strame la fecha actual-Baxy, {}]
FAILED tests/test_c03_local_clock_scope.py::test_local_clock_reads_share_selection_and_grounding[mu\xe9strame la fecha actual-Por favor, {}]
FAILED tests/test_c03_local_clock_scope.py::test_local_clock_reads_share_selection_and_grounding[p\xe1same la fecha de hoy-{}]
FAILED tests/test_c03_local_clock_scope.py::test_local_clock_reads_share_selection_and_grounding[p\xe1same la fecha de hoy-Baxy, {}]
FAILED tests/test_c03_local_clock_scope.py::test_local_clock_reads_share_selection_and_grounding[p\xe1same la fecha de hoy-Por favor, {}]
FAILED tests/test_c03_local_clock_scope.py::test_local_clock_reads_share_selection_and_grounding[ens\xe9\xf1ame la hora local-{}]
FAILED tests/test_c03_local_clock_scope.py::test_local_clock_reads_share_selection_and_grounding[ens\xe9\xf1ame la hora local-Baxy, {}]
FAILED tests/test_c03_local_clock_scope.py::test_local_clock_reads_share_selection_and_grounding[ens\xe9\xf1ame la hora local-Por favor, {}]
FAILED tests/test_c03_local_clock_scope.py::test_local_clock_reads_share_selection_and_grounding[dame la fecha-{}]
FAILED tests/test_c03_local_clock_scope.py::test_local_clock_reads_share_selection_and_grounding[dame la fecha-Baxy, {}]
FAILED tests/test_c03_local_clock_scope.py::test_local_clock_reads_share_selection_and_grounding[dame la fecha-Por favor, {}]
FAILED tests/test_c03_local_clock_scope.py::test_local_clock_reads_share_selection_and_grounding[ind\xedcame la fecha de hoy-{}]
FAILED tests/test_c03_local_clock_scope.py::test_local_clock_reads_share_selection_and_grounding[ind\xedcame la fecha de hoy-Baxy, {}]
FAILED tests/test_c03_local_clock_scope.py::test_local_clock_reads_share_selection_and_grounding[ind\xedcame la fecha de hoy-Por favor, {}]
FAILED tests/test_c03_local_clock_scope.py::test_local_clock_reads_share_selection_and_grounding[comprueba la hora local-{}]
FAILED tests/test_c03_local_clock_scope.py::test_local_clock_reads_share_selection_and_grounding[comprueba la hora local-Baxy, {}]
FAILED tests/test_c03_local_clock_scope.py::test_local_clock_reads_share_selection_and_grounding[comprueba la hora local-Por favor, {}]
FAILED tests/test_c03_local_clock_scope.py::test_local_clock_reads_share_selection_and_grounding[What is the current local date?-{}]
FAILED tests/test_c03_local_clock_scope.py::test_local_clock_reads_share_selection_and_grounding[What is the current local date?-Baxy, {}]
FAILED tests/test_c03_local_clock_scope.py::test_local_clock_reads_share_selection_and_grounding[What is the current local date?-Por favor, {}]
FAILED tests/test_c03_local_clock_scope.py::test_local_clock_reads_share_selection_and_grounding[Show me the current date-{}]
FAILED tests/test_c03_local_clock_scope.py::test_local_clock_reads_share_selection_and_grounding[Show me the current date-Baxy, {}]
FAILED tests/test_c03_local_clock_scope.py::test_local_clock_reads_share_selection_and_grounding[Show me the current date-Por favor, {}]
FAILED tests/test_c03_local_clock_scope.py::test_local_clock_reads_share_selection_and_grounding[Give me the local time-{}]
FAILED tests/test_c03_local_clock_scope.py::test_local_clock_reads_share_selection_and_grounding[Give me the local time-Baxy, {}]
FAILED tests/test_c03_local_clock_scope.py::test_local_clock_reads_share_selection_and_grounding[Give me the local time-Por favor, {}]
FAILED tests/test_c03_local_clock_scope.py::test_local_clock_reads_share_selection_and_grounding[Check the current local time-{}]
FAILED tests/test_c03_local_clock_scope.py::test_local_clock_reads_share_selection_and_grounding[Check the current local time-Baxy, {}]
FAILED tests/test_c03_local_clock_scope.py::test_local_clock_reads_share_selection_and_grounding[Check the current local time-Por favor, {}]
FAILED tests/test_c03_local_clock_scope.py::test_local_clock_reads_share_selection_and_grounding[mostrame the current date-{}]
FAILED tests/test_c03_local_clock_scope.py::test_local_clock_reads_share_selection_and_grounding[mostrame the current date-Baxy, {}]
FAILED tests/test_c03_local_clock_scope.py::test_local_clock_reads_share_selection_and_grounding[mostrame the current date-Por favor, {}]
FAILED tests/test_c03_local_clock_scope.py::test_clock_mentions_do_not_authorize_a_current_local_read[Define local time]
FAILED tests/test_c03_local_clock_scope.py::test_clock_mentions_do_not_authorize_a_current_local_read[Set the local time]
FAILED tests/test_c03_local_clock_scope.py::test_clock_clauses_preserve_other_requests_and_prohibitions[Mostrame la hora y revisa la bater\xeda-expected0]
FAILED tests/test_c03_local_clock_scope.py::test_clock_clauses_preserve_other_requests_and_prohibitions[Revisa la bater\xeda y pasame la fecha-expected1]
FAILED tests/test_c03_local_clock_scope.py::test_clock_clauses_preserve_other_requests_and_prohibitions[Show me the current date and check the CPU-expected2]
FAILED tests/test_c03_local_clock_scope.py::test_clock_clauses_preserve_other_requests_and_prohibitions[Check the CPU and give me the local time-expected3]
FAILED tests/test_c03_local_clock_scope.py::test_clock_clauses_preserve_other_requests_and_prohibitions[Mostrame la fecha y no abras Steam-expected4]
FAILED tests/test_c03_local_clock_scope.py::test_clock_clauses_preserve_other_requests_and_prohibitions[Give me the local time and do not mute the audio-expected5]
50 failed, 30 passed in 0.92s
