......................................................FFFFFFFFFFFFFFFFFF [ 69%]
FFFFFF..........................                                         [100%]
=========================== short test summary info ===========================
FAILED tests/test_c03_local_clock_scope.py::test_local_clock_reads_share_selection_and_grounding[\xbfPuedes pasarme la hora?-{}]
FAILED tests/test_c03_local_clock_scope.py::test_local_clock_reads_share_selection_and_grounding[\xbfPuedes pasarme la hora?-Baxy, {}]
FAILED tests/test_c03_local_clock_scope.py::test_local_clock_reads_share_selection_and_grounding[\xbfPuedes pasarme la hora?-Por favor, {}]
FAILED tests/test_c03_local_clock_scope.py::test_local_clock_reads_share_selection_and_grounding[\xbfPodr\xedas decirme la fecha?-{}]
FAILED tests/test_c03_local_clock_scope.py::test_local_clock_reads_share_selection_and_grounding[\xbfPodr\xedas decirme la fecha?-Baxy, {}]
FAILED tests/test_c03_local_clock_scope.py::test_local_clock_reads_share_selection_and_grounding[\xbfPodr\xedas decirme la fecha?-Por favor, {}]
FAILED tests/test_c03_local_clock_scope.py::test_local_clock_reads_share_selection_and_grounding[puedes darme la hora-{}]
FAILED tests/test_c03_local_clock_scope.py::test_local_clock_reads_share_selection_and_grounding[puedes darme la hora-Baxy, {}]
FAILED tests/test_c03_local_clock_scope.py::test_local_clock_reads_share_selection_and_grounding[puedes darme la hora-Por favor, {}]
FAILED tests/test_c03_local_clock_scope.py::test_local_clock_reads_share_selection_and_grounding[puedes mostrarme la fecha-{}]
FAILED tests/test_c03_local_clock_scope.py::test_local_clock_reads_share_selection_and_grounding[puedes mostrarme la fecha-Baxy, {}]
FAILED tests/test_c03_local_clock_scope.py::test_local_clock_reads_share_selection_and_grounding[puedes mostrarme la fecha-Por favor, {}]
FAILED tests/test_c03_local_clock_scope.py::test_local_clock_reads_share_selection_and_grounding[podr\xedas ense\xf1arme la hora local-{}]
FAILED tests/test_c03_local_clock_scope.py::test_local_clock_reads_share_selection_and_grounding[podr\xedas ense\xf1arme la hora local-Baxy, {}]
FAILED tests/test_c03_local_clock_scope.py::test_local_clock_reads_share_selection_and_grounding[podr\xedas ense\xf1arme la hora local-Por favor, {}]
FAILED tests/test_c03_local_clock_scope.py::test_local_clock_reads_share_selection_and_grounding[puedes indicarme la fecha actual-{}]
FAILED tests/test_c03_local_clock_scope.py::test_local_clock_reads_share_selection_and_grounding[puedes indicarme la fecha actual-Baxy, {}]
FAILED tests/test_c03_local_clock_scope.py::test_local_clock_reads_share_selection_and_grounding[puedes indicarme la fecha actual-Por favor, {}]
FAILED tests/test_c03_local_clock_scope.py::test_local_clock_reads_share_selection_and_grounding[puedes consultar la hora-{}]
FAILED tests/test_c03_local_clock_scope.py::test_local_clock_reads_share_selection_and_grounding[puedes consultar la hora-Baxy, {}]
FAILED tests/test_c03_local_clock_scope.py::test_local_clock_reads_share_selection_and_grounding[puedes consultar la hora-Por favor, {}]
FAILED tests/test_c03_local_clock_scope.py::test_local_clock_reads_share_selection_and_grounding[puedes comprobar la fecha de hoy-{}]
FAILED tests/test_c03_local_clock_scope.py::test_local_clock_reads_share_selection_and_grounding[puedes comprobar la fecha de hoy-Baxy, {}]
FAILED tests/test_c03_local_clock_scope.py::test_local_clock_reads_share_selection_and_grounding[puedes comprobar la fecha de hoy-Por favor, {}]
24 failed, 80 passed in 0.94s
