FFFFFFFFFFFFFFFFFFFFFFFFFFFFFFFFFFFF......................FFFFFFFF       [100%]
=========================== short test summary info ===========================
FAILED tests/test_c03_clock_context.py::test_clock_followups_preserve_a_contiguous_human_context[False-\xbfY la hora?-1-Dime qu\xe9 hora es]
FAILED tests/test_c03_clock_context.py::test_clock_followups_preserve_a_contiguous_human_context[False-\xbfY la hora?-1-What date is it?]
FAILED tests/test_c03_clock_context.py::test_clock_followups_preserve_a_contiguous_human_context[False-\xbfY la hora?-1-Comprueba la hora local]
FAILED tests/test_c03_clock_context.py::test_clock_followups_preserve_a_contiguous_human_context[False-\xbfY la hora?-2-Dime qu\xe9 hora es]
FAILED tests/test_c03_clock_context.py::test_clock_followups_preserve_a_contiguous_human_context[False-\xbfY la hora?-2-What date is it?]
FAILED tests/test_c03_clock_context.py::test_clock_followups_preserve_a_contiguous_human_context[False-\xbfY la hora?-2-Comprueba la hora local]
FAILED tests/test_c03_clock_context.py::test_clock_followups_preserve_a_contiguous_human_context[False-\xbfY la hora?-4-Dime qu\xe9 hora es]
FAILED tests/test_c03_clock_context.py::test_clock_followups_preserve_a_contiguous_human_context[False-\xbfY la hora?-4-What date is it?]
FAILED tests/test_c03_clock_context.py::test_clock_followups_preserve_a_contiguous_human_context[False-\xbfY la hora?-4-Comprueba la hora local]
FAILED tests/test_c03_clock_context.py::test_clock_followups_preserve_a_contiguous_human_context[False-and the date?-1-Dime qu\xe9 hora es]
FAILED tests/test_c03_clock_context.py::test_clock_followups_preserve_a_contiguous_human_context[False-and the date?-1-What date is it?]
FAILED tests/test_c03_clock_context.py::test_clock_followups_preserve_a_contiguous_human_context[False-and the date?-1-Comprueba la hora local]
FAILED tests/test_c03_clock_context.py::test_clock_followups_preserve_a_contiguous_human_context[False-and the date?-2-Dime qu\xe9 hora es]
FAILED tests/test_c03_clock_context.py::test_clock_followups_preserve_a_contiguous_human_context[False-and the date?-2-What date is it?]
FAILED tests/test_c03_clock_context.py::test_clock_followups_preserve_a_contiguous_human_context[False-and the date?-2-Comprueba la hora local]
FAILED tests/test_c03_clock_context.py::test_clock_followups_preserve_a_contiguous_human_context[False-and the date?-4-Dime qu\xe9 hora es]
FAILED tests/test_c03_clock_context.py::test_clock_followups_preserve_a_contiguous_human_context[False-and the date?-4-What date is it?]
FAILED tests/test_c03_clock_context.py::test_clock_followups_preserve_a_contiguous_human_context[False-and the date?-4-Comprueba la hora local]
FAILED tests/test_c03_clock_context.py::test_clock_followups_preserve_a_contiguous_human_context[True-\xbfY la hora?-1-Dime qu\xe9 hora es]
FAILED tests/test_c03_clock_context.py::test_clock_followups_preserve_a_contiguous_human_context[True-\xbfY la hora?-1-What date is it?]
FAILED tests/test_c03_clock_context.py::test_clock_followups_preserve_a_contiguous_human_context[True-\xbfY la hora?-1-Comprueba la hora local]
FAILED tests/test_c03_clock_context.py::test_clock_followups_preserve_a_contiguous_human_context[True-\xbfY la hora?-2-Dime qu\xe9 hora es]
FAILED tests/test_c03_clock_context.py::test_clock_followups_preserve_a_contiguous_human_context[True-\xbfY la hora?-2-What date is it?]
FAILED tests/test_c03_clock_context.py::test_clock_followups_preserve_a_contiguous_human_context[True-\xbfY la hora?-2-Comprueba la hora local]
FAILED tests/test_c03_clock_context.py::test_clock_followups_preserve_a_contiguous_human_context[True-\xbfY la hora?-4-Dime qu\xe9 hora es]
FAILED tests/test_c03_clock_context.py::test_clock_followups_preserve_a_contiguous_human_context[True-\xbfY la hora?-4-What date is it?]
FAILED tests/test_c03_clock_context.py::test_clock_followups_preserve_a_contiguous_human_context[True-\xbfY la hora?-4-Comprueba la hora local]
FAILED tests/test_c03_clock_context.py::test_clock_followups_preserve_a_contiguous_human_context[True-and the date?-1-Dime qu\xe9 hora es]
FAILED tests/test_c03_clock_context.py::test_clock_followups_preserve_a_contiguous_human_context[True-and the date?-1-What date is it?]
FAILED tests/test_c03_clock_context.py::test_clock_followups_preserve_a_contiguous_human_context[True-and the date?-1-Comprueba la hora local]
FAILED tests/test_c03_clock_context.py::test_clock_followups_preserve_a_contiguous_human_context[True-and the date?-2-Dime qu\xe9 hora es]
FAILED tests/test_c03_clock_context.py::test_clock_followups_preserve_a_contiguous_human_context[True-and the date?-2-What date is it?]
FAILED tests/test_c03_clock_context.py::test_clock_followups_preserve_a_contiguous_human_context[True-and the date?-2-Comprueba la hora local]
FAILED tests/test_c03_clock_context.py::test_clock_followups_preserve_a_contiguous_human_context[True-and the date?-4-Dime qu\xe9 hora es]
FAILED tests/test_c03_clock_context.py::test_clock_followups_preserve_a_contiguous_human_context[True-and the date?-4-What date is it?]
FAILED tests/test_c03_clock_context.py::test_clock_followups_preserve_a_contiguous_human_context[True-and the date?-4-Comprueba la hora local]
FAILED tests/test_turn_policy.py::test_contextual_date_uses_prior_user_clock_not_current_history_echo[prior_followups1-y la fecha?-False]
FAILED tests/test_turn_policy.py::test_contextual_date_uses_prior_user_clock_not_current_history_echo[prior_followups1-y la fecha?-True]
FAILED tests/test_turn_policy.py::test_contextual_date_uses_prior_user_clock_not_current_history_echo[prior_followups1-and the date?-False]
FAILED tests/test_turn_policy.py::test_contextual_date_uses_prior_user_clock_not_current_history_echo[prior_followups1-and the date?-True]
FAILED tests/test_turn_policy.py::test_contextual_date_uses_prior_user_clock_not_current_history_echo[prior_followups2-y la fecha?-False]
FAILED tests/test_turn_policy.py::test_contextual_date_uses_prior_user_clock_not_current_history_echo[prior_followups2-y la fecha?-True]
FAILED tests/test_turn_policy.py::test_contextual_date_uses_prior_user_clock_not_current_history_echo[prior_followups2-and the date?-False]
FAILED tests/test_turn_policy.py::test_contextual_date_uses_prior_user_clock_not_current_history_echo[prior_followups2-and the date?-True]
44 failed, 22 passed, 1049 deselected in 2.07s
