  Determinando los proyectos que se van a restaurar...
  Todos los proyectos están actualizados para la restauración.
  Baxy.Contracts -> D:\Perfil\Escritorio\ETC\Programacion\BAXY DEFINITIVO\src\Baxy.Contracts\bin\Release\net10.0\Baxy.Contracts.dll
  Baxy.Security.Windows -> D:\Perfil\Escritorio\ETC\Programacion\BAXY DEFINITIVO\src\Baxy.Security.Windows\bin\Release\net10.0-windows10.0.19041.0\Baxy.Security.Windows.dll
  Baxy.Kernel -> D:\Perfil\Escritorio\ETC\Programacion\BAXY DEFINITIVO\src\Baxy.Kernel\bin\Release\net10.0\Baxy.Kernel.dll
  Baxy.Providers.Windows -> D:\Perfil\Escritorio\ETC\Programacion\BAXY DEFINITIVO\src\Baxy.Providers.Windows\bin\Release\net10.0-windows10.0.19041.0\Baxy.Providers.Windows.dll
  Baxy.Core -> D:\Perfil\Escritorio\ETC\Programacion\BAXY DEFINITIVO\src\Baxy.Core\bin\Release\net10.0-windows10.0.19041.0\baxy-core.dll
  Baxy.App -> D:\Perfil\Escritorio\ETC\Programacion\BAXY DEFINITIVO\src\Baxy.App\bin\Release\net10.0-windows10.0.19041.0\Baxy.dll
  Baxy.Integration.Tests -> D:\Perfil\Escritorio\ETC\Programacion\BAXY DEFINITIVO\tests\Baxy.Integration.Tests\bin\Release\net10.0-windows10.0.19041.0\Baxy.Integration.Tests.dll
Serie de pruebas para D:\Perfil\Escritorio\ETC\Programacion\BAXY DEFINITIVO\tests\Baxy.Integration.Tests\bin\Release\net10.0-windows10.0.19041.0\Baxy.Integration.Tests.dll (.NETCoreApp,Version=v10.0)
1 archivos de prueba en total coincidieron con el patrón especificado.
  Con error ReconciliationChallengeCannotBeCancelledWithAFalseNoEffectClaim [15 s]
  Mensaje de error:
     Assert.That(LastAssistantMessage(viewModel), Is.EqualTo(initialReconciliation))
  Expected string length 204 but was 130. Strings differ at index 70.
  Expected: "...ng","cause":"memory_reconcile_same_attempt","choices":["co..."
  But was:  "...ng","cause":"memory_reconcile_only","choices":["confirmar"..."
  --------------------------------------------^

  Seguimiento de la pila:
     at Baxy.Integration.Tests.MemoryAppFlowTests.ReconciliationChallengeCannotBeCancelledWithAFalseNoEffectClaim() in D:\Perfil\Escritorio\ETC\Programacion\BAXY DEFINITIVO\tests\Baxy.Integration.Tests\MemoryAppFlowTests.cs:line 1086
   at Baxy.Integration.Tests.MemoryAppFlowTests.ReconciliationChallengeCannotBeCancelledWithAFalseNoEffectClaim() in D:\Perfil\Escritorio\ETC\Programacion\BAXY DEFINITIVO\tests\Baxy.Integration.Tests\MemoryAppFlowTests.cs:line 1090
   at NUnit.Framework.Internal.TaskAwaitAdapter.GenericAdapter`1.BlockUntilCompleted()
   at NUnit.Framework.Internal.MessagePumpStrategy.NoMessagePumpStrategy.WaitForCompletion(AwaitAdapter awaiter)
   at NUnit.Framework.Internal.AsyncToSyncAdapter.Await[TResult](Func`1 invoke)
   at NUnit.Framework.Internal.AsyncToSyncAdapter.Await(Func`1 invoke)
   at NUnit.Framework.Internal.Commands.TestMethodCommand.RunTestMethod(TestExecutionContext context)
   at NUnit.Framework.Internal.Commands.TestMethodCommand.Execute(TestExecutionContext context)
   at NUnit.Framework.Internal.Execution.SimpleWorkItem.<>c__DisplayClass3_0.<PerformWork>b__0()
   at NUnit.Framework.Internal.ContextUtils.<>c__DisplayClass1_0`1.<DoIsolated>b__0(Object _)

1)    at Baxy.Integration.Tests.MemoryAppFlowTests.ReconciliationChallengeCannotBeCancelledWithAFalseNoEffectClaim() in D:\Perfil\Escritorio\ETC\Programacion\BAXY DEFINITIVO\tests\Baxy.Integration.Tests\MemoryAppFlowTests.cs:line 1086
   at System.Runtime.CompilerServices.AsyncTaskMethodBuilder`1.AsyncStateMachineBox`1.ExecutionContextCallback(Object s)


  Con error RequestedSaveOffersEnableAndResumesOnlyAfterExactConfirmation [12 s]
  Mensaje de error:
     Assert.That(LastAssistantMessage(first), Is.EqualTo(initialConfirmation))
  Expected string length 200 but was 133. Strings differ at index 60.
  Expected: "...ty":"pending","cause":"memory_enable","choices":["confirma..."
  But was:  "...ty":"pending","cause":"memory_confirm_or_cancel","choices"..."
  --------------------------------------------^

  Seguimiento de la pila:
     at Baxy.Integration.Tests.MemoryAppFlowTests.RequestedSaveOffersEnableAndResumesOnlyAfterExactConfirmation() in D:\Perfil\Escritorio\ETC\Programacion\BAXY DEFINITIVO\tests\Baxy.Integration.Tests\MemoryAppFlowTests.cs:line 653
   at Baxy.Integration.Tests.MemoryAppFlowTests.RequestedSaveOffersEnableAndResumesOnlyAfterExactConfirmation() in D:\Perfil\Escritorio\ETC\Programacion\BAXY DEFINITIVO\tests\Baxy.Integration.Tests\MemoryAppFlowTests.cs:line 670
   at NUnit.Framework.Internal.TaskAwaitAdapter.GenericAdapter`1.BlockUntilCompleted()
   at NUnit.Framework.Internal.MessagePumpStrategy.NoMessagePumpStrategy.WaitForCompletion(AwaitAdapter awaiter)
   at NUnit.Framework.Internal.AsyncToSyncAdapter.Await[TResult](Func`1 invoke)
   at NUnit.Framework.Internal.AsyncToSyncAdapter.Await(Func`1 invoke)
   at NUnit.Framework.Internal.Commands.TestMethodCommand.RunTestMethod(TestExecutionContext context)
   at NUnit.Framework.Internal.Commands.TestMethodCommand.Execute(TestExecutionContext context)
   at NUnit.Framework.Internal.Execution.SimpleWorkItem.<>c__DisplayClass3_0.<PerformWork>b__0()
   at NUnit.Framework.Internal.ContextUtils.<>c__DisplayClass1_0`1.<DoIsolated>b__0(Object _)

1)    at Baxy.Integration.Tests.MemoryAppFlowTests.<>c__DisplayClass19_1.<RequestedSaveOffersEnableAndResumesOnlyAfterExactConfirmation>b__4() in D:\Perfil\Escritorio\ETC\Programacion\BAXY DEFINITIVO\tests\Baxy.Integration.Tests\MemoryAppFlowTests.cs:line 657
   at NUnit.Framework.Assert.Multiple(TestDelegate testDelegate)
   at Baxy.Integration.Tests.MemoryAppFlowTests.RequestedSaveOffersEnableAndResumesOnlyAfterExactConfirmation() in D:\Perfil\Escritorio\ETC\Programacion\BAXY DEFINITIVO\tests\Baxy.Integration.Tests\MemoryAppFlowTests.cs:line 653
   at System.Runtime.CompilerServices.AsyncTaskMethodBuilder`1.AsyncStateMachineBox`1.ExecutionContextCallback(Object s)


  Con error ViewModelRunsProtectedMemoryConfirmationProjectionAndCancellationEndToEnd [10 s]
  Mensaje de error:
     Assert.That(LastAssistantMessage(viewModel), Is.EqualTo(initialConfirmation))
  Expected string length 200 but was 133. Strings differ at index 60.
  Expected: "...ty":"pending","cause":"memory_enable","choices":["confirma..."
  But was:  "...ty":"pending","cause":"memory_confirm_or_cancel","choices"..."
  --------------------------------------------^

  Seguimiento de la pila:
     at Baxy.Integration.Tests.MemoryAppFlowTests.ViewModelRunsProtectedMemoryConfirmationProjectionAndCancellationEndToEnd() in D:\Perfil\Escritorio\ETC\Programacion\BAXY DEFINITIVO\tests\Baxy.Integration.Tests\MemoryAppFlowTests.cs:line 766
   at Baxy.Integration.Tests.MemoryAppFlowTests.ViewModelRunsProtectedMemoryConfirmationProjectionAndCancellationEndToEnd() in D:\Perfil\Escritorio\ETC\Programacion\BAXY DEFINITIVO\tests\Baxy.Integration.Tests\MemoryAppFlowTests.cs:line 831
   at NUnit.Framework.Internal.TaskAwaitAdapter.GenericAdapter`1.BlockUntilCompleted()
   at NUnit.Framework.Internal.MessagePumpStrategy.NoMessagePumpStrategy.WaitForCompletion(AwaitAdapter awaiter)
   at NUnit.Framework.Internal.AsyncToSyncAdapter.Await[TResult](Func`1 invoke)
   at NUnit.Framework.Internal.AsyncToSyncAdapter.Await(Func`1 invoke)
   at NUnit.Framework.Internal.Commands.TestMethodCommand.RunTestMethod(TestExecutionContext context)
   at NUnit.Framework.Internal.Commands.TestMethodCommand.Execute(TestExecutionContext context)
   at NUnit.Framework.Internal.Execution.SimpleWorkItem.<>c__DisplayClass3_0.<PerformWork>b__0()
   at NUnit.Framework.Internal.ContextUtils.<>c__DisplayClass1_0`1.<DoIsolated>b__0(Object _)

1)    at Baxy.Integration.Tests.MemoryAppFlowTests.<>c__DisplayClass22_0.<ViewModelRunsProtectedMemoryConfirmationProjectionAndCancellationEndToEnd>b__2() in D:\Perfil\Escritorio\ETC\Programacion\BAXY DEFINITIVO\tests\Baxy.Integration.Tests\MemoryAppFlowTests.cs:line 770
   at NUnit.Framework.Assert.Multiple(TestDelegate testDelegate)
   at Baxy.Integration.Tests.MemoryAppFlowTests.ViewModelRunsProtectedMemoryConfirmationProjectionAndCancellationEndToEnd() in D:\Perfil\Escritorio\ETC\Programacion\BAXY DEFINITIVO\tests\Baxy.Integration.Tests\MemoryAppFlowTests.cs:line 766
   at System.Runtime.CompilerServices.AsyncTaskMethodBuilder`1.AsyncStateMachineBox`1.ExecutionContextCallback(Object s)



Con error! - Con error:     3, Superado:     0, Omitido:     0, Total:     3, Duración: 38 s - Baxy.Integration.Tests.dll (net10.0)
