  Determinando los proyectos que se van a restaurar...
  Se ha restaurado D:\Perfil\Escritorio\ETC\Programacion\BAXY DEFINITIVO\src\Baxy.Contracts\Baxy.Contracts.csproj (en 196 ms).
  Se ha restaurado D:\Perfil\Escritorio\ETC\Programacion\BAXY DEFINITIVO\src\Baxy.Security.Windows\Baxy.Security.Windows.csproj (en 196 ms).
  Se ha restaurado D:\Perfil\Escritorio\ETC\Programacion\BAXY DEFINITIVO\src\Baxy.App\Baxy.App.csproj (en 196 ms).
  Se ha restaurado D:\Perfil\Escritorio\ETC\Programacion\BAXY DEFINITIVO\src\Baxy.Kernel\Baxy.Kernel.csproj (en 196 ms).
  Se ha restaurado D:\Perfil\Escritorio\ETC\Programacion\BAXY DEFINITIVO\src\Baxy.Core\Baxy.Core.csproj (en 196 ms).
  Se ha restaurado D:\Perfil\Escritorio\ETC\Programacion\BAXY DEFINITIVO\src\Baxy.Providers.Windows\Baxy.Providers.Windows.csproj (en 196 ms).
  1 de 7 proyectos están actualizados para la restauración.
  Baxy.Contracts -> D:\Perfil\Escritorio\ETC\Programacion\BAXY DEFINITIVO\src\Baxy.Contracts\bin\Release\net10.0\Baxy.Contracts.dll
  Baxy.Security.Windows -> D:\Perfil\Escritorio\ETC\Programacion\BAXY DEFINITIVO\src\Baxy.Security.Windows\bin\Release\net10.0-windows10.0.19041.0\Baxy.Security.Windows.dll
  Baxy.Kernel -> D:\Perfil\Escritorio\ETC\Programacion\BAXY DEFINITIVO\src\Baxy.Kernel\bin\Release\net10.0\Baxy.Kernel.dll
  Baxy.Providers.Windows -> D:\Perfil\Escritorio\ETC\Programacion\BAXY DEFINITIVO\src\Baxy.Providers.Windows\bin\Release\net10.0-windows10.0.19041.0\Baxy.Providers.Windows.dll
  Baxy.Core -> D:\Perfil\Escritorio\ETC\Programacion\BAXY DEFINITIVO\src\Baxy.Core\bin\Release\net10.0-windows10.0.19041.0\baxy-core.dll
  Baxy.App -> D:\Perfil\Escritorio\ETC\Programacion\BAXY DEFINITIVO\src\Baxy.App\bin\Release\net10.0-windows10.0.19041.0\Baxy.dll
  Baxy.Integration.Tests -> D:\Perfil\Escritorio\ETC\Programacion\BAXY DEFINITIVO\tests\Baxy.Integration.Tests\bin\Release\net10.0-windows10.0.19041.0\Baxy.Integration.Tests.dll
Serie de pruebas para D:\Perfil\Escritorio\ETC\Programacion\BAXY DEFINITIVO\tests\Baxy.Integration.Tests\bin\Release\net10.0-windows10.0.19041.0\Baxy.Integration.Tests.dll (.NETCoreApp,Version=v10.0)
1 archivos de prueba en total coincidieron con el patrón especificado.
  Con error SingleRecalledValueCrossesTheComposerLiteralContract("memory.recall","name","Priya","The stored name is Priya.") [220 ms]
  Mensaje de error:
   Multiple failures or warnings in test:
  1)   Assert.That(UserMessagePolicy.RequiredLiteralFacts(draft.Source), Is.EqualTo(new[] { value }))
  Expected is <System.String[1]>, actual is <System.String[0]>
  Values differ at index [0]
  Missing:  < "Priya" >
  2)   Assert.That(facts["requiredFacts"]?.AsArray().Select(item => item!.GetValue<string>()), Is.EqualTo(new[] { value }))
  Expected: < "Priya" >
  But was:  null

  3)   Assert.That(UserMessagePolicy.ModelResponseRejectionReason("No stored information.", draft), Is.EqualTo("missing_literal_fact"))
  Expected: "missing_literal_fact"
  But was:  null

  4)   Assert.That(UserMessagePolicy.ModelResponseRejectionReason(correctReply, draft), Is.Empty)
  Expected: <empty>
  But was:  null


  Seguimiento de la pila:
     at Baxy.Integration.Tests.MemoryAppFlowTests.SingleRecalledValueCrossesTheComposerLiteralContract(String operation, String label, String value, String correctReply) in D:\Perfil\Escritorio\ETC\Programacion\BAXY DEFINITIVO\tests\Baxy.Integration.Tests\MemoryAppFlowTests.cs:line 122

1)    at Baxy.Integration.Tests.MemoryAppFlowTests.<>c__DisplayClass4_0.<SingleRecalledValueCrossesTheComposerLiteralContract>b__0() in D:\Perfil\Escritorio\ETC\Programacion\BAXY DEFINITIVO\tests\Baxy.Integration.Tests\MemoryAppFlowTests.cs:line 124
   at NUnit.Framework.Assert.Multiple(TestDelegate testDelegate)
   at Baxy.Integration.Tests.MemoryAppFlowTests.SingleRecalledValueCrossesTheComposerLiteralContract(String operation, String label, String value, String correctReply) in D:\Perfil\Escritorio\ETC\Programacion\BAXY DEFINITIVO\tests\Baxy.Integration.Tests\MemoryAppFlowTests.cs:line 122

2)    at Baxy.Integration.Tests.MemoryAppFlowTests.<>c__DisplayClass4_0.<SingleRecalledValueCrossesTheComposerLiteralContract>b__0() in D:\Perfil\Escritorio\ETC\Programacion\BAXY DEFINITIVO\tests\Baxy.Integration.Tests\MemoryAppFlowTests.cs:line 125
   at NUnit.Framework.Assert.Multiple(TestDelegate testDelegate)
   at Baxy.Integration.Tests.MemoryAppFlowTests.SingleRecalledValueCrossesTheComposerLiteralContract(String operation, String label, String value, String correctReply) in D:\Perfil\Escritorio\ETC\Programacion\BAXY DEFINITIVO\tests\Baxy.Integration.Tests\MemoryAppFlowTests.cs:line 122

3)    at Baxy.Integration.Tests.MemoryAppFlowTests.<>c__DisplayClass4_0.<SingleRecalledValueCrossesTheComposerLiteralContract>b__0() in D:\Perfil\Escritorio\ETC\Programacion\BAXY DEFINITIVO\tests\Baxy.Integration.Tests\MemoryAppFlowTests.cs:line 127
   at NUnit.Framework.Assert.Multiple(TestDelegate testDelegate)
   at Baxy.Integration.Tests.MemoryAppFlowTests.SingleRecalledValueCrossesTheComposerLiteralContract(String operation, String label, String value, String correctReply) in D:\Perfil\Escritorio\ETC\Programacion\BAXY DEFINITIVO\tests\Baxy.Integration.Tests\MemoryAppFlowTests.cs:line 122

4)    at Baxy.Integration.Tests.MemoryAppFlowTests.<>c__DisplayClass4_0.<SingleRecalledValueCrossesTheComposerLiteralContract>b__0() in D:\Perfil\Escritorio\ETC\Programacion\BAXY DEFINITIVO\tests\Baxy.Integration.Tests\MemoryAppFlowTests.cs:line 129
   at NUnit.Framework.Assert.Multiple(TestDelegate testDelegate)
   at Baxy.Integration.Tests.MemoryAppFlowTests.SingleRecalledValueCrossesTheComposerLiteralContract(String operation, String label, String value, String correctReply) in D:\Perfil\Escritorio\ETC\Programacion\BAXY DEFINITIVO\tests\Baxy.Integration.Tests\MemoryAppFlowTests.cs:line 122


  Con error SingleRecalledValueCrossesTheComposerLiteralContract("memory.recall","color","turquesa","El color guardado es turquesa.") [185 ms]
  Mensaje de error:
   Multiple failures or warnings in test:
  1)   Assert.That(UserMessagePolicy.RequiredLiteralFacts(draft.Source), Is.EqualTo(new[] { value }))
  Expected is <System.String[1]>, actual is <System.String[0]>
  Values differ at index [0]
  Missing:  < "turquesa" >
  2)   Assert.That(facts["requiredFacts"]?.AsArray().Select(item => item!.GetValue<string>()), Is.EqualTo(new[] { value }))
  Expected: < "turquesa" >
  But was:  null

  3)   Assert.That(UserMessagePolicy.ModelResponseRejectionReason("No stored information.", draft), Is.EqualTo("missing_literal_fact"))
  Expected: "missing_literal_fact"
  But was:  null

  4)   Assert.That(UserMessagePolicy.ModelResponseRejectionReason(correctReply, draft), Is.Empty)
  Expected: <empty>
  But was:  null


  Seguimiento de la pila:
     at Baxy.Integration.Tests.MemoryAppFlowTests.SingleRecalledValueCrossesTheComposerLiteralContract(String operation, String label, String value, String correctReply) in D:\Perfil\Escritorio\ETC\Programacion\BAXY DEFINITIVO\tests\Baxy.Integration.Tests\MemoryAppFlowTests.cs:line 122
   at InvokeStub_MemoryAppFlowTests.SingleRecalledValueCrossesTheComposerLiteralContract(Object, Span`1)

1)    at Baxy.Integration.Tests.MemoryAppFlowTests.<>c__DisplayClass4_0.<SingleRecalledValueCrossesTheComposerLiteralContract>b__0() in D:\Perfil\Escritorio\ETC\Programacion\BAXY DEFINITIVO\tests\Baxy.Integration.Tests\MemoryAppFlowTests.cs:line 124
   at NUnit.Framework.Assert.Multiple(TestDelegate testDelegate)
   at Baxy.Integration.Tests.MemoryAppFlowTests.SingleRecalledValueCrossesTheComposerLiteralContract(String operation, String label, String value, String correctReply) in D:\Perfil\Escritorio\ETC\Programacion\BAXY DEFINITIVO\tests\Baxy.Integration.Tests\MemoryAppFlowTests.cs:line 122
   at InvokeStub_MemoryAppFlowTests.SingleRecalledValueCrossesTheComposerLiteralContract(Object, Span`1)

2)    at Baxy.Integration.Tests.MemoryAppFlowTests.<>c__DisplayClass4_0.<SingleRecalledValueCrossesTheComposerLiteralContract>b__0() in D:\Perfil\Escritorio\ETC\Programacion\BAXY DEFINITIVO\tests\Baxy.Integration.Tests\MemoryAppFlowTests.cs:line 125
   at NUnit.Framework.Assert.Multiple(TestDelegate testDelegate)
   at Baxy.Integration.Tests.MemoryAppFlowTests.SingleRecalledValueCrossesTheComposerLiteralContract(String operation, String label, String value, String correctReply) in D:\Perfil\Escritorio\ETC\Programacion\BAXY DEFINITIVO\tests\Baxy.Integration.Tests\MemoryAppFlowTests.cs:line 122
   at InvokeStub_MemoryAppFlowTests.SingleRecalledValueCrossesTheComposerLiteralContract(Object, Span`1)

3)    at Baxy.Integration.Tests.MemoryAppFlowTests.<>c__DisplayClass4_0.<SingleRecalledValueCrossesTheComposerLiteralContract>b__0() in D:\Perfil\Escritorio\ETC\Programacion\BAXY DEFINITIVO\tests\Baxy.Integration.Tests\MemoryAppFlowTests.cs:line 127
   at NUnit.Framework.Assert.Multiple(TestDelegate testDelegate)
   at Baxy.Integration.Tests.MemoryAppFlowTests.SingleRecalledValueCrossesTheComposerLiteralContract(String operation, String label, String value, String correctReply) in D:\Perfil\Escritorio\ETC\Programacion\BAXY DEFINITIVO\tests\Baxy.Integration.Tests\MemoryAppFlowTests.cs:line 122
   at InvokeStub_MemoryAppFlowTests.SingleRecalledValueCrossesTheComposerLiteralContract(Object, Span`1)

4)    at Baxy.Integration.Tests.MemoryAppFlowTests.<>c__DisplayClass4_0.<SingleRecalledValueCrossesTheComposerLiteralContract>b__0() in D:\Perfil\Escritorio\ETC\Programacion\BAXY DEFINITIVO\tests\Baxy.Integration.Tests\MemoryAppFlowTests.cs:line 129
   at NUnit.Framework.Assert.Multiple(TestDelegate testDelegate)
   at Baxy.Integration.Tests.MemoryAppFlowTests.SingleRecalledValueCrossesTheComposerLiteralContract(String operation, String label, String value, String correctReply) in D:\Perfil\Escritorio\ETC\Programacion\BAXY DEFINITIVO\tests\Baxy.Integration.Tests\MemoryAppFlowTests.cs:line 122
   at InvokeStub_MemoryAppFlowTests.SingleRecalledValueCrossesTheComposerLiteralContract(Object, Span`1)


  Con error SingleRecalledValueCrossesTheComposerLiteralContract("memory.list","name","Renata","El nombre guardado es Renata.") [176 ms]
  Mensaje de error:
   Multiple failures or warnings in test:
  1)   Assert.That(UserMessagePolicy.RequiredLiteralFacts(draft.Source), Is.EqualTo(new[] { value }))
  Expected is <System.String[1]>, actual is <System.String[0]>
  Values differ at index [0]
  Missing:  < "Renata" >
  2)   Assert.That(facts["requiredFacts"]?.AsArray().Select(item => item!.GetValue<string>()), Is.EqualTo(new[] { value }))
  Expected: < "Renata" >
  But was:  null

  3)   Assert.That(UserMessagePolicy.ModelResponseRejectionReason("No stored information.", draft), Is.EqualTo("missing_literal_fact"))
  Expected: "missing_literal_fact"
  But was:  null

  4)   Assert.That(UserMessagePolicy.ModelResponseRejectionReason(correctReply, draft), Is.Empty)
  Expected: <empty>
  But was:  null


  Seguimiento de la pila:
     at Baxy.Integration.Tests.MemoryAppFlowTests.SingleRecalledValueCrossesTheComposerLiteralContract(String operation, String label, String value, String correctReply) in D:\Perfil\Escritorio\ETC\Programacion\BAXY DEFINITIVO\tests\Baxy.Integration.Tests\MemoryAppFlowTests.cs:line 122
   at InvokeStub_MemoryAppFlowTests.SingleRecalledValueCrossesTheComposerLiteralContract(Object, Span`1)

1)    at Baxy.Integration.Tests.MemoryAppFlowTests.<>c__DisplayClass4_0.<SingleRecalledValueCrossesTheComposerLiteralContract>b__0() in D:\Perfil\Escritorio\ETC\Programacion\BAXY DEFINITIVO\tests\Baxy.Integration.Tests\MemoryAppFlowTests.cs:line 124
   at NUnit.Framework.Assert.Multiple(TestDelegate testDelegate)
   at Baxy.Integration.Tests.MemoryAppFlowTests.SingleRecalledValueCrossesTheComposerLiteralContract(String operation, String label, String value, String correctReply) in D:\Perfil\Escritorio\ETC\Programacion\BAXY DEFINITIVO\tests\Baxy.Integration.Tests\MemoryAppFlowTests.cs:line 122
   at InvokeStub_MemoryAppFlowTests.SingleRecalledValueCrossesTheComposerLiteralContract(Object, Span`1)

2)    at Baxy.Integration.Tests.MemoryAppFlowTests.<>c__DisplayClass4_0.<SingleRecalledValueCrossesTheComposerLiteralContract>b__0() in D:\Perfil\Escritorio\ETC\Programacion\BAXY DEFINITIVO\tests\Baxy.Integration.Tests\MemoryAppFlowTests.cs:line 125
   at NUnit.Framework.Assert.Multiple(TestDelegate testDelegate)
   at Baxy.Integration.Tests.MemoryAppFlowTests.SingleRecalledValueCrossesTheComposerLiteralContract(String operation, String label, String value, String correctReply) in D:\Perfil\Escritorio\ETC\Programacion\BAXY DEFINITIVO\tests\Baxy.Integration.Tests\MemoryAppFlowTests.cs:line 122
   at InvokeStub_MemoryAppFlowTests.SingleRecalledValueCrossesTheComposerLiteralContract(Object, Span`1)

3)    at Baxy.Integration.Tests.MemoryAppFlowTests.<>c__DisplayClass4_0.<SingleRecalledValueCrossesTheComposerLiteralContract>b__0() in D:\Perfil\Escritorio\ETC\Programacion\BAXY DEFINITIVO\tests\Baxy.Integration.Tests\MemoryAppFlowTests.cs:line 127
   at NUnit.Framework.Assert.Multiple(TestDelegate testDelegate)
   at Baxy.Integration.Tests.MemoryAppFlowTests.SingleRecalledValueCrossesTheComposerLiteralContract(String operation, String label, String value, String correctReply) in D:\Perfil\Escritorio\ETC\Programacion\BAXY DEFINITIVO\tests\Baxy.Integration.Tests\MemoryAppFlowTests.cs:line 122
   at InvokeStub_MemoryAppFlowTests.SingleRecalledValueCrossesTheComposerLiteralContract(Object, Span`1)

4)    at Baxy.Integration.Tests.MemoryAppFlowTests.<>c__DisplayClass4_0.<SingleRecalledValueCrossesTheComposerLiteralContract>b__0() in D:\Perfil\Escritorio\ETC\Programacion\BAXY DEFINITIVO\tests\Baxy.Integration.Tests\MemoryAppFlowTests.cs:line 129
   at NUnit.Framework.Assert.Multiple(TestDelegate testDelegate)
   at Baxy.Integration.Tests.MemoryAppFlowTests.SingleRecalledValueCrossesTheComposerLiteralContract(String operation, String label, String value, String correctReply) in D:\Perfil\Escritorio\ETC\Programacion\BAXY DEFINITIVO\tests\Baxy.Integration.Tests\MemoryAppFlowTests.cs:line 122
   at InvokeStub_MemoryAppFlowTests.SingleRecalledValueCrossesTheComposerLiteralContract(Object, Span`1)


  Con error SingleRecalledValueCrossesTheComposerLiteralContract("memory.list","color","indigo","The stored color is indigo.") [145 ms]
  Mensaje de error:
   Multiple failures or warnings in test:
  1)   Assert.That(UserMessagePolicy.RequiredLiteralFacts(draft.Source), Is.EqualTo(new[] { value }))
  Expected is <System.String[1]>, actual is <System.String[0]>
  Values differ at index [0]
  Missing:  < "indigo" >
  2)   Assert.That(facts["requiredFacts"]?.AsArray().Select(item => item!.GetValue<string>()), Is.EqualTo(new[] { value }))
  Expected: < "indigo" >
  But was:  null

  3)   Assert.That(UserMessagePolicy.ModelResponseRejectionReason("No stored information.", draft), Is.EqualTo("missing_literal_fact"))
  Expected: "missing_literal_fact"
  But was:  null

  4)   Assert.That(UserMessagePolicy.ModelResponseRejectionReason(correctReply, draft), Is.Empty)
  Expected: <empty>
  But was:  null


  Seguimiento de la pila:
     at Baxy.Integration.Tests.MemoryAppFlowTests.SingleRecalledValueCrossesTheComposerLiteralContract(String operation, String label, String value, String correctReply) in D:\Perfil\Escritorio\ETC\Programacion\BAXY DEFINITIVO\tests\Baxy.Integration.Tests\MemoryAppFlowTests.cs:line 122
   at InvokeStub_MemoryAppFlowTests.SingleRecalledValueCrossesTheComposerLiteralContract(Object, Span`1)

1)    at Baxy.Integration.Tests.MemoryAppFlowTests.<>c__DisplayClass4_0.<SingleRecalledValueCrossesTheComposerLiteralContract>b__0() in D:\Perfil\Escritorio\ETC\Programacion\BAXY DEFINITIVO\tests\Baxy.Integration.Tests\MemoryAppFlowTests.cs:line 124
   at NUnit.Framework.Assert.Multiple(TestDelegate testDelegate)
   at Baxy.Integration.Tests.MemoryAppFlowTests.SingleRecalledValueCrossesTheComposerLiteralContract(String operation, String label, String value, String correctReply) in D:\Perfil\Escritorio\ETC\Programacion\BAXY DEFINITIVO\tests\Baxy.Integration.Tests\MemoryAppFlowTests.cs:line 122
   at InvokeStub_MemoryAppFlowTests.SingleRecalledValueCrossesTheComposerLiteralContract(Object, Span`1)

2)    at Baxy.Integration.Tests.MemoryAppFlowTests.<>c__DisplayClass4_0.<SingleRecalledValueCrossesTheComposerLiteralContract>b__0() in D:\Perfil\Escritorio\ETC\Programacion\BAXY DEFINITIVO\tests\Baxy.Integration.Tests\MemoryAppFlowTests.cs:line 125
   at NUnit.Framework.Assert.Multiple(TestDelegate testDelegate)
   at Baxy.Integration.Tests.MemoryAppFlowTests.SingleRecalledValueCrossesTheComposerLiteralContract(String operation, String label, String value, String correctReply) in D:\Perfil\Escritorio\ETC\Programacion\BAXY DEFINITIVO\tests\Baxy.Integration.Tests\MemoryAppFlowTests.cs:line 122
   at InvokeStub_MemoryAppFlowTests.SingleRecalledValueCrossesTheComposerLiteralContract(Object, Span`1)

3)    at Baxy.Integration.Tests.MemoryAppFlowTests.<>c__DisplayClass4_0.<SingleRecalledValueCrossesTheComposerLiteralContract>b__0() in D:\Perfil\Escritorio\ETC\Programacion\BAXY DEFINITIVO\tests\Baxy.Integration.Tests\MemoryAppFlowTests.cs:line 127
   at NUnit.Framework.Assert.Multiple(TestDelegate testDelegate)
   at Baxy.Integration.Tests.MemoryAppFlowTests.SingleRecalledValueCrossesTheComposerLiteralContract(String operation, String label, String value, String correctReply) in D:\Perfil\Escritorio\ETC\Programacion\BAXY DEFINITIVO\tests\Baxy.Integration.Tests\MemoryAppFlowTests.cs:line 122
   at InvokeStub_MemoryAppFlowTests.SingleRecalledValueCrossesTheComposerLiteralContract(Object, Span`1)

4)    at Baxy.Integration.Tests.MemoryAppFlowTests.<>c__DisplayClass4_0.<SingleRecalledValueCrossesTheComposerLiteralContract>b__0() in D:\Perfil\Escritorio\ETC\Programacion\BAXY DEFINITIVO\tests\Baxy.Integration.Tests\MemoryAppFlowTests.cs:line 129
   at NUnit.Framework.Assert.Multiple(TestDelegate testDelegate)
   at Baxy.Integration.Tests.MemoryAppFlowTests.SingleRecalledValueCrossesTheComposerLiteralContract(String operation, String label, String value, String correctReply) in D:\Perfil\Escritorio\ETC\Programacion\BAXY DEFINITIVO\tests\Baxy.Integration.Tests\MemoryAppFlowTests.cs:line 122
   at InvokeStub_MemoryAppFlowTests.SingleRecalledValueCrossesTheComposerLiteralContract(Object, Span`1)



Con error! - Con error:     4, Superado:     5, Omitido:     0, Total:     9, Duración: 779 ms - Baxy.Integration.Tests.dll (net10.0)
