WARNING: Using pylock.toml as a requirements source is an experimental feature. It may be removed/changed in a future release without prior warning.
Collecting ai-edge-litert==2.2.0 (from D:\Perfil\Escritorio\ETC\Programacion\BAXY DEFINITIVO\pylock.runtime-win-x64.toml)
  Downloading ai_edge_litert-2.2.0-cp312-cp312-win_amd64.whl (17.9 MB)
     ---------------------------------------- 17.9/17.9 MB 59.4 MB/s  0:00:00
Requirement already satisfied: annotated-doc==0.0.4 in C:\Users\emman\AppData\Local\BAXYRuntime\python\mind-runtime-v1\Lib\site-packages (from D:\Perfil\Escritorio\ETC\Programacion\BAXY DEFINITIVO\pylock.runtime-win-x64.toml) (0.0.4)
Requirement already satisfied: anyio==4.14.2 in C:\Users\emman\AppData\Local\BAXYRuntime\python\mind-runtime-v1\Lib\site-packages (from D:\Perfil\Escritorio\ETC\Programacion\BAXY DEFINITIVO\pylock.runtime-win-x64.toml) (4.14.2)
Collecting backports-strenum==1.2.8 (from D:\Perfil\Escritorio\ETC\Programacion\BAXY DEFINITIVO\pylock.runtime-win-x64.toml)
  Downloading backports_strenum-1.2.8-py3-none-any.whl (7.9 kB)
Requirement already satisfied: certifi==2026.6.17 in C:\Users\emman\AppData\Local\BAXYRuntime\python\mind-runtime-v1\Lib\site-packages (from D:\Perfil\Escritorio\ETC\Programacion\BAXY DEFINITIVO\pylock.runtime-win-x64.toml) (2026.6.17)
Requirement already satisfied: cffi==2.1.0 in C:\Users\emman\AppData\Local\BAXYRuntime\python\mind-runtime-v1\Lib\site-packages (from D:\Perfil\Escritorio\ETC\Programacion\BAXY DEFINITIVO\pylock.runtime-win-x64.toml) (2.1.0)
Requirement already satisfied: click==8.4.2 in C:\Users\emman\AppData\Local\BAXYRuntime\python\mind-runtime-v1\Lib\site-packages (from D:\Perfil\Escritorio\ETC\Programacion\BAXY DEFINITIVO\pylock.runtime-win-x64.toml) (8.4.2)
Requirement already satisfied: colorama==0.4.6 in C:\Users\emman\AppData\Local\BAXYRuntime\python\mind-runtime-v1\Lib\site-packages (from D:\Perfil\Escritorio\ETC\Programacion\BAXY DEFINITIVO\pylock.runtime-win-x64.toml) (0.4.6)
Requirement already satisfied: comtypes==1.4.16 in C:\Users\emman\AppData\Local\BAXYRuntime\python\mind-runtime-v1\Lib\site-packages (from D:\Perfil\Escritorio\ETC\Programacion\BAXY DEFINITIVO\pylock.runtime-win-x64.toml) (1.4.16)
Requirement already satisfied: filelock==3.31.0 in C:\Users\emman\AppData\Local\BAXYRuntime\python\mind-runtime-v1\Lib\site-packages (from D:\Perfil\Escritorio\ETC\Programacion\BAXY DEFINITIVO\pylock.runtime-win-x64.toml) (3.31.0)
Requirement already satisfied: flatbuffers==25.12.19 in C:\Users\emman\AppData\Local\BAXYRuntime\python\mind-runtime-v1\Lib\site-packages (from D:\Perfil\Escritorio\ETC\Programacion\BAXY DEFINITIVO\pylock.runtime-win-x64.toml) (25.12.19)
Requirement already satisfied: fsspec==2026.6.0 in C:\Users\emman\AppData\Local\BAXYRuntime\python\mind-runtime-v1\Lib\site-packages (from D:\Perfil\Escritorio\ETC\Programacion\BAXY DEFINITIVO\pylock.runtime-win-x64.toml) (2026.6.0)
Requirement already satisfied: h11==0.16.0 in C:\Users\emman\AppData\Local\BAXYRuntime\python\mind-runtime-v1\Lib\site-packages (from D:\Perfil\Escritorio\ETC\Programacion\BAXY DEFINITIVO\pylock.runtime-win-x64.toml) (0.16.0)
Requirement already satisfied: hf-xet==1.5.2 in C:\Users\emman\AppData\Local\BAXYRuntime\python\mind-runtime-v1\Lib\site-packages (from D:\Perfil\Escritorio\ETC\Programacion\BAXY DEFINITIVO\pylock.runtime-win-x64.toml) (1.5.2)
Requirement already satisfied: httpcore==1.0.9 in C:\Users\emman\AppData\Local\BAXYRuntime\python\mind-runtime-v1\Lib\site-packages (from D:\Perfil\Escritorio\ETC\Programacion\BAXY DEFINITIVO\pylock.runtime-win-x64.toml) (1.0.9)
Requirement already satisfied: httpx==0.28.1 in C:\Users\emman\AppData\Local\BAXYRuntime\python\mind-runtime-v1\Lib\site-packages (from D:\Perfil\Escritorio\ETC\Programacion\BAXY DEFINITIVO\pylock.runtime-win-x64.toml) (0.28.1)
Requirement already satisfied: huggingface-hub==1.24.0 in C:\Users\emman\AppData\Local\BAXYRuntime\python\mind-runtime-v1\Lib\site-packages (from D:\Perfil\Escritorio\ETC\Programacion\BAXY DEFINITIVO\pylock.runtime-win-x64.toml) (1.24.0)
Requirement already satisfied: idna==3.18 in C:\Users\emman\AppData\Local\BAXYRuntime\python\mind-runtime-v1\Lib\site-packages (from D:\Perfil\Escritorio\ETC\Programacion\BAXY DEFINITIVO\pylock.runtime-win-x64.toml) (3.18)
Requirement already satisfied: jellyfish==1.2.1 in C:\Users\emman\AppData\Local\BAXYRuntime\python\mind-runtime-v1\Lib\site-packages (from D:\Perfil\Escritorio\ETC\Programacion\BAXY DEFINITIVO\pylock.runtime-win-x64.toml) (1.2.1)
Requirement already satisfied: jinja2==3.1.6 in C:\Users\emman\AppData\Local\BAXYRuntime\python\mind-runtime-v1\Lib\site-packages (from D:\Perfil\Escritorio\ETC\Programacion\BAXY DEFINITIVO\pylock.runtime-win-x64.toml) (3.1.6)
Requirement already satisfied: joblib==1.5.3 in C:\Users\emman\AppData\Local\BAXYRuntime\python\mind-runtime-v1\Lib\site-packages (from D:\Perfil\Escritorio\ETC\Programacion\BAXY DEFINITIVO\pylock.runtime-win-x64.toml) (1.5.3)
Requirement already satisfied: livekit-wakeword==0.2.1 in C:\Users\emman\AppData\Local\BAXYRuntime\python\mind-runtime-v1\Lib\site-packages (from D:\Perfil\Escritorio\ETC\Programacion\BAXY DEFINITIVO\pylock.runtime-win-x64.toml) (0.2.1)
Requirement already satisfied: markdown-it-py==4.2.0 in C:\Users\emman\AppData\Local\BAXYRuntime\python\mind-runtime-v1\Lib\site-packages (from D:\Perfil\Escritorio\ETC\Programacion\BAXY DEFINITIVO\pylock.runtime-win-x64.toml) (4.2.0)
Requirement already satisfied: markupsafe==3.0.3 in C:\Users\emman\AppData\Local\BAXYRuntime\python\mind-runtime-v1\Lib\site-packages (from D:\Perfil\Escritorio\ETC\Programacion\BAXY DEFINITIVO\pylock.runtime-win-x64.toml) (3.0.3)
Requirement already satisfied: mdurl==0.1.2 in C:\Users\emman\AppData\Local\BAXYRuntime\python\mind-runtime-v1\Lib\site-packages (from D:\Perfil\Escritorio\ETC\Programacion\BAXY DEFINITIVO\pylock.runtime-win-x64.toml) (0.1.2)
Collecting ml-dtypes==0.5.4 (from D:\Perfil\Escritorio\ETC\Programacion\BAXY DEFINITIVO\pylock.runtime-win-x64.toml)
  Downloading ml_dtypes-0.5.4-cp312-cp312-win_amd64.whl (212 kB)
Requirement already satisfied: mpmath==1.3.0 in C:\Users\emman\AppData\Local\BAXYRuntime\python\mind-runtime-v1\Lib\site-packages (from D:\Perfil\Escritorio\ETC\Programacion\BAXY DEFINITIVO\pylock.runtime-win-x64.toml) (1.3.0)
Requirement already satisfied: narwhals==2.24.0 in C:\Users\emman\AppData\Local\BAXYRuntime\python\mind-runtime-v1\Lib\site-packages (from D:\Perfil\Escritorio\ETC\Programacion\BAXY DEFINITIVO\pylock.runtime-win-x64.toml) (2.24.0)
Requirement already satisfied: networkx==3.6.1 in C:\Users\emman\AppData\Local\BAXYRuntime\python\mind-runtime-v1\Lib\site-packages (from D:\Perfil\Escritorio\ETC\Programacion\BAXY DEFINITIVO\pylock.runtime-win-x64.toml) (3.6.1)
Requirement already satisfied: numpy==1.26.4 in C:\Users\emman\AppData\Local\BAXYRuntime\python\mind-runtime-v1\Lib\site-packages (from D:\Perfil\Escritorio\ETC\Programacion\BAXY DEFINITIVO\pylock.runtime-win-x64.toml) (1.26.4)
Requirement already satisfied: onnxruntime==1.27.0 in C:\Users\emman\AppData\Local\BAXYRuntime\python\mind-runtime-v1\Lib\site-packages (from D:\Perfil\Escritorio\ETC\Programacion\BAXY DEFINITIVO\pylock.runtime-win-x64.toml) (1.27.0)
Requirement already satisfied: packaging==26.2 in C:\Users\emman\AppData\Local\BAXYRuntime\python\mind-runtime-v1\Lib\site-packages (from D:\Perfil\Escritorio\ETC\Programacion\BAXY DEFINITIVO\pylock.runtime-win-x64.toml) (26.2)
Requirement already satisfied: protobuf==7.35.1 in C:\Users\emman\AppData\Local\BAXYRuntime\python\mind-runtime-v1\Lib\site-packages (from D:\Perfil\Escritorio\ETC\Programacion\BAXY DEFINITIVO\pylock.runtime-win-x64.toml) (7.35.1)
Requirement already satisfied: psutil==7.2.2 in C:\Users\emman\AppData\Local\BAXYRuntime\python\mind-runtime-v1\Lib\site-packages (from D:\Perfil\Escritorio\ETC\Programacion\BAXY DEFINITIVO\pylock.runtime-win-x64.toml) (7.2.2)
Requirement already satisfied: pyaudiowpatch==0.2.12.8 in C:\Users\emman\AppData\Local\BAXYRuntime\python\mind-runtime-v1\Lib\site-packages (from D:\Perfil\Escritorio\ETC\Programacion\BAXY DEFINITIVO\pylock.runtime-win-x64.toml) (0.2.12.8)
Requirement already satisfied: pycaw==20251023 in C:\Users\emman\AppData\Local\BAXYRuntime\python\mind-runtime-v1\Lib\site-packages (from D:\Perfil\Escritorio\ETC\Programacion\BAXY DEFINITIVO\pylock.runtime-win-x64.toml) (20251023)
Requirement already satisfied: pycparser==3.0 in C:\Users\emman\AppData\Local\BAXYRuntime\python\mind-runtime-v1\Lib\site-packages (from D:\Perfil\Escritorio\ETC\Programacion\BAXY DEFINITIVO\pylock.runtime-win-x64.toml) (3.0)
Requirement already satisfied: pygments==2.20.0 in C:\Users\emman\AppData\Local\BAXYRuntime\python\mind-runtime-v1\Lib\site-packages (from D:\Perfil\Escritorio\ETC\Programacion\BAXY DEFINITIVO\pylock.runtime-win-x64.toml) (2.20.0)
Requirement already satisfied: pywin32==311 in C:\Users\emman\AppData\Local\BAXYRuntime\python\mind-runtime-v1\Lib\site-packages (from D:\Perfil\Escritorio\ETC\Programacion\BAXY DEFINITIVO\pylock.runtime-win-x64.toml) (311)
Requirement already satisfied: pyyaml==6.0.3 in C:\Users\emman\AppData\Local\BAXYRuntime\python\mind-runtime-v1\Lib\site-packages (from D:\Perfil\Escritorio\ETC\Programacion\BAXY DEFINITIVO\pylock.runtime-win-x64.toml) (6.0.3)
Requirement already satisfied: rapidfuzz==3.14.5 in C:\Users\emman\AppData\Local\BAXYRuntime\python\mind-runtime-v1\Lib\site-packages (from D:\Perfil\Escritorio\ETC\Programacion\BAXY DEFINITIVO\pylock.runtime-win-x64.toml) (3.14.5)
Requirement already satisfied: regex==2026.7.19 in C:\Users\emman\AppData\Local\BAXYRuntime\python\mind-runtime-v1\Lib\site-packages (from D:\Perfil\Escritorio\ETC\Programacion\BAXY DEFINITIVO\pylock.runtime-win-x64.toml) (2026.7.19)
Requirement already satisfied: rich==15.0.0 in C:\Users\emman\AppData\Local\BAXYRuntime\python\mind-runtime-v1\Lib\site-packages (from D:\Perfil\Escritorio\ETC\Programacion\BAXY DEFINITIVO\pylock.runtime-win-x64.toml) (15.0.0)
Requirement already satisfied: safetensors==0.8.0 in C:\Users\emman\AppData\Local\BAXYRuntime\python\mind-runtime-v1\Lib\site-packages (from D:\Perfil\Escritorio\ETC\Programacion\BAXY DEFINITIVO\pylock.runtime-win-x64.toml) (0.8.0)
Requirement already satisfied: scikit-learn==1.9.0 in C:\Users\emman\AppData\Local\BAXYRuntime\python\mind-runtime-v1\Lib\site-packages (from D:\Perfil\Escritorio\ETC\Programacion\BAXY DEFINITIVO\pylock.runtime-win-x64.toml) (1.9.0)
Requirement already satisfied: scipy==1.17.1 in C:\Users\emman\AppData\Local\BAXYRuntime\python\mind-runtime-v1\Lib\site-packages (from D:\Perfil\Escritorio\ETC\Programacion\BAXY DEFINITIVO\pylock.runtime-win-x64.toml) (1.17.1)
Requirement already satisfied: sentence-transformers==5.6.0 in C:\Users\emman\AppData\Local\BAXYRuntime\python\mind-runtime-v1\Lib\site-packages (from D:\Perfil\Escritorio\ETC\Programacion\BAXY DEFINITIVO\pylock.runtime-win-x64.toml) (5.6.0)
Requirement already satisfied: setuptools==83.0.0 in C:\Users\emman\AppData\Local\BAXYRuntime\python\mind-runtime-v1\Lib\site-packages (from D:\Perfil\Escritorio\ETC\Programacion\BAXY DEFINITIVO\pylock.runtime-win-x64.toml) (83.0.0)
Requirement already satisfied: shellingham==1.5.4 in C:\Users\emman\AppData\Local\BAXYRuntime\python\mind-runtime-v1\Lib\site-packages (from D:\Perfil\Escritorio\ETC\Programacion\BAXY DEFINITIVO\pylock.runtime-win-x64.toml) (1.5.4)
Requirement already satisfied: sherpa-onnx==1.13.4+baxy.2 in C:\Users\emman\AppData\Local\BAXYRuntime\python\mind-runtime-v1\Lib\site-packages (from D:\Perfil\Escritorio\ETC\Programacion\BAXY DEFINITIVO\pylock.runtime-win-x64.toml) (1.13.4+baxy.2)
Requirement already satisfied: sherpa-onnx-core==1.13.4 in C:\Users\emman\AppData\Local\BAXYRuntime\python\mind-runtime-v1\Lib\site-packages (from D:\Perfil\Escritorio\ETC\Programacion\BAXY DEFINITIVO\pylock.runtime-win-x64.toml) (1.13.4)
Requirement already satisfied: silero-vad==6.2.1 in C:\Users\emman\AppData\Local\BAXYRuntime\python\mind-runtime-v1\Lib\site-packages (from D:\Perfil\Escritorio\ETC\Programacion\BAXY DEFINITIVO\pylock.runtime-win-x64.toml) (6.2.1)
Requirement already satisfied: sounddevice==0.5.5 in C:\Users\emman\AppData\Local\BAXYRuntime\python\mind-runtime-v1\Lib\site-packages (from D:\Perfil\Escritorio\ETC\Programacion\BAXY DEFINITIVO\pylock.runtime-win-x64.toml) (0.5.5)
Requirement already satisfied: sympy==1.14.0 in C:\Users\emman\AppData\Local\BAXYRuntime\python\mind-runtime-v1\Lib\site-packages (from D:\Perfil\Escritorio\ETC\Programacion\BAXY DEFINITIVO\pylock.runtime-win-x64.toml) (1.14.0)
Requirement already satisfied: threadpoolctl==3.6.0 in C:\Users\emman\AppData\Local\BAXYRuntime\python\mind-runtime-v1\Lib\site-packages (from D:\Perfil\Escritorio\ETC\Programacion\BAXY DEFINITIVO\pylock.runtime-win-x64.toml) (3.6.0)
Requirement already satisfied: tokenizers==0.22.2 in C:\Users\emman\AppData\Local\BAXYRuntime\python\mind-runtime-v1\Lib\site-packages (from D:\Perfil\Escritorio\ETC\Programacion\BAXY DEFINITIVO\pylock.runtime-win-x64.toml) (0.22.2)
Requirement already satisfied: torch==2.13.0 in C:\Users\emman\AppData\Local\BAXYRuntime\python\mind-runtime-v1\Lib\site-packages (from D:\Perfil\Escritorio\ETC\Programacion\BAXY DEFINITIVO\pylock.runtime-win-x64.toml) (2.13.0)
Requirement already satisfied: torchaudio==2.11.0 in C:\Users\emman\AppData\Local\BAXYRuntime\python\mind-runtime-v1\Lib\site-packages (from D:\Perfil\Escritorio\ETC\Programacion\BAXY DEFINITIVO\pylock.runtime-win-x64.toml) (2.11.0)
Requirement already satisfied: tqdm==4.69.0 in C:\Users\emman\AppData\Local\BAXYRuntime\python\mind-runtime-v1\Lib\site-packages (from D:\Perfil\Escritorio\ETC\Programacion\BAXY DEFINITIVO\pylock.runtime-win-x64.toml) (4.69.0)
Requirement already satisfied: transformers==5.14.1 in C:\Users\emman\AppData\Local\BAXYRuntime\python\mind-runtime-v1\Lib\site-packages (from D:\Perfil\Escritorio\ETC\Programacion\BAXY DEFINITIVO\pylock.runtime-win-x64.toml) (5.14.1)
Requirement already satisfied: typer==0.27.0 in C:\Users\emman\AppData\Local\BAXYRuntime\python\mind-runtime-v1\Lib\site-packages (from D:\Perfil\Escritorio\ETC\Programacion\BAXY DEFINITIVO\pylock.runtime-win-x64.toml) (0.27.0)
Requirement already satisfied: typing-extensions==4.16.0 in C:\Users\emman\AppData\Local\BAXYRuntime\python\mind-runtime-v1\Lib\site-packages (from D:\Perfil\Escritorio\ETC\Programacion\BAXY DEFINITIVO\pylock.runtime-win-x64.toml) (4.16.0)
Installing collected packages: ai-edge-litert, ml-dtypes, backports-strenum

Successfully installed ai-edge-litert-2.2.0 backports-strenum-1.2.8 ml-dtypes-0.5.4
{"available": true, "input": true, "stt": true, "vad": true, "tts": true, "aec": false, "ducking": true, "missing": [], "sttModel": "parakeet-tdt-0.6b-v3-int8", "streamingStt": false, "streamingSttModel": null, "wakeWord": false, "wakeBackend": "unavailable", "wakeWordModel": null, "wakeWordPhrase": null, "wakeWordError": "wake_word_manifest_missing", "wakeCascadeError": "wake_cascade_manifest_missing", "wakeVerifier": false, "wakeVerifierError": "wake_verifier_manifest_missing", "wakeEndpoint": false, "lexicalWakeFallback": false}
