  Determinando los proyectos que se van a restaurar...
  Se ha restaurado D:\Perfil\Escritorio\ETC\Programacion\BAXY DEFINITIVO\src\Baxy.Contracts\Baxy.Contracts.csproj (en 212 ms).
  Se ha restaurado D:\Perfil\Escritorio\ETC\Programacion\BAXY DEFINITIVO\src\Baxy.Security.Windows\Baxy.Security.Windows.csproj (en 212 ms).
  Se ha restaurado D:\Perfil\Escritorio\ETC\Programacion\BAXY DEFINITIVO\src\Baxy.Kernel\Baxy.Kernel.csproj (en 212 ms).
  Se ha restaurado D:\Perfil\Escritorio\ETC\Programacion\BAXY DEFINITIVO\src\Baxy.Core\Baxy.Core.csproj (en 212 ms).
  Se ha restaurado D:\Perfil\Escritorio\ETC\Programacion\BAXY DEFINITIVO\src\Baxy.App\Baxy.App.csproj (en 212 ms).
  Se ha restaurado D:\Perfil\Escritorio\ETC\Programacion\BAXY DEFINITIVO\src\Baxy.Providers.Windows\Baxy.Providers.Windows.csproj (en 212 ms).
  1 de 7 proyectos están actualizados para la restauración.
  Baxy.Contracts -> D:\Perfil\Escritorio\ETC\Programacion\BAXY DEFINITIVO\src\Baxy.Contracts\bin\Release\net10.0\Baxy.Contracts.dll
  Baxy.Security.Windows -> D:\Perfil\Escritorio\ETC\Programacion\BAXY DEFINITIVO\src\Baxy.Security.Windows\bin\Release\net10.0-windows10.0.19041.0\Baxy.Security.Windows.dll
  Baxy.Kernel -> D:\Perfil\Escritorio\ETC\Programacion\BAXY DEFINITIVO\src\Baxy.Kernel\bin\Release\net10.0\Baxy.Kernel.dll
  Baxy.Providers.Windows -> D:\Perfil\Escritorio\ETC\Programacion\BAXY DEFINITIVO\src\Baxy.Providers.Windows\bin\Release\net10.0-windows10.0.19041.0\Baxy.Providers.Windows.dll
  Baxy.Core -> D:\Perfil\Escritorio\ETC\Programacion\BAXY DEFINITIVO\src\Baxy.Core\bin\Release\net10.0-windows10.0.19041.0\baxy-core.dll
  Baxy.App -> D:\Perfil\Escritorio\ETC\Programacion\BAXY DEFINITIVO\src\Baxy.App\bin\Release\net10.0-windows10.0.19041.0\Baxy.dll
  Baxy.Integration.Tests -> D:\Perfil\Escritorio\ETC\Programacion\BAXY DEFINITIVO\tests\Baxy.Integration.Tests\bin\Release\net10.0-windows10.0.19041.0\Baxy.Integration.Tests.dll
Serie de pruebas para D:\Perfil\Escritorio\ETC\Programacion\BAXY DEFINITIVO\tests\Baxy.Integration.Tests\bin\Release\net10.0-windows10.0.19041.0\Baxy.Integration.Tests.dll (.NETCoreApp,Version=v10.0)
1 archivos de prueba en total coincidieron con el patrón especificado.
  Con error ConversationalFollowUpIsNotAnOfferToOperateTheComputer("Quieres que lo confirmemos juntos?",False) [37 ms]
  Mensaje de error:
     Assert.That(UserMessagePolicy.ProposesUnsolicitedCatalogAction("Explícamelo.", reply), Is.EqualTo(proposesAction))
  Expected: False
  But was:  True

  Seguimiento de la pila:
     at Baxy.Integration.Tests.C03FactPreservationTests.ConversationalFollowUpIsNotAnOfferToOperateTheComputer(String reply, Boolean proposesAction) in D:\Perfil\Escritorio\ETC\Programacion\BAXY DEFINITIVO\tests\Baxy.Integration.Tests\C03FactPreservationTests.cs:line 22

1)    at Baxy.Integration.Tests.C03FactPreservationTests.ConversationalFollowUpIsNotAnOfferToOperateTheComputer(String reply, Boolean proposesAction) in D:\Perfil\Escritorio\ETC\Programacion\BAXY DEFINITIVO\tests\Baxy.Integration.Tests\C03FactPreservationTests.cs:line 22


  Con error ConversationalFollowUpIsNotAnOfferToOperateTheComputer("Soy BAXY. Tu nombre es Emmanuel. ¿Quieres que lo confirmemos juntos?",False) [1 ms]
  Mensaje de error:
     Assert.That(UserMessagePolicy.ProposesUnsolicitedCatalogAction("Explícamelo.", reply), Is.EqualTo(proposesAction))
  Expected: False
  But was:  True

  Seguimiento de la pila:
     at Baxy.Integration.Tests.C03FactPreservationTests.ConversationalFollowUpIsNotAnOfferToOperateTheComputer(String reply, Boolean proposesAction) in D:\Perfil\Escritorio\ETC\Programacion\BAXY DEFINITIVO\tests\Baxy.Integration.Tests\C03FactPreservationTests.cs:line 22
   at InvokeStub_C03FactPreservationTests.ConversationalFollowUpIsNotAnOfferToOperateTheComputer(Object, Span`1)

1)    at Baxy.Integration.Tests.C03FactPreservationTests.ConversationalFollowUpIsNotAnOfferToOperateTheComputer(String reply, Boolean proposesAction) in D:\Perfil\Escritorio\ETC\Programacion\BAXY DEFINITIVO\tests\Baxy.Integration.Tests\C03FactPreservationTests.cs:line 22
   at InvokeStub_C03FactPreservationTests.ConversationalFollowUpIsNotAnOfferToOperateTheComputer(Object, Span`1)


  Con error ConversationalFollowUpIsNotAnOfferToOperateTheComputer("Do you want me to explain that distinction?",False) [< 1 ms]
  Mensaje de error:
     Assert.That(UserMessagePolicy.ProposesUnsolicitedCatalogAction("Explícamelo.", reply), Is.EqualTo(proposesAction))
  Expected: False
  But was:  True

  Seguimiento de la pila:
     at Baxy.Integration.Tests.C03FactPreservationTests.ConversationalFollowUpIsNotAnOfferToOperateTheComputer(String reply, Boolean proposesAction) in D:\Perfil\Escritorio\ETC\Programacion\BAXY DEFINITIVO\tests\Baxy.Integration.Tests\C03FactPreservationTests.cs:line 22
   at InvokeStub_C03FactPreservationTests.ConversationalFollowUpIsNotAnOfferToOperateTheComputer(Object, Span`1)

1)    at Baxy.Integration.Tests.C03FactPreservationTests.ConversationalFollowUpIsNotAnOfferToOperateTheComputer(String reply, Boolean proposesAction) in D:\Perfil\Escritorio\ETC\Programacion\BAXY DEFINITIVO\tests\Baxy.Integration.Tests\C03FactPreservationTests.cs:line 22
   at InvokeStub_C03FactPreservationTests.ConversationalFollowUpIsNotAnOfferToOperateTheComputer(Object, Span`1)


  Con error ConversationalFollowUpIsNotAnOfferToOperateTheComputer("La ventana es un elemento de la interfaz. ¿Quieres que lo explique con un ejemplo?",False) [< 1 ms]
  Mensaje de error:
     Assert.That(UserMessagePolicy.ProposesUnsolicitedCatalogAction("Explícamelo.", reply), Is.EqualTo(proposesAction))
  Expected: False
  But was:  True

  Seguimiento de la pila:
     at Baxy.Integration.Tests.C03FactPreservationTests.ConversationalFollowUpIsNotAnOfferToOperateTheComputer(String reply, Boolean proposesAction) in D:\Perfil\Escritorio\ETC\Programacion\BAXY DEFINITIVO\tests\Baxy.Integration.Tests\C03FactPreservationTests.cs:line 22
   at InvokeStub_C03FactPreservationTests.ConversationalFollowUpIsNotAnOfferToOperateTheComputer(Object, Span`1)

1)    at Baxy.Integration.Tests.C03FactPreservationTests.ConversationalFollowUpIsNotAnOfferToOperateTheComputer(String reply, Boolean proposesAction) in D:\Perfil\Escritorio\ETC\Programacion\BAXY DEFINITIVO\tests\Baxy.Integration.Tests\C03FactPreservationTests.cs:line 22
   at InvokeStub_C03FactPreservationTests.ConversationalFollowUpIsNotAnOfferToOperateTheComputer(Object, Span`1)


  Con error ConversationalFollowUpIsNotAnOfferToOperateTheComputer("Steam is a game platform. Want me to explain that in more detail?",False) [< 1 ms]
  Mensaje de error:
     Assert.That(UserMessagePolicy.ProposesUnsolicitedCatalogAction("Explícamelo.", reply), Is.EqualTo(proposesAction))
  Expected: False
  But was:  True

  Seguimiento de la pila:
     at Baxy.Integration.Tests.C03FactPreservationTests.ConversationalFollowUpIsNotAnOfferToOperateTheComputer(String reply, Boolean proposesAction) in D:\Perfil\Escritorio\ETC\Programacion\BAXY DEFINITIVO\tests\Baxy.Integration.Tests\C03FactPreservationTests.cs:line 22
   at InvokeStub_C03FactPreservationTests.ConversationalFollowUpIsNotAnOfferToOperateTheComputer(Object, Span`1)

1)    at Baxy.Integration.Tests.C03FactPreservationTests.ConversationalFollowUpIsNotAnOfferToOperateTheComputer(String reply, Boolean proposesAction) in D:\Perfil\Escritorio\ETC\Programacion\BAXY DEFINITIVO\tests\Baxy.Integration.Tests\C03FactPreservationTests.cs:line 22
   at InvokeStub_C03FactPreservationTests.ConversationalFollowUpIsNotAnOfferToOperateTheComputer(Object, Span`1)


  Con error CorrectContextualIdentityCanReachThePersonWithAConversationalFollowUp [164 ms]
  Mensaje de error:
     Assert.That(UserMessagePolicy.ConversationReplyRejectionReason(request, answer, "es",
            "me llamo emmanuel, dime hola emmanuel"), Is.Null)
  Expected: null
  But was:  "unsolicited_catalog"

  Seguimiento de la pila:
     at Baxy.Integration.Tests.C03FactPreservationTests.CorrectContextualIdentityCanReachThePersonWithAConversationalFollowUp() in D:\Perfil\Escritorio\ETC\Programacion\BAXY DEFINITIVO\tests\Baxy.Integration.Tests\C03FactPreservationTests.cs:line 31

1)    at Baxy.Integration.Tests.C03FactPreservationTests.CorrectContextualIdentityCanReachThePersonWithAConversationalFollowUp() in D:\Perfil\Escritorio\ETC\Programacion\BAXY DEFINITIVO\tests\Baxy.Integration.Tests\C03FactPreservationTests.cs:line 31



Con error! - Con error:     6, Superado:     5, Omitido:     0, Total:    11, Duración: 206 ms - Baxy.Integration.Tests.dll (net10.0)
