{"variant": "pilot3", "id": "day-night-es", "seconds": 1.203}
{"variant": "pilot3", "id": "day-night-en", "seconds": 0.641}
{"variant": "pilot3", "id": "day-night-mixed", "seconds": 0.625}
{"variant": "pilot3", "id": "heat-metal-es", "seconds": 0.765}
{"variant": "pilot3", "id": "heat-metal-en", "seconds": 0.578}
{"variant": "pilot3", "id": "heat-metal-mixed", "seconds": 0.907}
{"variant": "pilot3", "id": "audio-holdout-0-es", "seconds": 0.484}
{"variant": "pilot3", "id": "audio-holdout-0-en", "seconds": 0.406}
{"variant": "pilot3", "id": "audio-holdout-0-mixed", "seconds": 0.453}
{"variant": "pilot3", "id": "audio-holdout-1-es", "seconds": 0.469}
{"variant": "pilot3", "id": "audio-holdout-1-en", "seconds": 0.391}
{"variant": "pilot3", "id": "audio-holdout-1-mixed", "seconds": 0.39}
{"variant": "pilot3", "id": "compound-heldout-0-es", "seconds": 0.688}
{"variant": "pilot3", "id": "compound-heldout-0-en", "seconds": 0.625}
{"variant": "pilot3", "id": "compound-heldout-0-mixed", "seconds": 0.672}
{"variant": "pilot3", "id": "compound-heldout-1-es", "seconds": 0.719}
{"variant": "pilot3", "id": "compound-heldout-1-en", "seconds": 0.64}
{"variant": "pilot3", "id": "compound-heldout-1-mixed", "seconds": 0.672}
{"variant": "pilot3", "id": "format-heldout-perimeter-es", "seconds": 0.688}
{"variant": "pilot3", "id": "format-heldout-perimeter-en", "seconds": 0.718}
{"variant": "pilot3", "id": "format-heldout-perimeter-mixed", "seconds": 0.86}
{"variant": "pilot3", "id": "format-heldout-pendulum-es", "seconds": 0.812}
{"variant": "pilot3", "id": "format-heldout-pendulum-en", "seconds": 0.578}
{"variant": "pilot3", "id": "format-heldout-pendulum-mixed", "seconds": 0.953}
{"variant": "pilot3", "id": "format-heldout-spacing-es", "seconds": 0.704}
{"variant": "pilot3", "id": "format-heldout-spacing-en", "seconds": 0.656}
{"variant": "pilot3", "id": "format-heldout-spacing-mixed", "seconds": 0.75}
{"variant": "pilot3", "id": "format-heldout-calendar-es", "seconds": 0.562}
{"variant": "pilot3", "id": "format-heldout-calendar-en", "seconds": 0.485}
{"variant": "pilot3", "id": "format-heldout-calendar-mixed", "seconds": 0.64}
{"variant": "pilot3", "id": "breadth-heldout-synonym-es", "seconds": 0.5}
{"variant": "pilot3", "id": "breadth-heldout-synonym-en", "seconds": 0.484}
{"variant": "pilot3", "id": "breadth-heldout-synonym-mixed", "seconds": 0.688}
{"variant": "pilot3", "id": "breadth-heldout-balloon-es", "seconds": 0.765}
{"variant": "pilot3", "id": "breadth-heldout-balloon-en", "seconds": 0.579}
{"variant": "pilot3", "id": "breadth-heldout-balloon-mixed", "seconds": 0.718}
{"variant": "pilot3", "id": "breadth-heldout-ram-storage-es", "seconds": 0.907}
{"variant": "pilot3", "id": "breadth-heldout-ram-storage-en", "seconds": 0.796}
{"variant": "pilot3", "id": "breadth-heldout-ram-storage-mixed", "seconds": 0.625}
{"variant": "pilot3", "id": "breadth-heldout-sieve-es", "seconds": 0.954}
{"variant": "pilot3", "id": "breadth-heldout-sieve-en", "seconds": 0.531}
{"variant": "pilot3", "id": "breadth-heldout-sieve-mixed", "seconds": 0.594}
{"variant": "pilot3", "id": "previous-t8", "seconds": 0.968}
{"variant": "pilot3", "id": "previous-t9", "seconds": 1.141}
{"variant": "pilot3", "id": "previous-t10", "seconds": 1.25}
{"variant": "pilot3", "id": "previous-t13", "seconds": 1.094}
{"variant": "pilot3", "id": "previous-t14", "seconds": 1.468}
{"variant": "pilot3", "id": "previous-t15", "seconds": 0.907}
{"variant": "pilot3", "id": "previous-t2", "seconds": 0.75}
{"variant": "pilot3", "id": "previous-t4", "seconds": 0.687}
{"variant": "pilot3", "id": "previous-t6", "seconds": 0.719}
{"variant": "pilot3", "elapsedSeconds": 40.33, "gpuPeakMiB": 3521.55859375, "ramPeakMiB": 3246.0546875, "error": null}
{"variant": "pilot4", "id": "day-night-es", "seconds": 1.078}
{"variant": "pilot4", "id": "day-night-en", "seconds": 0.719}
{"variant": "pilot4", "id": "day-night-mixed", "seconds": 1.047}
{"variant": "pilot4", "id": "heat-metal-es", "seconds": 0.89}
{"variant": "pilot4", "id": "heat-metal-en", "seconds": 0.672}
{"variant": "pilot4", "id": "heat-metal-mixed", "seconds": 0.797}
{"variant": "pilot4", "id": "audio-holdout-0-es", "seconds": 0.531}
{"variant": "pilot4", "id": "audio-holdout-0-en", "seconds": 0.391}
{"variant": "pilot4", "id": "audio-holdout-0-mixed", "seconds": 0.594}
{"variant": "pilot4", "id": "audio-holdout-1-es", "seconds": 0.484}
{"variant": "pilot4", "id": "audio-holdout-1-en", "seconds": 0.438}
{"variant": "pilot4", "id": "audio-holdout-1-mixed", "seconds": 0.515}
{"variant": "pilot4", "id": "compound-heldout-0-es", "seconds": 0.828}
{"variant": "pilot4", "id": "compound-heldout-0-en", "seconds": 0.813}
{"variant": "pilot4", "id": "compound-heldout-0-mixed", "seconds": 0.797}
{"variant": "pilot4", "id": "compound-heldout-1-es", "seconds": 0.797}
{"variant": "pilot4", "id": "compound-heldout-1-en", "seconds": 0.796}
{"variant": "pilot4", "id": "compound-heldout-1-mixed", "seconds": 0.813}
{"variant": "pilot4", "id": "format-heldout-perimeter-es", "seconds": 0.922}
{"variant": "pilot4", "id": "format-heldout-perimeter-en", "seconds": 1.078}
{"variant": "pilot4", "id": "format-heldout-perimeter-mixed", "seconds": 0.766}
{"variant": "pilot4", "id": "format-heldout-pendulum-es", "seconds": 1.093}
{"variant": "pilot4", "id": "format-heldout-pendulum-en", "seconds": 0.625}
{"variant": "pilot4", "id": "format-heldout-pendulum-mixed", "seconds": 1.125}
{"variant": "pilot4", "id": "format-heldout-spacing-es", "seconds": 0.766}
{"variant": "pilot4", "id": "format-heldout-spacing-en", "seconds": 0.766}
{"variant": "pilot4", "id": "format-heldout-spacing-mixed", "seconds": 1.015}
{"variant": "pilot4", "id": "format-heldout-calendar-es", "seconds": 0.61}
{"variant": "pilot4", "id": "format-heldout-calendar-en", "seconds": 0.578}
{"variant": "pilot4", "id": "format-heldout-calendar-mixed", "seconds": 0.531}
{"variant": "pilot4", "id": "breadth-heldout-synonym-es", "seconds": 0.781}
{"variant": "pilot4", "id": "breadth-heldout-synonym-en", "seconds": 0.485}
{"variant": "pilot4", "id": "breadth-heldout-synonym-mixed", "seconds": 0.828}
{"variant": "pilot4", "id": "breadth-heldout-balloon-es", "seconds": 0.984}
{"variant": "pilot4", "id": "breadth-heldout-balloon-en", "seconds": 0.5}
{"variant": "pilot4", "id": "breadth-heldout-balloon-mixed", "seconds": 0.813}
{"variant": "pilot4", "id": "breadth-heldout-ram-storage-es", "seconds": 0.968}
{"variant": "pilot4", "id": "breadth-heldout-ram-storage-en", "seconds": 0.782}
{"variant": "pilot4", "id": "breadth-heldout-ram-storage-mixed", "seconds": 1.453}
{"variant": "pilot4", "id": "breadth-heldout-sieve-es", "seconds": 0.953}
{"variant": "pilot4", "id": "breadth-heldout-sieve-en", "seconds": 0.515}
{"variant": "pilot4", "id": "breadth-heldout-sieve-mixed", "seconds": 0.704}
{"variant": "pilot4", "id": "previous-t8", "seconds": 1.296}
{"variant": "pilot4", "id": "previous-t9", "seconds": 1.032}
{"variant": "pilot4", "id": "previous-t10", "seconds": 1.328}
{"variant": "pilot4", "id": "previous-t13", "seconds": 1.172}
{"variant": "pilot4", "id": "previous-t14", "seconds": 1.063}
{"variant": "pilot4", "id": "previous-t15", "seconds": 0.953}
{"variant": "pilot4", "id": "previous-t2", "seconds": 0.766}
{"variant": "pilot4", "id": "previous-t4", "seconds": 0.734}
{"variant": "pilot4", "id": "previous-t6", "seconds": 0.844}
{"variant": "pilot4", "elapsedSeconds": 46.08, "gpuPeakMiB": 3521.55859375, "ramPeakMiB": 3246.16796875, "error": null}
