{"variant": "base", "id": "day-night-es", "seconds": 1.219}
{"variant": "base", "id": "day-night-en", "seconds": 1.391}
{"variant": "base", "id": "day-night-mixed", "seconds": 1.656}
{"variant": "base", "id": "heat-metal-es", "seconds": 0.859}
{"variant": "base", "id": "heat-metal-en", "seconds": 1.141}
{"variant": "base", "id": "heat-metal-mixed", "seconds": 1.422}
{"variant": "base", "id": "audio-holdout-0-es", "seconds": 0.265}
{"variant": "base", "id": "audio-holdout-0-en", "seconds": 0.344}
{"variant": "base", "id": "audio-holdout-0-mixed", "seconds": 0.375}
{"variant": "base", "id": "audio-holdout-1-es", "seconds": 0.281}
{"variant": "base", "id": "audio-holdout-1-en", "seconds": 0.344}
{"variant": "base", "id": "audio-holdout-1-mixed", "seconds": 0.406}
{"variant": "base", "id": "compound-heldout-0-es", "seconds": 0.657}
{"variant": "base", "id": "compound-heldout-0-en", "seconds": 0.578}
{"variant": "base", "id": "compound-heldout-0-mixed", "seconds": 0.594}
{"variant": "base", "id": "compound-heldout-1-es", "seconds": 0.687}
{"variant": "base", "id": "compound-heldout-1-en", "seconds": 0.594}
{"variant": "base", "id": "compound-heldout-1-mixed", "seconds": 0.609}
{"variant": "base", "id": "previous-t8", "seconds": 1.344}
{"variant": "base", "id": "previous-t9", "seconds": 1.125}
{"variant": "base", "id": "previous-t10", "seconds": 1.234}
{"variant": "base", "id": "previous-t13", "seconds": 0.922}
{"variant": "base", "id": "previous-t14", "seconds": 1.156}
{"variant": "base", "id": "previous-t15", "seconds": 1.282}
{"variant": "base", "id": "previous-t2", "seconds": 0.718}
{"variant": "base", "id": "previous-t4", "seconds": 0.657}
{"variant": "base", "id": "previous-t6", "seconds": 0.578}
{"variant": "base", "elapsedSeconds": 25.91, "gpuPeakMiB": 3497.55859375, "ramPeakMiB": 3138.0625, "error": null}
{"variant": "pilot_lora", "id": "day-night-es", "seconds": 1.015}
{"variant": "pilot_lora", "id": "day-night-en", "seconds": 0.766}
{"variant": "pilot_lora", "id": "day-night-mixed", "seconds": 0.625}
{"variant": "pilot_lora", "id": "heat-metal-es", "seconds": 0.672}
{"variant": "pilot_lora", "id": "heat-metal-en", "seconds": 0.437}
{"variant": "pilot_lora", "id": "heat-metal-mixed", "seconds": 0.563}
{"variant": "pilot_lora", "id": "audio-holdout-0-es", "seconds": 0.469}
{"variant": "pilot_lora", "id": "audio-holdout-0-en", "seconds": 0.375}
{"variant": "pilot_lora", "id": "audio-holdout-0-mixed", "seconds": 0.422}
{"variant": "pilot_lora", "id": "audio-holdout-1-es", "seconds": 0.437}
{"variant": "pilot_lora", "id": "audio-holdout-1-en", "seconds": 0.359}
{"variant": "pilot_lora", "id": "audio-holdout-1-mixed", "seconds": 0.454}
{"variant": "pilot_lora", "id": "compound-heldout-0-es", "seconds": 0.687}
{"variant": "pilot_lora", "id": "compound-heldout-0-en", "seconds": 0.656}
{"variant": "pilot_lora", "id": "compound-heldout-0-mixed", "seconds": 0.594}
{"variant": "pilot_lora", "id": "compound-heldout-1-es", "seconds": 0.703}
{"variant": "pilot_lora", "id": "compound-heldout-1-en", "seconds": 0.625}
{"variant": "pilot_lora", "id": "compound-heldout-1-mixed", "seconds": 0.641}
{"variant": "pilot_lora", "id": "previous-t8", "seconds": 0.797}
{"variant": "pilot_lora", "id": "previous-t9", "seconds": 0.781}
{"variant": "pilot_lora", "id": "previous-t10", "seconds": 1.062}
{"variant": "pilot_lora", "id": "previous-t13", "seconds": 0.954}
{"variant": "pilot_lora", "id": "previous-t14", "seconds": 1.046}
{"variant": "pilot_lora", "id": "previous-t15", "seconds": 0.75}
{"variant": "pilot_lora", "id": "previous-t2", "seconds": 0.704}
{"variant": "pilot_lora", "id": "previous-t4", "seconds": 0.703}
{"variant": "pilot_lora", "id": "previous-t6", "seconds": 0.672}
{"variant": "pilot_lora", "elapsedSeconds": 21.47, "gpuPeakMiB": 3519.55859375, "ramPeakMiB": 3194.49609375, "error": null}
