{"stage": "bare", "case": "t7", "seconds": 0.39, "error": null}
{"stage": "bare", "case": "t8", "seconds": 3.61, "error": null}
{"stage": "bare", "case": "t9", "seconds": 0.343, "error": null}
{"stage": "bare", "case": "t10", "seconds": 4.469, "error": null}
{"stage": "bare", "case": "t12", "seconds": 0.156, "error": null}
{"stage": "bare", "case": "t13", "seconds": 0.61, "error": null}
{"stage": "bare", "case": "t14", "seconds": 3.984, "error": null}
{"stage": "bare", "case": "t15", "seconds": 2.656, "error": null}
{"stage": "bare", "case": "dictionary-es", "seconds": 4.204, "error": null}
{"stage": "identity", "case": "t7", "seconds": 0.843, "error": null}
{"stage": "identity", "case": "t8", "seconds": 4.797, "error": null}
{"stage": "identity", "case": "t9", "seconds": 1.344, "error": null}
{"stage": "identity", "case": "t10", "seconds": 4.312, "error": null}
{"stage": "identity", "case": "t12", "seconds": 0.188, "error": null}
{"stage": "identity", "case": "t13", "seconds": 0.469, "error": null}
{"stage": "identity", "case": "t14", "seconds": 3.078, "error": null}
{"stage": "identity", "case": "t15", "seconds": 2.984, "error": null}
{"stage": "identity", "case": "dictionary-es", "seconds": 3.438, "error": null}
{"stage": "system", "case": "t7", "seconds": 0.328, "error": null}
{"stage": "system", "case": "t8", "seconds": 2.422, "error": null}
{"stage": "system", "case": "t9", "seconds": 1.438, "error": null}
{"stage": "system", "case": "t10", "seconds": 1.219, "error": null}
{"stage": "system", "case": "t12", "seconds": 0.187, "error": null}
{"stage": "system", "case": "t13", "seconds": 0.531, "error": null}
{"stage": "system", "case": "t14", "seconds": 1.094, "error": null}
{"stage": "system", "case": "t15", "seconds": 1.516, "error": null}
{"stage": "system", "case": "dictionary-es", "seconds": 0.828, "error": null}
{"stage": "policies", "case": "t7", "seconds": 0.297, "error": null}
{"stage": "policies", "case": "t8", "seconds": 1.297, "error": null}
{"stage": "policies", "case": "t9", "seconds": 0.25, "error": null}
{"stage": "policies", "case": "t10", "seconds": 1.859, "error": null}
{"stage": "policies", "case": "t12", "seconds": 0.281, "error": null}
{"stage": "policies", "case": "t13", "seconds": 0.797, "error": null}
{"stage": "policies", "case": "t14", "seconds": 1.328, "error": null}
{"stage": "policies", "case": "t15", "seconds": 1.828, "error": null}
{"stage": "policies", "case": "dictionary-es", "seconds": 0.86, "error": null}
{"stage": "history", "case": "t7", "seconds": 0.39, "error": null}
{"stage": "history", "case": "t8", "seconds": 0.86, "error": null}
{"stage": "history", "case": "t9", "seconds": 0.765, "error": null}
{"stage": "history", "case": "t10", "seconds": 0.578, "error": null}
{"stage": "history", "case": "t12", "seconds": 0.391, "error": null}
{"stage": "history", "case": "t13", "seconds": 0.563, "error": null}
{"stage": "history", "case": "t14", "seconds": 0.859, "error": null}
{"stage": "history", "case": "t15", "seconds": 0.672, "error": null}
{"stage": "history", "case": "dictionary-es", "seconds": 1.609, "error": null}
{"stage": "budget", "case": "t7", "seconds": 0.36, "error": null}
{"stage": "budget", "case": "t8", "seconds": 0.671, "error": null}
{"stage": "budget", "case": "t9", "seconds": 0.704, "error": null}
{"stage": "budget", "case": "t10", "seconds": 0.625, "error": null}
{"stage": "budget", "case": "t12", "seconds": 0.359, "error": null}
{"stage": "budget", "case": "t13", "seconds": 0.656, "error": null}
{"stage": "budget", "case": "t14", "seconds": 0.969, "error": null}
{"stage": "budget", "case": "t15", "seconds": 0.812, "error": null}
{"stage": "budget", "case": "dictionary-es", "seconds": 1.735, "error": null}
{"stage": "guarded", "case": "t7", "seconds": 0.312, "error": null}
{"stage": "guarded", "case": "t8", "seconds": 1.547, "error": null}
{"stage": "guarded", "case": "t9", "seconds": 1.688, "error": null}
{"stage": "guarded", "case": "t10", "seconds": 1.718, "error": null}
{"stage": "guarded", "case": "t12", "seconds": 0.313, "error": null}
{"stage": "guarded", "case": "t13", "seconds": 0.953, "error": null}
{"stage": "guarded", "case": "t14", "seconds": 1.391, "error": null}
{"stage": "guarded", "case": "t15", "seconds": 1.875, "error": null}
{"stage": "guarded", "case": "dictionary-es", "seconds": 0.968, "error": null}
{"seconds": 87.17, "gpuPeakMiB": 2687.5546875, "ramPeakMiB": 2721.625, "error": null, "registrationUnchanged": true}
