{"stage": "plain", "id": "welcome-es", "error": null}
{"stage": "plain", "id": "welcome-en", "error": null}
{"stage": "plain", "id": "welcome-mixed", "error": null}
{"stage": "plain", "id": "conversation-es", "error": null}
{"stage": "plain", "id": "conversation-en", "error": null}
{"stage": "plain", "id": "conversation-mixed", "error": null}
{"stage": "plain", "id": "clarification-es", "error": null}
{"stage": "plain", "id": "clarification-en", "error": null}
{"stage": "plain", "id": "clarification-mixed", "error": null}
{"stage": "plain", "id": "confirmation-es", "error": null}
{"stage": "plain", "id": "confirmation-en", "error": null}
{"stage": "plain", "id": "confirmation-mixed", "error": null}
{"stage": "plain", "id": "progress-es", "error": null}
{"stage": "plain", "id": "progress-en", "error": null}
{"stage": "plain", "id": "progress-mixed", "error": null}
{"stage": "plain", "id": "result-es", "error": null}
{"stage": "plain", "id": "result-en", "error": null}
{"stage": "plain", "id": "result-mixed", "error": null}
{"stage": "plain", "id": "error-es", "error": null}
{"stage": "plain", "id": "error-en", "error": null}
{"stage": "plain", "id": "error-mixed", "error": null}
{"stage": "plain", "id": "mission-summary-es", "error": null}
{"stage": "plain", "id": "mission-summary-en", "error": null}
{"stage": "plain", "id": "mission-summary-mixed", "error": null}
{"stage": "prompt", "id": "welcome-es", "error": null}
{"stage": "prompt", "id": "welcome-en", "error": null}
{"stage": "prompt", "id": "welcome-mixed", "error": null}
{"stage": "prompt", "id": "conversation-es", "error": null}
{"stage": "prompt", "id": "conversation-en", "error": null}
{"stage": "prompt", "id": "conversation-mixed", "error": null}
{"stage": "prompt", "id": "clarification-es", "error": null}
{"stage": "prompt", "id": "clarification-en", "error": null}
{"stage": "prompt", "id": "clarification-mixed", "error": null}
{"stage": "prompt", "id": "confirmation-es", "error": null}
{"stage": "prompt", "id": "confirmation-en", "error": null}
{"stage": "prompt", "id": "confirmation-mixed", "error": null}
{"stage": "prompt", "id": "progress-es", "error": null}
{"stage": "prompt", "id": "progress-en", "error": null}
{"stage": "prompt", "id": "progress-mixed", "error": null}
{"stage": "prompt", "id": "result-es", "error": null}
{"stage": "prompt", "id": "result-en", "error": null}
{"stage": "prompt", "id": "result-mixed", "error": null}
{"stage": "prompt", "id": "error-es", "error": null}
{"stage": "prompt", "id": "error-en", "error": null}
{"stage": "prompt", "id": "error-mixed", "error": null}
{"stage": "prompt", "id": "mission-summary-es", "error": null}
{"stage": "prompt", "id": "mission-summary-en", "error": null}
{"stage": "prompt", "id": "mission-summary-mixed", "error": null}
{"stage": "guarded", "id": "welcome-es", "error": null}
{"stage": "guarded", "id": "welcome-en", "error": null}
{"stage": "guarded", "id": "welcome-mixed", "error": null}
{"stage": "guarded", "id": "conversation-es", "error": null}
{"stage": "guarded", "id": "conversation-en", "error": null}
{"stage": "guarded", "id": "conversation-mixed", "error": null}
{"stage": "guarded", "id": "clarification-es", "error": null}
{"stage": "guarded", "id": "clarification-en", "error": null}
{"stage": "guarded", "id": "clarification-mixed", "error": null}
{"stage": "guarded", "id": "confirmation-es", "error": null}
{"stage": "guarded", "id": "confirmation-en", "error": null}
{"stage": "guarded", "id": "confirmation-mixed", "error": null}
{"stage": "guarded", "id": "progress-es", "error": null}
{"stage": "guarded", "id": "progress-en", "error": null}
{"stage": "guarded", "id": "progress-mixed", "error": null}
{"stage": "guarded", "id": "result-es", "error": null}
{"stage": "guarded", "id": "result-en", "error": null}
{"stage": "guarded", "id": "result-mixed", "error": null}
{"stage": "guarded", "id": "error-es", "error": null}
{"stage": "guarded", "id": "error-en", "error": null}
{"stage": "guarded", "id": "error-mixed", "error": null}
{"stage": "guarded", "id": "mission-summary-es", "error": null}
{"stage": "guarded", "id": "mission-summary-en", "error": null}
{"stage": "guarded", "id": "mission-summary-mixed", "error": null}
{"seconds": 58.66, "gpuPeakMiB": 2687.5546875, "ramPeakMiB": 2831.33984375, "error": null, "registrationUnchanged": true}
