  Determinando los proyectos que se van a restaurar...
  Todos los proyectos están actualizados para la restauración.
  Baxy.Contracts -> D:\Perfil\Escritorio\ETC\Programacion\BAXY DEFINITIVO\src\Baxy.Contracts\bin\Release\net10.0\Baxy.Contracts.dll
  Baxy.Security.Windows -> D:\Perfil\Escritorio\ETC\Programacion\BAXY DEFINITIVO\src\Baxy.Security.Windows\bin\Release\net10.0-windows10.0.19041.0\Baxy.Security.Windows.dll
  Baxy.Kernel -> D:\Perfil\Escritorio\ETC\Programacion\BAXY DEFINITIVO\src\Baxy.Kernel\bin\Release\net10.0\Baxy.Kernel.dll
  Baxy.Providers.Windows -> D:\Perfil\Escritorio\ETC\Programacion\BAXY DEFINITIVO\src\Baxy.Providers.Windows\bin\Release\net10.0-windows10.0.19041.0\Baxy.Providers.Windows.dll
  Baxy.Core -> D:\Perfil\Escritorio\ETC\Programacion\BAXY DEFINITIVO\src\Baxy.Core\bin\Release\net10.0-windows10.0.19041.0\baxy-core.dll
  Baxy.App -> D:\Perfil\Escritorio\ETC\Programacion\BAXY DEFINITIVO\src\Baxy.App\bin\Release\net10.0-windows10.0.19041.0\Baxy.dll
  Baxy.Integration.Tests -> D:\Perfil\Escritorio\ETC\Programacion\BAXY DEFINITIVO\tests\Baxy.Integration.Tests\bin\Release\net10.0-windows10.0.19041.0\Baxy.Integration.Tests.dll
Serie de pruebas para D:\Perfil\Escritorio\ETC\Programacion\BAXY DEFINITIVO\tests\Baxy.Integration.Tests\bin\Release\net10.0-windows10.0.19041.0\Baxy.Integration.Tests.dll (.NETCoreApp,Version=v10.0)
1 archivos de prueba en total coincidieron con el patrón especificado.
  Con error ResponseLanguageDoesNotReplaceTheClockRequest("Dime la hora, please, en spanglish",True) [193 ms]
  Mensaje de error:
     Assert.That(NaturalSystemStatusRequestParser.IsCurrentTimeRequest(text), Is.EqualTo(expected))
  Expected: True
  But was:  False

  Seguimiento de la pila:
     at Baxy.Integration.Tests.NaturalSystemStatusRequestParserTests.ResponseLanguageDoesNotReplaceTheClockRequest(String text, Boolean expected) in D:\Perfil\Escritorio\ETC\Programacion\BAXY DEFINITIVO\tests\Baxy.Integration.Tests\NaturalSystemStatusRequestParserTests.cs:line 18

1)    at Baxy.Integration.Tests.NaturalSystemStatusRequestParserTests.ResponseLanguageDoesNotReplaceTheClockRequest(String text, Boolean expected) in D:\Perfil\Escritorio\ETC\Programacion\BAXY DEFINITIVO\tests\Baxy.Integration.Tests\NaturalSystemStatusRequestParserTests.cs:line 18


  Con error ResponseLanguageDoesNotReplaceTheClockRequest("Tell me the time in Spanish.",True) [3 ms]
  Mensaje de error:
     Assert.That(NaturalSystemStatusRequestParser.IsCurrentTimeRequest(text), Is.EqualTo(expected))
  Expected: True
  But was:  False

  Seguimiento de la pila:
     at Baxy.Integration.Tests.NaturalSystemStatusRequestParserTests.ResponseLanguageDoesNotReplaceTheClockRequest(String text, Boolean expected) in D:\Perfil\Escritorio\ETC\Programacion\BAXY DEFINITIVO\tests\Baxy.Integration.Tests\NaturalSystemStatusRequestParserTests.cs:line 18
   at InvokeStub_NaturalSystemStatusRequestParserTests.ResponseLanguageDoesNotReplaceTheClockRequest(Object, Span`1)

1)    at Baxy.Integration.Tests.NaturalSystemStatusRequestParserTests.ResponseLanguageDoesNotReplaceTheClockRequest(String text, Boolean expected) in D:\Perfil\Escritorio\ETC\Programacion\BAXY DEFINITIVO\tests\Baxy.Integration.Tests\NaturalSystemStatusRequestParserTests.cs:line 18
   at InvokeStub_NaturalSystemStatusRequestParserTests.ResponseLanguageDoesNotReplaceTheClockRequest(Object, Span`1)


  Con error ResponseLanguageDoesNotReplaceTheClockRequest("Dime la hora en inglés",True) [1 ms]
  Mensaje de error:
     Assert.That(NaturalSystemStatusRequestParser.IsCurrentTimeRequest(text), Is.EqualTo(expected))
  Expected: True
  But was:  False

  Seguimiento de la pila:
     at Baxy.Integration.Tests.NaturalSystemStatusRequestParserTests.ResponseLanguageDoesNotReplaceTheClockRequest(String text, Boolean expected) in D:\Perfil\Escritorio\ETC\Programacion\BAXY DEFINITIVO\tests\Baxy.Integration.Tests\NaturalSystemStatusRequestParserTests.cs:line 18
   at InvokeStub_NaturalSystemStatusRequestParserTests.ResponseLanguageDoesNotReplaceTheClockRequest(Object, Span`1)

1)    at Baxy.Integration.Tests.NaturalSystemStatusRequestParserTests.ResponseLanguageDoesNotReplaceTheClockRequest(String text, Boolean expected) in D:\Perfil\Escritorio\ETC\Programacion\BAXY DEFINITIVO\tests\Baxy.Integration.Tests\NaturalSystemStatusRequestParserTests.cs:line 18
   at InvokeStub_NaturalSystemStatusRequestParserTests.ResponseLanguageDoesNotReplaceTheClockRequest(Object, Span`1)


  Con error ResponseLanguageDoesNotReplaceTheClockRequest("What time is it in spanglish?",True) [< 1 ms]
  Mensaje de error:
     Assert.That(NaturalSystemStatusRequestParser.IsCurrentTimeRequest(text), Is.EqualTo(expected))
  Expected: True
  But was:  False

  Seguimiento de la pila:
     at Baxy.Integration.Tests.NaturalSystemStatusRequestParserTests.ResponseLanguageDoesNotReplaceTheClockRequest(String text, Boolean expected) in D:\Perfil\Escritorio\ETC\Programacion\BAXY DEFINITIVO\tests\Baxy.Integration.Tests\NaturalSystemStatusRequestParserTests.cs:line 18
   at InvokeStub_NaturalSystemStatusRequestParserTests.ResponseLanguageDoesNotReplaceTheClockRequest(Object, Span`1)

1)    at Baxy.Integration.Tests.NaturalSystemStatusRequestParserTests.ResponseLanguageDoesNotReplaceTheClockRequest(String text, Boolean expected) in D:\Perfil\Escritorio\ETC\Programacion\BAXY DEFINITIVO\tests\Baxy.Integration.Tests\NaturalSystemStatusRequestParserTests.cs:line 18
   at InvokeStub_NaturalSystemStatusRequestParserTests.ResponseLanguageDoesNotReplaceTheClockRequest(Object, Span`1)



Con error! - Con error:     4, Superado:     3, Omitido:     0, Total:     7, Duración: 202 ms - Baxy.Integration.Tests.dll (net10.0)
