  Determinando los proyectos que se van a restaurar...
  Todos los proyectos están actualizados para la restauración.
  Baxy.Contracts -> D:\Perfil\Escritorio\ETC\Programacion\BAXY DEFINITIVO\src\Baxy.Contracts\bin\Release\net10.0\Baxy.Contracts.dll
  Baxy.Security.Windows -> D:\Perfil\Escritorio\ETC\Programacion\BAXY DEFINITIVO\src\Baxy.Security.Windows\bin\Release\net10.0-windows10.0.19041.0\Baxy.Security.Windows.dll
  Baxy.Kernel -> D:\Perfil\Escritorio\ETC\Programacion\BAXY DEFINITIVO\src\Baxy.Kernel\bin\Release\net10.0\Baxy.Kernel.dll
  Baxy.Providers.Windows -> D:\Perfil\Escritorio\ETC\Programacion\BAXY DEFINITIVO\src\Baxy.Providers.Windows\bin\Release\net10.0-windows10.0.19041.0\Baxy.Providers.Windows.dll
  Baxy.Core -> D:\Perfil\Escritorio\ETC\Programacion\BAXY DEFINITIVO\src\Baxy.Core\bin\Release\net10.0-windows10.0.19041.0\baxy-core.dll
  Baxy.App -> D:\Perfil\Escritorio\ETC\Programacion\BAXY DEFINITIVO\src\Baxy.App\bin\Release\net10.0-windows10.0.19041.0\Baxy.dll
  Baxy.Integration.Tests -> D:\Perfil\Escritorio\ETC\Programacion\BAXY DEFINITIVO\tests\Baxy.Integration.Tests\bin\Release\net10.0-windows10.0.19041.0\Baxy.Integration.Tests.dll
Serie de pruebas para D:\Perfil\Escritorio\ETC\Programacion\BAXY DEFINITIVO\tests\Baxy.Integration.Tests\bin\Release\net10.0-windows10.0.19041.0\Baxy.Integration.Tests.dll (.NETCoreApp,Version=v10.0)
1 archivos de prueba en total coincidieron con el patrón especificado.
  Con error NaturalSocialGreetingsSurviveThePublicPolicy("Good afternoon","Hi! How can I help you today?") [65 ms]
  Mensaje de error:
     Assert.That(UserMessagePolicy.IsSafeConversationReply(request, reply), Is.True)
  Expected: True
  But was:  False

  Seguimiento de la pila:
     at Baxy.Integration.Tests.RequestReadingConformanceTests.NaturalSocialGreetingsSurviveThePublicPolicy(String request, String reply) in D:\Perfil\Escritorio\ETC\Programacion\BAXY DEFINITIVO\tests\Baxy.Integration.Tests\RequestReadingConformanceTests.cs:line 130

1)    at Baxy.Integration.Tests.RequestReadingConformanceTests.NaturalSocialGreetingsSurviveThePublicPolicy(String request, String reply) in D:\Perfil\Escritorio\ETC\Programacion\BAXY DEFINITIVO\tests\Baxy.Integration.Tests\RequestReadingConformanceTests.cs:line 130


  Con error NaturalSocialGreetingsSurviveThePublicPolicy("Good evening","Good evening! What can I help you with?") [1 ms]
  Mensaje de error:
     Assert.That(UserMessagePolicy.IsSafeConversationReply(request, reply), Is.True)
  Expected: True
  But was:  False

  Seguimiento de la pila:
     at Baxy.Integration.Tests.RequestReadingConformanceTests.NaturalSocialGreetingsSurviveThePublicPolicy(String request, String reply) in D:\Perfil\Escritorio\ETC\Programacion\BAXY DEFINITIVO\tests\Baxy.Integration.Tests\RequestReadingConformanceTests.cs:line 130
   at InvokeStub_RequestReadingConformanceTests.NaturalSocialGreetingsSurviveThePublicPolicy(Object, Span`1)

1)    at Baxy.Integration.Tests.RequestReadingConformanceTests.NaturalSocialGreetingsSurviveThePublicPolicy(String request, String reply) in D:\Perfil\Escritorio\ETC\Programacion\BAXY DEFINITIVO\tests\Baxy.Integration.Tests\RequestReadingConformanceTests.cs:line 130
   at InvokeStub_RequestReadingConformanceTests.NaturalSocialGreetingsSurviveThePublicPolicy(Object, Span`1)


  Con error NaturalSocialGreetingsSurviveThePublicPolicy("Buenos días","¡Buenos días! ¿En qué te ayudo?") [1 ms]
  Mensaje de error:
     Assert.That(UserMessagePolicy.IsSafeConversationReply(request, reply), Is.True)
  Expected: True
  But was:  False

  Seguimiento de la pila:
     at Baxy.Integration.Tests.RequestReadingConformanceTests.NaturalSocialGreetingsSurviveThePublicPolicy(String request, String reply) in D:\Perfil\Escritorio\ETC\Programacion\BAXY DEFINITIVO\tests\Baxy.Integration.Tests\RequestReadingConformanceTests.cs:line 130
   at InvokeStub_RequestReadingConformanceTests.NaturalSocialGreetingsSurviveThePublicPolicy(Object, Span`1)

1)    at Baxy.Integration.Tests.RequestReadingConformanceTests.NaturalSocialGreetingsSurviveThePublicPolicy(String request, String reply) in D:\Perfil\Escritorio\ETC\Programacion\BAXY DEFINITIVO\tests\Baxy.Integration.Tests\RequestReadingConformanceTests.cs:line 130
   at InvokeStub_RequestReadingConformanceTests.NaturalSocialGreetingsSurviveThePublicPolicy(Object, Span`1)



Con error! - Con error:     3, Superado:    10, Omitido:     0, Total:    13, Duración: 445 ms - Baxy.Integration.Tests.dll (net10.0)
