Collecting peft==0.18.1
  Downloading peft-0.18.1-py3-none-any.whl.metadata (14 kB)
Collecting accelerate==1.12.0
  Downloading accelerate-1.12.0-py3-none-any.whl.metadata (19 kB)
Collecting bitsandbytes==0.49.2
  Downloading bitsandbytes-0.49.2-py3-none-win_amd64.whl.metadata (10 kB)
Requirement already satisfied: numpy>=1.17 in d:\baxyruntime\python\gpu-reranker-r157\lib\site-packages (from peft==0.18.1) (2.5.2)
Requirement already satisfied: packaging>=20.0 in d:\baxyruntime\python\gpu-reranker-r157\lib\site-packages (from peft==0.18.1) (26.3)
Collecting psutil (from peft==0.18.1)
  Using cached psutil-7.2.2-cp37-abi3-win_amd64.whl.metadata (22 kB)
Requirement already satisfied: pyyaml in d:\baxyruntime\python\gpu-reranker-r157\lib\site-packages (from peft==0.18.1) (6.0.3)
Requirement already satisfied: torch>=1.13.0 in d:\baxyruntime\python\gpu-reranker-r157\lib\site-packages (from peft==0.18.1) (2.11.0+cu128)
Requirement already satisfied: transformers in d:\baxyruntime\python\gpu-reranker-r157\lib\site-packages (from peft==0.18.1) (4.57.1)
Requirement already satisfied: tqdm in d:\baxyruntime\python\gpu-reranker-r157\lib\site-packages (from peft==0.18.1) (4.70.0)
Requirement already satisfied: safetensors in d:\baxyruntime\python\gpu-reranker-r157\lib\site-packages (from peft==0.18.1) (0.8.0)
Requirement already satisfied: huggingface_hub>=0.25.0 in d:\baxyruntime\python\gpu-reranker-r157\lib\site-packages (from peft==0.18.1) (0.36.2)
Requirement already satisfied: filelock in d:\baxyruntime\python\gpu-reranker-r157\lib\site-packages (from huggingface_hub>=0.25.0->peft==0.18.1) (3.29.0)
Requirement already satisfied: fsspec>=2023.5.0 in d:\baxyruntime\python\gpu-reranker-r157\lib\site-packages (from huggingface_hub>=0.25.0->peft==0.18.1) (2026.4.0)
Requirement already satisfied: requests in d:\baxyruntime\python\gpu-reranker-r157\lib\site-packages (from huggingface_hub>=0.25.0->peft==0.18.1) (2.34.2)
Requirement already satisfied: typing-extensions>=3.7.4.3 in d:\baxyruntime\python\gpu-reranker-r157\lib\site-packages (from huggingface_hub>=0.25.0->peft==0.18.1) (4.15.0)
Requirement already satisfied: setuptools<82 in d:\baxyruntime\python\gpu-reranker-r157\lib\site-packages (from torch>=1.13.0->peft==0.18.1) (78.1.0)
Requirement already satisfied: sympy>=1.13.3 in d:\baxyruntime\python\gpu-reranker-r157\lib\site-packages (from torch>=1.13.0->peft==0.18.1) (1.14.0)
Requirement already satisfied: networkx>=2.5.1 in d:\baxyruntime\python\gpu-reranker-r157\lib\site-packages (from torch>=1.13.0->peft==0.18.1) (3.6.1)
Requirement already satisfied: jinja2 in d:\baxyruntime\python\gpu-reranker-r157\lib\site-packages (from torch>=1.13.0->peft==0.18.1) (3.1.6)
Requirement already satisfied: colorama in d:\baxyruntime\python\gpu-reranker-r157\lib\site-packages (from tqdm->peft==0.18.1) (0.4.6)
Requirement already satisfied: regex!=2019.12.17 in d:\baxyruntime\python\gpu-reranker-r157\lib\site-packages (from transformers->peft==0.18.1) (2026.7.19)
Requirement already satisfied: tokenizers<=0.23.0,>=0.22.0 in d:\baxyruntime\python\gpu-reranker-r157\lib\site-packages (from transformers->peft==0.18.1) (0.22.2)
Requirement already satisfied: mpmath<1.4,>=1.1.0 in d:\baxyruntime\python\gpu-reranker-r157\lib\site-packages (from sympy>=1.13.3->torch>=1.13.0->peft==0.18.1) (1.3.0)
Requirement already satisfied: MarkupSafe>=2.0 in d:\baxyruntime\python\gpu-reranker-r157\lib\site-packages (from jinja2->torch>=1.13.0->peft==0.18.1) (3.0.3)
Requirement already satisfied: charset_normalizer<4,>=2 in d:\baxyruntime\python\gpu-reranker-r157\lib\site-packages (from requests->huggingface_hub>=0.25.0->peft==0.18.1) (3.5.0)
Requirement already satisfied: idna<4,>=2.5 in d:\baxyruntime\python\gpu-reranker-r157\lib\site-packages (from requests->huggingface_hub>=0.25.0->peft==0.18.1) (3.18)
Requirement already satisfied: urllib3<3,>=1.26 in d:\baxyruntime\python\gpu-reranker-r157\lib\site-packages (from requests->huggingface_hub>=0.25.0->peft==0.18.1) (2.7.0)
Requirement already satisfied: certifi>=2023.5.7 in d:\baxyruntime\python\gpu-reranker-r157\lib\site-packages (from requests->huggingface_hub>=0.25.0->peft==0.18.1) (2026.7.22)
Downloading peft-0.18.1-py3-none-any.whl (556 kB)
   -------------------------------------- 557.0/557.0 kB 992.6 kB/s eta 0:00:00
Downloading accelerate-1.12.0-py3-none-any.whl (380 kB)
Downloading bitsandbytes-0.49.2-py3-none-win_amd64.whl (55.4 MB)
   ---------------------------------------- 55.4/55.4 MB 2.1 MB/s eta 0:00:00
Downloading psutil-7.2.2-cp37-abi3-win_amd64.whl (137 kB)
Installing collected packages: psutil, bitsandbytes, accelerate, peft
Successfully installed accelerate-1.12.0 bitsandbytes-0.49.2 peft-0.18.1 psutil-7.2.2
