{"stage": "bare", "case": "t7", "seconds": 0.313, "error": null}
{"stage": "bare", "case": "t8", "seconds": 4.14, "error": null}
{"stage": "bare", "case": "t9", "seconds": 1.438, "error": null}
{"stage": "bare", "case": "t10", "seconds": 6.812, "error": null}
{"stage": "bare", "case": "t12", "seconds": 0.219, "error": null}
{"stage": "bare", "case": "t13", "seconds": 0.828, "error": null}
{"stage": "bare", "case": "t14", "seconds": 9.25, "error": null}
{"stage": "bare", "case": "t15", "seconds": 1.469, "error": null}
{"stage": "bare", "case": "dictionary-es", "seconds": 4.687, "error": null}
{"stage": "identity", "case": "t7", "seconds": 0.735, "error": null}
{"stage": "identity", "case": "t8", "seconds": 8.125, "error": null}
{"stage": "identity", "case": "t9", "seconds": 3.093, "error": null}
{"stage": "identity", "case": "t10", "seconds": 8.188, "error": null}
{"stage": "identity", "case": "t12", "seconds": 1.875, "error": null}
{"stage": "identity", "case": "t13", "seconds": 2.031, "error": null}
{"stage": "identity", "case": "t14", "seconds": 5.938, "error": null}
{"stage": "identity", "case": "t15", "seconds": 1.328, "error": null}
{"stage": "identity", "case": "dictionary-es", "seconds": 4.469, "error": null}
{"stage": "system", "case": "t7", "seconds": 0.39, "error": null}
{"stage": "system", "case": "t8", "seconds": 3.516, "error": null}
{"stage": "system", "case": "t9", "seconds": 1.687, "error": null}
{"stage": "system", "case": "t10", "seconds": 3.86, "error": null}
{"stage": "system", "case": "t12", "seconds": 0.187, "error": null}
{"stage": "system", "case": "t13", "seconds": 0.922, "error": null}
{"stage": "system", "case": "t14", "seconds": 2.047, "error": null}
{"stage": "system", "case": "t15", "seconds": 1.172, "error": null}
{"stage": "system", "case": "dictionary-es", "seconds": 0.781, "error": null}
{"stage": "policies", "case": "t7", "seconds": 0.422, "error": null}
{"stage": "policies", "case": "t8", "seconds": 2.016, "error": null}
{"stage": "policies", "case": "t9", "seconds": 0.468, "error": null}
{"stage": "policies", "case": "t10", "seconds": 3.047, "error": null}
{"stage": "policies", "case": "t12", "seconds": 0.25, "error": null}
{"stage": "policies", "case": "t13", "seconds": 1.031, "error": null}
{"stage": "policies", "case": "t14", "seconds": 1.985, "error": null}
{"stage": "policies", "case": "t15", "seconds": 2.265, "error": null}
{"stage": "policies", "case": "dictionary-es", "seconds": 1.563, "error": null}
{"stage": "history", "case": "t7", "seconds": 0.609, "error": null}
{"stage": "history", "case": "t8", "seconds": 1.75, "error": null}
{"stage": "history", "case": "t9", "seconds": 0.813, "error": null}
{"stage": "history", "case": "t10", "seconds": 1.047, "error": null}
{"stage": "history", "case": "t12", "seconds": 0.453, "error": null}
{"stage": "history", "case": "t13", "seconds": 0.812, "error": null}
{"stage": "history", "case": "t14", "seconds": 1.141, "error": null}
{"stage": "history", "case": "t15", "seconds": 0.953, "error": null}
{"stage": "history", "case": "dictionary-es", "seconds": 1.219, "error": null}
{"stage": "budget", "case": "t7", "seconds": 0.687, "error": null}
{"stage": "budget", "case": "t8", "seconds": 1.828, "error": null}
{"stage": "budget", "case": "t9", "seconds": 0.829, "error": null}
{"stage": "budget", "case": "t10", "seconds": 1.047, "error": null}
{"stage": "budget", "case": "t12", "seconds": 0.453, "error": null}
{"stage": "budget", "case": "t13", "seconds": 0.781, "error": null}
{"stage": "budget", "case": "t14", "seconds": 1.094, "error": null}
{"stage": "budget", "case": "t15", "seconds": 0.906, "error": null}
{"stage": "budget", "case": "dictionary-es", "seconds": 1.188, "error": null}
{"stage": "routed", "case": "t7", "seconds": 0.656, "error": null}
{"stage": "routed", "case": "t8", "seconds": 1.781, "error": null}
{"stage": "routed", "case": "t9", "seconds": 0.954, "error": null}
{"stage": "routed", "case": "t10", "seconds": 1.031, "error": null}
{"stage": "routed", "case": "t12", "seconds": 0.406, "error": null}
{"stage": "routed", "case": "t13", "seconds": 0.781, "error": null}
{"stage": "routed", "case": "t14", "seconds": 1.11, "error": null}
{"stage": "routed", "case": "t15", "seconds": 0.843, "error": null}
{"stage": "routed", "case": "dictionary-es", "seconds": 1.11, "error": null}
{"stage": "guarded", "case": "t7", "seconds": 0.625, "error": null}
{"stage": "guarded", "case": "t8", "seconds": 1.765, "error": null}
{"stage": "guarded", "case": "t9", "seconds": 1.016, "error": null}
{"stage": "guarded", "case": "t10", "seconds": 1.094, "error": null}
{"stage": "guarded", "case": "t12", "seconds": 0.453, "error": null}
{"stage": "guarded", "case": "t13", "seconds": 0.828, "error": null}
{"stage": "guarded", "case": "t14", "seconds": 1.156, "error": null}
{"stage": "guarded", "case": "t15", "seconds": 0.953, "error": null}
{"stage": "guarded", "case": "dictionary-es", "seconds": 1.157, "error": null}
{"seconds": 131.11, "gpuPeakMiB": 3499.55859375, "ramPeakMiB": 3419.75390625, "error": null, "registrationUnchanged": true}
