{"variant": "pilot2", "id": "day-night-es", "seconds": 0.75}
{"variant": "pilot2", "id": "day-night-en", "seconds": 0.719}
{"variant": "pilot2", "id": "day-night-mixed", "seconds": 0.593}
{"variant": "pilot2", "id": "heat-metal-es", "seconds": 0.61}
{"variant": "pilot2", "id": "heat-metal-en", "seconds": 0.406}
{"variant": "pilot2", "id": "heat-metal-mixed", "seconds": 0.531}
{"variant": "pilot2", "id": "audio-holdout-0-es", "seconds": 0.453}
{"variant": "pilot2", "id": "audio-holdout-0-en", "seconds": 0.36}
{"variant": "pilot2", "id": "audio-holdout-0-mixed", "seconds": 0.39}
{"variant": "pilot2", "id": "audio-holdout-1-es", "seconds": 0.407}
{"variant": "pilot2", "id": "audio-holdout-1-en", "seconds": 0.343}
{"variant": "pilot2", "id": "audio-holdout-1-mixed", "seconds": 0.422}
{"variant": "pilot2", "id": "compound-heldout-0-es", "seconds": 0.641}
{"variant": "pilot2", "id": "compound-heldout-0-en", "seconds": 0.609}
{"variant": "pilot2", "id": "compound-heldout-0-mixed", "seconds": 0.578}
{"variant": "pilot2", "id": "compound-heldout-1-es", "seconds": 0.672}
{"variant": "pilot2", "id": "compound-heldout-1-en", "seconds": 0.578}
{"variant": "pilot2", "id": "compound-heldout-1-mixed", "seconds": 0.625}
{"variant": "pilot2", "id": "format-heldout-perimeter-es", "seconds": 0.516}
{"variant": "pilot2", "id": "format-heldout-perimeter-en", "seconds": 0.687}
{"variant": "pilot2", "id": "format-heldout-perimeter-mixed", "seconds": 0.656}
{"variant": "pilot2", "id": "format-heldout-pendulum-es", "seconds": 0.61}
{"variant": "pilot2", "id": "format-heldout-pendulum-en", "seconds": 0.547}
{"variant": "pilot2", "id": "format-heldout-pendulum-mixed", "seconds": 0.593}
{"variant": "pilot2", "id": "format-heldout-spacing-es", "seconds": 0.406}
{"variant": "pilot2", "id": "format-heldout-spacing-en", "seconds": 0.516}
{"variant": "pilot2", "id": "format-heldout-spacing-mixed", "seconds": 0.578}
{"variant": "pilot2", "id": "format-heldout-calendar-es", "seconds": 0.547}
{"variant": "pilot2", "id": "format-heldout-calendar-en", "seconds": 0.594}
{"variant": "pilot2", "id": "format-heldout-calendar-mixed", "seconds": 0.703}
{"variant": "pilot2", "id": "previous-t8", "seconds": 0.719}
{"variant": "pilot2", "id": "previous-t9", "seconds": 0.703}
{"variant": "pilot2", "id": "previous-t10", "seconds": 0.984}
{"variant": "pilot2", "id": "previous-t13", "seconds": 0.922}
{"variant": "pilot2", "id": "previous-t14", "seconds": 1.078}
{"variant": "pilot2", "id": "previous-t15", "seconds": 0.734}
{"variant": "pilot2", "id": "previous-t2", "seconds": 0.704}
{"variant": "pilot2", "id": "previous-t4", "seconds": 0.609}
{"variant": "pilot2", "id": "previous-t6", "seconds": 0.609}
{"variant": "pilot2", "elapsedSeconds": 26.95, "gpuPeakMiB": 3521.55859375, "ramPeakMiB": 3197.72265625, "error": null}
{"variant": "pilot3", "id": "day-night-es", "seconds": 1.078}
{"variant": "pilot3", "id": "day-night-en", "seconds": 0.672}
{"variant": "pilot3", "id": "day-night-mixed", "seconds": 0.625}
{"variant": "pilot3", "id": "heat-metal-es", "seconds": 0.781}
{"variant": "pilot3", "id": "heat-metal-en", "seconds": 0.594}
{"variant": "pilot3", "id": "heat-metal-mixed", "seconds": 0.859}
{"variant": "pilot3", "id": "audio-holdout-0-es", "seconds": 0.485}
{"variant": "pilot3", "id": "audio-holdout-0-en", "seconds": 0.422}
{"variant": "pilot3", "id": "audio-holdout-0-mixed", "seconds": 0.422}
{"variant": "pilot3", "id": "audio-holdout-1-es", "seconds": 0.453}
{"variant": "pilot3", "id": "audio-holdout-1-en", "seconds": 0.406}
{"variant": "pilot3", "id": "audio-holdout-1-mixed", "seconds": 0.406}
{"variant": "pilot3", "id": "compound-heldout-0-es", "seconds": 0.688}
{"variant": "pilot3", "id": "compound-heldout-0-en", "seconds": 0.64}
{"variant": "pilot3", "id": "compound-heldout-0-mixed", "seconds": 0.641}
{"variant": "pilot3", "id": "compound-heldout-1-es", "seconds": 0.687}
{"variant": "pilot3", "id": "compound-heldout-1-en", "seconds": 0.641}
{"variant": "pilot3", "id": "compound-heldout-1-mixed", "seconds": 0.609}
{"variant": "pilot3", "id": "format-heldout-perimeter-es", "seconds": 0.688}
{"variant": "pilot3", "id": "format-heldout-perimeter-en", "seconds": 0.672}
{"variant": "pilot3", "id": "format-heldout-perimeter-mixed", "seconds": 0.89}
{"variant": "pilot3", "id": "format-heldout-pendulum-es", "seconds": 0.813}
{"variant": "pilot3", "id": "format-heldout-pendulum-en", "seconds": 0.594}
{"variant": "pilot3", "id": "format-heldout-pendulum-mixed", "seconds": 1.0}
{"variant": "pilot3", "id": "format-heldout-spacing-es", "seconds": 0.734}
{"variant": "pilot3", "id": "format-heldout-spacing-en", "seconds": 0.656}
{"variant": "pilot3", "id": "format-heldout-spacing-mixed", "seconds": 0.782}
{"variant": "pilot3", "id": "format-heldout-calendar-es", "seconds": 0.578}
{"variant": "pilot3", "id": "format-heldout-calendar-en", "seconds": 0.484}
{"variant": "pilot3", "id": "format-heldout-calendar-mixed", "seconds": 0.688}
{"variant": "pilot3", "id": "previous-t8", "seconds": 0.921}
{"variant": "pilot3", "id": "previous-t9", "seconds": 1.157}
{"variant": "pilot3", "id": "previous-t10", "seconds": 1.25}
{"variant": "pilot3", "id": "previous-t13", "seconds": 1.047}
{"variant": "pilot3", "id": "previous-t14", "seconds": 1.515}
{"variant": "pilot3", "id": "previous-t15", "seconds": 1.016}
{"variant": "pilot3", "id": "previous-t2", "seconds": 0.781}
{"variant": "pilot3", "id": "previous-t4", "seconds": 0.703}
{"variant": "pilot3", "id": "previous-t6", "seconds": 0.719}
{"variant": "pilot3", "elapsedSeconds": 31.74, "gpuPeakMiB": 3521.55859375, "ramPeakMiB": 3248.1953125, "error": null}
