{"stage": "baseline", "text": "no silencies el audio", "expected": [], "answer": {"mode": "action", "question": "", "conversation_kind": "", "effect_operations": ["audio.status"], "response_language": "es"}, "pass": false}
{"stage": "baseline", "text": "no subas el volumen", "expected": [], "answer": {"mode": "action", "question": "", "conversation_kind": "", "effect_operations": ["audio.status"], "response_language": "es"}, "pass": false}
{"stage": "baseline", "text": "Don't mute the audio", "expected": [], "answer": {"mode": "conversation", "question": "", "conversation_kind": "knowledge", "effect_operations": [], "response_language": "es"}, "pass": true}
{"stage": "baseline", "text": "no me digas la hora", "expected": [], "answer": {"mode": "conversation", "question": "", "conversation_kind": "knowledge", "effect_operations": [], "response_language": "es"}, "pass": true}
{"stage": "baseline", "text": "no abras Steam, dime la hora", "expected": ["system.time"], "answer": {"mode": "action", "question": "", "conversation_kind": "", "effect_operations": ["system.time"], "response_language": "es"}, "pass": true}
{"stage": "baseline", "text": "dime la hora, no abras Steam", "expected": ["system.time"], "answer": {"mode": "action", "question": "", "conversation_kind": "", "effect_operations": ["system.time"], "response_language": "es"}, "pass": true}
{"stage": "baseline", "text": "dime la hora y no abras Steam", "expected": ["system.time"], "answer": {"mode": "action", "question": "", "conversation_kind": "", "effect_operations": ["system.time"], "response_language": "es"}, "pass": true}
{"stage": "baseline", "text": "no uses herramientas, dime la hora", "expected": [], "answer": {"mode": "conversation", "question": "", "conversation_kind": "knowledge", "effect_operations": [], "response_language": "es"}, "pass": true}
{"stage": "baseline", "text": "¿No está silenciado el audio?", "expected": ["audio.status"], "answer": {"mode": "action", "question": "", "conversation_kind": "", "effect_operations": ["audio.status"], "response_language": "es"}, "pass": true}
{"stage": "baseline", "text": "está silenciado el audio", "expected": ["audio.status"], "answer": {"mode": "action", "question": "", "conversation_kind": "", "effect_operations": ["audio.status"], "response_language": "es"}, "pass": true}
{"stage": "baseline", "text": "Ponlo a 100 ahora", "expected": ["audio.volume"], "answer": {"mode": "action", "question": "", "conversation_kind": "", "effect_operations": ["audio.volume"], "response_language": "es"}, "pass": true}
{"stage": "baseline", "text": "no me molesta, dime la hora", "expected": ["system.time"], "answer": {"mode": "action", "question": "", "conversation_kind": "", "effect_operations": ["system.time"], "response_language": "es"}, "pass": true}
{"stage": "current_request_policy", "text": "no silencies el audio", "expected": [], "answer": {"mode": "action", "question": "", "conversation_kind": "", "effect_operations": ["audio.status"], "response_language": "es"}, "pass": false}
{"stage": "current_request_policy", "text": "no subas el volumen", "expected": [], "answer": {"mode": "conversation", "question": "", "conversation_kind": "knowledge", "effect_operations": [], "response_language": "es"}, "pass": true}
{"stage": "current_request_policy", "text": "Don't mute the audio", "expected": [], "answer": {"mode": "conversation", "question": "", "conversation_kind": "knowledge", "effect_operations": [], "response_language": "es"}, "pass": true}
{"stage": "current_request_policy", "text": "no me digas la hora", "expected": [], "answer": {"mode": "conversation", "question": "", "conversation_kind": "knowledge", "effect_operations": [], "response_language": "es"}, "pass": true}
{"stage": "current_request_policy", "text": "no abras Steam, dime la hora", "expected": ["system.time"], "answer": {"mode": "action", "question": "", "conversation_kind": "", "effect_operations": ["system.time"], "response_language": "es"}, "pass": true}
{"stage": "current_request_policy", "text": "dime la hora, no abras Steam", "expected": ["system.time"], "answer": {"mode": "action", "question": "", "conversation_kind": "", "effect_operations": ["system.time"], "response_language": "es"}, "pass": true}
{"stage": "current_request_policy", "text": "dime la hora y no abras Steam", "expected": ["system.time"], "answer": {"mode": "action", "question": "", "conversation_kind": "", "effect_operations": ["system.time"], "response_language": "es"}, "pass": true}
{"stage": "current_request_policy", "text": "no uses herramientas, dime la hora", "expected": [], "answer": {"mode": "conversation", "question": "", "conversation_kind": "knowledge", "effect_operations": [], "response_language": "es"}, "pass": true}
{"stage": "current_request_policy", "text": "¿No está silenciado el audio?", "expected": ["audio.status"], "answer": {"mode": "action", "question": "", "conversation_kind": "", "effect_operations": ["audio.status"], "response_language": "es"}, "pass": true}
{"stage": "current_request_policy", "text": "está silenciado el audio", "expected": ["audio.status"], "answer": {"mode": "action", "question": "", "conversation_kind": "", "effect_operations": ["audio.status"], "response_language": "es"}, "pass": true}
{"stage": "current_request_policy", "text": "Ponlo a 100 ahora", "expected": ["audio.volume"], "answer": {"mode": "action", "question": "", "conversation_kind": "", "effect_operations": ["audio.volume"], "response_language": "es"}, "pass": true}
{"stage": "current_request_policy", "text": "no me molesta, dime la hora", "expected": ["system.time"], "answer": {"mode": "action", "question": "", "conversation_kind": "", "effect_operations": ["system.time"], "response_language": "es"}, "pass": true}
{"elapsedSeconds": 17.33, "gpuPeakMiB": 3497.55859375, "ramPeakMiB": 3040.765625, "registrationUnchanged": true}
