{"stage": "constraint_purpose_seed0", "id": "1269e419cb1d85a476aa6d2cb8f953a2efd3516b8a55d2ccd584ad80824adbd6", "text": "don't open chrome", "answer": {"role": "assistant", "content": "I won't open Chrome."}, "error": null}
{"stage": "constraint_purpose_seed0", "id": "6d5181611e6cb1629574a8078f727ab280692359fefb641b6d782e8122820ae3", "text": "no pongas música", "answer": {"role": "assistant", "content": "Entendido, no pondré música."}, "error": null}
{"stage": "constraint_purpose_seed0", "id": "8b12ccc35c38657c75e08a1a9e12e06a6717dcd6cb75bbb38120152f1b77a29e", "text": "nunca cierres spotify", "answer": {"role": "assistant", "content": "Entendido, nunca cierre Spotify."}, "error": null}
{"stage": "constraint_purpose_seed0", "id": "9088683f08ddf001de85ef3726cc3419e849a3eecbcaf9529f3431cf11f2e495", "text": "no cierres spotify", "answer": {"role": "assistant", "content": "Entendido, no cerraré Spotify."}, "error": null}
{"stage": "constraint_purpose_seed0", "id": "98b538ab4675b5ea32ad7f5d5c7d71c722e09d15e99dfb53e9c56a702e746ca6", "text": "no abras el navegador", "answer": {"role": "assistant", "content": "No abriré el navegador."}, "error": null}
{"stage": "constraint_purpose_seed0", "id": "a99de5b8d9f527c295f24920272d969d1608c7506ecdce5239717944b12d90dc", "text": "no bajes el brillo", "answer": {"role": "assistant", "content": "Entendido, no bajaré el brillo."}, "error": null}
{"stage": "constraint_purpose_seed0", "id": "adcfc708d00cf2d8af02b81dc2eb1c94400363dc0241de12f6ea8cc897da012c", "text": "no silencies el audio", "answer": {"role": "assistant", "content": "No silenciaré el audio."}, "error": null}
{"stage": "constraint_purpose_seed0", "id": "b5a155050f4f58891710cc0b02043f466897e297259a9a064f126157ce8dc126", "text": "no subas el volumen", "answer": {"role": "assistant", "content": "Entendido, no subiré el volumen."}, "error": null}
{"stage": "constraint_purpose_seed17", "id": "1269e419cb1d85a476aa6d2cb8f953a2efd3516b8a55d2ccd584ad80824adbd6", "text": "don't open chrome", "answer": {"role": "assistant", "content": "I won't open Chrome."}, "error": null}
{"stage": "constraint_purpose_seed17", "id": "6d5181611e6cb1629574a8078f727ab280692359fefb641b6d782e8122820ae3", "text": "no pongas música", "answer": {"role": "assistant", "content": "Entendido, no pondré música."}, "error": null}
{"stage": "constraint_purpose_seed17", "id": "8b12ccc35c38657c75e08a1a9e12e06a6717dcd6cb75bbb38120152f1b77a29e", "text": "nunca cierres spotify", "answer": {"role": "assistant", "content": "Entendido, nunca cerraré Spotify."}, "error": null}
{"stage": "constraint_purpose_seed17", "id": "9088683f08ddf001de85ef3726cc3419e849a3eecbcaf9529f3431cf11f2e495", "text": "no cierres spotify", "answer": {"role": "assistant", "content": "Entendido, no cerraré Spotify."}, "error": null}
{"stage": "constraint_purpose_seed17", "id": "98b538ab4675b5ea32ad7f5d5c7d71c722e09d15e99dfb53e9c56a702e746ca6", "text": "no abras el navegador", "answer": {"role": "assistant", "content": "No abriré el navegador."}, "error": null}
{"stage": "constraint_purpose_seed17", "id": "a99de5b8d9f527c295f24920272d969d1608c7506ecdce5239717944b12d90dc", "text": "no bajes el brillo", "answer": {"role": "assistant", "content": "Entendido, no bajaré el brillo."}, "error": null}
{"stage": "constraint_purpose_seed17", "id": "adcfc708d00cf2d8af02b81dc2eb1c94400363dc0241de12f6ea8cc897da012c", "text": "no silencies el audio", "answer": {"role": "assistant", "content": "No silenciaré el audio nunca."}, "error": null}
{"stage": "constraint_purpose_seed17", "id": "b5a155050f4f58891710cc0b02043f466897e297259a9a064f126157ce8dc126", "text": "no subas el volumen", "answer": {"role": "assistant", "content": "Entendido, no subiré el volumen."}, "error": null}
{"stage": "constraint_purpose_seed42", "id": "1269e419cb1d85a476aa6d2cb8f953a2efd3516b8a55d2ccd584ad80824adbd6", "text": "don't open chrome", "answer": {"role": "assistant", "content": "I won't open Chrome."}, "error": null}
{"stage": "constraint_purpose_seed42", "id": "6d5181611e6cb1629574a8078f727ab280692359fefb641b6d782e8122820ae3", "text": "no pongas música", "answer": {"role": "assistant", "content": "Entendido, no pondré música."}, "error": null}
{"stage": "constraint_purpose_seed42", "id": "8b12ccc35c38657c75e08a1a9e12e06a6717dcd6cb75bbb38120152f1b77a29e", "text": "nunca cierres spotify", "answer": {"role": "assistant", "content": "Entendido, nunca cierro Spotify."}, "error": null}
{"stage": "constraint_purpose_seed42", "id": "9088683f08ddf001de85ef3726cc3419e849a3eecbcaf9529f3431cf11f2e495", "text": "no cierres spotify", "answer": {"role": "assistant", "content": "Entendido, nunca cierro Spotify."}, "error": null}
{"stage": "constraint_purpose_seed42", "id": "98b538ab4675b5ea32ad7f5d5c7d71c722e09d15e99dfb53e9c56a702e746ca6", "text": "no abras el navegador", "answer": {"role": "assistant", "content": "No abriré el navegador, como tú me has indicado."}, "error": null}
{"stage": "constraint_purpose_seed42", "id": "a99de5b8d9f527c295f24920272d969d1608c7506ecdce5239717944b12d90dc", "text": "no bajes el brillo", "answer": {"role": "assistant", "content": "Entendido, no bajaré el brillo."}, "error": null}
{"stage": "constraint_purpose_seed42", "id": "adcfc708d00cf2d8af02b81dc2eb1c94400363dc0241de12f6ea8cc897da012c", "text": "no silencies el audio", "answer": {"role": "assistant", "content": "No silenciaré el audio, siempre estaré atento a cada sonido."}, "error": null}
{"stage": "constraint_purpose_seed42", "id": "b5a155050f4f58891710cc0b02043f466897e297259a9a064f126157ce8dc126", "text": "no subas el volumen", "answer": {"role": "assistant", "content": "No subiré el volumen."}, "error": null}
{"elapsedSeconds": 7.45, "gpuPeakMiB": 3493.55859375, "ramPeakMiB": 2819.0859375, "registrationUnchanged": true}
