........................................................................ [  5%]
........................................................................ [ 11%]
........................................................................ [ 16%]
........................................................................ [ 22%]
........................................................................ [ 28%]
........................................................................ [ 33%]
........................................................................ [ 39%]
........................................................................ [ 45%]
........................................................................ [ 50%]
........................................................................ [ 56%]
........................................................................ [ 62%]
........................................................................ [ 67%]
........................................................................ [ 73%]
........................................................................ [ 78%]
........................................................................ [ 84%]
............................................................... [ 89%]
............................................................... [ 94%]
............................................................s [ 99%]
.........                                                                [100%]
1275 passed, 1 skipped, 101 subtests passed in 12.31s
