Traceback (most recent call last):
  File "D:\Perfil\Escritorio\ETC\Programacion\BAXY DEFINITIVO\scratchpad\c03-inherit-gemma-base.py", line 6, in <module>
    info=HfApi().model_info(repo,revision=rev,files_metadata=True)
         ^^^^^^^^^^^^^^^^^^^^^^^^^^^^^^^^^^^^^^^^^^^^^^^^^^^^^^^^^
  File "C:\Users\emman\AppData\Local\BAXYRuntime\python\mind-runtime-v1\Lib\site-packages\huggingface_hub\utils\_validators.py", line 88, in _inner_fn
    return fn(*args, **kwargs)
           ^^^^^^^^^^^^^^^^^^^
  File "C:\Users\emman\AppData\Local\BAXYRuntime\python\mind-runtime-v1\Lib\site-packages\huggingface_hub\hf_api.py", line 3309, in model_info
    r = get_session().get(path, headers=headers, timeout=timeout, params=params)
        ^^^^^^^^^^^^^^^^^^^^^^^^^^^^^^^^^^^^^^^^^^^^^^^^^^^^^^^^^^^^^^^^^^^^^^^^
  File "C:\Users\emman\AppData\Local\BAXYRuntime\python\mind-runtime-v1\Lib\site-packages\httpx\_client.py", line 1053, in get
    return self.request(
           ^^^^^^^^^^^^^
  File "C:\Users\emman\AppData\Local\BAXYRuntime\python\mind-runtime-v1\Lib\site-packages\httpx\_client.py", line 825, in request
    return self.send(request, auth=auth, follow_redirects=follow_redirects)
           ^^^^^^^^^^^^^^^^^^^^^^^^^^^^^^^^^^^^^^^^^^^^^^^^^^^^^^^^^^^^^^^^
  File "C:\Users\emman\AppData\Local\BAXYRuntime\python\mind-runtime-v1\Lib\site-packages\httpx\_client.py", line 914, in send
    response = self._send_handling_auth(
               ^^^^^^^^^^^^^^^^^^^^^^^^^
  File "C:\Users\emman\AppData\Local\BAXYRuntime\python\mind-runtime-v1\Lib\site-packages\httpx\_client.py", line 942, in _send_handling_auth
    response = self._send_handling_redirects(
               ^^^^^^^^^^^^^^^^^^^^^^^^^^^^^^
  File "C:\Users\emman\AppData\Local\BAXYRuntime\python\mind-runtime-v1\Lib\site-packages\httpx\_client.py", line 977, in _send_handling_redirects
    hook(request)
  File "C:\Users\emman\AppData\Local\BAXYRuntime\python\mind-runtime-v1\Lib\site-packages\huggingface_hub\utils\_http.py", line 260, in hf_request_event_hook
    raise OfflineModeIsEnabled(
huggingface_hub.errors.OfflineModeIsEnabled: Cannot reach https://huggingface.co/api/models/unsloth/gemma-4-E2B-it-GGUF/revision/0314792d7f1f7e229411f620751375812bb9faf2?blobs=true: offline mode is enabled. To disable it, please unset the `HF_HUB_OFFLINE` environment variable.
