  Determinando los proyectos que se van a restaurar...
  Todos los proyectos están actualizados para la restauración.
  Baxy.Contracts -> D:\Perfil\Escritorio\ETC\Programacion\BAXY DEFINITIVO\src\Baxy.Contracts\bin\Release\net10.0\Baxy.Contracts.dll
  Baxy.Security.Windows -> D:\Perfil\Escritorio\ETC\Programacion\BAXY DEFINITIVO\src\Baxy.Security.Windows\bin\Release\net10.0-windows10.0.19041.0\Baxy.Security.Windows.dll
  Baxy.Kernel -> D:\Perfil\Escritorio\ETC\Programacion\BAXY DEFINITIVO\src\Baxy.Kernel\bin\Release\net10.0\Baxy.Kernel.dll
  Baxy.Providers.Windows -> D:\Perfil\Escritorio\ETC\Programacion\BAXY DEFINITIVO\src\Baxy.Providers.Windows\bin\Release\net10.0-windows10.0.19041.0\Baxy.Providers.Windows.dll
  Baxy.Core -> D:\Perfil\Escritorio\ETC\Programacion\BAXY DEFINITIVO\src\Baxy.Core\bin\Release\net10.0-windows10.0.19041.0\baxy-core.dll
  Baxy.App -> D:\Perfil\Escritorio\ETC\Programacion\BAXY DEFINITIVO\src\Baxy.App\bin\Release\net10.0-windows10.0.19041.0\Baxy.dll
  Baxy.Integration.Tests -> D:\Perfil\Escritorio\ETC\Programacion\BAXY DEFINITIVO\tests\Baxy.Integration.Tests\bin\Release\net10.0-windows10.0.19041.0\Baxy.Integration.Tests.dll
Serie de pruebas para D:\Perfil\Escritorio\ETC\Programacion\BAXY DEFINITIVO\tests\Baxy.Integration.Tests\bin\Release\net10.0-windows10.0.19041.0\Baxy.Integration.Tests.dll (.NETCoreApp,Version=v10.0)
1 archivos de prueba en total coincidieron con el patrón especificado.
  Con error MissionFailureKeepsTheStructuredReasonForTheComposer [88 ms]
  Mensaje de error:
     Assert.That(source["reason"], Is.InstanceOf<JsonObject>())
  Expected: instance of <System.Text.Json.Nodes.JsonObject>
  But was:  <System.Text.Json.Nodes.JsonValueOfElement>

  Seguimiento de la pila:
     at Baxy.Integration.Tests.PlannerAppBoundaryTests.MissionFailureKeepsTheStructuredReasonForTheComposer() in D:\Perfil\Escritorio\ETC\Programacion\BAXY DEFINITIVO\tests\Baxy.Integration.Tests\PlannerAppBoundaryTests.cs:line 388

1)    at Baxy.Integration.Tests.PlannerAppBoundaryTests.<>c__DisplayClass8_0.<MissionFailureKeepsTheStructuredReasonForTheComposer>b__0() in D:\Perfil\Escritorio\ETC\Programacion\BAXY DEFINITIVO\tests\Baxy.Integration.Tests\PlannerAppBoundaryTests.cs:line 390
   at NUnit.Framework.Assert.Multiple(TestDelegate testDelegate)
   at Baxy.Integration.Tests.PlannerAppBoundaryTests.MissionFailureKeepsTheStructuredReasonForTheComposer() in D:\Perfil\Escritorio\ETC\Programacion\BAXY DEFINITIVO\tests\Baxy.Integration.Tests\PlannerAppBoundaryTests.cs:line 388



Con error! - Con error:     1, Superado:     0, Omitido:     0, Total:     1, Duración: 88 ms - Baxy.Integration.Tests.dll (net10.0)
