........................................................................ [  3%]
........................................................................ [  6%]
........................................................................ [  9%]
........................................................................ [ 12%]
........................................................................ [ 15%]
........................................................................ [ 18%]
........................................................................ [ 21%]
........................................................................ [ 24%]
........................................................................ [ 27%]
........................................................................ [ 30%]
........................................................................ [ 33%]
........................................................................ [ 36%]
................F....................................................... [ 39%]
........................................................................ [ 42%]
........................................................................ [ 45%]
........................................................................ [ 48%]
........................................................................ [ 51%]
........................................................................ [ 54%]
........................................................................ [ 57%]
........................................................................ [ 60%]
........................................................................ [ 63%]
........................................................................ [ 66%]
........................................................................ [ 69%]
........................................................................ [ 73%]
........................................................................ [ 76%]
........................................................................ [ 79%]
........................................................................ [ 82%]
........................................................................ [ 85%]
........................................................................ [ 88%]
........................................................................ [ 91%]
........................................................................ [ 94%]
........................................................................ [ 97%]
...............................................................          [100%]
================================== FAILURES ===================================
_ test_nominal_datetime_query_does_not_lose_a_contextual_proposal[\xbfLa hora?] _

text = '¿La hora?'

    @pytest.mark.parametrize(
        "text",
        ["y la fecha?", "la fecha", "¿La hora?", "and the date?", "the time?"],
    )
    def test_nominal_datetime_query_does_not_lose_a_contextual_proposal(text: str) -> None:
>       assert operation_domain_is_grounded(text, "system.time") is True
E       AssertionError: assert False is True
E        +  where False = operation_domain_is_grounded('¿La hora?', 'system.time')

tests\test_effect_intent.py:3828: AssertionError
=========================== short test summary info ===========================
FAILED tests/test_effect_intent.py::test_nominal_datetime_query_does_not_lose_a_contextual_proposal[\xbfLa hora?]
1 failed, 2366 passed in 43.54s
