...........F............................................................ [  2%]
........................................................................ [  5%]
........................................................................ [  8%]
........................................................................ [ 11%]
........................................................................ [ 14%]
........................................................................ [ 17%]
........................................................................ [ 20%]
........................................................................ [ 23%]
........................................................................ [ 26%]
........................................................................ [ 29%]
........................................................................ [ 32%]
........................................................................ [ 35%]
........................................................................ [ 38%]
........................................................................ [ 41%]
........................................................................ [ 44%]
........................................................................ [ 47%]
........................................................................ [ 50%]
........................................................................ [ 53%]
........................................................................ [ 56%]
........................................................................ [ 59%]
........................................................................ [ 62%]
........................................................................ [ 65%]
........................................................................ [ 68%]
........................................................................ [ 70%]
........................................................................ [ 73%]
........................................................................ [ 76%]
........................................................................ [ 79%]
........................................................................ [ 82%]
........................................................................ [ 85%]
........................................................................ [ 88%]
........................................................................ [ 91%]
........................................................................ [ 94%]
........................................................................ [ 97%]
..........................................................               [100%]
================================== FAILURES ===================================
___ test_standalone_prohibition_reuses_action_grammar[no toques el archivo] ___

text = 'no toques el archivo'

    @pytest.mark.parametrize("text", [
        "no subas el volumen", "no silencies el audio", "no bajes el brillo",
        "nunca cierres spotify", "no pongas música", "no abras el navegador",
        "don't open chrome", "do not close this window", "never delete that file",
        "Hola, no me bajes el volumen", "no apagues el PC", "no toques el archivo",
        "no lances otra aplicación", "no muevas esa carpeta",
    ])
    def test_standalone_prohibition_reuses_action_grammar(text: str) -> None:
>       assert explicit_negative_constraint(text)
E       AssertionError: assert False
E        +  where False = explicit_negative_constraint('no toques el archivo')

tests\test_effect_intent.py:39: AssertionError
=========================== short test summary info ===========================
FAILED tests/test_effect_intent.py::test_standalone_prohibition_reuses_action_grammar[no toques el archivo]
1 failed, 2433 passed in 44.37s
