{"variant": "base", "id": "day-night-es", "seconds": 1.203}
{"variant": "base", "id": "day-night-en", "seconds": 1.391}
{"variant": "base", "id": "day-night-mixed", "seconds": 1.625}
{"variant": "base", "id": "heat-metal-es", "seconds": 0.859}
{"variant": "base", "id": "heat-metal-en", "seconds": 1.11}
{"variant": "base", "id": "heat-metal-mixed", "seconds": 1.39}
{"variant": "base", "id": "audio-holdout-0-es", "seconds": 0.266}
{"variant": "base", "id": "audio-holdout-0-en", "seconds": 0.343}
{"variant": "base", "id": "audio-holdout-0-mixed", "seconds": 0.36}
{"variant": "base", "id": "audio-holdout-1-es", "seconds": 0.281}
{"variant": "base", "id": "audio-holdout-1-en", "seconds": 0.328}
{"variant": "base", "id": "audio-holdout-1-mixed", "seconds": 0.391}
{"variant": "base", "id": "previous-t8", "seconds": 1.312}
{"variant": "base", "id": "previous-t9", "seconds": 1.094}
{"variant": "base", "id": "previous-t10", "seconds": 1.234}
{"variant": "base", "id": "previous-t13", "seconds": 0.907}
{"variant": "base", "id": "previous-t14", "seconds": 1.125}
{"variant": "base", "id": "previous-t15", "seconds": 1.218}
{"variant": "base", "id": "previous-t2", "seconds": 0.672}
{"variant": "base", "id": "previous-t4", "seconds": 0.61}
{"variant": "base", "id": "previous-t6", "seconds": 0.562}
{"variant": "base", "elapsedSeconds": 21.77, "gpuPeakMiB": 3497.55859375, "ramPeakMiB": 3079.0703125, "error": null}
{"variant": "pilot_lora", "id": "day-night-es", "seconds": 0.969}
{"variant": "pilot_lora", "id": "day-night-en", "seconds": 0.344}
{"variant": "pilot_lora", "id": "day-night-mixed", "seconds": 0.719}
{"variant": "pilot_lora", "id": "heat-metal-es", "seconds": 0.687}
{"variant": "pilot_lora", "id": "heat-metal-en", "seconds": 0.36}
{"variant": "pilot_lora", "id": "heat-metal-mixed", "seconds": 0.687}
{"variant": "pilot_lora", "id": "audio-holdout-0-es", "seconds": 0.484}
{"variant": "pilot_lora", "id": "audio-holdout-0-en", "seconds": 0.375}
{"variant": "pilot_lora", "id": "audio-holdout-0-mixed", "seconds": 0.438}
{"variant": "pilot_lora", "id": "audio-holdout-1-es", "seconds": 0.406}
{"variant": "pilot_lora", "id": "audio-holdout-1-en", "seconds": 0.375}
{"variant": "pilot_lora", "id": "audio-holdout-1-mixed", "seconds": 0.453}
{"variant": "pilot_lora", "id": "previous-t8", "seconds": 0.766}
{"variant": "pilot_lora", "id": "previous-t9", "seconds": 0.875}
{"variant": "pilot_lora", "id": "previous-t10", "seconds": 0.766}
{"variant": "pilot_lora", "id": "previous-t13", "seconds": 0.812}
{"variant": "pilot_lora", "id": "previous-t14", "seconds": 0.844}
{"variant": "pilot_lora", "id": "previous-t15", "seconds": 0.875}
{"variant": "pilot_lora", "id": "previous-t2", "seconds": 0.687}
{"variant": "pilot_lora", "id": "previous-t4", "seconds": 0.641}
{"variant": "pilot_lora", "id": "previous-t6", "seconds": 0.594}
{"variant": "pilot_lora", "elapsedSeconds": 16.19, "gpuPeakMiB": 3519.55859375, "ramPeakMiB": 3184.6171875, "error": null}
