{"id": 1, "arm": "current", "response": "Veinte y cuatro.", "error": null, "seconds": 0.406}
{"id": 1, "arm": "direct", "response": "\u00a1Diez por ocho! \ud83d\ude04 **80**.", "error": null, "seconds": 0.265}
{"id": 2, "arm": "current", "response": "Ciento setenta y tres.", "error": null, "seconds": 0.297}
{"id": 2, "arm": "direct", "response": "Ciento setenta y tres.", "error": null, "seconds": 0.157}
{"id": 3, "arm": "current", "response": "I calculated: **84**.", "error": null, "seconds": 0.265}
{"id": 3, "arm": "direct", "response": "84.", "error": null, "seconds": 0.11}
{"id": 4, "arm": "current", "response": "DNS caching stores temporary copies of domain names and their corresponding IP addresses to speed up future lookups.", "error": null, "seconds": 0.437}
{"id": 4, "arm": "direct", "response": "DNS caching stores temporarily resolved domain names to speed up future lookups.", "error": null, "seconds": 0.281}
{"id": 5, "arm": "current", "response": "DNS caching is crucial because it significantly speeds up internet access by storing recently queried domain names and their corresponding IP addresses, reducing latency and load times.", "error": null, "seconds": 1.375}
{"id": 5, "arm": "direct", "response": "DNS caching speeds up future lookups by storing previous results locally. Reduces latency for repeated queries (e.g., same website daily). Also helps prevent DNS spoofing attacks by keeping valid records temporarily.", "error": null, "seconds": 0.625}
{"id": 6, "arm": "current", "response": "Un dispositivo que conecta varios dispositivos electr\u00f3nicos en una red para compartir internet y comunicarse entre s\u00ed.", "error": null, "seconds": 0.453}
{"id": 6, "arm": "direct", "response": "Un router es un dispositivo que conecta tu red local (como tu casa) a internet y permite compartir la conexi\u00f3n entre varios dispositivos.", "error": null, "seconds": 0.422}
{"id": 7, "arm": "current", "response": "El router act\u00faa como un puente que conecta tu red local con internet, permitiendo compartir la conexi\u00f3n de datos entre dispositivos y gestionar el tr\u00e1fico de informaci\u00f3n entre ellos.", "error": null, "seconds": 0.625}
{"id": 7, "arm": "direct", "response": "Sirve para conectar tu red local (WiFi, Ethernet) con internet. Te permite compartir conexi\u00f3n, gestionar dispositivos y proteger tu red.", "error": null, "seconds": 0.438}
{"id": 8, "arm": "current", "response": "La latencia de red es clave porque mide el tiempo que tarda la informaci\u00f3n en viajar entre tu dispositivo y el servidor, afectando la fluidez de todo lo que hagas en l\u00ednea, desde juegos hasta videollamadas.", "error": null, "seconds": 0.781}
{"id": 8, "arm": "direct", "response": "Porque afecta tu experiencia en internet: **p\u00e1ginas cargan m\u00e1s lento**, **videollamadas se retrasan**, **juegos pierden fluidez** y hasta **llamadas de voz** suenan distorsionadas.\n\nEn resumen: **m\u00e1s latencia = peor fluidez**.", "error": null, "seconds": 0.938}
{"id": 9, "arm": "current", "response": "El *proxy* se usa principalmente para actuar como intermediario entre el dispositivo y la red, permitiendo ocultar la direcci\u00f3n IP original, mejorar la privacidad, optimizar el acceso a ciertos servicios o incluso equilibrar la carga de tr\u00e1fico en redes complejas.", "error": null, "seconds": 0.875}
{"id": 9, "arm": "direct", "response": "Para **evitar que tu IP sea rastreada** por sitios web, servidores o redes (como redes corporativas o WiFi p\u00fablicos).\n\nEjemplos:\n- **Anonimizar tr\u00e1fico** (ej: evitar bloqueos por geolocalizaci\u00f3n).\n- **Proteger datos sensibles** (ej: evitar miradas no autorizadas en redes p\u00fablicas).\n- **Acceder a contenido restringido** (ej: sitios bloqueados en tu pa\u00eds).\n\n*\u00bfNecesitas ayuda con c\u00f3mo configurarlo?*", "error": null, "seconds": 1.468}
{"id": 10, "arm": "current", "response": "Un checksum es una cifra que se calcula para verificar que un archivo o mensaje no ha sufrido cambios al transmitirse o almacenarse.", "error": null, "seconds": 0.625}
{"id": 10, "arm": "direct", "response": "Un checksum es un c\u00f3digo num\u00e9rico que calcula la suma de los datos para detectar errores en archivos o transmisiones.", "error": null, "seconds": 0.469}
{"id": 11, "arm": "current", "response": "\u00bfQu\u00e9 es la encriptaci\u00f3n? Es como poner un c\u00f3digo secreto a los mensajes para que solo t\u00fa y quien te lo abra puedas entenderlo.", "error": null, "seconds": 0.578}
{"id": 11, "arm": "direct", "response": "\u00a1Claro, amigo! Es cuando **cifras** (como n\u00fameros o s\u00edmbolos) **protegen** la info para que solo t\u00fa y quien tenga la clave puedas leerla.\n\nEjemplo: si env\u00edas un mensaje en clave, solo t\u00fa y el destinatario saben la clave secreta. \u00a1Sin ella, parece un c\u00f3digo raro! \ud83d\udd10", "error": null, "seconds": 1.125}
{"id": 12, "arm": "current", "response": "Una copia de seguridad es una versi\u00f3n guardada de algo importante para recuperarlo despu\u00e9s si se pierde o da\u00f1a.", "error": null, "seconds": 0.578}
{"id": 12, "arm": "direct", "response": "Es una copia de seguridad de tus archivos importantes para protegerlos contra p\u00e9rdida por errores, fallos o robos.", "error": null, "seconds": 0.437}
