{"stage": "json_current", "id": "t3", "text": "cuál es la capital de francia", "answer": {"role": "assistant", "content": "{\n  \"mode\": \"conversation\",\n  \"question\": \"\",\n  \"conversation_kind\": \"knowledge\",\n  \"effect_operations\": [],\n  \"response_language\": \"es\"\n}"}, "error": null}
{"stage": "json_current", "id": "t8", "text": "y la fecha?", "answer": {"role": "assistant", "content": "{\n  \"mode\": \"action\",\n  \"question\": \"\",\n  \"conversation_kind\": \"\",\n  \"effect_operations\": [\n    \"system.time\"\n  ],\n  \"response_language\": \"es\"\n}"}, "error": null}
{"stage": "json_current", "id": "t17", "text": "Ponlo a 100 ahora", "answer": {"role": "assistant", "content": "{\n  \"mode\": \"action\",\n  \"question\": \"\",\n  \"conversation_kind\": \"\",\n  \"effect_operations\": [\n    \"audio.volume.adjust\"\n  ],\n  \"response_language\": \"es\"\n}"}, "error": null}
{"stage": "json_current", "id": "t18", "text": "Hola, quien sos?", "answer": {"role": "assistant", "content": "{\n  \"mode\": \"conversation\",\n  \"question\": \"\",\n  \"conversation_kind\": \"social\",\n  \"effect_operations\": [],\n  \"response_language\": \"es\"\n}"}, "error": null}
{"stage": "json_current", "id": "t20", "text": "no silencies el audio", "answer": {"role": "assistant", "content": "{\n  \"mode\": \"conversation\",\n  \"question\": \"\",\n  \"conversation_kind\": \"knowledge\",\n  \"effect_operations\": [],\n  \"response_language\": \"es\"\n}"}, "error": null}
{"stage": "json_inherited_boundaries", "id": "t3", "text": "cuál es la capital de francia", "answer": {"role": "assistant", "content": "{\n  \"mode\": \"conversation\",\n  \"question\": \"\",\n  \"conversation_kind\": \"knowledge\",\n  \"effect_operations\": [],\n  \"response_language\": \"es\"\n}"}, "error": null}
{"stage": "json_inherited_boundaries", "id": "t8", "text": "y la fecha?", "answer": {"role": "assistant", "content": "{\n  \"mode\": \"action\",\n  \"question\": \"\",\n  \"conversation_kind\": \"\",\n  \"effect_operations\": [\n    \"system.time\"\n  ],\n  \"response_language\": \"es\"\n}"}, "error": null}
{"stage": "json_inherited_boundaries", "id": "t17", "text": "Ponlo a 100 ahora", "answer": {"role": "assistant", "content": "{\n  \"mode\": \"action\",\n  \"question\": \"\",\n  \"conversation_kind\": \"\",\n  \"effect_operations\": [\n    \"audio.volume\"\n  ],\n  \"response_language\": \"es\"\n}"}, "error": null}
{"stage": "json_inherited_boundaries", "id": "t18", "text": "Hola, quien sos?", "answer": {"role": "assistant", "content": "{\n  \"mode\": \"conversation\",\n  \"question\": \"\",\n  \"conversation_kind\": \"social\",\n  \"effect_operations\": [],\n  \"response_language\": \"es\"\n}"}, "error": null}
{"stage": "json_inherited_boundaries", "id": "t20", "text": "no silencies el audio", "answer": {"role": "assistant", "content": "{\n  \"mode\": \"conversation\",\n  \"question\": \"\",\n  \"conversation_kind\": \"knowledge\",\n  \"effect_operations\": [],\n  \"response_language\": \"es\"\n}"}, "error": null}
{"stage": "native_auto", "id": "t3", "text": "cuál es la capital de francia", "answer": {"mode": "conversation", "question": "", "conversation_kind": "knowledge", "effect_operations": [], "response_language": "es"}, "error": null}
{"stage": "native_auto", "id": "t8", "text": "y la fecha?", "answer": {"mode": "conversation", "question": "", "conversation_kind": "knowledge", "effect_operations": [], "response_language": "es"}, "error": null}
{"stage": "native_auto", "id": "t17", "text": "Ponlo a 100 ahora", "answer": {"mode": "action", "question": "", "conversation_kind": "", "effect_operations": ["audio.volume"], "response_language": "es"}, "error": null}
{"stage": "native_auto", "id": "t18", "text": "Hola, quien sos?", "answer": {"mode": "conversation", "question": "", "conversation_kind": "knowledge", "effect_operations": [], "response_language": "es"}, "error": null}
{"stage": "native_auto", "id": "t20", "text": "no silencies el audio", "answer": {"mode": "action", "question": "", "conversation_kind": "", "effect_operations": ["audio.status"], "response_language": "es"}, "error": null}
{"stage": "count_current", "id": "t3", "text": "cuál es la capital de francia", "answer": {"role": "assistant", "content": "{ \"effect_count\": \"one\" }"}, "error": null}
{"stage": "count_current", "id": "t8", "text": "y la fecha?", "answer": {"role": "assistant", "content": "{\n  \"effect_count\": \"one\"\n}"}, "error": null}
{"stage": "count_current", "id": "t17", "text": "Ponlo a 100 ahora", "answer": {"role": "assistant", "content": "{\n  \"effect_count\": \"multiple\"\n}"}, "error": null}
{"stage": "count_current", "id": "t18", "text": "Hola, quien sos?", "answer": {"role": "assistant", "content": "{\n  \"effect_count\": \"one\"\n}"}, "error": null}
{"stage": "count_current", "id": "t20", "text": "no silencies el audio", "answer": {"role": "assistant", "content": "{\n  \"effect_count\": \"one\"\n}"}, "error": null}
{"stage": "count_dialogue", "id": "t3", "text": "cuál es la capital de francia", "answer": {"role": "assistant", "content": "{\"effect_count\": \"one\"}"}, "error": null}
{"stage": "count_dialogue", "id": "t8", "text": "y la fecha?", "answer": {"role": "assistant", "content": "{\"effect_count\": \"one\"}"}, "error": null}
{"stage": "count_dialogue", "id": "t17", "text": "Ponlo a 100 ahora", "answer": {"role": "assistant", "content": "{\"effect_count\": \"one\"}"}, "error": null}
{"stage": "count_dialogue", "id": "t18", "text": "Hola, quien sos?", "answer": {"role": "assistant", "content": "{\n  \"effect_count\": \"one\"\n}"}, "error": null}
{"stage": "count_dialogue", "id": "t20", "text": "no silencies el audio", "answer": {"role": "assistant", "content": "{\n  \"effect_count\": \"multiple\"\n}"}, "error": null}
{"stage": "count_scoped_context", "id": "t3", "text": "cuál es la capital de francia", "answer": {"role": "assistant", "content": "{ \"effect_count\": \"one\" }"}, "error": null}
{"stage": "count_scoped_context", "id": "t8", "text": "y la fecha?", "answer": {"role": "assistant", "content": "{ \"effect_count\": \"one\" }"}, "error": null}
{"stage": "count_scoped_context", "id": "t17", "text": "Ponlo a 100 ahora", "answer": {"role": "assistant", "content": "{ \"effect_count\": \"one\" }"}, "error": null}
{"stage": "count_scoped_context", "id": "t18", "text": "Hola, quien sos?", "answer": {"role": "assistant", "content": "{ \"effect_count\": \"one\" }"}, "error": null}
{"stage": "count_scoped_context", "id": "t20", "text": "no silencies el audio", "answer": {"role": "assistant", "content": "{ \"effect_count\": \"one\" }"}, "error": null}
{"elapsedSeconds": 28.56, "gpuPeakMiB": 3497.55859375, "ramPeakMiB": 4394.015625, "registrationUnchanged": true}
