{"stage": "bare", "case": "t7", "seconds": 0.375, "error": null}
{"stage": "bare", "case": "t8", "seconds": 4.078, "error": null}
{"stage": "bare", "case": "t9", "seconds": 0.329, "error": null}
{"stage": "bare", "case": "t10", "seconds": 4.5, "error": null}
{"stage": "bare", "case": "t12", "seconds": 0.171, "error": null}
{"stage": "bare", "case": "t13", "seconds": 0.61, "error": null}
{"stage": "bare", "case": "t14", "seconds": 4.031, "error": null}
{"stage": "bare", "case": "t15", "seconds": 2.719, "error": null}
{"stage": "bare", "case": "dictionary-es", "seconds": 4.078, "error": null}
{"stage": "identity", "case": "t7", "seconds": 0.734, "error": null}
{"stage": "identity", "case": "t8", "seconds": 5.532, "error": null}
{"stage": "identity", "case": "t9", "seconds": 1.687, "error": null}
{"stage": "identity", "case": "t10", "seconds": 5.688, "error": null}
{"stage": "identity", "case": "t12", "seconds": 0.218, "error": null}
{"stage": "identity", "case": "t13", "seconds": 0.625, "error": null}
{"stage": "identity", "case": "t14", "seconds": 4.032, "error": null}
{"stage": "identity", "case": "t15", "seconds": 4.25, "error": null}
{"stage": "identity", "case": "dictionary-es", "seconds": 4.187, "error": null}
{"stage": "system", "case": "t7", "seconds": 0.297, "error": null}
{"stage": "system", "case": "t8", "seconds": 2.25, "error": null}
{"stage": "system", "case": "t9", "seconds": 1.375, "error": null}
{"stage": "system", "case": "t10", "seconds": 1.766, "error": null}
{"stage": "system", "case": "t12", "seconds": 0.234, "error": null}
{"stage": "system", "case": "t13", "seconds": 0.75, "error": null}
{"stage": "system", "case": "t14", "seconds": 1.516, "error": null}
{"stage": "system", "case": "t15", "seconds": 1.968, "error": null}
{"stage": "system", "case": "dictionary-es", "seconds": 1.094, "error": null}
{"stage": "policies", "case": "t7", "seconds": 0.375, "error": null}
{"stage": "policies", "case": "t8", "seconds": 1.672, "error": null}
{"stage": "policies", "case": "t9", "seconds": 0.25, "error": null}
{"stage": "policies", "case": "t10", "seconds": 1.828, "error": null}
{"stage": "policies", "case": "t12", "seconds": 0.297, "error": null}
{"stage": "policies", "case": "t13", "seconds": 0.906, "error": null}
{"stage": "policies", "case": "t14", "seconds": 1.328, "error": null}
{"stage": "policies", "case": "t15", "seconds": 2.141, "error": null}
{"stage": "policies", "case": "dictionary-es", "seconds": 1.0, "error": null}
{"stage": "history", "case": "t7", "seconds": 0.469, "error": null}
{"stage": "history", "case": "t8", "seconds": 0.953, "error": null}
{"stage": "history", "case": "t9", "seconds": 0.89, "error": null}
{"stage": "history", "case": "t10", "seconds": 0.641, "error": null}
{"stage": "history", "case": "t12", "seconds": 0.438, "error": null}
{"stage": "history", "case": "t13", "seconds": 0.671, "error": null}
{"stage": "history", "case": "t14", "seconds": 1.047, "error": null}
{"stage": "history", "case": "t15", "seconds": 0.813, "error": null}
{"stage": "history", "case": "dictionary-es", "seconds": 1.765, "error": null}
{"stage": "budget", "case": "t7", "seconds": 0.5, "error": null}
{"stage": "budget", "case": "t8", "seconds": 0.969, "error": null}
{"stage": "budget", "case": "t9", "seconds": 0.938, "error": null}
{"stage": "budget", "case": "t10", "seconds": 0.687, "error": null}
{"stage": "budget", "case": "t12", "seconds": 0.453, "error": null}
{"stage": "budget", "case": "t13", "seconds": 0.688, "error": null}
{"stage": "budget", "case": "t14", "seconds": 1.047, "error": null}
{"stage": "budget", "case": "t15", "seconds": 0.843, "error": null}
{"stage": "budget", "case": "dictionary-es", "seconds": 1.797, "error": null}
{"stage": "routed", "case": "t7", "seconds": 0.532, "error": null}
{"stage": "routed", "case": "t8", "seconds": 1.015, "error": null}
{"stage": "routed", "case": "t9", "seconds": 0.891, "error": null}
{"stage": "routed", "case": "t10", "seconds": 0.672, "error": null}
{"stage": "routed", "case": "t12", "seconds": 0.437, "error": null}
{"stage": "routed", "case": "t13", "seconds": 0.703, "error": null}
{"stage": "routed", "case": "t14", "seconds": 1.047, "error": null}
{"stage": "routed", "case": "t15", "seconds": 0.797, "error": null}
{"stage": "routed", "case": "dictionary-es", "seconds": 1.75, "error": null}
{"stage": "guarded", "case": "t7", "seconds": 0.5, "error": null}
{"stage": "guarded", "case": "t8", "seconds": 0.984, "error": null}
{"stage": "guarded", "case": "t9", "seconds": 0.907, "error": null}
{"stage": "guarded", "case": "t10", "seconds": 0.687, "error": null}
{"stage": "guarded", "case": "t12", "seconds": 0.453, "error": null}
{"stage": "guarded", "case": "t13", "seconds": 0.688, "error": null}
{"stage": "guarded", "case": "t14", "seconds": 1.031, "error": null}
{"stage": "guarded", "case": "t15", "seconds": 0.781, "error": null}
{"stage": "guarded", "case": "dictionary-es", "seconds": 1.703, "error": null}
{"seconds": 102.67, "gpuPeakMiB": 2687.5546875, "ramPeakMiB": 2736.5390625, "error": null, "registrationUnchanged": true}
