{"id": "t1", "request": "hola buenas", "injection": "none", "terminal": "published_final", "answer": "Hola, ¿qué tal? Bienvenido.", "visible": ["Hola, ¿qué tal? Bienvenido."]}
{"id": "t2", "request": "Hello?", "injection": "none", "terminal": "published_final", "answer": "Hey, what's up?", "visible": ["Hey, what's up?"]}
{"id": "t3", "request": "cuál es la capital de francia", "injection": "none", "terminal": "published_final", "answer": "París", "visible": ["París"]}
{"id": "t4", "request": "El agua es h2o?", "injection": "none", "terminal": "published_final", "answer": "Sí, el agua está compuesta por dos átomos de hidrógeno y uno de oxígeno, H₂O.", "visible": ["Sí, el agua está compuesta por dos átomos de hidrógeno y uno de oxígeno, H₂O."]}
{"id": "t5", "request": "El aire es h20?", "injection": "none", "terminal": "published_final", "answer": "No, el aire no es H₂O. El aire es una mezcla de gases, principalmente nitrógeno y oxígeno, mientras que H₂O es agua.", "visible": ["No, el aire no es H₂O. El aire es una mezcla de gases, principalmente nitrógeno y oxígeno, mientras que H₂O es agua."]}
{"id": "t6", "request": "ahora explicame que es Steam", "injection": "none", "terminal": "published_final", "answer": "Steam es una plataforma de gaming y servicios digitales desarrollada por Valve. Permite jugar a juegos en línea, comprar y descargar contenido, y también ofrece servicios como almacenamiento de juegos, streaming de contenido y acceso a aplicaciones como Steam Workshop.", "visible": ["Steam es una plataforma de gaming y servicios digitales desarrollada por Valve. Permite jugar a juegos en línea, comprar y descargar contenido, y también ofrece servicios como almacenamiento de juegos, streaming de contenido y acceso a aplicaciones como Steam Workshop."]}
{"id": "t7", "request": "Dime que hora es", "injection": "none", "terminal": "published_final", "answer": "Son las 19 horas y 18 minutos.", "visible": ["Son las 19 horas y 18 minutos."]}
{"id": "t8", "request": "y la fecha?", "injection": "none", "terminal": "published_final", "answer": "Hoy es el 6 de septiembre de 2026.", "visible": ["Hoy es el 6 de septiembre de 2026."]}
{"id": "t9", "request": "what time is it?", "injection": "none", "terminal": "published_final", "answer": "It's 19:18.", "visible": ["It's 19:18."]}
{"id": "t10", "request": "Que gpu tengo?", "injection": "none", "terminal": "published_final", "answer": "Tengo una GPU NVIDIA GeForce RTX 3060 en el portátil.", "visible": ["Tengo una GPU NVIDIA GeForce RTX 3060 en el portátil."]}
{"id": "t11", "request": "no subas el volumen", "injection": "none", "terminal": "published_final", "answer": "No subiré el volumen.", "visible": ["No subiré el volumen."]}
{"id": "t12", "request": "pon el volumen del PC al 35%", "injection": "none", "terminal": "published_final", "answer": "Puse el volumen del PC al 35%. El sonido no está silenciado.", "visible": ["Puse el volumen del PC al 35%. El sonido no está silenciado."]}
{"id": "t13", "request": "mostrame el volumen", "injection": "none", "terminal": "published_final", "answer": "El volumen está en 35 y el sonido no está silenciado.", "visible": ["El volumen está en 35 y el sonido no está silenciado."]}
{"id": "t14", "request": "está silenciado el audio", "injection": "none", "terminal": "published_final", "answer": "El volumen está en 35 y el sonido no está silenciado.", "visible": ["El volumen está en 35 y el sonido no está silenciado."]}
{"id": "t15", "request": "turn up the volume", "injection": "none", "terminal": "published_final", "answer": "By how much should I increase the volume?", "visible": ["By how much should I increase the volume?"]}
{"id": "t16", "request": "decime cuánto volumen hay", "injection": "none", "terminal": "published_final", "answer": "El volumen es de 35. El sonido no está silenciado.", "visible": ["El volumen es de 35. El sonido no está silenciado."]}
{"id": "t17", "request": "Ponlo a 100 ahora", "injection": "none", "terminal": "published_final", "answer": "El volumen se puso a 100. El sonido no está silenciado.", "visible": ["El volumen se puso a 100. El sonido no está silenciado."]}
{"id": "t18", "request": "Hola, quien sos?", "injection": "none", "terminal": "published_final", "answer": "Soy BAXY, el compañero del PC. ¿Cómo estás?", "visible": ["Soy BAXY, el compañero del PC. ¿Cómo estás?"]}
{"id": "t19", "request": "Dime qué dispositivo de audio está activo", "injection": "none", "terminal": "published_final", "answer": "¿Estás preguntando por el dispositivo de audio actual en el sistema o por el que está configurado como predeterminado?", "visible": ["¿Estás preguntando por el dispositivo de audio actual en el sistema o por el que está configurado como predeterminado?"]}
{"id": "t20", "request": "no silencies el audio", "injection": "none", "terminal": "published_final", "answer": "No silenciaré el audio nunca.", "visible": ["No silenciaré el audio nunca."]}
{"id": "t21", "request": "pon el volumen al 100", "injection": "none", "terminal": "published_final", "answer": "El volumen ya está en el 100%.", "visible": ["El volumen ya está en el 100%."]}
{"id": "t22", "request": "mostrame el volumen", "injection": "none", "terminal": "published_final", "answer": "El volumen está en 100 y el sonido no está silenciado.", "visible": ["El volumen está en 100 y el sonido no está silenciado."]}
