{"variant": "half_scale", "id": "day-night-es", "seconds": 1.125}
{"variant": "half_scale", "id": "day-night-en", "seconds": 0.719}
{"variant": "half_scale", "id": "day-night-mixed", "seconds": 1.0}
{"variant": "half_scale", "id": "heat-metal-es", "seconds": 1.016}
{"variant": "half_scale", "id": "heat-metal-en", "seconds": 1.047}
{"variant": "half_scale", "id": "heat-metal-mixed", "seconds": 0.625}
{"variant": "half_scale", "id": "audio-holdout-0-es", "seconds": 0.391}
{"variant": "half_scale", "id": "audio-holdout-0-en", "seconds": 0.359}
{"variant": "half_scale", "id": "audio-holdout-0-mixed", "seconds": 0.406}
{"variant": "half_scale", "id": "audio-holdout-1-es", "seconds": 0.406}
{"variant": "half_scale", "id": "audio-holdout-1-en", "seconds": 0.344}
{"variant": "half_scale", "id": "audio-holdout-1-mixed", "seconds": 0.406}
{"variant": "half_scale", "id": "compound-heldout-0-es", "seconds": 0.657}
{"variant": "half_scale", "id": "compound-heldout-0-en", "seconds": 0.593}
{"variant": "half_scale", "id": "compound-heldout-0-mixed", "seconds": 0.563}
{"variant": "half_scale", "id": "compound-heldout-1-es", "seconds": 0.656}
{"variant": "half_scale", "id": "compound-heldout-1-en", "seconds": 0.61}
{"variant": "half_scale", "id": "compound-heldout-1-mixed", "seconds": 0.64}
{"variant": "half_scale", "id": "previous-t8", "seconds": 0.719}
{"variant": "half_scale", "id": "previous-t9", "seconds": 1.016}
{"variant": "half_scale", "id": "previous-t10", "seconds": 0.843}
{"variant": "half_scale", "id": "previous-t13", "seconds": 0.907}
{"variant": "half_scale", "id": "previous-t14", "seconds": 1.156}
{"variant": "half_scale", "id": "previous-t15", "seconds": 1.203}
{"variant": "half_scale", "id": "previous-t2", "seconds": 0.641}
{"variant": "half_scale", "id": "previous-t4", "seconds": 0.593}
{"variant": "half_scale", "id": "previous-t6", "seconds": 0.578}
{"variant": "half_scale", "elapsedSeconds": 22.41, "gpuPeakMiB": 3519.55859375, "ramPeakMiB": 3247.33984375, "error": null}
