{"id": "t1", "request": "hola buenas", "injection": "none", "terminal": "published_final", "answer": "Hola, ¿qué tal? Bienvenido.", "visible": ["Hola, ¿qué tal? Bienvenido."]}
{"id": "t2", "request": "Hello?", "injection": "none", "terminal": "published_final", "answer": "Hey, what's up?", "visible": ["Hey, what's up?"]}
{"id": "t3", "request": "cuál es la capital de francia", "injection": "none", "terminal": "published_final", "answer": "París", "visible": ["París"]}
{"id": "t4", "request": "El agua es h2o?", "injection": "none", "terminal": "published_final", "answer": "Sí, el agua está compuesta por dos átomos de hidrógeno y uno de oxígeno, H₂O.", "visible": ["Sí, el agua está compuesta por dos átomos de hidrógeno y uno de oxígeno, H₂O."]}
{"id": "t5", "request": "El aire es h20?", "injection": "none", "terminal": "published_final", "answer": "No, el aire no es H₂O. El aire es una mezcla de gases, principalmente nitrógeno (N₂) y oxígeno (O₂), y no contiene H₂O en forma pura. El H₂O es agua.", "visible": ["No, el aire no es H₂O. El aire es una mezcla de gases, principalmente nitrógeno (N₂) y oxígeno (O₂), y no contiene H₂O en forma pura. El H₂O es agua."]}
{"id": "t6", "request": "ahora explicame que es Steam", "injection": "none", "terminal": "published_final", "answer": "Steam es una plataforma de distribución y comercio de juegos online, creada por Valve, donde puedes comprar, descargar, jugar y gestionar juegos, así como acceder a contenido adicional como mods, música y aplicaciones.", "visible": ["Steam es una plataforma de distribución y comercio de juegos online, creada por Valve, donde puedes comprar, descargar, jugar y gestionar juegos, así como acceder a contenido adicional como mods, música y aplicaciones."]}
{"id": "t7", "request": "Dime que hora es", "injection": "none", "terminal": "published_final", "answer": "Son las 21:45.", "visible": ["Son las 21:45."]}
{"id": "t8", "request": "y la fecha?", "injection": "none", "terminal": "published_final", "answer": "Hoy es el 6 de septiembre de 2026.", "visible": ["Hoy es el 6 de septiembre de 2026."]}
{"id": "t9", "request": "what time is it?", "injection": "none", "terminal": "published_final", "answer": "It is 21:45.", "visible": ["It is 21:45."]}
{"id": "t10", "request": "Que gpu tengo?", "injection": "none", "terminal": "published_final", "answer": "Tengo una GPU NVIDIA GeForce RTX 3060 en el portátil.", "visible": ["Tengo una GPU NVIDIA GeForce RTX 3060 en el portátil."]}
{"id": "t11", "request": "no subas el volumen", "injection": "none", "terminal": "published_final", "answer": "No subiré el volumen.", "visible": ["No subiré el volumen."]}
{"id": "t12", "request": "pon el volumen del PC al 35%", "injection": "none", "terminal": "published_final", "answer": "Puse el volumen del PC al 35%. El sonido no está silenciado.", "visible": ["Puse el volumen del PC al 35%. El sonido no está silenciado."]}
{"id": "t13", "request": "mostrame el volumen", "injection": "none", "terminal": "published_final", "answer": "El volumen de los altavoces (Realtek(R) Audio) es 35 y no está silenciado.", "visible": ["El volumen de los altavoces (Realtek(R) Audio) es 35 y no está silenciado."]}
{"id": "t14", "request": "está silenciado el audio", "injection": "none", "terminal": "published_final", "answer": "El volumen está en 35 y el audio no está silenciado.", "visible": ["El volumen está en 35 y el audio no está silenciado."]}
{"id": "t15", "request": "turn up the volume", "injection": "none", "terminal": "published_final", "answer": "By how much should I increase the volume?", "visible": ["By how much should I increase the volume?"]}
{"id": "t16", "request": "decime cuánto volumen hay", "injection": "none", "terminal": "published_final", "answer": "El volumen es de 35. El sonido no está silenciado.", "visible": ["El volumen es de 35. El sonido no está silenciado."]}
{"id": "t17", "request": "Ponlo a 100 ahora", "injection": "none", "terminal": "published_final", "answer": "El volumen se puso a 100. El sonido no está silenciado.", "visible": ["El volumen se puso a 100. El sonido no está silenciado."]}
{"id": "t18", "request": "Hola, quien sos?", "injection": "none", "terminal": "published_final", "answer": "Soy BAXY, el compañero de emman en REDNOTE.", "visible": ["Soy BAXY, el compañero de emman en REDNOTE."]}
{"id": "t19", "request": "Dime qué dispositivo de audio está activo", "injection": "none", "terminal": "published_final", "answer": "El dispositivo de audio activo es los altavoces (Realtek(R) Audio). El volumen está en 100 y el sonido no está silenciado.", "visible": ["El dispositivo de audio activo es los altavoces (Realtek(R) Audio). El volumen está en 100 y el sonido no está silenciado."]}
{"id": "t20", "request": "no silencies el audio", "injection": "none", "terminal": "published_final", "answer": "No pude interpretar correctamente la solicitud.", "visible": ["No pude interpretar correctamente la solicitud."]}
{"id": "t21", "request": "pon el volumen al 100", "injection": "none", "terminal": "published_final", "answer": "El volumen ya está en el 100%.", "visible": ["El volumen ya está en el 100%."]}
{"id": "t22", "request": "mostrame el volumen", "injection": "none", "terminal": "published_final", "answer": "El volumen de los altavoces (Realtek(R) Audio) está en 100 y no está silenciado.", "visible": ["El volumen de los altavoces (Realtek(R) Audio) está en 100 y no está silenciado."]}
