  % Total    % Received % Xferd  Average Speed  Time    Time    Time   Current
                                 Dload  Upload  Total   Spent   Left   Speed

  0      0   0      0   0      0      0      0                              0
100   1026 100   1026   0      0   2401      0                              0
100   1026 100   1026   0      0   2400      0                              0

  0      0   0      0   0      0      0      0                              0
  0  2.08G   0 241.6k   0      0 131.2k      0 4:38:16   00:01 4:38:15 241.7k
  0  2.08G   0 19.25M   0      0  6.78M      0   05:15   00:02   05:13  9.63M
  2  2.08G   2 44.39M   0      0 11.27M      0   03:09   00:03   03:06 14.33M
  4  2.08G   4 104.7M   0      0 21.21M      0   01:40   00:04   01:36 25.57M
  7  2.08G   7 155.8M   0      0 26.21M      0   01:21   00:05   01:16 30.54M
  9  2.08G   9 199.6M   0      0 28.74M      0   01:14   00:06   01:08 39.07M
 10  2.08G  10 222.8M   0      0 28.03M      0   01:16   00:07   01:09 39.85M
 12  2.08G  12 260.1M   0      0 29.06M      0   01:13   00:08   01:05 43.05M
 13  2.08G  13 297.4M   0      0 29.88M      0   01:11   00:09   01:02 38.42M
 15  2.08G  15 327.9M   0      0 29.93M      0   01:11   00:10   01:01 34.35M
 16  2.08G  16 356.8M   0      0 29.85M      0   01:11   00:11   01:00 31.39M
 18  2.08G  18 393.7M   0      0 30.14M      0   01:10   00:13   00:57 33.42M
 20  2.08G  20 441.5M   0      0 31.20M      0   01:08   00:14   00:54 34.89M
 22  2.08G  22 490.6M   0      0 32.38M      0   01:06   00:15   00:51 37.17M
 24  2.08G  24 520.8M   0      0 32.24M      0   01:06   00:16   00:50 37.10M
 25  2.08G  25 551.6M   0      0 32.16M      0   01:06   00:17   00:49 37.46M
 27  2.08G  27 592.3M   0      0 32.63M      0   01:05   00:18   00:47 39.01M
 29  2.08G  29 621.9M   0      0 32.47M      0   01:05   00:19   00:46 36.06M
 30  2.08G  30 646.6M   0      0 32.09M      0   01:06   00:20   00:46 31.20M
 32  2.08G  32 696.3M   0      0 32.82M      0   01:05   00:21   00:44 34.65M
 34  2.08G  34 740.8M   0      0 33.34M      0   01:04   00:22   00:42 37.33M
 36  2.08G  36 781.9M   0      0 33.67M      0   01:03   00:23   00:40 37.40M
 38  2.08G  38 818.9M   0      0 33.81M      0   01:03   00:24   00:39 38.84M
 39  2.08G  39 854.4M   0      0 33.87M      0   01:03   00:25   00:38 40.95M
 41  2.08G  41 888.8M   0      0 33.89M      0   01:03   00:26   00:37 38.47M
 43  2.08G  43 921.8M   0      0 33.86M      0   01:03   00:27   00:36 36.17M
 44  2.08G  44 956.0M   0      0 33.87M      0   01:03   00:28   00:35 34.80M
 46  2.08G  46 992.0M   0      0 33.82M      0   01:03   00:29   00:34 33.88M
 47  2.08G  47  0.99G   0      0 33.69M      0   01:03   00:30   00:33 32.83M
 48  2.08G  48  1.01G   0      0 33.23M      0   01:04   00:31   00:33 29.85M
 50  2.08G  50  1.05G   0      0 33.31M      0   01:04   00:32   00:32 30.47M
 52  2.08G  52  1.09G   0      0 33.35M      0   01:04   00:33   00:31 30.55M
 53  2.08G  53  1.12G   0      0 33.26M      0   01:04   00:34   00:30 30.10M
 54  2.08G  54  1.13G   0      0 32.70M      0   01:05   00:35   00:30 27.00M
 56  2.08G  56  1.19G   0      0 33.27M      0   01:04   00:36   00:28 33.48M
 58  2.08G  58  1.22G   0      0 33.27M      0   01:04   00:37   00:27 32.99M
 60  2.08G  60  1.25G   0      0 33.23M      0   01:04   00:38   00:26 32.49M
 62  2.08G  62  1.29G   0      0 33.52M      0   01:03   00:39   00:24 35.23M
 63  2.08G  63  1.33G   0      0 33.53M      0   01:03   00:40   00:23 39.32M
 65  2.08G  65  1.36G   0      0 33.35M      0   01:04   00:41   00:23 33.95M
 66  2.08G  66  1.38G   0      0 33.09M      0   01:04   00:42   00:22 31.81M
 67  2.08G  67  1.40G   0      0 32.90M      0   01:05   00:43   00:22 30.39M
 69  2.08G  69  1.45G   0      0 33.24M      0   01:04   00:44   00:20 31.10M
 71  2.08G  71  1.48G   0      0 33.18M      0   01:04   00:45   00:19 30.46M
 73  2.08G  73  1.52G   0      0 33.35M      0   01:04   00:46   00:18 33.31M
 77  2.08G  77  1.62G   0      0 34.58M      0   01:01   00:48   00:13 46.83M
 78  2.08G  78  1.64G   0      0 34.33M      0   01:02   00:49   00:13 46.38M
 79  2.08G  79  1.66G   0      0 34.00M      0   01:02   00:50   00:12 40.57M
 80  2.08G  80  1.68G   0      0 33.71M      0   01:03   00:51   00:12 38.51M
 83  2.08G  83  1.74G   0      0 34.30M      0   01:02   00:52   00:10 43.00M
 86  2.08G  86  1.80G   0      0 34.91M      0   01:01   00:53   00:08 38.05M
 87  2.08G  87  1.83G   0      0 34.77M      0   01:01   00:54   00:07 39.06M
 89  2.08G  89  1.86G   0      0 34.73M      0   01:01   00:55   00:06 42.01M
 91  2.08G  91  1.90G   0      0 34.84M      0   01:01   00:56   00:05 46.38M
 93  2.08G  93  1.95G   0      0 35.13M      0   01:00   00:57   00:03 43.88M
 95  2.08G  95  1.99G   0      0 35.20M      0   01:00   00:58   00:02 38.30M
 98  2.08G  98  2.05G   0      0 35.53M      0   01:00   00:59   00:01 43.71M
100  2.08G 100  2.08G   0      0 35.77M      0   00:59   00:59         43.71M
100  2.08G 100  2.08G   0      0 35.77M      0   00:59   00:59         43.71M
100  2.08G 100  2.08G   0      0 35.77M      0   00:59   00:59         43.71M
