{"id": "t1", "request": "¿Qué hora es?", "injection": "none", "terminal": "composition_failed", "answer": "composition_failed", "visible": []}
{"id": "t2", "request": "Dime la hora y el estado del audio.", "injection": "none", "terminal": "published_final", "answer": "La hora local es 16:09. El audio está desactivado de muteo y el nivel de volumen es 100.", "visible": ["La hora local es 16:09. El audio está desactivado de muteo y el nivel de volumen es 100."]}
{"id": "t3", "request": "What time is it?", "injection": "none", "terminal": "published_final", "answer": "It's 16:09.", "visible": ["It's 16:09."]}
{"id": "t4", "request": "Tell me the time and the volume.", "injection": "none", "terminal": "published_final", "answer": "The local clock is 16:09. The volume level is 100. The audio is not muted.", "visible": ["The local clock is 16:09. The volume level is 100. The audio is not muted."]}
{"id": "t5", "request": "Dime la hora, please, en spanglish", "injection": "none", "terminal": "composition_failed", "answer": "composition_failed", "visible": []}
{"id": "t6", "request": "What time is it y cómo está el audio?", "injection": "none", "terminal": "published_final", "answer": "Es 16:09. El audio está activo y el volumen está en 100.", "visible": ["Es 16:09. El audio está activo y el volumen está en 100."]}
{"id": "t7", "request": "Hey, buenas", "injection": "none", "terminal": "published_final", "answer": "¡Hola! Bienvenido. ¿Cómo estás?", "visible": ["¡Hola! Bienvenido. ¿Cómo estás?"]}
{"id": "t8", "request": "Explain encryption, pero en simple", "injection": "none", "terminal": "published_final", "answer": "Encryption es como poner un código a la información para que solo las personas con la clave puedan leerla. Es como cerrar un mensaje en una caja con un candado: si no tienes la llave, no puedes abrirlo. Así se protege la privacidad de los datos.", "visible": ["Encryption es como poner un código a la información para que solo las personas con la clave puedan leerla. Es como cerrar un mensaje en una caja con un candado: si no tienes la llave, no puedes abrirlo. Así se protege la privacidad de los datos."]}
{"id": "t9", "request": "responde en spanglish: qué es una copia de seguridad", "injection": "none", "terminal": "published_final", "answer": "Una copia de seguridad es como tener una copia del archivo o datos en otro lugar, para que si se pierden o se dañan, puedas recuperarlos fácilmente. Es como tener un backup del libro en otro lugar si lo pierdes.", "visible": ["Una copia de seguridad es como tener una copia del archivo o datos en otro lugar, para que si se pierden o se dañan, puedas recuperarlos fácilmente. Es como tener un backup del libro en otro lugar si lo pierdes."]}
{"id": "t10", "request": "Explain gravity, pero sin tecnicismos", "injection": "none", "terminal": "published_final", "answer": "Gravity es esa fuerza que mantiene todo lo que está en la Tierra pegado al suelo. Es como si todo lo que tienes en tus manos, como un libro o un lápiz, tuviera un hilo invisible que lo mantiene allí. Sin esa fuerza, todo se iría volando.", "visible": ["Gravity es esa fuerza que mantiene todo lo que está en la Tierra pegado al suelo. Es como si todo lo que tienes en tus manos, como un libro o un lápiz, tuviera un hilo invisible que lo mantiene allí. Sin esa fuerza, todo se iría volando."]}
{"id": "t11", "request": "no abras Paint", "injection": "none", "terminal": "published_final", "answer": "No abriré Paint.", "visible": ["No abriré Paint."]}
{"id": "t12", "request": "what is the capital of Peru", "injection": "none", "terminal": "published_final", "answer": "Lima", "visible": ["Lima"]}
{"id": "t13", "request": "Explain photosynthesis in two sentences.", "injection": "none", "terminal": "published_final", "answer": "Photosynthesis is when plants use sunlight to convert carbon dioxide and water into glucose and oxygen. It's like nature's way of making food and releasing fresh air.", "visible": ["Photosynthesis is when plants use sunlight to convert carbon dioxide and water into glucose and oxygen. It's like nature's way of making food and releasing fresh air."]}
{"id": "t14", "request": "Explícame por qué el hielo flota.", "injection": "none", "terminal": "published_final", "answer": "El hielo flota porque es menos denso que el agua líquida. Cuando el agua se congela, sus moléculas se alejan y ocupan más espacio, así que el hielo pesa menos por volumen y flota.", "visible": ["El hielo flota porque es menos denso que el agua líquida. Cuando el agua se congela, sus moléculas se alejan y ocupan más espacio, así que el hielo pesa menos por volumen y flota."]}
{"id": "t15", "request": "¿Qué diferencia hay entre un archivo y una carpeta? Reply in Spanglish.", "injection": "none", "terminal": "published_final", "answer": "Un archivo es un archivo de datos, como un documento o una imagen, mientras que una carpeta es como una caja donde puedes guardar varios archivos.", "visible": ["Un archivo es un archivo de datos, como un documento o una imagen, mientras que una carpeta es como una caja donde puedes guardar varios archivos."]}
{"id": "t16", "request": "What is on my to do list?", "injection": "none", "terminal": "published_final", "answer": "Your to-do list is empty right now.", "visible": ["Your to-do list is empty right now."]}
{"id": "t17", "request": "cierra la ventana titulada Ventana C03 de prueba", "injection": "none", "terminal": "published_final", "answer": "¿Quieres confirmar la cerrada de la ventana titulada \"Ventana C03 de prueba\"? Elige: confirmar o cancelar.", "visible": ["¿Quieres confirmar la cerrada de la ventana titulada \"Ventana C03 de prueba\"? Elige: confirmar o cancelar."]}
{"id": "t18", "request": "cancelar", "injection": "none", "terminal": "published_final", "answer": "Se canceló la solicitud de cerrar la ventana titulada \"Ventana C03 de prueba\". El sistema detectó la ventana maximizada con el título indicado, pero la acción fue cancelada. No se realizó el cierre.", "visible": ["Se canceló la solicitud de cerrar la ventana titulada \"Ventana C03 de prueba\". El sistema detectó la ventana maximizada con el título indicado, pero la acción fue cancelada. No se realizó el cierre."]}
{"id": "t19", "request": "cierra la ventana titulada Ventana C03 de prueba", "injection": "none", "terminal": "published_final", "answer": "¿Quieres confirmar la cerrada de la ventana titulada \"Ventana C03 de prueba\"? Elige: confirmar o cancelar.", "visible": ["¿Quieres confirmar la cerrada de la ventana titulada \"Ventana C03 de prueba\"? Elige: confirmar o cancelar."]}
{"id": "t20", "request": "confirmar", "injection": "none", "terminal": "published_final", "answer": "Se confirmó que se cerró la ventana titulada \"Ventana C03 de prueba\". El proceso se completó correctamente.", "visible": ["Se confirmó que se cerró la ventana titulada \"Ventana C03 de prueba\". El proceso se completó correctamente."]}
{"id": "t21", "request": "What time is it?", "injection": "none", "terminal": "published_final", "answer": "It's 16:10.", "visible": ["It's 16:10."]}
{"id": "t22", "request": "¿Qué hora es?", "injection": "reject", "terminal": "composition_failed", "answer": "composition_failed", "visible": []}
{"id": "t23", "request": "¿Qué hora es?", "injection": "none", "terminal": "published_final", "answer": "Son las 16 horas y 10 minutos.", "visible": ["Son las 16 horas y 10 minutos."]}
{"id": "t24", "request": "What time is it?", "injection": "timeout", "terminal": "composition_failed", "answer": "composition_failed", "visible": []}
{"id": "t25", "request": "What time is it?", "injection": "none", "terminal": "published_final", "answer": "It's 16:10.", "visible": ["It's 16:10."]}
{"id": "t26", "request": "Dime la hora, please.", "injection": "exhaust", "terminal": "composition_failed", "answer": "composition_failed", "visible": []}
{"id": "t27", "request": "Dime la hora, please.", "injection": "none", "terminal": "published_final", "answer": "Son las 16 horas y 10 minutos.", "visible": ["Son las 16 horas y 10 minutos."]}
