{"stage": "bare", "case": "t7", "seconds": 0.312, "error": null}
{"stage": "bare", "case": "t8", "seconds": 3.906, "error": null}
{"stage": "bare", "case": "t9", "seconds": 1.313, "error": null}
{"stage": "bare", "case": "t10", "seconds": 6.172, "error": null}
{"stage": "bare", "case": "t12", "seconds": 0.203, "error": null}
{"stage": "bare", "case": "t13", "seconds": 0.719, "error": null}
{"stage": "bare", "case": "t14", "seconds": 7.921, "error": null}
{"stage": "bare", "case": "t15", "seconds": 1.266, "error": null}
{"stage": "bare", "case": "dictionary-es", "seconds": 3.984, "error": null}
{"stage": "identity", "case": "t7", "seconds": 0.641, "error": null}
{"stage": "identity", "case": "t8", "seconds": 6.625, "error": null}
{"stage": "identity", "case": "t9", "seconds": 2.453, "error": null}
{"stage": "identity", "case": "t10", "seconds": 6.719, "error": null}
{"stage": "identity", "case": "t12", "seconds": 1.516, "error": null}
{"stage": "identity", "case": "t13", "seconds": 1.687, "error": null}
{"stage": "identity", "case": "t14", "seconds": 4.828, "error": null}
{"stage": "identity", "case": "t15", "seconds": 1.11, "error": null}
{"stage": "identity", "case": "dictionary-es", "seconds": 3.437, "error": null}
{"stage": "system", "case": "t7", "seconds": 0.313, "error": null}
{"stage": "system", "case": "t8", "seconds": 2.812, "error": null}
{"stage": "system", "case": "t9", "seconds": 1.328, "error": null}
{"stage": "system", "case": "t10", "seconds": 3.094, "error": null}
{"stage": "system", "case": "t12", "seconds": 0.156, "error": null}
{"stage": "system", "case": "t13", "seconds": 0.75, "error": null}
{"stage": "system", "case": "t14", "seconds": 1.672, "error": null}
{"stage": "system", "case": "t15", "seconds": 0.938, "error": null}
{"stage": "system", "case": "dictionary-es", "seconds": 0.64, "error": null}
{"stage": "policies", "case": "t7", "seconds": 0.344, "error": null}
{"stage": "policies", "case": "t8", "seconds": 1.625, "error": null}
{"stage": "policies", "case": "t9", "seconds": 0.359, "error": null}
{"stage": "policies", "case": "t10", "seconds": 2.422, "error": null}
{"stage": "policies", "case": "t12", "seconds": 0.219, "error": null}
{"stage": "policies", "case": "t13", "seconds": 0.812, "error": null}
{"stage": "policies", "case": "t14", "seconds": 1.625, "error": null}
{"stage": "policies", "case": "t15", "seconds": 1.875, "error": null}
{"stage": "policies", "case": "dictionary-es", "seconds": 1.25, "error": null}
{"stage": "history", "case": "t7", "seconds": 0.516, "error": null}
{"stage": "history", "case": "t8", "seconds": 1.438, "error": null}
{"stage": "history", "case": "t9", "seconds": 0.796, "error": null}
{"stage": "history", "case": "t10", "seconds": 0.86, "error": null}
{"stage": "history", "case": "t12", "seconds": 0.375, "error": null}
{"stage": "history", "case": "t13", "seconds": 0.625, "error": null}
{"stage": "history", "case": "t14", "seconds": 0.906, "error": null}
{"stage": "history", "case": "t15", "seconds": 0.734, "error": null}
{"stage": "history", "case": "dictionary-es", "seconds": 1.0, "error": null}
{"stage": "budget", "case": "t7", "seconds": 0.563, "error": null}
{"stage": "budget", "case": "t8", "seconds": 1.469, "error": null}
{"stage": "budget", "case": "t9", "seconds": 0.781, "error": null}
{"stage": "budget", "case": "t10", "seconds": 0.859, "error": null}
{"stage": "budget", "case": "t12", "seconds": 0.391, "error": null}
{"stage": "budget", "case": "t13", "seconds": 0.625, "error": null}
{"stage": "budget", "case": "t14", "seconds": 0.906, "error": null}
{"stage": "budget", "case": "t15", "seconds": 0.75, "error": null}
{"stage": "budget", "case": "dictionary-es", "seconds": 0.985, "error": null}
{"stage": "guarded", "case": "t7", "seconds": 0.422, "error": null}
{"stage": "guarded", "case": "t8", "seconds": 1.734, "error": null}
{"stage": "guarded", "case": "t9", "seconds": 1.063, "error": "ConversationReplyContractError: respuesta conversacional vac\u00eda o repetida"}
{"stage": "guarded", "case": "t10", "seconds": 4.25, "error": null}
{"stage": "guarded", "case": "t12", "seconds": 0.25, "error": null}
{"stage": "guarded", "case": "t13", "seconds": 0.844, "error": null}
{"stage": "guarded", "case": "t14", "seconds": 1.75, "error": null}
{"stage": "guarded", "case": "t15", "seconds": 1.953, "error": null}
{"stage": "guarded", "case": "dictionary-es", "seconds": 1.344, "error": null}
{"seconds": 108.34, "gpuPeakMiB": 3499.55859375, "ramPeakMiB": 3397.69921875, "error": null, "registrationUnchanged": true}
