........................................................................ [  5%]
........................................................................ [ 11%]
........................................................................ [ 17%]
........................................................................ [ 23%]
........................................................................ [ 29%]
........................................................................ [ 35%]
........................................................................ [ 41%]
........................................................................ [ 47%]
........................................................................ [ 53%]
........................................................................ [ 59%]
........................................................................ [ 65%]
........................................................................ [ 70%]
........................................................................ [ 76%]
........................................................................ [ 82%]
................................................................... [ 88%]
.................. [ 89%]
............................................... [ 93%]
.............................................................. [ 98%]
...............                                                   [100%]
1217 passed, 101 subtests passed in 9.53s
