F
================================== FAILURES ===================================
_ test_recorded_complete_inventory_is_delivered_without_retry_or_prompt_change[inventory785-5-1] _

case = {'case_id': 'inventory785-5-1', 'request': 'Lista las ventanas.', 'situation': {'kind': 'operation', 'operation': 'win...ita 4-4 (Viewer1)  \n\nSe observaron 25 ventanas en total. Esta lista incluye 20 ventanas, y hay más por ver.'}}}, ...}

    @pytest.mark.parametrize('case', RECORDED, ids=lambda c: c['case_id'])
    def test_recorded_complete_inventory_is_delivered_without_retry_or_prompt_change(case):
        client = Capture(MODELS[0])
    
        def replay(payload):
            client.requests.append(copy.deepcopy(payload))
            arm = 'B_output_512' if payload['max_tokens'] >= 512 else 'A_original_256'
            return {'choices': [copy.deepcopy(case['replies'][arm])]}
    
        client._post = replay
        result = client.compose_user_message(case['request'], 'status', {'situation': case['situation']})
>       assert result == case['replies']['B_output_512']['message']['content']
E       AssertionError: assert '' == 'Aquí tienes ... más por ver.'
E         
E         - Aquí tienes la lista de ventanas visibles:
E         - 
E         - - Órbita 4-0 (Viewer0)  
E         - - Órbita 4-1 (Viewer1)  
E         - - Órbita 4-2 (Viewer2)  
E         - - Órbita 4-3 (Viewer0)  ...
E         
E         ...Full output truncated (18 lines hidden), use '-vv' to show

tests\test_c03_inventory_output_budget.py:101: AssertionError
=========================== short test summary info ===========================
FAILED tests/test_c03_inventory_output_budget.py::test_recorded_complete_inventory_is_delivered_without_retry_or_prompt_change[inventory785-5-1]
!!!!!!!!!!!!!!!!!!!!!!!!!! stopping after 1 failures !!!!!!!!!!!!!!!!!!!!!!!!!!
1 failed, 45 deselected in 0.62s
