........................................................................ [  4%]
...................................................F......F......F.FFF.. [  8%]
F.FFF..F.FFF..F......................................................... [ 12%]
........................................................................ [ 17%]
........................................................................ [ 21%]
........................................................................ [ 25%]
................................................................................................................... [ 32%]
.............................................................. [ 36%]
.............................................................. [ 39%]
........................................................................ [ 44%]
........................................................................ [ 48%]
........................................................................ [ 52%]
........................................................................ [ 57%]
........................................................................ [ 61%]
........................................................................ [ 65%]
........................................................................ [ 69%]
........................................................................ [ 74%]
........................................................................ [ 78%]
........................................................................ [ 82%]
........................................................................ [ 87%]
........................................................................ [ 91%]
........................................................................ [ 95%]
........................................................................ [ 99%]
..                                                                       [100%]
================================== FAILURES ===================================
_ test_two_bound_quantities_disclose_a_subset_without_a_required_phrase[True-1-4-Aqu\xed tienes la lista:\n\n- Atlas 0\n\nSe observaron {total} ventanas. Esta p\xe1gina muestra {count} ventanas.] _

pattern = 'Aquí tienes la lista:\n\n- Atlas 0\n\nSe observaron {total} ventanas. Esta página muestra {count} ventanas.'
count = 1, total = 4, complete = True

    @pytest.mark.parametrize("pattern", [
        "Se observaron {total} ventanas. Esta lista incluye {count} ventanas.",
        "Esta lista incluye {count} ventanas. Se observaron {total} ventanas.",
        "Se observaron {total} ventanas; esta lista incluye {count} de ellas.",
        "Observed: {total} windows. This list includes {count} of them.",
        "This list includes {count} windows. {total} windows were observed.",
        "Aquí tienes la lista:\n\n- Atlas 0\n\nSe observaron {total} ventanas. Esta página muestra {count} ventanas.",
        "Here is the list:\n\n- Atlas 0\n\nObserved: {total} windows. This page includes {count} of them.",
    ])
    @pytest.mark.parametrize("count,total", [(1, 4), (3, 9), (20, 25)])
    @pytest.mark.parametrize("complete", [True, False])
    def test_two_bound_quantities_disclose_a_subset_without_a_required_phrase(pattern, count, total, complete):
        # This checks quantity interpretation, not whether all identities are listed.
        payload = _compose_situation_payload(observation(count, total, complete), "en", "List the windows.")
        before = copy.deepcopy(payload)
>       assert not _payload_fact_defect(pattern.format(count=count, total=total), payload)
E       AssertionError: assert not 'reversed_result'
E        +  where 'reversed_result' = _payload_fact_defect('Aquí tienes la lista:\n\n- Atlas 0\n\nSe observaron 4 ventanas. Esta página muestra 1 ventanas.', {'seen': {'windows': [{'title': 'Atlas 0', 'processName': 'Viewer'}], 'count': 1, 'observedCount': 4, 'totalCount': 4, ...}, 'operation': 'window.resolve'})
E        +    where 'Aquí tienes la lista:\n\n- Atlas 0\n\nSe observaron 4 ventanas. Esta página muestra 1 ventanas.' = <built-in method format of str object at 0x000001C1AA0F5B30>(count=1, total=4)
E        +      where <built-in method format of str object at 0x000001C1AA0F5B30> = 'Aquí tienes la lista:\n\n- Atlas 0\n\nSe observaron {total} ventanas. Esta página muestra {count} ventanas.'.format

tests\test_c03_inventory_scope_polarity.py:136: AssertionError
_ test_two_bound_quantities_disclose_a_subset_without_a_required_phrase[True-3-9-Aqu\xed tienes la lista:\n\n- Atlas 0\n\nSe observaron {total} ventanas. Esta p\xe1gina muestra {count} ventanas.] _

pattern = 'Aquí tienes la lista:\n\n- Atlas 0\n\nSe observaron {total} ventanas. Esta página muestra {count} ventanas.'
count = 3, total = 9, complete = True

    @pytest.mark.parametrize("pattern", [
        "Se observaron {total} ventanas. Esta lista incluye {count} ventanas.",
        "Esta lista incluye {count} ventanas. Se observaron {total} ventanas.",
        "Se observaron {total} ventanas; esta lista incluye {count} de ellas.",
        "Observed: {total} windows. This list includes {count} of them.",
        "This list includes {count} windows. {total} windows were observed.",
        "Aquí tienes la lista:\n\n- Atlas 0\n\nSe observaron {total} ventanas. Esta página muestra {count} ventanas.",
        "Here is the list:\n\n- Atlas 0\n\nObserved: {total} windows. This page includes {count} of them.",
    ])
    @pytest.mark.parametrize("count,total", [(1, 4), (3, 9), (20, 25)])
    @pytest.mark.parametrize("complete", [True, False])
    def test_two_bound_quantities_disclose_a_subset_without_a_required_phrase(pattern, count, total, complete):
        # This checks quantity interpretation, not whether all identities are listed.
        payload = _compose_situation_payload(observation(count, total, complete), "en", "List the windows.")
        before = copy.deepcopy(payload)
>       assert not _payload_fact_defect(pattern.format(count=count, total=total), payload)
E       AssertionError: assert not 'reversed_result'
E        +  where 'reversed_result' = _payload_fact_defect('Aquí tienes la lista:\n\n- Atlas 0\n\nSe observaron 9 ventanas. Esta página muestra 3 ventanas.', {'seen': {'windows': [{'title': 'Atlas 0', 'processName': 'Viewer'}, {'title': 'Atlas 1', 'processName': 'Viewer'}, {'...as 2', 'processName': 'Viewer'}], 'count': 3, 'observedCount': 9, 'totalCount': 9, ...}, 'operation': 'window.resolve'})
E        +    where 'Aquí tienes la lista:\n\n- Atlas 0\n\nSe observaron 9 ventanas. Esta página muestra 3 ventanas.' = <built-in method format of str object at 0x000001C1AA0F5B30>(count=3, total=9)
E        +      where <built-in method format of str object at 0x000001C1AA0F5B30> = 'Aquí tienes la lista:\n\n- Atlas 0\n\nSe observaron {total} ventanas. Esta página muestra {count} ventanas.'.format

tests\test_c03_inventory_scope_polarity.py:136: AssertionError
_ test_two_bound_quantities_disclose_a_subset_without_a_required_phrase[True-20-25-Aqu\xed tienes la lista:\n\n- Atlas 0\n\nSe observaron {total} ventanas. Esta p\xe1gina muestra {count} ventanas.] _

pattern = 'Aquí tienes la lista:\n\n- Atlas 0\n\nSe observaron {total} ventanas. Esta página muestra {count} ventanas.'
count = 20, total = 25, complete = True

    @pytest.mark.parametrize("pattern", [
        "Se observaron {total} ventanas. Esta lista incluye {count} ventanas.",
        "Esta lista incluye {count} ventanas. Se observaron {total} ventanas.",
        "Se observaron {total} ventanas; esta lista incluye {count} de ellas.",
        "Observed: {total} windows. This list includes {count} of them.",
        "This list includes {count} windows. {total} windows were observed.",
        "Aquí tienes la lista:\n\n- Atlas 0\n\nSe observaron {total} ventanas. Esta página muestra {count} ventanas.",
        "Here is the list:\n\n- Atlas 0\n\nObserved: {total} windows. This page includes {count} of them.",
    ])
    @pytest.mark.parametrize("count,total", [(1, 4), (3, 9), (20, 25)])
    @pytest.mark.parametrize("complete", [True, False])
    def test_two_bound_quantities_disclose_a_subset_without_a_required_phrase(pattern, count, total, complete):
        # This checks quantity interpretation, not whether all identities are listed.
        payload = _compose_situation_payload(observation(count, total, complete), "en", "List the windows.")
        before = copy.deepcopy(payload)
>       assert not _payload_fact_defect(pattern.format(count=count, total=total), payload)
E       AssertionError: assert not 'reversed_result'
E        +  where 'reversed_result' = _payload_fact_defect('Aquí tienes la lista:\n\n- Atlas 0\n\nSe observaron 25 ventanas. Esta página muestra 20 ventanas.', {'seen': {'windows': [{'title': 'Atlas 0', 'processName': 'Viewer'}, {'title': 'Atlas 1', 'processName': 'Viewer'}, {'...processName': 'Viewer'}, ...], 'count': 20, 'observedCount': 25, 'totalCount': 25, ...}, 'operation': 'window.resolve'})
E        +    where 'Aquí tienes la lista:\n\n- Atlas 0\n\nSe observaron 25 ventanas. Esta página muestra 20 ventanas.' = <built-in method format of str object at 0x000001C1AA0F5B30>(count=20, total=25)
E        +      where <built-in method format of str object at 0x000001C1AA0F5B30> = 'Aquí tienes la lista:\n\n- Atlas 0\n\nSe observaron {total} ventanas. Esta página muestra {count} ventanas.'.format

tests\test_c03_inventory_scope_polarity.py:136: AssertionError
_ test_two_bound_quantities_disclose_a_subset_without_a_required_phrase[False-1-4-Se observaron {total} ventanas. Esta lista incluye {count} ventanas.] _

pattern = 'Se observaron {total} ventanas. Esta lista incluye {count} ventanas.'
count = 1, total = 4, complete = False

    @pytest.mark.parametrize("pattern", [
        "Se observaron {total} ventanas. Esta lista incluye {count} ventanas.",
        "Esta lista incluye {count} ventanas. Se observaron {total} ventanas.",
        "Se observaron {total} ventanas; esta lista incluye {count} de ellas.",
        "Observed: {total} windows. This list includes {count} of them.",
        "This list includes {count} windows. {total} windows were observed.",
        "Aquí tienes la lista:\n\n- Atlas 0\n\nSe observaron {total} ventanas. Esta página muestra {count} ventanas.",
        "Here is the list:\n\n- Atlas 0\n\nObserved: {total} windows. This page includes {count} of them.",
    ])
    @pytest.mark.parametrize("count,total", [(1, 4), (3, 9), (20, 25)])
    @pytest.mark.parametrize("complete", [True, False])
    def test_two_bound_quantities_disclose_a_subset_without_a_required_phrase(pattern, count, total, complete):
        # This checks quantity interpretation, not whether all identities are listed.
        payload = _compose_situation_payload(observation(count, total, complete), "en", "List the windows.")
        before = copy.deepcopy(payload)
>       assert not _payload_fact_defect(pattern.format(count=count, total=total), payload)
E       AssertionError: assert not 'extra_claim'
E        +  where 'extra_claim' = _payload_fact_defect('Se observaron 4 ventanas. Esta lista incluye 1 ventanas.', {'seen': {'windows': [{'title': 'Atlas 0', 'processName': 'Viewer'}], 'count': 1, 'observedCount': 4, 'totalCount': None, ...}, 'operation': 'window.resolve'})
E        +    where 'Se observaron 4 ventanas. Esta lista incluye 1 ventanas.' = <built-in method format of str object at 0x000001C1AA0A1290>(count=1, total=4)
E        +      where <built-in method format of str object at 0x000001C1AA0A1290> = 'Se observaron {total} ventanas. Esta lista incluye {count} ventanas.'.format

tests\test_c03_inventory_scope_polarity.py:136: AssertionError
_ test_two_bound_quantities_disclose_a_subset_without_a_required_phrase[False-1-4-Esta lista incluye {count} ventanas. Se observaron {total} ventanas.] _

pattern = 'Esta lista incluye {count} ventanas. Se observaron {total} ventanas.'
count = 1, total = 4, complete = False

    @pytest.mark.parametrize("pattern", [
        "Se observaron {total} ventanas. Esta lista incluye {count} ventanas.",
        "Esta lista incluye {count} ventanas. Se observaron {total} ventanas.",
        "Se observaron {total} ventanas; esta lista incluye {count} de ellas.",
        "Observed: {total} windows. This list includes {count} of them.",
        "This list includes {count} windows. {total} windows were observed.",
        "Aquí tienes la lista:\n\n- Atlas 0\n\nSe observaron {total} ventanas. Esta página muestra {count} ventanas.",
        "Here is the list:\n\n- Atlas 0\n\nObserved: {total} windows. This page includes {count} of them.",
    ])
    @pytest.mark.parametrize("count,total", [(1, 4), (3, 9), (20, 25)])
    @pytest.mark.parametrize("complete", [True, False])
    def test_two_bound_quantities_disclose_a_subset_without_a_required_phrase(pattern, count, total, complete):
        # This checks quantity interpretation, not whether all identities are listed.
        payload = _compose_situation_payload(observation(count, total, complete), "en", "List the windows.")
        before = copy.deepcopy(payload)
>       assert not _payload_fact_defect(pattern.format(count=count, total=total), payload)
E       AssertionError: assert not 'extra_claim'
E        +  where 'extra_claim' = _payload_fact_defect('Esta lista incluye 1 ventanas. Se observaron 4 ventanas.', {'seen': {'windows': [{'title': 'Atlas 0', 'processName': 'Viewer'}], 'count': 1, 'observedCount': 4, 'totalCount': None, ...}, 'operation': 'window.resolve'})
E        +    where 'Esta lista incluye 1 ventanas. Se observaron 4 ventanas.' = <built-in method format of str object at 0x000001C1AA0A17D0>(count=1, total=4)
E        +      where <built-in method format of str object at 0x000001C1AA0A17D0> = 'Esta lista incluye {count} ventanas. Se observaron {total} ventanas.'.format

tests\test_c03_inventory_scope_polarity.py:136: AssertionError
_ test_two_bound_quantities_disclose_a_subset_without_a_required_phrase[False-1-4-Se observaron {total} ventanas; esta lista incluye {count} de ellas.] _

pattern = 'Se observaron {total} ventanas; esta lista incluye {count} de ellas.'
count = 1, total = 4, complete = False

    @pytest.mark.parametrize("pattern", [
        "Se observaron {total} ventanas. Esta lista incluye {count} ventanas.",
        "Esta lista incluye {count} ventanas. Se observaron {total} ventanas.",
        "Se observaron {total} ventanas; esta lista incluye {count} de ellas.",
        "Observed: {total} windows. This list includes {count} of them.",
        "This list includes {count} windows. {total} windows were observed.",
        "Aquí tienes la lista:\n\n- Atlas 0\n\nSe observaron {total} ventanas. Esta página muestra {count} ventanas.",
        "Here is the list:\n\n- Atlas 0\n\nObserved: {total} windows. This page includes {count} of them.",
    ])
    @pytest.mark.parametrize("count,total", [(1, 4), (3, 9), (20, 25)])
    @pytest.mark.parametrize("complete", [True, False])
    def test_two_bound_quantities_disclose_a_subset_without_a_required_phrase(pattern, count, total, complete):
        # This checks quantity interpretation, not whether all identities are listed.
        payload = _compose_situation_payload(observation(count, total, complete), "en", "List the windows.")
        before = copy.deepcopy(payload)
>       assert not _payload_fact_defect(pattern.format(count=count, total=total), payload)
E       AssertionError: assert not 'extra_claim'
E        +  where 'extra_claim' = _payload_fact_defect('Se observaron 4 ventanas; esta lista incluye 1 de ellas.', {'seen': {'windows': [{'title': 'Atlas 0', 'processName': 'Viewer'}], 'count': 1, 'observedCount': 4, 'totalCount': None, ...}, 'operation': 'window.resolve'})
E        +    where 'Se observaron 4 ventanas; esta lista incluye 1 de ellas.' = <built-in method format of str object at 0x000001C1AA0A1990>(count=1, total=4)
E        +      where <built-in method format of str object at 0x000001C1AA0A1990> = 'Se observaron {total} ventanas; esta lista incluye {count} de ellas.'.format

tests\test_c03_inventory_scope_polarity.py:136: AssertionError
_ test_two_bound_quantities_disclose_a_subset_without_a_required_phrase[False-1-4-Aqu\xed tienes la lista:\n\n- Atlas 0\n\nSe observaron {total} ventanas. Esta p\xe1gina muestra {count} ventanas.] _

pattern = 'Aquí tienes la lista:\n\n- Atlas 0\n\nSe observaron {total} ventanas. Esta página muestra {count} ventanas.'
count = 1, total = 4, complete = False

    @pytest.mark.parametrize("pattern", [
        "Se observaron {total} ventanas. Esta lista incluye {count} ventanas.",
        "Esta lista incluye {count} ventanas. Se observaron {total} ventanas.",
        "Se observaron {total} ventanas; esta lista incluye {count} de ellas.",
        "Observed: {total} windows. This list includes {count} of them.",
        "This list includes {count} windows. {total} windows were observed.",
        "Aquí tienes la lista:\n\n- Atlas 0\n\nSe observaron {total} ventanas. Esta página muestra {count} ventanas.",
        "Here is the list:\n\n- Atlas 0\n\nObserved: {total} windows. This page includes {count} of them.",
    ])
    @pytest.mark.parametrize("count,total", [(1, 4), (3, 9), (20, 25)])
    @pytest.mark.parametrize("complete", [True, False])
    def test_two_bound_quantities_disclose_a_subset_without_a_required_phrase(pattern, count, total, complete):
        # This checks quantity interpretation, not whether all identities are listed.
        payload = _compose_situation_payload(observation(count, total, complete), "en", "List the windows.")
        before = copy.deepcopy(payload)
>       assert not _payload_fact_defect(pattern.format(count=count, total=total), payload)
E       AssertionError: assert not 'reversed_result'
E        +  where 'reversed_result' = _payload_fact_defect('Aquí tienes la lista:\n\n- Atlas 0\n\nSe observaron 4 ventanas. Esta página muestra 1 ventanas.', {'seen': {'windows': [{'title': 'Atlas 0', 'processName': 'Viewer'}], 'count': 1, 'observedCount': 4, 'totalCount': None, ...}, 'operation': 'window.resolve'})
E        +    where 'Aquí tienes la lista:\n\n- Atlas 0\n\nSe observaron 4 ventanas. Esta página muestra 1 ventanas.' = <built-in method format of str object at 0x000001C1AA0F5B30>(count=1, total=4)
E        +      where <built-in method format of str object at 0x000001C1AA0F5B30> = 'Aquí tienes la lista:\n\n- Atlas 0\n\nSe observaron {total} ventanas. Esta página muestra {count} ventanas.'.format

tests\test_c03_inventory_scope_polarity.py:136: AssertionError
_ test_two_bound_quantities_disclose_a_subset_without_a_required_phrase[False-3-9-Se observaron {total} ventanas. Esta lista incluye {count} ventanas.] _

pattern = 'Se observaron {total} ventanas. Esta lista incluye {count} ventanas.'
count = 3, total = 9, complete = False

    @pytest.mark.parametrize("pattern", [
        "Se observaron {total} ventanas. Esta lista incluye {count} ventanas.",
        "Esta lista incluye {count} ventanas. Se observaron {total} ventanas.",
        "Se observaron {total} ventanas; esta lista incluye {count} de ellas.",
        "Observed: {total} windows. This list includes {count} of them.",
        "This list includes {count} windows. {total} windows were observed.",
        "Aquí tienes la lista:\n\n- Atlas 0\n\nSe observaron {total} ventanas. Esta página muestra {count} ventanas.",
        "Here is the list:\n\n- Atlas 0\n\nObserved: {total} windows. This page includes {count} of them.",
    ])
    @pytest.mark.parametrize("count,total", [(1, 4), (3, 9), (20, 25)])
    @pytest.mark.parametrize("complete", [True, False])
    def test_two_bound_quantities_disclose_a_subset_without_a_required_phrase(pattern, count, total, complete):
        # This checks quantity interpretation, not whether all identities are listed.
        payload = _compose_situation_payload(observation(count, total, complete), "en", "List the windows.")
        before = copy.deepcopy(payload)
>       assert not _payload_fact_defect(pattern.format(count=count, total=total), payload)
E       AssertionError: assert not 'extra_claim'
E        +  where 'extra_claim' = _payload_fact_defect('Se observaron 9 ventanas. Esta lista incluye 3 ventanas.', {'seen': {'windows': [{'title': 'Atlas 0', 'processName': 'Viewer'}, {'title': 'Atlas 1', 'processName': 'Viewer'}, {'...2', 'processName': 'Viewer'}], 'count': 3, 'observedCount': 9, 'totalCount': None, ...}, 'operation': 'window.resolve'})
E        +    where 'Se observaron 9 ventanas. Esta lista incluye 3 ventanas.' = <built-in method format of str object at 0x000001C1AA0A1290>(count=3, total=9)
E        +      where <built-in method format of str object at 0x000001C1AA0A1290> = 'Se observaron {total} ventanas. Esta lista incluye {count} ventanas.'.format

tests\test_c03_inventory_scope_polarity.py:136: AssertionError
_ test_two_bound_quantities_disclose_a_subset_without_a_required_phrase[False-3-9-Esta lista incluye {count} ventanas. Se observaron {total} ventanas.] _

pattern = 'Esta lista incluye {count} ventanas. Se observaron {total} ventanas.'
count = 3, total = 9, complete = False

    @pytest.mark.parametrize("pattern", [
        "Se observaron {total} ventanas. Esta lista incluye {count} ventanas.",
        "Esta lista incluye {count} ventanas. Se observaron {total} ventanas.",
        "Se observaron {total} ventanas; esta lista incluye {count} de ellas.",
        "Observed: {total} windows. This list includes {count} of them.",
        "This list includes {count} windows. {total} windows were observed.",
        "Aquí tienes la lista:\n\n- Atlas 0\n\nSe observaron {total} ventanas. Esta página muestra {count} ventanas.",
        "Here is the list:\n\n- Atlas 0\n\nObserved: {total} windows. This page includes {count} of them.",
    ])
    @pytest.mark.parametrize("count,total", [(1, 4), (3, 9), (20, 25)])
    @pytest.mark.parametrize("complete", [True, False])
    def test_two_bound_quantities_disclose_a_subset_without_a_required_phrase(pattern, count, total, complete):
        # This checks quantity interpretation, not whether all identities are listed.
        payload = _compose_situation_payload(observation(count, total, complete), "en", "List the windows.")
        before = copy.deepcopy(payload)
>       assert not _payload_fact_defect(pattern.format(count=count, total=total), payload)
E       AssertionError: assert not 'extra_claim'
E        +  where 'extra_claim' = _payload_fact_defect('Esta lista incluye 3 ventanas. Se observaron 9 ventanas.', {'seen': {'windows': [{'title': 'Atlas 0', 'processName': 'Viewer'}, {'title': 'Atlas 1', 'processName': 'Viewer'}, {'...2', 'processName': 'Viewer'}], 'count': 3, 'observedCount': 9, 'totalCount': None, ...}, 'operation': 'window.resolve'})
E        +    where 'Esta lista incluye 3 ventanas. Se observaron 9 ventanas.' = <built-in method format of str object at 0x000001C1AA0A17D0>(count=3, total=9)
E        +      where <built-in method format of str object at 0x000001C1AA0A17D0> = 'Esta lista incluye {count} ventanas. Se observaron {total} ventanas.'.format

tests\test_c03_inventory_scope_polarity.py:136: AssertionError
_ test_two_bound_quantities_disclose_a_subset_without_a_required_phrase[False-3-9-Se observaron {total} ventanas; esta lista incluye {count} de ellas.] _

pattern = 'Se observaron {total} ventanas; esta lista incluye {count} de ellas.'
count = 3, total = 9, complete = False

    @pytest.mark.parametrize("pattern", [
        "Se observaron {total} ventanas. Esta lista incluye {count} ventanas.",
        "Esta lista incluye {count} ventanas. Se observaron {total} ventanas.",
        "Se observaron {total} ventanas; esta lista incluye {count} de ellas.",
        "Observed: {total} windows. This list includes {count} of them.",
        "This list includes {count} windows. {total} windows were observed.",
        "Aquí tienes la lista:\n\n- Atlas 0\n\nSe observaron {total} ventanas. Esta página muestra {count} ventanas.",
        "Here is the list:\n\n- Atlas 0\n\nObserved: {total} windows. This page includes {count} of them.",
    ])
    @pytest.mark.parametrize("count,total", [(1, 4), (3, 9), (20, 25)])
    @pytest.mark.parametrize("complete", [True, False])
    def test_two_bound_quantities_disclose_a_subset_without_a_required_phrase(pattern, count, total, complete):
        # This checks quantity interpretation, not whether all identities are listed.
        payload = _compose_situation_payload(observation(count, total, complete), "en", "List the windows.")
        before = copy.deepcopy(payload)
>       assert not _payload_fact_defect(pattern.format(count=count, total=total), payload)
E       AssertionError: assert not 'extra_claim'
E        +  where 'extra_claim' = _payload_fact_defect('Se observaron 9 ventanas; esta lista incluye 3 de ellas.', {'seen': {'windows': [{'title': 'Atlas 0', 'processName': 'Viewer'}, {'title': 'Atlas 1', 'processName': 'Viewer'}, {'...2', 'processName': 'Viewer'}], 'count': 3, 'observedCount': 9, 'totalCount': None, ...}, 'operation': 'window.resolve'})
E        +    where 'Se observaron 9 ventanas; esta lista incluye 3 de ellas.' = <built-in method format of str object at 0x000001C1AA0A1990>(count=3, total=9)
E        +      where <built-in method format of str object at 0x000001C1AA0A1990> = 'Se observaron {total} ventanas; esta lista incluye {count} de ellas.'.format

tests\test_c03_inventory_scope_polarity.py:136: AssertionError
_ test_two_bound_quantities_disclose_a_subset_without_a_required_phrase[False-3-9-Aqu\xed tienes la lista:\n\n- Atlas 0\n\nSe observaron {total} ventanas. Esta p\xe1gina muestra {count} ventanas.] _

pattern = 'Aquí tienes la lista:\n\n- Atlas 0\n\nSe observaron {total} ventanas. Esta página muestra {count} ventanas.'
count = 3, total = 9, complete = False

    @pytest.mark.parametrize("pattern", [
        "Se observaron {total} ventanas. Esta lista incluye {count} ventanas.",
        "Esta lista incluye {count} ventanas. Se observaron {total} ventanas.",
        "Se observaron {total} ventanas; esta lista incluye {count} de ellas.",
        "Observed: {total} windows. This list includes {count} of them.",
        "This list includes {count} windows. {total} windows were observed.",
        "Aquí tienes la lista:\n\n- Atlas 0\n\nSe observaron {total} ventanas. Esta página muestra {count} ventanas.",
        "Here is the list:\n\n- Atlas 0\n\nObserved: {total} windows. This page includes {count} of them.",
    ])
    @pytest.mark.parametrize("count,total", [(1, 4), (3, 9), (20, 25)])
    @pytest.mark.parametrize("complete", [True, False])
    def test_two_bound_quantities_disclose_a_subset_without_a_required_phrase(pattern, count, total, complete):
        # This checks quantity interpretation, not whether all identities are listed.
        payload = _compose_situation_payload(observation(count, total, complete), "en", "List the windows.")
        before = copy.deepcopy(payload)
>       assert not _payload_fact_defect(pattern.format(count=count, total=total), payload)
E       AssertionError: assert not 'reversed_result'
E        +  where 'reversed_result' = _payload_fact_defect('Aquí tienes la lista:\n\n- Atlas 0\n\nSe observaron 9 ventanas. Esta página muestra 3 ventanas.', {'seen': {'windows': [{'title': 'Atlas 0', 'processName': 'Viewer'}, {'title': 'Atlas 1', 'processName': 'Viewer'}, {'...2', 'processName': 'Viewer'}], 'count': 3, 'observedCount': 9, 'totalCount': None, ...}, 'operation': 'window.resolve'})
E        +    where 'Aquí tienes la lista:\n\n- Atlas 0\n\nSe observaron 9 ventanas. Esta página muestra 3 ventanas.' = <built-in method format of str object at 0x000001C1AA0F5B30>(count=3, total=9)
E        +      where <built-in method format of str object at 0x000001C1AA0F5B30> = 'Aquí tienes la lista:\n\n- Atlas 0\n\nSe observaron {total} ventanas. Esta página muestra {count} ventanas.'.format

tests\test_c03_inventory_scope_polarity.py:136: AssertionError
_ test_two_bound_quantities_disclose_a_subset_without_a_required_phrase[False-20-25-Se observaron {total} ventanas. Esta lista incluye {count} ventanas.] _

pattern = 'Se observaron {total} ventanas. Esta lista incluye {count} ventanas.'
count = 20, total = 25, complete = False

    @pytest.mark.parametrize("pattern", [
        "Se observaron {total} ventanas. Esta lista incluye {count} ventanas.",
        "Esta lista incluye {count} ventanas. Se observaron {total} ventanas.",
        "Se observaron {total} ventanas; esta lista incluye {count} de ellas.",
        "Observed: {total} windows. This list includes {count} of them.",
        "This list includes {count} windows. {total} windows were observed.",
        "Aquí tienes la lista:\n\n- Atlas 0\n\nSe observaron {total} ventanas. Esta página muestra {count} ventanas.",
        "Here is the list:\n\n- Atlas 0\n\nObserved: {total} windows. This page includes {count} of them.",
    ])
    @pytest.mark.parametrize("count,total", [(1, 4), (3, 9), (20, 25)])
    @pytest.mark.parametrize("complete", [True, False])
    def test_two_bound_quantities_disclose_a_subset_without_a_required_phrase(pattern, count, total, complete):
        # This checks quantity interpretation, not whether all identities are listed.
        payload = _compose_situation_payload(observation(count, total, complete), "en", "List the windows.")
        before = copy.deepcopy(payload)
>       assert not _payload_fact_defect(pattern.format(count=count, total=total), payload)
E       AssertionError: assert not 'extra_claim'
E        +  where 'extra_claim' = _payload_fact_defect('Se observaron 25 ventanas. Esta lista incluye 20 ventanas.', {'seen': {'windows': [{'title': 'Atlas 0', 'processName': 'Viewer'}, {'title': 'Atlas 1', 'processName': 'Viewer'}, {'...ocessName': 'Viewer'}, ...], 'count': 20, 'observedCount': 25, 'totalCount': None, ...}, 'operation': 'window.resolve'})
E        +    where 'Se observaron 25 ventanas. Esta lista incluye 20 ventanas.' = <built-in method format of str object at 0x000001C1AA0A1290>(count=20, total=25)
E        +      where <built-in method format of str object at 0x000001C1AA0A1290> = 'Se observaron {total} ventanas. Esta lista incluye {count} ventanas.'.format

tests\test_c03_inventory_scope_polarity.py:136: AssertionError
_ test_two_bound_quantities_disclose_a_subset_without_a_required_phrase[False-20-25-Esta lista incluye {count} ventanas. Se observaron {total} ventanas.] _

pattern = 'Esta lista incluye {count} ventanas. Se observaron {total} ventanas.'
count = 20, total = 25, complete = False

    @pytest.mark.parametrize("pattern", [
        "Se observaron {total} ventanas. Esta lista incluye {count} ventanas.",
        "Esta lista incluye {count} ventanas. Se observaron {total} ventanas.",
        "Se observaron {total} ventanas; esta lista incluye {count} de ellas.",
        "Observed: {total} windows. This list includes {count} of them.",
        "This list includes {count} windows. {total} windows were observed.",
        "Aquí tienes la lista:\n\n- Atlas 0\n\nSe observaron {total} ventanas. Esta página muestra {count} ventanas.",
        "Here is the list:\n\n- Atlas 0\n\nObserved: {total} windows. This page includes {count} of them.",
    ])
    @pytest.mark.parametrize("count,total", [(1, 4), (3, 9), (20, 25)])
    @pytest.mark.parametrize("complete", [True, False])
    def test_two_bound_quantities_disclose_a_subset_without_a_required_phrase(pattern, count, total, complete):
        # This checks quantity interpretation, not whether all identities are listed.
        payload = _compose_situation_payload(observation(count, total, complete), "en", "List the windows.")
        before = copy.deepcopy(payload)
>       assert not _payload_fact_defect(pattern.format(count=count, total=total), payload)
E       AssertionError: assert not 'extra_claim'
E        +  where 'extra_claim' = _payload_fact_defect('Esta lista incluye 20 ventanas. Se observaron 25 ventanas.', {'seen': {'windows': [{'title': 'Atlas 0', 'processName': 'Viewer'}, {'title': 'Atlas 1', 'processName': 'Viewer'}, {'...ocessName': 'Viewer'}, ...], 'count': 20, 'observedCount': 25, 'totalCount': None, ...}, 'operation': 'window.resolve'})
E        +    where 'Esta lista incluye 20 ventanas. Se observaron 25 ventanas.' = <built-in method format of str object at 0x000001C1AA0A17D0>(count=20, total=25)
E        +      where <built-in method format of str object at 0x000001C1AA0A17D0> = 'Esta lista incluye {count} ventanas. Se observaron {total} ventanas.'.format

tests\test_c03_inventory_scope_polarity.py:136: AssertionError
_ test_two_bound_quantities_disclose_a_subset_without_a_required_phrase[False-20-25-Se observaron {total} ventanas; esta lista incluye {count} de ellas.] _

pattern = 'Se observaron {total} ventanas; esta lista incluye {count} de ellas.'
count = 20, total = 25, complete = False

    @pytest.mark.parametrize("pattern", [
        "Se observaron {total} ventanas. Esta lista incluye {count} ventanas.",
        "Esta lista incluye {count} ventanas. Se observaron {total} ventanas.",
        "Se observaron {total} ventanas; esta lista incluye {count} de ellas.",
        "Observed: {total} windows. This list includes {count} of them.",
        "This list includes {count} windows. {total} windows were observed.",
        "Aquí tienes la lista:\n\n- Atlas 0\n\nSe observaron {total} ventanas. Esta página muestra {count} ventanas.",
        "Here is the list:\n\n- Atlas 0\n\nObserved: {total} windows. This page includes {count} of them.",
    ])
    @pytest.mark.parametrize("count,total", [(1, 4), (3, 9), (20, 25)])
    @pytest.mark.parametrize("complete", [True, False])
    def test_two_bound_quantities_disclose_a_subset_without_a_required_phrase(pattern, count, total, complete):
        # This checks quantity interpretation, not whether all identities are listed.
        payload = _compose_situation_payload(observation(count, total, complete), "en", "List the windows.")
        before = copy.deepcopy(payload)
>       assert not _payload_fact_defect(pattern.format(count=count, total=total), payload)
E       AssertionError: assert not 'extra_claim'
E        +  where 'extra_claim' = _payload_fact_defect('Se observaron 25 ventanas; esta lista incluye 20 de ellas.', {'seen': {'windows': [{'title': 'Atlas 0', 'processName': 'Viewer'}, {'title': 'Atlas 1', 'processName': 'Viewer'}, {'...ocessName': 'Viewer'}, ...], 'count': 20, 'observedCount': 25, 'totalCount': None, ...}, 'operation': 'window.resolve'})
E        +    where 'Se observaron 25 ventanas; esta lista incluye 20 de ellas.' = <built-in method format of str object at 0x000001C1AA0A1990>(count=20, total=25)
E        +      where <built-in method format of str object at 0x000001C1AA0A1990> = 'Se observaron {total} ventanas; esta lista incluye {count} de ellas.'.format

tests\test_c03_inventory_scope_polarity.py:136: AssertionError
_ test_two_bound_quantities_disclose_a_subset_without_a_required_phrase[False-20-25-Aqu\xed tienes la lista:\n\n- Atlas 0\n\nSe observaron {total} ventanas. Esta p\xe1gina muestra {count} ventanas.] _

pattern = 'Aquí tienes la lista:\n\n- Atlas 0\n\nSe observaron {total} ventanas. Esta página muestra {count} ventanas.'
count = 20, total = 25, complete = False

    @pytest.mark.parametrize("pattern", [
        "Se observaron {total} ventanas. Esta lista incluye {count} ventanas.",
        "Esta lista incluye {count} ventanas. Se observaron {total} ventanas.",
        "Se observaron {total} ventanas; esta lista incluye {count} de ellas.",
        "Observed: {total} windows. This list includes {count} of them.",
        "This list includes {count} windows. {total} windows were observed.",
        "Aquí tienes la lista:\n\n- Atlas 0\n\nSe observaron {total} ventanas. Esta página muestra {count} ventanas.",
        "Here is the list:\n\n- Atlas 0\n\nObserved: {total} windows. This page includes {count} of them.",
    ])
    @pytest.mark.parametrize("count,total", [(1, 4), (3, 9), (20, 25)])
    @pytest.mark.parametrize("complete", [True, False])
    def test_two_bound_quantities_disclose_a_subset_without_a_required_phrase(pattern, count, total, complete):
        # This checks quantity interpretation, not whether all identities are listed.
        payload = _compose_situation_payload(observation(count, total, complete), "en", "List the windows.")
        before = copy.deepcopy(payload)
>       assert not _payload_fact_defect(pattern.format(count=count, total=total), payload)
E       AssertionError: assert not 'reversed_result'
E        +  where 'reversed_result' = _payload_fact_defect('Aquí tienes la lista:\n\n- Atlas 0\n\nSe observaron 25 ventanas. Esta página muestra 20 ventanas.', {'seen': {'windows': [{'title': 'Atlas 0', 'processName': 'Viewer'}, {'title': 'Atlas 1', 'processName': 'Viewer'}, {'...ocessName': 'Viewer'}, ...], 'count': 20, 'observedCount': 25, 'totalCount': None, ...}, 'operation': 'window.resolve'})
E        +    where 'Aquí tienes la lista:\n\n- Atlas 0\n\nSe observaron 25 ventanas. Esta página muestra 20 ventanas.' = <built-in method format of str object at 0x000001C1AA0F5B30>(count=20, total=25)
E        +      where <built-in method format of str object at 0x000001C1AA0F5B30> = 'Aquí tienes la lista:\n\n- Atlas 0\n\nSe observaron {total} ventanas. Esta página muestra {count} ventanas.'.format

tests\test_c03_inventory_scope_polarity.py:136: AssertionError
=========================== short test summary info ===========================
FAILED tests/test_c03_inventory_scope_polarity.py::test_two_bound_quantities_disclose_a_subset_without_a_required_phrase[True-1-4-Aqu\xed tienes la lista:\n\n- Atlas 0\n\nSe observaron {total} ventanas. Esta p\xe1gina muestra {count} ventanas.]
FAILED tests/test_c03_inventory_scope_polarity.py::test_two_bound_quantities_disclose_a_subset_without_a_required_phrase[True-3-9-Aqu\xed tienes la lista:\n\n- Atlas 0\n\nSe observaron {total} ventanas. Esta p\xe1gina muestra {count} ventanas.]
FAILED tests/test_c03_inventory_scope_polarity.py::test_two_bound_quantities_disclose_a_subset_without_a_required_phrase[True-20-25-Aqu\xed tienes la lista:\n\n- Atlas 0\n\nSe observaron {total} ventanas. Esta p\xe1gina muestra {count} ventanas.]
FAILED tests/test_c03_inventory_scope_polarity.py::test_two_bound_quantities_disclose_a_subset_without_a_required_phrase[False-1-4-Se observaron {total} ventanas. Esta lista incluye {count} ventanas.]
FAILED tests/test_c03_inventory_scope_polarity.py::test_two_bound_quantities_disclose_a_subset_without_a_required_phrase[False-1-4-Esta lista incluye {count} ventanas. Se observaron {total} ventanas.]
FAILED tests/test_c03_inventory_scope_polarity.py::test_two_bound_quantities_disclose_a_subset_without_a_required_phrase[False-1-4-Se observaron {total} ventanas; esta lista incluye {count} de ellas.]
FAILED tests/test_c03_inventory_scope_polarity.py::test_two_bound_quantities_disclose_a_subset_without_a_required_phrase[False-1-4-Aqu\xed tienes la lista:\n\n- Atlas 0\n\nSe observaron {total} ventanas. Esta p\xe1gina muestra {count} ventanas.]
FAILED tests/test_c03_inventory_scope_polarity.py::test_two_bound_quantities_disclose_a_subset_without_a_required_phrase[False-3-9-Se observaron {total} ventanas. Esta lista incluye {count} ventanas.]
FAILED tests/test_c03_inventory_scope_polarity.py::test_two_bound_quantities_disclose_a_subset_without_a_required_phrase[False-3-9-Esta lista incluye {count} ventanas. Se observaron {total} ventanas.]
FAILED tests/test_c03_inventory_scope_polarity.py::test_two_bound_quantities_disclose_a_subset_without_a_required_phrase[False-3-9-Se observaron {total} ventanas; esta lista incluye {count} de ellas.]
FAILED tests/test_c03_inventory_scope_polarity.py::test_two_bound_quantities_disclose_a_subset_without_a_required_phrase[False-3-9-Aqu\xed tienes la lista:\n\n- Atlas 0\n\nSe observaron {total} ventanas. Esta p\xe1gina muestra {count} ventanas.]
FAILED tests/test_c03_inventory_scope_polarity.py::test_two_bound_quantities_disclose_a_subset_without_a_required_phrase[False-20-25-Se observaron {total} ventanas. Esta lista incluye {count} ventanas.]
FAILED tests/test_c03_inventory_scope_polarity.py::test_two_bound_quantities_disclose_a_subset_without_a_required_phrase[False-20-25-Esta lista incluye {count} ventanas. Se observaron {total} ventanas.]
FAILED tests/test_c03_inventory_scope_polarity.py::test_two_bound_quantities_disclose_a_subset_without_a_required_phrase[False-20-25-Se observaron {total} ventanas; esta lista incluye {count} de ellas.]
FAILED tests/test_c03_inventory_scope_polarity.py::test_two_bound_quantities_disclose_a_subset_without_a_required_phrase[False-20-25-Aqu\xed tienes la lista:\n\n- Atlas 0\n\nSe observaron {total} ventanas. Esta p\xe1gina muestra {count} ventanas.]
15 failed, 1666 passed, 121 subtests passed in 8.97s
