  Determinando los proyectos que se van a restaurar...
  Se ha restaurado D:\Perfil\Escritorio\ETC\Programacion\BAXY DEFINITIVO\src\Baxy.Security.Windows\Baxy.Security.Windows.csproj (en 190 ms).
  Se ha restaurado D:\Perfil\Escritorio\ETC\Programacion\BAXY DEFINITIVO\src\Baxy.Contracts\Baxy.Contracts.csproj (en 190 ms).
  Se ha restaurado D:\Perfil\Escritorio\ETC\Programacion\BAXY DEFINITIVO\src\Baxy.Kernel\Baxy.Kernel.csproj (en 190 ms).
  Se ha restaurado D:\Perfil\Escritorio\ETC\Programacion\BAXY DEFINITIVO\src\Baxy.App\Baxy.App.csproj (en 190 ms).
  Se ha restaurado D:\Perfil\Escritorio\ETC\Programacion\BAXY DEFINITIVO\src\Baxy.Core\Baxy.Core.csproj (en 190 ms).
  Se ha restaurado D:\Perfil\Escritorio\ETC\Programacion\BAXY DEFINITIVO\src\Baxy.Providers.Windows\Baxy.Providers.Windows.csproj (en 190 ms).
  1 de 7 proyectos están actualizados para la restauración.
  Baxy.Contracts -> D:\Perfil\Escritorio\ETC\Programacion\BAXY DEFINITIVO\src\Baxy.Contracts\bin\Release\net10.0\Baxy.Contracts.dll
  Baxy.Security.Windows -> D:\Perfil\Escritorio\ETC\Programacion\BAXY DEFINITIVO\src\Baxy.Security.Windows\bin\Release\net10.0-windows10.0.19041.0\Baxy.Security.Windows.dll
  Baxy.Kernel -> D:\Perfil\Escritorio\ETC\Programacion\BAXY DEFINITIVO\src\Baxy.Kernel\bin\Release\net10.0\Baxy.Kernel.dll
  Baxy.Providers.Windows -> D:\Perfil\Escritorio\ETC\Programacion\BAXY DEFINITIVO\src\Baxy.Providers.Windows\bin\Release\net10.0-windows10.0.19041.0\Baxy.Providers.Windows.dll
  Baxy.Core -> D:\Perfil\Escritorio\ETC\Programacion\BAXY DEFINITIVO\src\Baxy.Core\bin\Release\net10.0-windows10.0.19041.0\baxy-core.dll
  Baxy.App -> D:\Perfil\Escritorio\ETC\Programacion\BAXY DEFINITIVO\src\Baxy.App\bin\Release\net10.0-windows10.0.19041.0\Baxy.dll
  Baxy.Integration.Tests -> D:\Perfil\Escritorio\ETC\Programacion\BAXY DEFINITIVO\tests\Baxy.Integration.Tests\bin\Release\net10.0-windows10.0.19041.0\Baxy.Integration.Tests.dll
Serie de pruebas para D:\Perfil\Escritorio\ETC\Programacion\BAXY DEFINITIVO\tests\Baxy.Integration.Tests\bin\Release\net10.0-windows10.0.19041.0\Baxy.Integration.Tests.dll (.NETCoreApp,Version=v10.0)
1 archivos de prueba en total coincidieron con el patrón especificado.
  Con error RequiredInputSurvivesTheShellPublicationBoundary("the person's name","What’s your name again?",True) [235 ms]
  Mensaje de error:
     Assert.That(result.Text, accepted ? Is.EqualTo(reply) : Is.Null)
  Expected: "What’s your name again?"
  But was:  null

  Seguimiento de la pila:
     at Baxy.Integration.Tests.C03FactPreservationTests.RequiredInputSurvivesTheShellPublicationBoundary(String missingValue, String reply, Boolean accepted) in D:\Perfil\Escritorio\ETC\Programacion\BAXY DEFINITIVO\tests\Baxy.Integration.Tests\C03FactPreservationTests.cs:line 22
   at NUnit.Framework.Internal.TaskAwaitAdapter.GenericAdapter`1.GetResult()
   at NUnit.Framework.Internal.AsyncToSyncAdapter.Await[TResult](Func`1 invoke)
   at NUnit.Framework.Internal.AsyncToSyncAdapter.Await(Func`1 invoke)
   at NUnit.Framework.Internal.Commands.TestMethodCommand.RunTestMethod(TestExecutionContext context)
   at NUnit.Framework.Internal.Commands.TestMethodCommand.Execute(TestExecutionContext context)
   at NUnit.Framework.Internal.Execution.SimpleWorkItem.<>c__DisplayClass3_0.<PerformWork>b__0()
   at NUnit.Framework.Internal.ContextUtils.<>c__DisplayClass1_0`1.<DoIsolated>b__0(Object _)

1)    at Baxy.Integration.Tests.C03FactPreservationTests.RequiredInputSurvivesTheShellPublicationBoundary(String missingValue, String reply, Boolean accepted) in D:\Perfil\Escritorio\ETC\Programacion\BAXY DEFINITIVO\tests\Baxy.Integration.Tests\C03FactPreservationTests.cs:line 22
   at System.Runtime.CompilerServices.AsyncMethodBuilderCore.Start[TStateMachine](TStateMachine& stateMachine)
   at Baxy.Integration.Tests.C03FactPreservationTests.RequiredInputSurvivesTheShellPublicationBoundary(String missingValue, String reply, Boolean accepted)


  Con error RequiredInputSurvivesTheShellPublicationBoundary("the person's name","What is your name?",True) [86 ms]
  Mensaje de error:
     Assert.That(result.Text, accepted ? Is.EqualTo(reply) : Is.Null)
  Expected: "What is your name?"
  But was:  null

  Seguimiento de la pila:
     at Baxy.Integration.Tests.C03FactPreservationTests.RequiredInputSurvivesTheShellPublicationBoundary(String missingValue, String reply, Boolean accepted) in D:\Perfil\Escritorio\ETC\Programacion\BAXY DEFINITIVO\tests\Baxy.Integration.Tests\C03FactPreservationTests.cs:line 22
   at NUnit.Framework.Internal.TaskAwaitAdapter.GenericAdapter`1.GetResult()
   at NUnit.Framework.Internal.AsyncToSyncAdapter.Await[TResult](Func`1 invoke)
   at NUnit.Framework.Internal.AsyncToSyncAdapter.Await(Func`1 invoke)
   at NUnit.Framework.Internal.Commands.TestMethodCommand.RunTestMethod(TestExecutionContext context)
   at NUnit.Framework.Internal.Commands.TestMethodCommand.Execute(TestExecutionContext context)
   at NUnit.Framework.Internal.Execution.SimpleWorkItem.<>c__DisplayClass3_0.<PerformWork>b__0()
   at NUnit.Framework.Internal.ContextUtils.<>c__DisplayClass1_0`1.<DoIsolated>b__0(Object _)

1)    at Baxy.Integration.Tests.C03FactPreservationTests.RequiredInputSurvivesTheShellPublicationBoundary(String missingValue, String reply, Boolean accepted) in D:\Perfil\Escritorio\ETC\Programacion\BAXY DEFINITIVO\tests\Baxy.Integration.Tests\C03FactPreservationTests.cs:line 22
   at System.Runtime.CompilerServices.AsyncMethodBuilderCore.Start[TStateMachine](TStateMachine& stateMachine)
   at Baxy.Integration.Tests.C03FactPreservationTests.RequiredInputSurvivesTheShellPublicationBoundary(String missingValue, String reply, Boolean accepted)
   at InvokeStub_C03FactPreservationTests.RequiredInputSurvivesTheShellPublicationBoundary(Object, Span`1)


  Con error RequiredInputSurvivesTheShellPublicationBoundary("the note's content","What should I remember?",True) [74 ms]
  Mensaje de error:
     Assert.That(result.Text, accepted ? Is.EqualTo(reply) : Is.Null)
  Expected: "What should I remember?"
  But was:  null

  Seguimiento de la pila:
     at Baxy.Integration.Tests.C03FactPreservationTests.RequiredInputSurvivesTheShellPublicationBoundary(String missingValue, String reply, Boolean accepted) in D:\Perfil\Escritorio\ETC\Programacion\BAXY DEFINITIVO\tests\Baxy.Integration.Tests\C03FactPreservationTests.cs:line 22
   at NUnit.Framework.Internal.TaskAwaitAdapter.GenericAdapter`1.GetResult()
   at NUnit.Framework.Internal.AsyncToSyncAdapter.Await[TResult](Func`1 invoke)
   at NUnit.Framework.Internal.AsyncToSyncAdapter.Await(Func`1 invoke)
   at NUnit.Framework.Internal.Commands.TestMethodCommand.RunTestMethod(TestExecutionContext context)
   at NUnit.Framework.Internal.Commands.TestMethodCommand.Execute(TestExecutionContext context)
   at NUnit.Framework.Internal.Execution.SimpleWorkItem.<>c__DisplayClass3_0.<PerformWork>b__0()
   at NUnit.Framework.Internal.ContextUtils.<>c__DisplayClass1_0`1.<DoIsolated>b__0(Object _)

1)    at Baxy.Integration.Tests.C03FactPreservationTests.RequiredInputSurvivesTheShellPublicationBoundary(String missingValue, String reply, Boolean accepted) in D:\Perfil\Escritorio\ETC\Programacion\BAXY DEFINITIVO\tests\Baxy.Integration.Tests\C03FactPreservationTests.cs:line 22
   at System.Runtime.CompilerServices.AsyncMethodBuilderCore.Start[TStateMachine](TStateMachine& stateMachine)
   at Baxy.Integration.Tests.C03FactPreservationTests.RequiredInputSurvivesTheShellPublicationBoundary(String missingValue, String reply, Boolean accepted)
   at InvokeStub_C03FactPreservationTests.RequiredInputSurvivesTheShellPublicationBoundary(Object, Span`1)


  Con error RequiredInputSurvivesTheShellPublicationBoundary("the person's name","I saved your name.",False) [53 ms]
  Mensaje de error:
     Assert.That(result.Text, accepted ? Is.EqualTo(reply) : Is.Null)
  Expected: null
  But was:  "I saved your name."

  Seguimiento de la pila:
     at Baxy.Integration.Tests.C03FactPreservationTests.RequiredInputSurvivesTheShellPublicationBoundary(String missingValue, String reply, Boolean accepted) in D:\Perfil\Escritorio\ETC\Programacion\BAXY DEFINITIVO\tests\Baxy.Integration.Tests\C03FactPreservationTests.cs:line 22
   at NUnit.Framework.Internal.TaskAwaitAdapter.GenericAdapter`1.GetResult()
   at NUnit.Framework.Internal.AsyncToSyncAdapter.Await[TResult](Func`1 invoke)
   at NUnit.Framework.Internal.AsyncToSyncAdapter.Await(Func`1 invoke)
   at NUnit.Framework.Internal.Commands.TestMethodCommand.RunTestMethod(TestExecutionContext context)
   at NUnit.Framework.Internal.Commands.TestMethodCommand.Execute(TestExecutionContext context)
   at NUnit.Framework.Internal.Execution.SimpleWorkItem.<>c__DisplayClass3_0.<PerformWork>b__0()
   at NUnit.Framework.Internal.ContextUtils.<>c__DisplayClass1_0`1.<DoIsolated>b__0(Object _)

1)    at Baxy.Integration.Tests.C03FactPreservationTests.RequiredInputSurvivesTheShellPublicationBoundary(String missingValue, String reply, Boolean accepted) in D:\Perfil\Escritorio\ETC\Programacion\BAXY DEFINITIVO\tests\Baxy.Integration.Tests\C03FactPreservationTests.cs:line 22
   at System.Runtime.CompilerServices.AsyncMethodBuilderCore.Start[TStateMachine](TStateMachine& stateMachine)
   at Baxy.Integration.Tests.C03FactPreservationTests.RequiredInputSurvivesTheShellPublicationBoundary(String missingValue, String reply, Boolean accepted)
   at InvokeStub_C03FactPreservationTests.RequiredInputSurvivesTheShellPublicationBoundary(Object, Span`1)



Con error! - Con error:     4, Superado:     2, Omitido:     0, Total:     6, Duración: 589 ms - Baxy.Integration.Tests.dll (net10.0)
